[2019-09-02T13:56:42.131+0800][0.017s][info][gc,heap] Heap region size: 1M
[2019-09-02T13:56:42.131+0800][0.017s][debug][gc,heap] Minimum heap 8388608  Initial heap 33554432  Maximum heap 33554432
[2019-09-02T13:56:42.133+0800][0.019s][info ][gc     ] Using G1
[2019-09-02T13:56:42.134+0800][0.020s][info ][gc,heap,coops] Heap address: 0x00000000fe000000, size: 32 MB, Compressed Oops mode: 32-bit
[2019-09-02T13:56:42.504+0800][0.390s][debug][gc,heap      ] GC(0) Heap before GC invocations=0 (full 0): garbage-first heap   total 32768K, used 14336K [0x00000000fe000000, 0x0000000100000000)
[2019-09-02T13:56:42.507+0800][0.393s][debug][gc,heap      ] GC(0)   region size 1024K, 14 young (14336K), 0 survivors (0K)
[2019-09-02T13:56:42.507+0800][0.393s][debug][gc,heap      ] GC(0)  Metaspace       used 8803K, capacity 9034K, committed 9088K, reserved 1056768K
[2019-09-02T13:56:42.507+0800][0.393s][debug][gc,heap      ] GC(0)   class space    used 837K, capacity 886K, committed 896K, reserved 1048576K
[2019-09-02T13:56:42.507+0800][0.393s][info ][gc,start     ] GC(0) Pause Young (G1 Evacuation Pause)
[2019-09-02T13:56:42.507+0800][0.393s][info ][gc,task      ] GC(0) Using 8 workers of 8 for evacuation
[2019-09-02T13:56:42.507+0800][0.393s][debug][gc,age       ] GC(0) Desired survivor size 1048576 bytes, new threshold 15 (max threshold 15)
[2019-09-02T13:56:42.509+0800][0.395s][trace][gc,age       ] GC(0) Age table with threshold 15 (max threshold 15)
[2019-09-02T13:56:42.510+0800][0.396s][trace][gc,age       ] GC(0) - age   1:    2067376 bytes,    2067376 total
[2019-09-02T13:56:42.510+0800][0.396s][info ][gc,phases    ] GC(0)   Pre Evacuate Collection Set: 0.0ms
[2019-09-02T13:56:42.510+0800][0.396s][info ][gc,phases    ] GC(0)   Evacuate Collection Set: 2.4ms
[2019-09-02T13:56:42.510+0800][0.396s][info ][gc,phases    ] GC(0)   Post Evacuate Collection Set: 0.2ms
[2019-09-02T13:56:42.510+0800][0.396s][info ][gc,phases    ] GC(0)   Other: 3.4ms
[2019-09-02T13:56:42.510+0800][0.396s][info ][gc,heap      ] GC(0) Eden regions: 14->0(13)
[2019-09-02T13:56:42.510+0800][0.396s][info ][gc,heap      ] GC(0) Survivor regions: 0->2(2)
[2019-09-02T13:56:42.510+0800][0.396s][info ][gc,heap      ] GC(0) Old regions: 0->1
[2019-09-02T13:56:42.510+0800][0.396s][info ][gc,heap      ] GC(0) Humongous regions: 0->0
[2019-09-02T13:56:42.510+0800][0.396s][info ][gc,metaspace ] GC(0) Metaspace: 8803K->8803K(1056768K)
[2019-09-02T13:56:42.510+0800][0.396s][debug][gc,heap      ] GC(0) Heap after GC invocations=1 (full 0): garbage-first heap   total 32768K, used 2622K [0x00000000fe000000, 0x0000000100000000)
[2019-09-02T13:56:42.510+0800][0.396s][debug][gc,heap      ] GC(0)   region size 1024K, 2 young (2048K), 2 survivors (2048K)
[2019-09-02T13:56:42.510+0800][0.396s][debug][gc,heap      ] GC(0)  Metaspace       used 8803K, capacity 9034K, committed 9088K, reserved 1056768K
[2019-09-02T13:56:42.510+0800][0.396s][debug][gc,heap      ] GC(0)   class space    used 837K, capacity 886K, committed 896K, reserved 1048576K
[2019-09-02T13:56:42.510+0800][0.396s][info ][gc           ] GC(0) Pause Young (G1 Evacuation Pause) 14M->2M(32M) 3.258ms
[2019-09-02T13:56:42.511+0800][0.397s][info ][gc,cpu       ] GC(0) User=0.00s Sys=0.02s Real=0.00s
[2019-09-02T13:56:42.762+0800][0.648s][debug][gc,heap      ] GC(1) Heap before GC invocations=1 (full 0): garbage-first heap   total 32768K, used 15934K [0x00000000fe000000, 0x0000000100000000)
[2019-09-02T13:56:42.762+0800][0.648s][debug][gc,heap      ] GC(1)   region size 1024K, 15 young (15360K), 2 survivors (2048K)
[2019-09-02T13:56:42.762+0800][0.648s][debug][gc,heap      ] GC(1)  Metaspace       used 11545K, capacity 11848K, committed 12160K, reserved 1060864K
[2019-09-02T13:56:42.762+0800][0.648s][debug][gc,heap      ] GC(1)   class space    used 1184K, capacity 1298K, committed 1408K, reserved 1048576K
[2019-09-02T13:56:42.762+0800][0.648s][info ][gc,start     ] GC(1) Pause Young (G1 Evacuation Pause)
[2019-09-02T13:56:42.762+0800][0.648s][info ][gc,task      ] GC(1) Using 8 workers of 8 for evacuation
[2019-09-02T13:56:42.763+0800][0.649s][debug][gc,age       ] GC(1) Desired survivor size 1048576 bytes, new threshold 1 (max threshold 15)
[2019-09-02T13:56:42.766+0800][0.652s][trace][gc,age       ] GC(1) Age table with threshold 1 (max threshold 15)
[2019-09-02T13:56:42.766+0800][0.652s][trace][gc,age       ] GC(1) - age   1:     704368 bytes,     704368 total
[2019-09-02T13:56:42.767+0800][0.653s][info ][gc,phases    ] GC(1)   Pre Evacuate Collection Set: 0.0ms
[2019-09-02T13:56:42.767+0800][0.653s][info ][gc,phases    ] GC(1)   Evacuate Collection Set: 3.6ms
[2019-09-02T13:56:42.767+0800][0.653s][info ][gc,phases    ] GC(1)   Post Evacuate Collection Set: 0.2ms
[2019-09-02T13:56:42.767+0800][0.653s][info ][gc,phases    ] GC(1)   Other: 0.5ms
[2019-09-02T13:56:42.767+0800][0.653s][info ][gc,heap      ] GC(1) Eden regions: 13->0(14)
[2019-09-02T13:56:42.767+0800][0.653s][info ][gc,heap      ] GC(1) Survivor regions: 2->1(2)
[2019-09-02T13:56:42.767+0800][0.653s][info ][gc,heap      ] GC(1) Old regions: 1->3
[2019-09-02T13:56:42.767+0800][0.653s][info ][gc,heap      ] GC(1) Humongous regions: 0->0
[2019-09-02T13:56:42.767+0800][0.653s][info ][gc,metaspace ] GC(1) Metaspace: 11545K->11545K(1060864K)
[2019-09-02T13:56:42.767+0800][0.653s][debug][gc,heap      ] GC(1) Heap after GC invocations=2 (full 0): garbage-first heap   total 32768K, used 3440K [0x00000000fe000000, 0x0000000100000000)
[2019-09-02T13:56:42.767+0800][0.653s][debug][gc,heap      ] GC(1)   region size 1024K, 1 young (1024K), 1 survivors (1024K)
[2019-09-02T13:56:42.767+0800][0.653s][debug][gc,heap      ] GC(1)  Metaspace       used 11545K, capacity 11848K, committed 12160K, reserved 1060864K
[2019-09-02T13:56:42.767+0800][0.653s][debug][gc,heap      ] GC(1)   class space    used 1184K, capacity 1298K, committed 1408K, reserved 1048576K
[2019-09-02T13:56:42.767+0800][0.653s][info ][gc           ] GC(1) Pause Young (G1 Evacuation Pause) 15M->3M(32M) 4.490ms
[2019-09-02T13:56:42.767+0800][0.653s][info ][gc,cpu       ] GC(1) User=0.00s Sys=0.00s Real=0.00s
[2019-09-02T13:56:42.946+0800][0.831s][debug][gc,heap      ] GC(2) Heap before GC invocations=2 (full 0): garbage-first heap   total 32768K, used 17776K [0x00000000fe000000, 0x0000000100000000)
[2019-09-02T13:56:42.946+0800][0.832s][debug][gc,heap      ] GC(2)   region size 1024K, 15 young (15360K), 1 survivors (1024K)
[2019-09-02T13:56:42.946+0800][0.832s][debug][gc,heap      ] GC(2)  Metaspace       used 12927K, capacity 13234K, committed 13568K, reserved 1060864K
[2019-09-02T13:56:42.946+0800][0.832s][debug][gc,heap      ] GC(2)   class space    used 1369K, capacity 1462K, committed 1536K, reserved 1048576K
[2019-09-02T13:56:42.946+0800][0.832s][info ][gc,start     ] GC(2) Pause Young (G1 Evacuation Pause)
[2019-09-02T13:56:42.946+0800][0.832s][info ][gc,task      ] GC(2) Using 8 workers of 8 for evacuation
[2019-09-02T13:56:42.946+0800][0.832s][debug][gc,age       ] GC(2) Desired survivor size 1048576 bytes, new threshold 15 (max threshold 15)
[2019-09-02T13:56:42.947+0800][0.833s][trace][gc,age       ] GC(2) Age table with threshold 15 (max threshold 15)
[2019-09-02T13:56:42.947+0800][0.833s][trace][gc,age       ] GC(2) - age   1:     334424 bytes,     334424 total
[2019-09-02T13:56:42.947+0800][0.833s][trace][gc,age       ] GC(2) - age   2:     623368 bytes,     957792 total
[2019-09-02T13:56:42.947+0800][0.833s][info ][gc,phases    ] GC(2)   Pre Evacuate Collection Set: 0.0ms
[2019-09-02T13:56:42.947+0800][0.833s][info ][gc,phases    ] GC(2)   Evacuate Collection Set: 1.3ms
[2019-09-02T13:56:42.947+0800][0.833s][info ][gc,phases    ] GC(2)   Post Evacuate Collection Set: 0.1ms
[2019-09-02T13:56:42.947+0800][0.833s][info ][gc,phases    ] GC(2)   Other: 0.3ms
[2019-09-02T13:56:42.947+0800][0.833s][info ][gc,heap      ] GC(2) Eden regions: 14->0(15)
[2019-09-02T13:56:42.947+0800][0.833s][info ][gc,heap      ] GC(2) Survivor regions: 1->1(2)
[2019-09-02T13:56:42.947+0800][0.833s][info ][gc,heap      ] GC(2) Old regions: 3->3
[2019-09-02T13:56:42.947+0800][0.833s][info ][gc,heap      ] GC(2) Humongous regions: 0->0
[2019-09-02T13:56:42.948+0800][0.833s][info ][gc,metaspace ] GC(2) Metaspace: 12927K->12927K(1060864K)
[2019-09-02T13:56:42.948+0800][0.833s][debug][gc,heap      ] GC(2) Heap after GC invocations=3 (full 0): garbage-first heap   total 32768K, used 3614K [0x00000000fe000000, 0x0000000100000000)
[2019-09-02T13:56:42.948+0800][0.833s][debug][gc,heap      ] GC(2)   region size 1024K, 1 young (1024K), 1 survivors (1024K)
[2019-09-02T13:56:42.948+0800][0.833s][debug][gc,heap      ] GC(2)  Metaspace       used 12927K, capacity 13234K, committed 13568K, reserved 1060864K
[2019-09-02T13:56:42.948+0800][0.833s][debug][gc,heap      ] GC(2)   class space    used 1369K, capacity 1462K, committed 1536K, reserved 1048576K
[2019-09-02T13:56:42.948+0800][0.833s][info ][gc           ] GC(2) Pause Young (G1 Evacuation Pause) 17M->3M(32M) 1.912ms
[2019-09-02T13:56:42.948+0800][0.834s][info ][gc,cpu       ] GC(2) User=0.00s Sys=0.02s Real=0.00s
[2019-09-02T13:56:43.135+0800][1.022s][debug][gc,heap      ] GC(3) Heap before GC invocations=3 (full 0): garbage-first heap   total 32768K, used 18974K [0x00000000fe000000, 0x0000000100000000)
[2019-09-02T13:56:43.135+0800][1.022s][debug][gc,heap      ] GC(3)   region size 1024K, 16 young (16384K), 1 survivors (1024K)
[2019-09-02T13:56:43.135+0800][1.022s][debug][gc,heap      ] GC(3)  Metaspace       used 15230K, capacity 15587K, committed 16000K, reserved 1062912K
[2019-09-02T13:56:43.135+0800][1.022s][debug][gc,heap      ] GC(3)   class space    used 1699K, capacity 1827K, committed 1920K, reserved 1048576K
[2019-09-02T13:56:43.135+0800][1.022s][info ][gc,start     ] GC(3) Pause Young (G1 Evacuation Pause)
[2019-09-02T13:56:43.135+0800][1.022s][info ][gc,task      ] GC(3) Using 8 workers of 8 for evacuation
[2019-09-02T13:56:43.135+0800][1.022s][debug][gc,age       ] GC(3) Desired survivor size 1048576 bytes, new threshold 15 (max threshold 15)
[2019-09-02T13:56:43.137+0800][1.024s][trace][gc,age       ] GC(3) Age table with threshold 15 (max threshold 15)
[2019-09-02T13:56:43.137+0800][1.024s][trace][gc,age       ] GC(3) - age   1:     640160 bytes,     640160 total
[2019-09-02T13:56:43.137+0800][1.024s][trace][gc,age       ] GC(3) - age   2:     274032 bytes,     914192 total
[2019-09-02T13:56:43.137+0800][1.024s][trace][gc,age       ] GC(3) - age   3:     602976 bytes,    1517168 total
[2019-09-02T13:56:43.138+0800][1.024s][info ][gc,phases    ] GC(3)   Pre Evacuate Collection Set: 0.0ms
[2019-09-02T13:56:43.138+0800][1.024s][info ][gc,phases    ] GC(3)   Evacuate Collection Set: 1.7ms
[2019-09-02T13:56:43.138+0800][1.024s][info ][gc,phases    ] GC(3)   Post Evacuate Collection Set: 0.2ms
[2019-09-02T13:56:43.138+0800][1.024s][info ][gc,phases    ] GC(3)   Other: 0.5ms
[2019-09-02T13:56:43.138+0800][1.024s][info ][gc,heap      ] GC(3) Eden regions: 15->0(15)
[2019-09-02T13:56:43.138+0800][1.024s][info ][gc,heap      ] GC(3) Survivor regions: 1->2(2)
[2019-09-02T13:56:43.138+0800][1.024s][info ][gc,heap      ] GC(3) Old regions: 3->3
[2019-09-02T13:56:43.138+0800][1.024s][info ][gc,heap      ] GC(3) Humongous regions: 0->0
[2019-09-02T13:56:43.138+0800][1.024s][info ][gc,metaspace ] GC(3) Metaspace: 15230K->15230K(1062912K)
[2019-09-02T13:56:43.138+0800][1.024s][debug][gc,heap      ] GC(3) Heap after GC invocations=4 (full 0): garbage-first heap   total 32768K, used 4188K [0x00000000fe000000, 0x0000000100000000)
[2019-09-02T13:56:43.138+0800][1.024s][debug][gc,heap      ] GC(3)   region size 1024K, 2 young (2048K), 2 survivors (2048K)
[2019-09-02T13:56:43.138+0800][1.024s][debug][gc,heap      ] GC(3)  Metaspace       used 15230K, capacity 15587K, committed 16000K, reserved 1062912K
[2019-09-02T13:56:43.138+0800][1.024s][debug][gc,heap      ] GC(3)   class space    used 1699K, capacity 1827K, committed 1920K, reserved 1048576K
[2019-09-02T13:56:43.138+0800][1.024s][info ][gc           ] GC(3) Pause Young (G1 Evacuation Pause) 18M->4M(32M) 2.567ms
[2019-09-02T13:56:43.138+0800][1.025s][info ][gc,cpu       ] GC(3) User=0.00s Sys=0.00s Real=0.00s
[2019-09-02T13:56:43.243+0800][1.129s][debug][gc,heap      ] GC(4) Heap before GC invocations=4 (full 0): garbage-first heap   total 32768K, used 19548K [0x00000000fe000000, 0x0000000100000000)
[2019-09-02T13:56:43.243+0800][1.129s][debug][gc,heap      ] GC(4)   region size 1024K, 17 young (17408K), 2 survivors (2048K)
[2019-09-02T13:56:43.243+0800][1.129s][debug][gc,heap      ] GC(4)  Metaspace       used 16832K, capacity 17192K, committed 17408K, reserved 1064960K
[2019-09-02T13:56:43.243+0800][1.129s][debug][gc,heap      ] GC(4)   class space    used 1870K, capacity 2002K, committed 2048K, reserved 1048576K
[2019-09-02T13:56:43.243+0800][1.129s][info ][gc,start     ] GC(4) Pause Young (G1 Evacuation Pause)
[2019-09-02T13:56:43.243+0800][1.129s][info ][gc,task      ] GC(4) Using 8 workers of 8 for evacuation
[2019-09-02T13:56:43.243+0800][1.129s][debug][gc,age       ] GC(4) Desired survivor size 1572864 bytes, new threshold 15 (max threshold 15)
[2019-09-02T13:56:43.245+0800][1.131s][trace][gc,age       ] GC(4) Age table with threshold 15 (max threshold 15)
[2019-09-02T13:56:43.245+0800][1.131s][trace][gc,age       ] GC(4) - age   1:     357200 bytes,     357200 total
[2019-09-02T13:56:43.245+0800][1.131s][trace][gc,age       ] GC(4) - age   2:     573128 bytes,     930328 total
[2019-09-02T13:56:43.245+0800][1.131s][trace][gc,age       ] GC(4) - age   3:     266336 bytes,    1196664 total
[2019-09-02T13:56:43.245+0800][1.131s][trace][gc,age       ] GC(4) - age   4:     600544 bytes,    1797208 total
[2019-09-02T13:56:43.245+0800][1.132s][info ][gc,phases    ] GC(4)   Pre Evacuate Collection Set: 0.0ms
[2019-09-02T13:56:43.245+0800][1.132s][info ][gc,phases    ] GC(4)   Evacuate Collection Set: 2.0ms
[2019-09-02T13:56:43.245+0800][1.132s][info ][gc,phases    ] GC(4)   Post Evacuate Collection Set: 0.1ms
[2019-09-02T13:56:43.245+0800][1.132s][info ][gc,phases    ] GC(4)   Other: 0.4ms
[2019-09-02T13:56:43.245+0800][1.132s][info ][gc,heap      ] GC(4) Eden regions: 15->0(15)
[2019-09-02T13:56:43.245+0800][1.132s][info ][gc,heap      ] GC(4) Survivor regions: 2->2(3)
[2019-09-02T13:56:43.245+0800][1.132s][info ][gc,heap      ] GC(4) Old regions: 3->3
[2019-09-02T13:56:43.245+0800][1.132s][info ][gc,heap      ] GC(4) Humongous regions: 0->0
[2019-09-02T13:56:43.245+0800][1.132s][info ][gc,metaspace ] GC(4) Metaspace: 16832K->16832K(1064960K)
[2019-09-02T13:56:43.245+0800][1.132s][debug][gc,heap      ] GC(4) Heap after GC invocations=5 (full 0): garbage-first heap   total 32768K, used 4506K [0x00000000fe000000, 0x0000000100000000)
[2019-09-02T13:56:43.245+0800][1.132s][debug][gc,heap      ] GC(4)   region size 1024K, 2 young (2048K), 2 survivors (2048K)
[2019-09-02T13:56:43.245+0800][1.132s][debug][gc,heap      ] GC(4)  Metaspace       used 16832K, capacity 17192K, committed 17408K, reserved 1064960K
[2019-09-02T13:56:43.245+0800][1.132s][debug][gc,heap      ] GC(4)   class space    used 1870K, capacity 2002K, committed 2048K, reserved 1048576K
[2019-09-02T13:56:43.245+0800][1.132s][info ][gc           ] GC(4) Pause Young (G1 Evacuation Pause) 19M->4M(32M) 2.606ms
[2019-09-02T13:56:43.246+0800][1.132s][info ][gc,cpu       ] GC(4) User=0.13s Sys=0.00s Real=0.00s
[2019-09-02T13:56:43.353+0800][1.239s][debug][gc,heap      ] GC(5) Heap before GC invocations=5 (full 0): garbage-first heap   total 32768K, used 19866K [0x00000000fe000000, 0x0000000100000000)
[2019-09-02T13:56:43.353+0800][1.239s][debug][gc,heap      ] GC(5)   region size 1024K, 17 young (17408K), 2 survivors (2048K)
[2019-09-02T13:56:43.353+0800][1.239s][debug][gc,heap      ] GC(5)  Metaspace       used 18574K, capacity 18967K, committed 19456K, reserved 1067008K
[2019-09-02T13:56:43.353+0800][1.239s][debug][gc,heap      ] GC(5)   class space    used 2061K, capacity 2229K, committed 2304K, reserved 1048576K
[2019-09-02T13:56:43.353+0800][1.239s][info ][gc,start     ] GC(5) Pause Young (G1 Evacuation Pause)
[2019-09-02T13:56:43.353+0800][1.239s][info ][gc,task      ] GC(5) Using 8 workers of 8 for evacuation
[2019-09-02T13:56:43.353+0800][1.239s][debug][gc,age       ] GC(5) Desired survivor size 1572864 bytes, new threshold 4 (max threshold 15)
[2019-09-02T13:56:43.356+0800][1.242s][trace][gc,age       ] GC(5) Age table with threshold 4 (max threshold 15)
[2019-09-02T13:56:43.356+0800][1.242s][trace][gc,age       ] GC(5) - age   1:     574384 bytes,     574384 total
[2019-09-02T13:56:43.356+0800][1.242s][trace][gc,age       ] GC(5) - age   2:     228728 bytes,     803112 total
[2019-09-02T13:56:43.356+0800][1.242s][trace][gc,age       ] GC(5) - age   3:     557312 bytes,    1360424 total
[2019-09-02T13:56:43.356+0800][1.242s][trace][gc,age       ] GC(5) - age   4:     234856 bytes,    1595280 total
[2019-09-02T13:56:43.356+0800][1.242s][info ][gc,phases    ] GC(5)   Pre Evacuate Collection Set: 0.0ms
[2019-09-02T13:56:43.356+0800][1.242s][info ][gc,phases    ] GC(5)   Evacuate Collection Set: 2.3ms
[2019-09-02T13:56:43.356+0800][1.242s][info ][gc,phases    ] GC(5)   Post Evacuate Collection Set: 0.2ms
[2019-09-02T13:56:43.356+0800][1.242s][info ][gc,phases    ] GC(5)   Other: 0.6ms
[2019-09-02T13:56:43.356+0800][1.242s][info ][gc,heap      ] GC(5) Eden regions: 15->0(15)
[2019-09-02T13:56:43.356+0800][1.242s][info ][gc,heap      ] GC(5) Survivor regions: 2->2(3)
[2019-09-02T13:56:43.356+0800][1.242s][info ][gc,heap      ] GC(5) Old regions: 3->4
[2019-09-02T13:56:43.356+0800][1.242s][info ][gc,heap      ] GC(5) Humongous regions: 0->0
[2019-09-02T13:56:43.356+0800][1.242s][info ][gc,metaspace ] GC(5) Metaspace: 18574K->18574K(1067008K)
[2019-09-02T13:56:43.356+0800][1.242s][debug][gc,heap      ] GC(5) Heap after GC invocations=6 (full 0): garbage-first heap   total 32768K, used 4893K [0x00000000fe000000, 0x0000000100000000)
[2019-09-02T13:56:43.356+0800][1.242s][debug][gc,heap      ] GC(5)   region size 1024K, 2 young (2048K), 2 survivors (2048K)
[2019-09-02T13:56:43.356+0800][1.242s][debug][gc,heap      ] GC(5)  Metaspace       used 18574K, capacity 18967K, committed 19456K, reserved 1067008K
[2019-09-02T13:56:43.356+0800][1.242s][debug][gc,heap      ] GC(5)   class space    used 2061K, capacity 2229K, committed 2304K, reserved 1048576K
[2019-09-02T13:56:43.356+0800][1.242s][info ][gc           ] GC(5) Pause Young (G1 Evacuation Pause) 19M->4M(32M) 3.207ms
[2019-09-02T13:56:43.357+0800][1.243s][info ][gc,cpu       ] GC(5) User=0.13s Sys=0.00s Real=0.00s
[2019-09-02T13:56:43.446+0800][1.332s][debug][gc,heap      ] GC(6) Heap before GC invocations=6 (full 0): garbage-first heap   total 32768K, used 20253K [0x00000000fe000000, 0x0000000100000000)
[2019-09-02T13:56:43.446+0800][1.332s][debug][gc,heap      ] GC(6)   region size 1024K, 17 young (17408K), 2 survivors (2048K)
[2019-09-02T13:56:43.446+0800][1.332s][debug][gc,heap      ] GC(6)  Metaspace       used 19889K, capacity 20256K, committed 20608K, reserved 1067008K
[2019-09-02T13:56:43.446+0800][1.332s][debug][gc,heap      ] GC(6)   class space    used 2223K, capacity 2362K, committed 2432K, reserved 1048576K
[2019-09-02T13:56:43.446+0800][1.332s][info ][gc,start     ] GC(6) Pause Young (G1 Evacuation Pause)
[2019-09-02T13:56:43.446+0800][1.332s][info ][gc,task      ] GC(6) Using 8 workers of 8 for evacuation
[2019-09-02T13:56:43.446+0800][1.332s][debug][gc,age       ] GC(6) Desired survivor size 1572864 bytes, new threshold 4 (max threshold 15)
[2019-09-02T13:56:43.448+0800][1.334s][trace][gc,age       ] GC(6) Age table with threshold 4 (max threshold 15)
[2019-09-02T13:56:43.448+0800][1.334s][trace][gc,age       ] GC(6) - age   1:     430624 bytes,     430624 total
[2019-09-02T13:56:43.448+0800][1.334s][trace][gc,age       ] GC(6) - age   2:     506288 bytes,     936912 total
[2019-09-02T13:56:43.448+0800][1.334s][trace][gc,age       ] GC(6) - age   3:     211496 bytes,    1148408 total
[2019-09-02T13:56:43.448+0800][1.335s][trace][gc,age       ] GC(6) - age   4:     529808 bytes,    1678216 total
[2019-09-02T13:56:43.448+0800][1.335s][info ][gc,phases    ] GC(6)   Pre Evacuate Collection Set: 0.0ms
[2019-09-02T13:56:43.448+0800][1.335s][info ][gc,phases    ] GC(6)   Evacuate Collection Set: 1.9ms
[2019-09-02T13:56:43.448+0800][1.335s][info ][gc,phases    ] GC(6)   Post Evacuate Collection Set: 0.1ms
[2019-09-02T13:56:43.448+0800][1.335s][info ][gc,phases    ] GC(6)   Other: 0.5ms
[2019-09-02T13:56:43.448+0800][1.335s][info ][gc,heap      ] GC(6) Eden regions: 15->0(15)
[2019-09-02T13:56:43.448+0800][1.335s][info ][gc,heap      ] GC(6) Survivor regions: 2->2(3)
[2019-09-02T13:56:43.448+0800][1.335s][info ][gc,heap      ] GC(6) Old regions: 4->4
[2019-09-02T13:56:43.448+0800][1.335s][info ][gc,heap      ] GC(6) Humongous regions: 0->0
[2019-09-02T13:56:43.448+0800][1.335s][info ][gc,metaspace ] GC(6) Metaspace: 19889K->19889K(1067008K)
[2019-09-02T13:56:43.448+0800][1.335s][debug][gc,heap      ] GC(6) Heap after GC invocations=7 (full 0): garbage-first heap   total 32768K, used 5269K [0x00000000fe000000, 0x0000000100000000)
[2019-09-02T13:56:43.448+0800][1.335s][debug][gc,heap      ] GC(6)   region size 1024K, 2 young (2048K), 2 survivors (2048K)
[2019-09-02T13:56:43.448+0800][1.335s][debug][gc,heap      ] GC(6)  Metaspace       used 19889K, capacity 20256K, committed 20608K, reserved 1067008K
[2019-09-02T13:56:43.448+0800][1.335s][debug][gc,heap      ] GC(6)   class space    used 2223K, capacity 2362K, committed 2432K, reserved 1048576K
[2019-09-02T13:56:43.448+0800][1.335s][info ][gc           ] GC(6) Pause Young (G1 Evacuation Pause) 19M->5M(32M) 2.652ms
[2019-09-02T13:56:43.449+0800][1.335s][info ][gc,cpu       ] GC(6) User=0.13s Sys=0.00s Real=0.00s
[2019-09-02T13:56:43.477+0800][1.363s][debug][gc,heap      ] GC(7) Heap before GC invocations=7 (full 0): garbage-first heap   total 32768K, used 7317K [0x00000000fe000000, 0x0000000100000000)
[2019-09-02T13:56:43.477+0800][1.363s][debug][gc,heap      ] GC(7)   region size 1024K, 5 young (5120K), 2 survivors (2048K)
[2019-09-02T13:56:43.477+0800][1.363s][debug][gc,heap      ] GC(7)  Metaspace       used 20623K, capacity 20969K, committed 21296K, reserved 1069056K
[2019-09-02T13:56:43.477+0800][1.363s][debug][gc,heap      ] GC(7)   class space    used 2299K, capacity 2429K, committed 2432K, reserved 1048576K
[2019-09-02T13:56:43.477+0800][1.363s][info ][gc,start     ] GC(7) Pause Initial Mark (Metadata GC Threshold)
[2019-09-02T13:56:43.477+0800][1.363s][info ][gc,task      ] GC(7) Using 8 workers of 8 for evacuation
[2019-09-02T13:56:43.477+0800][1.363s][debug][gc,age       ] GC(7) Desired survivor size 1572864 bytes, new threshold 4 (max threshold 15)
[2019-09-02T13:56:43.479+0800][1.366s][trace][gc,age       ] GC(7) Age table with threshold 4 (max threshold 15)
[2019-09-02T13:56:43.480+0800][1.366s][trace][gc,age       ] GC(7) - age   1:     137376 bytes,     137376 total
[2019-09-02T13:56:43.480+0800][1.366s][trace][gc,age       ] GC(7) - age   2:     382712 bytes,     520088 total
[2019-09-02T13:56:43.480+0800][1.366s][trace][gc,age       ] GC(7) - age   3:     506288 bytes,    1026376 total
[2019-09-02T13:56:43.480+0800][1.366s][trace][gc,age       ] GC(7) - age   4:     211312 bytes,    1237688 total
[2019-09-02T13:56:43.480+0800][1.366s][info ][gc,phases    ] GC(7)   Pre Evacuate Collection Set: 0.0ms
[2019-09-02T13:56:43.480+0800][1.366s][info ][gc,phases    ] GC(7)   Evacuate Collection Set: 2.3ms
[2019-09-02T13:56:43.480+0800][1.366s][info ][gc,phases    ] GC(7)   Post Evacuate Collection Set: 0.1ms
[2019-09-02T13:56:43.480+0800][1.366s][info ][gc,phases    ] GC(7)   Other: 0.6ms
[2019-09-02T13:56:43.480+0800][1.366s][info ][gc,heap      ] GC(7) Eden regions: 3->0(13)
[2019-09-02T13:56:43.480+0800][1.366s][info ][gc,heap      ] GC(7) Survivor regions: 2->2(3)
[2019-09-02T13:56:43.480+0800][1.366s][info ][gc,heap      ] GC(7) Old regions: 4->4
[2019-09-02T13:56:43.480+0800][1.366s][info ][gc,heap      ] GC(7) Humongous regions: 0->0
[2019-09-02T13:56:43.480+0800][1.366s][info ][gc,metaspace ] GC(7) Metaspace: 20623K->20623K(1069056K)
[2019-09-02T13:56:43.480+0800][1.366s][debug][gc,heap      ] GC(7) Heap after GC invocations=8 (full 0): garbage-first heap   total 32768K, used 5336K [0x00000000fe000000, 0x0000000100000000)
[2019-09-02T13:56:43.480+0800][1.366s][debug][gc,heap      ] GC(7)   region size 1024K, 2 young (2048K), 2 survivors (2048K)
[2019-09-02T13:56:43.480+0800][1.366s][debug][gc,heap      ] GC(7)  Metaspace       used 20623K, capacity 20969K, committed 21296K, reserved 1069056K
[2019-09-02T13:56:43.480+0800][1.366s][debug][gc,heap      ] GC(7)   class space    used 2299K, capacity 2429K, committed 2432K, reserved 1048576K
[2019-09-02T13:56:43.480+0800][1.367s][info ][gc           ] GC(7) Pause Initial Mark (Metadata GC Threshold) 8M->5M(32M) 3.088ms
[2019-09-02T13:56:43.480+0800][1.367s][info ][gc,cpu       ] GC(7) User=0.11s Sys=0.00s Real=0.00s
[2019-09-02T13:56:43.480+0800][1.367s][info ][gc           ] GC(8) Concurrent Cycle
[2019-09-02T13:56:43.481+0800][1.367s][info ][gc,marking   ] GC(8) Concurrent Clear Claimed Marks
[2019-09-02T13:56:43.481+0800][1.367s][info ][gc,marking   ] GC(8) Concurrent Clear Claimed Marks 0.047ms
[2019-09-02T13:56:43.481+0800][1.367s][info ][gc,marking   ] GC(8) Concurrent Scan Root Regions
[2019-09-02T13:56:43.482+0800][1.368s][info ][gc,marking   ] GC(8) Concurrent Scan Root Regions 1.113ms
[2019-09-02T13:56:43.482+0800][1.368s][info ][gc,marking   ] GC(8) Concurrent Mark (1.368s)
[2019-09-02T13:56:43.482+0800][1.368s][info ][gc,marking   ] GC(8) Concurrent Mark From Roots
[2019-09-02T13:56:43.482+0800][1.368s][info ][gc,task      ] GC(8) Using 2 workers of 2 for marking
[2019-09-02T13:56:43.487+0800][1.374s][info ][gc,marking   ] GC(8) Concurrent Mark From Roots 5.501ms
[2019-09-02T13:56:43.487+0800][1.374s][info ][gc,marking   ] GC(8) Concurrent Mark (1.368s, 1.374s) 5.580ms
[2019-09-02T13:56:43.488+0800][1.374s][info ][gc,start     ] GC(8) Pause Remark
[2019-09-02T13:56:43.490+0800][1.377s][info ][gc,stringtable] GC(8) Cleaned string and symbol table, strings: 10053 processed, 14 removed, symbols: 66009 processed, 114 removed
[2019-09-02T13:56:43.490+0800][1.377s][info ][gc            ] GC(8) Pause Remark 5M->5M(32M) 2.694ms
[2019-09-02T13:56:43.491+0800][1.377s][info ][gc,cpu        ] GC(8) User=0.00s Sys=0.00s Real=0.00s
[2019-09-02T13:56:43.491+0800][1.377s][info ][gc,marking    ] GC(8) Concurrent Create Live Data
[2019-09-02T13:56:43.492+0800][1.378s][info ][gc,marking    ] GC(8) Concurrent Create Live Data 0.999ms
[2019-09-02T13:56:43.492+0800][1.379s][info ][gc,start      ] GC(8) Pause Cleanup
[2019-09-02T13:56:43.492+0800][1.379s][info ][gc            ] GC(8) Pause Cleanup 5M->5M(32M) 0.173ms
[2019-09-02T13:56:43.492+0800][1.379s][info ][gc,cpu        ] GC(8) User=0.00s Sys=0.00s Real=0.00s
[2019-09-02T13:56:43.492+0800][1.379s][info ][gc,marking    ] GC(8) Concurrent Cleanup for Next Mark
[2019-09-02T13:56:43.493+0800][1.379s][info ][gc,marking    ] GC(8) Concurrent Cleanup for Next Mark 0.112ms
[2019-09-02T13:56:43.493+0800][1.379s][info ][gc            ] GC(8) Concurrent Cycle 12.246ms
[2019-09-02T13:56:43.572+0800][1.458s][debug][gc,heap       ] GC(9) Heap before GC invocations=9 (full 0): garbage-first heap   total 32768K, used 18648K [0x00000000fe000000, 0x0000000100000000)
[2019-09-02T13:56:43.572+0800][1.459s][debug][gc,heap       ] GC(9)   region size 1024K, 15 young (15360K), 2 survivors (2048K)
[2019-09-02T13:56:43.572+0800][1.459s][debug][gc,heap       ] GC(9)  Metaspace       used 21615K, capacity 22014K, committed 22524K, reserved 1069056K
[2019-09-02T13:56:43.572+0800][1.459s][debug][gc,heap       ] GC(9)   class space    used 2410K, capacity 2571K, committed 2636K, reserved 1048576K
[2019-09-02T13:56:43.572+0800][1.459s][info ][gc,start      ] GC(9) Pause Young (G1 Evacuation Pause)
[2019-09-02T13:56:43.572+0800][1.459s][info ][gc,task       ] GC(9) Using 8 workers of 8 for evacuation
[2019-09-02T13:56:43.572+0800][1.459s][debug][gc,age        ] GC(9) Desired survivor size 1048576 bytes, new threshold 4 (max threshold 15)
[2019-09-02T13:56:43.575+0800][1.462s][trace][gc,age        ] GC(9) Age table with threshold 4 (max threshold 15)
[2019-09-02T13:56:43.575+0800][1.462s][trace][gc,age        ] GC(9) - age   1:     605120 bytes,     605120 total
[2019-09-02T13:56:43.575+0800][1.462s][trace][gc,age        ] GC(9) - age   2:     120424 bytes,     725544 total
[2019-09-02T13:56:43.575+0800][1.462s][trace][gc,age        ] GC(9) - age   3:     357680 bytes,    1083224 total
[2019-09-02T13:56:43.575+0800][1.462s][trace][gc,age        ] GC(9) - age   4:     503080 bytes,    1586304 total
[2019-09-02T13:56:43.575+0800][1.462s][info ][gc,phases     ] GC(9)   Pre Evacuate Collection Set: 0.0ms
[2019-09-02T13:56:43.575+0800][1.462s][info ][gc,phases     ] GC(9)   Evacuate Collection Set: 2.7ms
[2019-09-02T13:56:43.575+0800][1.462s][info ][gc,phases     ] GC(9)   Post Evacuate Collection Set: 0.1ms
[2019-09-02T13:56:43.575+0800][1.462s][info ][gc,phases     ] GC(9)   Other: 0.5ms
[2019-09-02T13:56:43.575+0800][1.462s][info ][gc,heap       ] GC(9) Eden regions: 13->0(13)
[2019-09-02T13:56:43.575+0800][1.462s][info ][gc,heap       ] GC(9) Survivor regions: 2->2(2)
[2019-09-02T13:56:43.575+0800][1.462s][info ][gc,heap       ] GC(9) Old regions: 4->5
[2019-09-02T13:56:43.575+0800][1.462s][info ][gc,heap       ] GC(9) Humongous regions: 0->0
[2019-09-02T13:56:43.575+0800][1.462s][info ][gc,metaspace  ] GC(9) Metaspace: 21615K->21615K(1069056K)
[2019-09-02T13:56:43.575+0800][1.462s][debug][gc,heap       ] GC(9) Heap after GC invocations=10 (full 0): garbage-first heap   total 32768K, used 5901K [0x00000000fe000000, 0x0000000100000000)
[2019-09-02T13:56:43.575+0800][1.462s][debug][gc,heap       ] GC(9)   region size 1024K, 2 young (2048K), 2 survivors (2048K)
[2019-09-02T13:56:43.575+0800][1.462s][debug][gc,heap       ] GC(9)  Metaspace       used 21615K, capacity 22014K, committed 22524K, reserved 1069056K
[2019-09-02T13:56:43.575+0800][1.462s][debug][gc,heap       ] GC(9)   class space    used 2410K, capacity 2571K, committed 2636K, reserved 1048576K
[2019-09-02T13:56:43.576+0800][1.462s][info ][gc            ] GC(9) Pause Young (G1 Evacuation Pause) 18M->5M(32M) 3.487ms
[2019-09-02T13:56:43.576+0800][1.463s][info ][gc,cpu        ] GC(9) User=0.00s Sys=0.00s Real=0.00s
[2019-09-02T13:56:43.685+0800][1.572s][debug][gc,heap       ] GC(10) Heap before GC invocations=10 (full 0): garbage-first heap   total 32768K, used 19213K [0x00000000fe000000, 0x0000000100000000)
[2019-09-02T13:56:43.685+0800][1.572s][debug][gc,heap       ] GC(10)   region size 1024K, 15 young (15360K), 2 survivors (2048K)
[2019-09-02T13:56:43.685+0800][1.572s][debug][gc,heap       ] GC(10)  Metaspace       used 22633K, capacity 23074K, committed 23500K, reserved 1071104K
[2019-09-02T13:56:43.685+0800][1.572s][debug][gc,heap       ] GC(10)   class space    used 2523K, capacity 2701K, committed 2764K, reserved 1048576K
[2019-09-02T13:56:43.685+0800][1.572s][info ][gc,start      ] GC(10) Pause Young (G1 Evacuation Pause)
[2019-09-02T13:56:43.685+0800][1.572s][info ][gc,task       ] GC(10) Using 8 workers of 8 for evacuation
[2019-09-02T13:56:43.685+0800][1.572s][debug][gc,age        ] GC(10) Desired survivor size 1048576 bytes, new threshold 3 (max threshold 15)
[2019-09-02T13:56:43.688+0800][1.574s][trace][gc,age        ] GC(10) Age table with threshold 3 (max threshold 15)
[2019-09-02T13:56:43.688+0800][1.574s][trace][gc,age        ] GC(10) - age   1:     834944 bytes,     834944 total
[2019-09-02T13:56:43.688+0800][1.574s][trace][gc,age        ] GC(10) - age   2:     449944 bytes,    1284888 total
[2019-09-02T13:56:43.688+0800][1.574s][trace][gc,age        ] GC(10) - age   3:     116488 bytes,    1401376 total
[2019-09-02T13:56:43.688+0800][1.574s][info ][gc,phases     ] GC(10)   Pre Evacuate Collection Set: 0.0ms
[2019-09-02T13:56:43.688+0800][1.574s][info ][gc,phases     ] GC(10)   Evacuate Collection Set: 1.9ms
[2019-09-02T13:56:43.688+0800][1.574s][info ][gc,phases     ] GC(10)   Post Evacuate Collection Set: 0.1ms
[2019-09-02T13:56:43.688+0800][1.574s][info ][gc,phases     ] GC(10)   Other: 0.4ms
[2019-09-02T13:56:43.688+0800][1.574s][info ][gc,heap       ] GC(10) Eden regions: 13->0(14)
[2019-09-02T13:56:43.688+0800][1.574s][info ][gc,heap       ] GC(10) Survivor regions: 2->2(2)
[2019-09-02T13:56:43.688+0800][1.574s][info ][gc,heap       ] GC(10) Old regions: 5->5
[2019-09-02T13:56:43.688+0800][1.574s][info ][gc,heap       ] GC(10) Humongous regions: 0->0
[2019-09-02T13:56:43.688+0800][1.574s][info ][gc,metaspace  ] GC(10) Metaspace: 22633K->22633K(1071104K)
[2019-09-02T13:56:43.688+0800][1.575s][debug][gc,heap       ] GC(10) Heap after GC invocations=11 (full 0): garbage-first heap   total 32768K, used 6594K [0x00000000fe000000, 0x0000000100000000)
[2019-09-02T13:56:43.688+0800][1.575s][debug][gc,heap       ] GC(10)   region size 1024K, 2 young (2048K), 2 survivors (2048K)
[2019-09-02T13:56:43.688+0800][1.575s][debug][gc,heap       ] GC(10)  Metaspace       used 22633K, capacity 23074K, committed 23500K, reserved 1071104K
[2019-09-02T13:56:43.688+0800][1.575s][debug][gc,heap       ] GC(10)   class space    used 2523K, capacity 2701K, committed 2764K, reserved 1048576K
[2019-09-02T13:56:43.688+0800][1.575s][info ][gc            ] GC(10) Pause Young (G1 Evacuation Pause) 18M->6M(32M) 2.615ms
[2019-09-02T13:56:43.688+0800][1.575s][info ][gc,cpu        ] GC(10) User=0.00s Sys=0.00s Real=0.00s
[2019-09-02T13:56:43.799+0800][1.685s][debug][gc,heap       ] GC(11) Heap before GC invocations=11 (full 0): garbage-first heap   total 32768K, used 20930K [0x00000000fe000000, 0x0000000100000000)
[2019-09-02T13:56:43.799+0800][1.685s][debug][gc,heap       ] GC(11)   region size 1024K, 16 young (16384K), 2 survivors (2048K)
[2019-09-02T13:56:43.799+0800][1.685s][debug][gc,heap       ] GC(11)  Metaspace       used 24012K, capacity 24588K, committed 25036K, reserved 1071104K
[2019-09-02T13:56:43.799+0800][1.685s][debug][gc,heap       ] GC(11)   class space    used 2697K, capacity 2951K, committed 3020K, reserved 1048576K
[2019-09-02T13:56:43.799+0800][1.685s][info ][gc,start      ] GC(11) Pause Young (G1 Evacuation Pause)
[2019-09-02T13:56:43.799+0800][1.685s][info ][gc,task       ] GC(11) Using 8 workers of 8 for evacuation
[2019-09-02T13:56:43.799+0800][1.685s][debug][gc,age        ] GC(11) Desired survivor size 1048576 bytes, new threshold 2 (max threshold 15)
[2019-09-02T13:56:43.802+0800][1.688s][trace][gc,age        ] GC(11) Age table with threshold 2 (max threshold 15)
[2019-09-02T13:56:43.802+0800][1.689s][trace][gc,age        ] GC(11) - age   1:     842648 bytes,     842648 total
[2019-09-02T13:56:43.802+0800][1.689s][trace][gc,age        ] GC(11) - age   2:     797136 bytes,    1639784 total
[2019-09-02T13:56:43.802+0800][1.689s][info ][gc,phases     ] GC(11)   Pre Evacuate Collection Set: 0.0ms
[2019-09-02T13:56:43.803+0800][1.689s][info ][gc,phases     ] GC(11)   Evacuate Collection Set: 3.2ms
[2019-09-02T13:56:43.803+0800][1.689s][info ][gc,phases     ] GC(11)   Post Evacuate Collection Set: 0.1ms
[2019-09-02T13:56:43.803+0800][1.689s][info ][gc,phases     ] GC(11)   Other: 0.4ms
[2019-09-02T13:56:43.803+0800][1.689s][info ][gc,heap       ] GC(11) Eden regions: 14->0(13)
[2019-09-02T13:56:43.803+0800][1.689s][info ][gc,heap       ] GC(11) Survivor regions: 2->2(2)
[2019-09-02T13:56:43.803+0800][1.689s][info ][gc,heap       ] GC(11) Old regions: 5->6
[2019-09-02T13:56:43.803+0800][1.689s][info ][gc,heap       ] GC(11) Humongous regions: 0->0
[2019-09-02T13:56:43.803+0800][1.689s][info ][gc,metaspace  ] GC(11) Metaspace: 24012K->24012K(1071104K)
[2019-09-02T13:56:43.803+0800][1.689s][debug][gc,heap       ] GC(11) Heap after GC invocations=12 (full 0): garbage-first heap   total 32768K, used 7399K [0x00000000fe000000, 0x0000000100000000)
[2019-09-02T13:56:43.803+0800][1.689s][debug][gc,heap       ] GC(11)   region size 1024K, 2 young (2048K), 2 survivors (2048K)
[2019-09-02T13:56:43.803+0800][1.689s][debug][gc,heap       ] GC(11)  Metaspace       used 24012K, capacity 24588K, committed 25036K, reserved 1071104K
[2019-09-02T13:56:43.803+0800][1.689s][debug][gc,heap       ] GC(11)   class space    used 2697K, capacity 2951K, committed 3020K, reserved 1048576K
[2019-09-02T13:56:43.803+0800][1.689s][info ][gc            ] GC(11) Pause Young (G1 Evacuation Pause) 20M->7M(32M) 3.923ms
[2019-09-02T13:56:43.803+0800][1.689s][info ][gc,cpu        ] GC(11) User=0.00s Sys=0.00s Real=0.00s
[2019-09-02T13:56:43.895+0800][1.782s][debug][gc,heap       ] GC(12) Heap before GC invocations=12 (full 0): garbage-first heap   total 32768K, used 20711K [0x00000000fe000000, 0x0000000100000000)
[2019-09-02T13:56:43.895+0800][1.782s][debug][gc,heap       ] GC(12)   region size 1024K, 15 young (15360K), 2 survivors (2048K)
[2019-09-02T13:56:43.896+0800][1.782s][debug][gc,heap       ] GC(12)  Metaspace       used 25140K, capacity 25682K, committed 25932K, reserved 1073152K
[2019-09-02T13:56:43.896+0800][1.782s][debug][gc,heap       ] GC(12)   class space    used 2840K, capacity 3082K, committed 3148K, reserved 1048576K
[2019-09-02T13:56:43.896+0800][1.782s][info ][gc,start      ] GC(12) Pause Young (G1 Evacuation Pause)
[2019-09-02T13:56:43.896+0800][1.782s][info ][gc,task       ] GC(12) Using 8 workers of 8 for evacuation
[2019-09-02T13:56:43.896+0800][1.782s][debug][gc,age        ] GC(12) Desired survivor size 1048576 bytes, new threshold 2 (max threshold 15)
[2019-09-02T13:56:43.898+0800][1.784s][trace][gc,age        ] GC(12) Age table with threshold 2 (max threshold 15)
[2019-09-02T13:56:43.898+0800][1.784s][trace][gc,age        ] GC(12) - age   1:     423616 bytes,     423616 total
[2019-09-02T13:56:43.898+0800][1.784s][trace][gc,age        ] GC(12) - age   2:     797128 bytes,    1220744 total
[2019-09-02T13:56:43.898+0800][1.784s][info ][gc,phases     ] GC(12)   Pre Evacuate Collection Set: 0.0ms
[2019-09-02T13:56:43.898+0800][1.784s][info ][gc,phases     ] GC(12)   Evacuate Collection Set: 1.8ms
[2019-09-02T13:56:43.898+0800][1.784s][info ][gc,phases     ] GC(12)   Post Evacuate Collection Set: 0.1ms
[2019-09-02T13:56:43.898+0800][1.784s][info ][gc,phases     ] GC(12)   Other: 0.3ms
[2019-09-02T13:56:43.898+0800][1.784s][info ][gc,heap       ] GC(12) Eden regions: 13->0(13)
[2019-09-02T13:56:43.898+0800][1.784s][info ][gc,heap       ] GC(12) Survivor regions: 2->2(2)
[2019-09-02T13:56:43.898+0800][1.784s][info ][gc,heap       ] GC(12) Old regions: 6->7
[2019-09-02T13:56:43.898+0800][1.784s][info ][gc,heap       ] GC(12) Humongous regions: 0->0
[2019-09-02T13:56:43.898+0800][1.784s][info ][gc,metaspace  ] GC(12) Metaspace: 25140K->25140K(1073152K)
[2019-09-02T13:56:43.898+0800][1.784s][debug][gc,heap       ] GC(12) Heap after GC invocations=13 (full 0): garbage-first heap   total 32768K, used 7956K [0x00000000fe000000, 0x0000000100000000)
[2019-09-02T13:56:43.898+0800][1.784s][debug][gc,heap       ] GC(12)   region size 1024K, 2 young (2048K), 2 survivors (2048K)
[2019-09-02T13:56:43.898+0800][1.784s][debug][gc,heap       ] GC(12)  Metaspace       used 25140K, capacity 25682K, committed 25932K, reserved 1073152K
[2019-09-02T13:56:43.898+0800][1.784s][debug][gc,heap       ] GC(12)   class space    used 2840K, capacity 3082K, committed 3148K, reserved 1048576K
[2019-09-02T13:56:43.898+0800][1.784s][info ][gc            ] GC(12) Pause Young (G1 Evacuation Pause) 20M->7M(32M) 2.415ms
[2019-09-02T13:56:43.898+0800][1.784s][info ][gc,cpu        ] GC(12) User=0.00s Sys=0.00s Real=0.00s
[2019-09-02T13:56:44.048+0800][1.934s][debug][gc,heap       ] GC(13) Heap before GC invocations=13 (full 0): garbage-first heap   total 32768K, used 21268K [0x00000000fe000000, 0x0000000100000000)
[2019-09-02T13:56:44.048+0800][1.934s][debug][gc,heap       ] GC(13)   region size 1024K, 15 young (15360K), 2 survivors (2048K)
[2019-09-02T13:56:44.048+0800][1.934s][debug][gc,heap       ] GC(13)  Metaspace       used 26182K, capacity 26721K, committed 27084K, reserved 1073152K
[2019-09-02T13:56:44.048+0800][1.934s][debug][gc,heap       ] GC(13)   class space    used 2974K, capacity 3214K, committed 3276K, reserved 1048576K
[2019-09-02T13:56:44.048+0800][1.934s][info ][gc,start      ] GC(13) Pause Young (G1 Evacuation Pause)
[2019-09-02T13:56:44.048+0800][1.934s][info ][gc,task       ] GC(13) Using 8 workers of 8 for evacuation
[2019-09-02T13:56:44.048+0800][1.934s][debug][gc,age        ] GC(13) Desired survivor size 1048576 bytes, new threshold 2 (max threshold 15)
[2019-09-02T13:56:44.051+0800][1.937s][trace][gc,age        ] GC(13) Age table with threshold 2 (max threshold 15)
[2019-09-02T13:56:44.051+0800][1.937s][trace][gc,age        ] GC(13) - age   1:     459192 bytes,     459192 total
[2019-09-02T13:56:44.051+0800][1.937s][trace][gc,age        ] GC(13) - age   2:     378904 bytes,     838096 total
[2019-09-02T13:56:44.051+0800][1.937s][info ][gc,phases     ] GC(13)   Pre Evacuate Collection Set: 0.0ms
[2019-09-02T13:56:44.051+0800][1.937s][info ][gc,phases     ] GC(13)   Evacuate Collection Set: 2.7ms
[2019-09-02T13:56:44.051+0800][1.937s][info ][gc,phases     ] GC(13)   Post Evacuate Collection Set: 0.1ms
[2019-09-02T13:56:44.051+0800][1.937s][info ][gc,phases     ] GC(13)   Other: 0.4ms
[2019-09-02T13:56:44.051+0800][1.937s][info ][gc,heap       ] GC(13) Eden regions: 13->0(14)
[2019-09-02T13:56:44.051+0800][1.937s][info ][gc,heap       ] GC(13) Survivor regions: 2->1(2)
[2019-09-02T13:56:44.051+0800][1.937s][info ][gc,heap       ] GC(13) Old regions: 7->8
[2019-09-02T13:56:44.051+0800][1.937s][info ][gc,heap       ] GC(13) Humongous regions: 0->0
[2019-09-02T13:56:44.051+0800][1.937s][info ][gc,metaspace  ] GC(13) Metaspace: 26182K->26182K(1073152K)
[2019-09-02T13:56:44.051+0800][1.937s][debug][gc,heap       ] GC(13) Heap after GC invocations=14 (full 0): garbage-first heap   total 32768K, used 8323K [0x00000000fe000000, 0x0000000100000000)
[2019-09-02T13:56:44.051+0800][1.937s][debug][gc,heap       ] GC(13)   region size 1024K, 1 young (1024K), 1 survivors (1024K)
[2019-09-02T13:56:44.051+0800][1.937s][debug][gc,heap       ] GC(13)  Metaspace       used 26182K, capacity 26721K, committed 27084K, reserved 1073152K
[2019-09-02T13:56:44.051+0800][1.937s][debug][gc,heap       ] GC(13)   class space    used 2974K, capacity 3214K, committed 3276K, reserved 1048576K
[2019-09-02T13:56:44.051+0800][1.937s][info ][gc            ] GC(13) Pause Young (G1 Evacuation Pause) 20M->8M(32M) 3.405ms
[2019-09-02T13:56:44.052+0800][1.938s][info ][gc,cpu        ] GC(13) User=0.00s Sys=0.00s Real=0.00s
[2019-09-02T13:56:44.224+0800][2.111s][debug][gc,heap       ] GC(14) Heap before GC invocations=14 (full 0): garbage-first heap   total 32768K, used 22659K [0x00000000fe000000, 0x0000000100000000)
[2019-09-02T13:56:44.224+0800][2.111s][debug][gc,heap       ] GC(14)   region size 1024K, 15 young (15360K), 1 survivors (1024K)
[2019-09-02T13:56:44.225+0800][2.111s][debug][gc,heap       ] GC(14)  Metaspace       used 26944K, capacity 27507K, committed 27980K, reserved 1073152K
[2019-09-02T13:56:44.225+0800][2.111s][debug][gc,heap       ] GC(14)   class space    used 3041K, capacity 3281K, committed 3404K, reserved 1048576K
[2019-09-02T13:56:44.225+0800][2.111s][info ][gc,start      ] GC(14) Pause Young (G1 Evacuation Pause)
[2019-09-02T13:56:44.225+0800][2.111s][info ][gc,task       ] GC(14) Using 8 workers of 8 for evacuation
[2019-09-02T13:56:44.225+0800][2.111s][debug][gc,age        ] GC(14) Desired survivor size 1048576 bytes, new threshold 15 (max threshold 15)
[2019-09-02T13:56:44.227+0800][2.113s][trace][gc,age        ] GC(14) Age table with threshold 15 (max threshold 15)
[2019-09-02T13:56:44.227+0800][2.113s][trace][gc,age        ] GC(14) - age   1:     715376 bytes,     715376 total
[2019-09-02T13:56:44.227+0800][2.113s][trace][gc,age        ] GC(14) - age   2:     344776 bytes,    1060152 total
[2019-09-02T13:56:44.227+0800][2.113s][trace][gc,age        ] GC(14) - age   3:     353104 bytes,    1413256 total
[2019-09-02T13:56:44.227+0800][2.113s][info ][gc,phases     ] GC(14)   Pre Evacuate Collection Set: 0.0ms
[2019-09-02T13:56:44.227+0800][2.113s][info ][gc,phases     ] GC(14)   Evacuate Collection Set: 1.8ms
[2019-09-02T13:56:44.227+0800][2.113s][info ][gc,phases     ] GC(14)   Post Evacuate Collection Set: 0.1ms
[2019-09-02T13:56:44.227+0800][2.113s][info ][gc,phases     ] GC(14)   Other: 0.4ms
[2019-09-02T13:56:44.227+0800][2.113s][info ][gc,heap       ] GC(14) Eden regions: 14->0(13)
[2019-09-02T13:56:44.227+0800][2.113s][info ][gc,heap       ] GC(14) Survivor regions: 1->2(2)
[2019-09-02T13:56:44.227+0800][2.113s][info ][gc,heap       ] GC(14) Old regions: 8->8
[2019-09-02T13:56:44.227+0800][2.113s][info ][gc,heap       ] GC(14) Humongous regions: 0->0
[2019-09-02T13:56:44.227+0800][2.113s][info ][gc,metaspace  ] GC(14) Metaspace: 26944K->26944K(1073152K)
[2019-09-02T13:56:44.227+0800][2.113s][debug][gc,heap       ] GC(14) Heap after GC invocations=15 (full 0): garbage-first heap   total 32768K, used 8888K [0x00000000fe000000, 0x0000000100000000)
[2019-09-02T13:56:44.227+0800][2.113s][debug][gc,heap       ] GC(14)   region size 1024K, 2 young (2048K), 2 survivors (2048K)
[2019-09-02T13:56:44.227+0800][2.113s][debug][gc,heap       ] GC(14)  Metaspace       used 26944K, capacity 27507K, committed 27980K, reserved 1073152K
[2019-09-02T13:56:44.227+0800][2.113s][debug][gc,heap       ] GC(14)   class space    used 3041K, capacity 3281K, committed 3404K, reserved 1048576K
[2019-09-02T13:56:44.227+0800][2.113s][info ][gc            ] GC(14) Pause Young (G1 Evacuation Pause) 22M->8M(32M) 2.521ms
[2019-09-02T13:56:44.228+0800][2.114s][info ][gc,cpu        ] GC(14) User=0.00s Sys=0.00s Real=0.00s
[2019-09-02T13:56:44.366+0800][2.252s][debug][gc,heap       ] GC(15) Heap before GC invocations=15 (full 0): garbage-first heap   total 32768K, used 22200K [0x00000000fe000000, 0x0000000100000000)
[2019-09-02T13:56:44.366+0800][2.252s][debug][gc,heap       ] GC(15)   region size 1024K, 15 young (15360K), 2 survivors (2048K)
[2019-09-02T13:56:44.366+0800][2.252s][debug][gc,heap       ] GC(15)  Metaspace       used 27805K, capacity 28376K, committed 28748K, reserved 1075200K
[2019-09-02T13:56:44.366+0800][2.252s][debug][gc,heap       ] GC(15)   class space    used 3136K, capacity 3377K, committed 3404K, reserved 1048576K
[2019-09-02T13:56:44.366+0800][2.252s][info ][gc,start      ] GC(15) Pause Young (G1 Evacuation Pause)
[2019-09-02T13:56:44.366+0800][2.252s][info ][gc,task       ] GC(15) Using 8 workers of 8 for evacuation
[2019-09-02T13:56:44.366+0800][2.252s][debug][gc,age        ] GC(15) Desired survivor size 1048576 bytes, new threshold 2 (max threshold 15)
[2019-09-02T13:56:44.368+0800][2.254s][trace][gc,age        ] GC(15) Age table with threshold 2 (max threshold 15)
[2019-09-02T13:56:44.368+0800][2.254s][trace][gc,age        ] GC(15) - age   1:     632632 bytes,     632632 total
[2019-09-02T13:56:44.368+0800][2.254s][trace][gc,age        ] GC(15) - age   2:     686968 bytes,    1319600 total
[2019-09-02T13:56:44.368+0800][2.255s][info ][gc,phases     ] GC(15)   Pre Evacuate Collection Set: 0.0ms
[2019-09-02T13:56:44.368+0800][2.255s][info ][gc,phases     ] GC(15)   Evacuate Collection Set: 2.1ms
[2019-09-02T13:56:44.368+0800][2.255s][info ][gc,phases     ] GC(15)   Post Evacuate Collection Set: 0.1ms
[2019-09-02T13:56:44.368+0800][2.255s][info ][gc,phases     ] GC(15)   Other: 0.4ms
[2019-09-02T13:56:44.368+0800][2.255s][info ][gc,heap       ] GC(15) Eden regions: 13->0(13)
[2019-09-02T13:56:44.368+0800][2.255s][info ][gc,heap       ] GC(15) Survivor regions: 2->2(2)
[2019-09-02T13:56:44.369+0800][2.255s][info ][gc,heap       ] GC(15) Old regions: 8->8
[2019-09-02T13:56:44.369+0800][2.255s][info ][gc,heap       ] GC(15) Humongous regions: 0->0
[2019-09-02T13:56:44.369+0800][2.255s][info ][gc,metaspace  ] GC(15) Metaspace: 27805K->27805K(1075200K)
[2019-09-02T13:56:44.369+0800][2.255s][debug][gc,heap       ] GC(15) Heap after GC invocations=16 (full 0): garbage-first heap   total 32768K, used 9495K [0x00000000fe000000, 0x0000000100000000)
[2019-09-02T13:56:44.369+0800][2.255s][debug][gc,heap       ] GC(15)   region size 1024K, 2 young (2048K), 2 survivors (2048K)
[2019-09-02T13:56:44.369+0800][2.255s][debug][gc,heap       ] GC(15)  Metaspace       used 27805K, capacity 28376K, committed 28748K, reserved 1075200K
[2019-09-02T13:56:44.369+0800][2.255s][debug][gc,heap       ] GC(15)   class space    used 3136K, capacity 3377K, committed 3404K, reserved 1048576K
[2019-09-02T13:56:44.369+0800][2.255s][info ][gc            ] GC(15) Pause Young (G1 Evacuation Pause) 21M->9M(32M) 2.775ms
[2019-09-02T13:56:44.369+0800][2.255s][info ][gc,cpu        ] GC(15) User=0.00s Sys=0.00s Real=0.00s
[2019-09-02T13:56:44.499+0800][2.385s][debug][gc,heap       ] GC(16) Heap before GC invocations=16 (full 0): garbage-first heap   total 32768K, used 22807K [0x00000000fe000000, 0x0000000100000000)
[2019-09-02T13:56:44.499+0800][2.385s][debug][gc,heap       ] GC(16)   region size 1024K, 15 young (15360K), 2 survivors (2048K)
[2019-09-02T13:56:44.499+0800][2.385s][debug][gc,heap       ] GC(16)  Metaspace       used 28508K, capacity 29054K, committed 29388K, reserved 1075200K
[2019-09-02T13:56:44.499+0800][2.385s][debug][gc,heap       ] GC(16)   class space    used 3236K, capacity 3474K, committed 3532K, reserved 1048576K
[2019-09-02T13:56:44.499+0800][2.385s][info ][gc,start      ] GC(16) Pause Young (G1 Evacuation Pause)
[2019-09-02T13:56:44.499+0800][2.385s][info ][gc,task       ] GC(16) Using 8 workers of 8 for evacuation
[2019-09-02T13:56:44.499+0800][2.385s][debug][gc,age        ] GC(16) Desired survivor size 1048576 bytes, new threshold 2 (max threshold 15)
[2019-09-02T13:56:44.502+0800][2.388s][trace][gc,age        ] GC(16) Age table with threshold 2 (max threshold 15)
[2019-09-02T13:56:44.502+0800][2.388s][trace][gc,age        ] GC(16) - age   1:     298160 bytes,     298160 total
[2019-09-02T13:56:44.502+0800][2.388s][trace][gc,age        ] GC(16) - age   2:     597136 bytes,     895296 total
[2019-09-02T13:56:44.502+0800][2.388s][info ][gc,phases     ] GC(16)   Pre Evacuate Collection Set: 0.0ms
[2019-09-02T13:56:44.502+0800][2.388s][info ][gc,phases     ] GC(16)   Evacuate Collection Set: 2.5ms
[2019-09-02T13:56:44.502+0800][2.388s][info ][gc,phases     ] GC(16)   Post Evacuate Collection Set: 0.2ms
[2019-09-02T13:56:44.502+0800][2.388s][info ][gc,phases     ] GC(16)   Other: 0.5ms
[2019-09-02T13:56:44.502+0800][2.388s][info ][gc,heap       ] GC(16) Eden regions: 13->0(14)
[2019-09-02T13:56:44.502+0800][2.388s][info ][gc,heap       ] GC(16) Survivor regions: 2->1(2)
[2019-09-02T13:56:44.502+0800][2.388s][info ][gc,heap       ] GC(16) Old regions: 8->9
[2019-09-02T13:56:44.502+0800][2.388s][info ][gc,heap       ] GC(16) Humongous regions: 0->0
[2019-09-02T13:56:44.502+0800][2.388s][info ][gc,metaspace  ] GC(16) Metaspace: 28508K->28508K(1075200K)
[2019-09-02T13:56:44.502+0800][2.388s][debug][gc,heap       ] GC(16) Heap after GC invocations=17 (full 0): garbage-first heap   total 32768K, used 9757K [0x00000000fe000000, 0x0000000100000000)
[2019-09-02T13:56:44.502+0800][2.389s][debug][gc,heap       ] GC(16)   region size 1024K, 1 young (1024K), 1 survivors (1024K)
[2019-09-02T13:56:44.502+0800][2.389s][debug][gc,heap       ] GC(16)  Metaspace       used 28508K, capacity 29054K, committed 29388K, reserved 1075200K
[2019-09-02T13:56:44.502+0800][2.389s][debug][gc,heap       ] GC(16)   class space    used 3236K, capacity 3474K, committed 3532K, reserved 1048576K
[2019-09-02T13:56:44.502+0800][2.389s][info ][gc            ] GC(16) Pause Young (G1 Evacuation Pause) 22M->9M(32M) 3.414ms
[2019-09-02T13:56:44.503+0800][2.389s][info ][gc,cpu        ] GC(16) User=0.00s Sys=0.00s Real=0.00s
[2019-09-02T13:56:44.952+0800][2.839s][debug][gc,heap       ] GC(17) Heap before GC invocations=17 (full 0): garbage-first heap   total 32768K, used 24093K [0x00000000fe000000, 0x0000000100000000)
[2019-09-02T13:56:44.952+0800][2.839s][debug][gc,heap       ] GC(17)   region size 1024K, 15 young (15360K), 1 survivors (1024K)
[2019-09-02T13:56:44.952+0800][2.839s][debug][gc,heap       ] GC(17)  Metaspace       used 29375K, capacity 29925K, committed 30284K, reserved 1075200K
[2019-09-02T13:56:44.952+0800][2.839s][debug][gc,heap       ] GC(17)   class space    used 3333K, capacity 3573K, committed 3660K, reserved 1048576K
[2019-09-02T13:56:44.953+0800][2.839s][info ][gc,start      ] GC(17) Pause Young (G1 Evacuation Pause)
[2019-09-02T13:56:44.953+0800][2.839s][info ][gc,task       ] GC(17) Using 8 workers of 8 for evacuation
[2019-09-02T13:56:44.953+0800][2.839s][debug][gc,age        ] GC(17) Desired survivor size 1048576 bytes, new threshold 15 (max threshold 15)
[2019-09-02T13:56:44.954+0800][2.841s][trace][gc,age        ] GC(17) Age table with threshold 15 (max threshold 15)
[2019-09-02T13:56:44.954+0800][2.841s][trace][gc,age        ] GC(17) - age   1:     631064 bytes,     631064 total
[2019-09-02T13:56:44.954+0800][2.841s][trace][gc,age        ] GC(17) - age   2:     266936 bytes,     898000 total
[2019-09-02T13:56:44.954+0800][2.841s][trace][gc,age        ] GC(17) - age   3:     586616 bytes,    1484616 total
[2019-09-02T13:56:44.955+0800][2.841s][info ][gc,phases     ] GC(17)   Pre Evacuate Collection Set: 0.0ms
[2019-09-02T13:56:44.955+0800][2.841s][info ][gc,phases     ] GC(17)   Evacuate Collection Set: 1.7ms
[2019-09-02T13:56:44.955+0800][2.841s][info ][gc,phases     ] GC(17)   Post Evacuate Collection Set: 0.1ms
[2019-09-02T13:56:44.955+0800][2.841s][info ][gc,phases     ] GC(17)   Other: 0.4ms
[2019-09-02T13:56:44.955+0800][2.841s][info ][gc,heap       ] GC(17) Eden regions: 14->0(13)
[2019-09-02T13:56:44.955+0800][2.841s][info ][gc,heap       ] GC(17) Survivor regions: 1->2(2)
[2019-09-02T13:56:44.955+0800][2.841s][info ][gc,heap       ] GC(17) Old regions: 9->9
[2019-09-02T13:56:44.955+0800][2.841s][info ][gc,heap       ] GC(17) Humongous regions: 0->0
[2019-09-02T13:56:44.955+0800][2.841s][info ][gc,metaspace  ] GC(17) Metaspace: 29375K->29375K(1075200K)
[2019-09-02T13:56:44.955+0800][2.841s][debug][gc,heap       ] GC(17) Heap after GC invocations=18 (full 0): garbage-first heap   total 32768K, used 10331K [0x00000000fe000000, 0x0000000100000000)
[2019-09-02T13:56:44.955+0800][2.841s][debug][gc,heap       ] GC(17)   region size 1024K, 2 young (2048K), 2 survivors (2048K)
[2019-09-02T13:56:44.955+0800][2.841s][debug][gc,heap       ] GC(17)  Metaspace       used 29375K, capacity 29925K, committed 30284K, reserved 1075200K
[2019-09-02T13:56:44.955+0800][2.841s][debug][gc,heap       ] GC(17)   class space    used 3333K, capacity 3573K, committed 3660K, reserved 1048576K
[2019-09-02T13:56:44.955+0800][2.841s][info ][gc            ] GC(17) Pause Young (G1 Evacuation Pause) 23M->10M(32M) 2.272ms
[2019-09-02T13:56:44.955+0800][2.841s][info ][gc,cpu        ] GC(17) User=0.00s Sys=0.00s Real=0.00s
[2019-09-02T13:56:45.131+0800][3.018s][debug][gc,heap       ] GC(18) Heap before GC invocations=18 (full 0): garbage-first heap   total 32768K, used 23643K [0x00000000fe000000, 0x0000000100000000)
[2019-09-02T13:56:45.131+0800][3.018s][debug][gc,heap       ] GC(18)   region size 1024K, 15 young (15360K), 2 survivors (2048K)
[2019-09-02T13:56:45.131+0800][3.018s][debug][gc,heap       ] GC(18)  Metaspace       used 31226K, capacity 31752K, committed 32332K, reserved 1077248K
[2019-09-02T13:56:45.131+0800][3.018s][debug][gc,heap       ] GC(18)   class space    used 3568K, capacity 3798K, committed 3916K, reserved 1048576K
[2019-09-02T13:56:45.131+0800][3.018s][info ][gc,start      ] GC(18) Pause Young (G1 Evacuation Pause)
[2019-09-02T13:56:45.131+0800][3.018s][info ][gc,task       ] GC(18) Using 8 workers of 8 for evacuation
[2019-09-02T13:56:45.131+0800][3.018s][debug][gc,age        ] GC(18) Desired survivor size 1048576 bytes, new threshold 3 (max threshold 15)
[2019-09-02T13:56:45.135+0800][3.021s][trace][gc,age        ] GC(18) Age table with threshold 3 (max threshold 15)
[2019-09-02T13:56:45.135+0800][3.022s][trace][gc,age        ] GC(18) - age   1:    1297560 bytes,    1297560 total
[2019-09-02T13:56:45.135+0800][3.022s][trace][gc,age        ] GC(18) - age   2:     563104 bytes,    1860664 total
[2019-09-02T13:56:45.135+0800][3.022s][trace][gc,age        ] GC(18) - age   3:     227472 bytes,    2088136 total
[2019-09-02T13:56:45.135+0800][3.022s][info ][gc,phases     ] GC(18)   Pre Evacuate Collection Set: 0.0ms
[2019-09-02T13:56:45.135+0800][3.022s][info ][gc,phases     ] GC(18)   Evacuate Collection Set: 3.3ms
[2019-09-02T13:56:45.135+0800][3.022s][info ][gc,phases     ] GC(18)   Post Evacuate Collection Set: 0.1ms
[2019-09-02T13:56:45.135+0800][3.022s][info ][gc,phases     ] GC(18)   Other: 0.4ms
[2019-09-02T13:56:45.135+0800][3.022s][info ][gc,heap       ] GC(18) Eden regions: 13->0(9)
[2019-09-02T13:56:45.135+0800][3.022s][info ][gc,heap       ] GC(18) Survivor regions: 2->2(2)
[2019-09-02T13:56:45.135+0800][3.022s][info ][gc,heap       ] GC(18) Old regions: 9->13
[2019-09-02T13:56:45.135+0800][3.022s][info ][gc,heap       ] GC(18) Humongous regions: 0->0
[2019-09-02T13:56:45.135+0800][3.022s][info ][gc,metaspace  ] GC(18) Metaspace: 31226K->31226K(1077248K)
[2019-09-02T13:56:45.135+0800][3.022s][debug][gc,heap       ] GC(18) Heap after GC invocations=19 (full 0): garbage-first heap   total 32768K, used 14409K [0x00000000fe000000, 0x0000000100000000)
[2019-09-02T13:56:45.135+0800][3.022s][debug][gc,heap       ] GC(18)   region size 1024K, 2 young (2048K), 2 survivors (2048K)
[2019-09-02T13:56:45.135+0800][3.022s][debug][gc,heap       ] GC(18)  Metaspace       used 31226K, capacity 31752K, committed 32332K, reserved 1077248K
[2019-09-02T13:56:45.135+0800][3.022s][debug][gc,heap       ] GC(18)   class space    used 3568K, capacity 3798K, committed 3916K, reserved 1048576K
[2019-09-02T13:56:45.135+0800][3.022s][info ][gc            ] GC(18) Pause Young (G1 Evacuation Pause) 23M->14M(32M) 4.002ms
[2019-09-02T13:56:45.136+0800][3.022s][info ][gc,cpu        ] GC(18) User=0.03s Sys=0.09s Real=0.00s
[2019-09-02T13:56:45.235+0800][3.121s][debug][gc,heap       ] GC(19) Heap before GC invocations=19 (full 0): garbage-first heap   total 32768K, used 23625K [0x00000000fe000000, 0x0000000100000000)
[2019-09-02T13:56:45.235+0800][3.121s][debug][gc,heap       ] GC(19)   region size 1024K, 11 young (11264K), 2 survivors (2048K)
[2019-09-02T13:56:45.235+0800][3.121s][debug][gc,heap       ] GC(19)  Metaspace       used 32028K, capacity 32527K, committed 33100K, reserved 1079296K
[2019-09-02T13:56:45.235+0800][3.121s][debug][gc,heap       ] GC(19)   class space    used 3646K, capacity 3863K, committed 3916K, reserved 1048576K
[2019-09-02T13:56:45.235+0800][3.121s][info ][gc,start      ] GC(19) Pause Young (G1 Evacuation Pause)
[2019-09-02T13:56:45.235+0800][3.121s][info ][gc,task       ] GC(19) Using 8 workers of 8 for evacuation
[2019-09-02T13:56:45.235+0800][3.121s][debug][gc,age        ] GC(19) Desired survivor size 1048576 bytes, new threshold 1 (max threshold 15)
[2019-09-02T13:56:45.237+0800][3.124s][trace][gc,age        ] GC(19) Age table with threshold 1 (max threshold 15)
[2019-09-02T13:56:45.238+0800][3.124s][trace][gc,age        ] GC(19) - age   1:     495320 bytes,     495320 total
[2019-09-02T13:56:45.238+0800][3.124s][info ][gc,phases     ] GC(19)   Pre Evacuate Collection Set: 0.0ms
[2019-09-02T13:56:45.238+0800][3.124s][info ][gc,phases     ] GC(19)   Evacuate Collection Set: 2.5ms
[2019-09-02T13:56:45.238+0800][3.124s][info ][gc,phases     ] GC(19)   Post Evacuate Collection Set: 0.1ms
[2019-09-02T13:56:45.238+0800][3.124s][info ][gc,phases     ] GC(19)   Other: 0.3ms
[2019-09-02T13:56:45.238+0800][3.124s][info ][gc,heap       ] GC(19) Eden regions: 9->0(8)
[2019-09-02T13:56:45.238+0800][3.124s][info ][gc,heap       ] GC(19) Survivor regions: 2->1(2)
[2019-09-02T13:56:45.238+0800][3.124s][info ][gc,heap       ] GC(19) Old regions: 13->15
[2019-09-02T13:56:45.238+0800][3.124s][info ][gc,heap       ] GC(19) Humongous regions: 0->0
[2019-09-02T13:56:45.238+0800][3.124s][info ][gc,metaspace  ] GC(19) Metaspace: 32028K->32028K(1079296K)
[2019-09-02T13:56:45.238+0800][3.124s][debug][gc,heap       ] GC(19) Heap after GC invocations=20 (full 0): garbage-first heap   total 32768K, used 15134K [0x00000000fe000000, 0x0000000100000000)
[2019-09-02T13:56:45.238+0800][3.124s][debug][gc,heap       ] GC(19)   region size 1024K, 1 young (1024K), 1 survivors (1024K)
[2019-09-02T13:56:45.238+0800][3.124s][debug][gc,heap       ] GC(19)  Metaspace       used 32028K, capacity 32527K, committed 33100K, reserved 1079296K
[2019-09-02T13:56:45.238+0800][3.124s][debug][gc,heap       ] GC(19)   class space    used 3646K, capacity 3863K, committed 3916K, reserved 1048576K
[2019-09-02T13:56:45.238+0800][3.124s][info ][gc            ] GC(19) Pause Young (G1 Evacuation Pause) 23M->14M(32M) 3.267ms
[2019-09-02T13:56:45.240+0800][3.126s][info ][gc,cpu        ] GC(19) User=0.00s Sys=0.00s Real=0.01s
[2019-09-02T13:56:45.328+0800][3.214s][debug][gc,heap       ] GC(20) Heap before GC invocations=20 (full 0): garbage-first heap   total 32768K, used 23326K [0x00000000fe000000, 0x0000000100000000)
[2019-09-02T13:56:45.328+0800][3.214s][debug][gc,heap       ] GC(20)   region size 1024K, 9 young (9216K), 1 survivors (1024K)
[2019-09-02T13:56:45.328+0800][3.214s][debug][gc,heap       ] GC(20)  Metaspace       used 32389K, capacity 32879K, committed 33356K, reserved 1079296K
[2019-09-02T13:56:45.328+0800][3.214s][debug][gc,heap       ] GC(20)   class space    used 3685K, capacity 3895K, committed 3916K, reserved 1048576K
[2019-09-02T13:56:45.328+0800][3.214s][info ][gc,start      ] GC(20) Pause Initial Mark (G1 Evacuation Pause)
[2019-09-02T13:56:45.328+0800][3.214s][info ][gc,task       ] GC(20) Using 8 workers of 8 for evacuation
[2019-09-02T13:56:45.328+0800][3.214s][debug][gc,age        ] GC(20) Desired survivor size 1048576 bytes, new threshold 15 (max threshold 15)
[2019-09-02T13:56:45.331+0800][3.217s][trace][gc,age        ] GC(20) Age table with threshold 15 (max threshold 15)
[2019-09-02T13:56:45.331+0800][3.217s][trace][gc,age        ] GC(20) - age   1:     300456 bytes,     300456 total
[2019-09-02T13:56:45.331+0800][3.217s][trace][gc,age        ] GC(20) - age   2:     475376 bytes,     775832 total
[2019-09-02T13:56:45.331+0800][3.217s][info ][gc,phases     ] GC(20)   Pre Evacuate Collection Set: 0.0ms
[2019-09-02T13:56:45.331+0800][3.217s][info ][gc,phases     ] GC(20)   Evacuate Collection Set: 3.1ms
[2019-09-02T13:56:45.331+0800][3.217s][info ][gc,phases     ] GC(20)   Post Evacuate Collection Set: 0.1ms
[2019-09-02T13:56:45.331+0800][3.217s][info ][gc,phases     ] GC(20)   Other: 0.4ms
[2019-09-02T13:56:45.331+0800][3.217s][info ][gc,heap       ] GC(20) Eden regions: 8->0(8)
[2019-09-02T13:56:45.331+0800][3.217s][info ][gc,heap       ] GC(20) Survivor regions: 1->1(2)
[2019-09-02T13:56:45.331+0800][3.217s][info ][gc,heap       ] GC(20) Old regions: 15->15
[2019-09-02T13:56:45.331+0800][3.217s][info ][gc,heap       ] GC(20) Humongous regions: 0->0
[2019-09-02T13:56:45.331+0800][3.217s][info ][gc,metaspace  ] GC(20) Metaspace: 32389K->32389K(1079296K)
[2019-09-02T13:56:45.331+0800][3.218s][debug][gc,heap       ] GC(20) Heap after GC invocations=21 (full 0): garbage-first heap   total 32768K, used 15301K [0x00000000fe000000, 0x0000000100000000)
[2019-09-02T13:56:45.331+0800][3.218s][debug][gc,heap       ] GC(20)   region size 1024K, 1 young (1024K), 1 survivors (1024K)
[2019-09-02T13:56:45.331+0800][3.218s][debug][gc,heap       ] GC(20)  Metaspace       used 32389K, capacity 32879K, committed 33356K, reserved 1079296K
[2019-09-02T13:56:45.331+0800][3.218s][debug][gc,heap       ] GC(20)   class space    used 3685K, capacity 3895K, committed 3916K, reserved 1048576K
[2019-09-02T13:56:45.331+0800][3.218s][info ][gc            ] GC(20) Pause Initial Mark (G1 Evacuation Pause) 22M->14M(32M) 3.767ms
[2019-09-02T13:56:45.332+0800][3.218s][info ][gc,cpu        ] GC(20) User=0.00s Sys=0.00s Real=0.00s
[2019-09-02T13:56:45.332+0800][3.218s][info ][gc            ] GC(21) Concurrent Cycle
[2019-09-02T13:56:45.333+0800][3.219s][info ][gc,marking    ] GC(21) Concurrent Clear Claimed Marks
[2019-09-02T13:56:45.333+0800][3.219s][info ][gc,marking    ] GC(21) Concurrent Clear Claimed Marks 0.056ms
[2019-09-02T13:56:45.333+0800][3.219s][info ][gc,marking    ] GC(21) Concurrent Scan Root Regions
[2019-09-02T13:56:45.334+0800][3.220s][info ][gc,marking    ] GC(21) Concurrent Scan Root Regions 1.009ms
[2019-09-02T13:56:45.334+0800][3.220s][info ][gc,marking    ] GC(21) Concurrent Mark (3.220s)
[2019-09-02T13:56:45.334+0800][3.220s][info ][gc,marking    ] GC(21) Concurrent Mark From Roots
[2019-09-02T13:56:45.334+0800][3.220s][info ][gc,task       ] GC(21) Using 2 workers of 2 for marking
[2019-09-02T13:56:45.350+0800][3.236s][info ][gc,marking    ] GC(21) Concurrent Mark From Roots 15.891ms
[2019-09-02T13:56:45.350+0800][3.236s][info ][gc,marking    ] GC(21) Concurrent Mark (3.220s, 3.236s) 15.962ms
[2019-09-02T13:56:45.350+0800][3.236s][info ][gc,start      ] GC(21) Pause Remark
[2019-09-02T13:56:45.354+0800][3.240s][info ][gc,stringtable] GC(21) Cleaned string and symbol table, strings: 18752 processed, 259 removed, symbols: 97739 processed, 502 removed
[2019-09-02T13:56:45.354+0800][3.240s][info ][gc            ] GC(21) Pause Remark 16M->16M(32M) 3.728ms
[2019-09-02T13:56:45.355+0800][3.241s][info ][gc,cpu        ] GC(21) User=0.13s Sys=0.00s Real=0.01s
[2019-09-02T13:56:45.355+0800][3.241s][info ][gc,marking    ] GC(21) Concurrent Create Live Data
[2019-09-02T13:56:45.357+0800][3.244s][info ][gc,marking    ] GC(21) Concurrent Create Live Data 2.750ms
[2019-09-02T13:56:45.358+0800][3.244s][info ][gc,start      ] GC(21) Pause Cleanup
[2019-09-02T13:56:45.358+0800][3.244s][info ][gc            ] GC(21) Pause Cleanup 16M->16M(32M) 0.175ms
[2019-09-02T13:56:45.358+0800][3.244s][info ][gc,cpu        ] GC(21) User=0.00s Sys=0.00s Real=0.00s
[2019-09-02T13:56:45.358+0800][3.244s][info ][gc,marking    ] GC(21) Concurrent Cleanup for Next Mark
[2019-09-02T13:56:45.358+0800][3.244s][info ][gc,marking    ] GC(21) Concurrent Cleanup for Next Mark 0.095ms
[2019-09-02T13:56:45.358+0800][3.244s][info ][gc            ] GC(21) Concurrent Cycle 26.079ms
[2019-09-02T13:56:45.413+0800][3.299s][debug][gc,heap       ] GC(22) Heap before GC invocations=22 (full 0): garbage-first heap   total 32768K, used 23493K [0x00000000fe000000, 0x0000000100000000)
[2019-09-02T13:56:45.413+0800][3.299s][debug][gc,heap       ] GC(22)   region size 1024K, 9 young (9216K), 1 survivors (1024K)
[2019-09-02T13:56:45.413+0800][3.299s][debug][gc,heap       ] GC(22)  Metaspace       used 32539K, capacity 33103K, committed 33740K, reserved 1079296K
[2019-09-02T13:56:45.413+0800][3.299s][debug][gc,heap       ] GC(22)   class space    used 3705K, capacity 3927K, committed 4044K, reserved 1048576K
[2019-09-02T13:56:45.413+0800][3.299s][info ][gc,start      ] GC(22) Pause Young (G1 Evacuation Pause)
[2019-09-02T13:56:45.413+0800][3.299s][info ][gc,task       ] GC(22) Using 8 workers of 8 for evacuation
[2019-09-02T13:56:45.413+0800][3.299s][debug][gc,age        ] GC(22) Desired survivor size 1048576 bytes, new threshold 15 (max threshold 15)
[2019-09-02T13:56:45.414+0800][3.300s][trace][gc,age        ] GC(22) Age table with threshold 15 (max threshold 15)
[2019-09-02T13:56:45.414+0800][3.300s][trace][gc,age        ] GC(22) - age   1:     349448 bytes,     349448 total
[2019-09-02T13:56:45.414+0800][3.300s][trace][gc,age        ] GC(22) - age   2:     288480 bytes,     637928 total
[2019-09-02T13:56:45.414+0800][3.300s][trace][gc,age        ] GC(22) - age   3:     475072 bytes,    1113000 total
[2019-09-02T13:56:45.414+0800][3.301s][info ][gc,phases     ] GC(22)   Pre Evacuate Collection Set: 0.0ms
[2019-09-02T13:56:45.414+0800][3.301s][info ][gc,phases     ] GC(22)   Evacuate Collection Set: 1.2ms
[2019-09-02T13:56:45.414+0800][3.301s][info ][gc,phases     ] GC(22)   Post Evacuate Collection Set: 0.1ms
[2019-09-02T13:56:45.414+0800][3.301s][info ][gc,phases     ] GC(22)   Other: 0.3ms
[2019-09-02T13:56:45.414+0800][3.301s][info ][gc,heap       ] GC(22) Eden regions: 8->0(8)
[2019-09-02T13:56:45.414+0800][3.301s][info ][gc,heap       ] GC(22) Survivor regions: 1->2(2)
[2019-09-02T13:56:45.414+0800][3.301s][info ][gc,heap       ] GC(22) Old regions: 15->15
[2019-09-02T13:56:45.414+0800][3.301s][info ][gc,heap       ] GC(22) Humongous regions: 0->0
[2019-09-02T13:56:45.414+0800][3.301s][info ][gc,metaspace  ] GC(22) Metaspace: 32539K->32539K(1079296K)
[2019-09-02T13:56:45.415+0800][3.301s][debug][gc,heap       ] GC(22) Heap after GC invocations=23 (full 0): garbage-first heap   total 32768K, used 15642K [0x00000000fe000000, 0x0000000100000000)
[2019-09-02T13:56:45.415+0800][3.301s][debug][gc,heap       ] GC(22)   region size 1024K, 2 young (2048K), 2 survivors (2048K)
[2019-09-02T13:56:45.415+0800][3.301s][debug][gc,heap       ] GC(22)  Metaspace       used 32539K, capacity 33103K, committed 33740K, reserved 1079296K
[2019-09-02T13:56:45.415+0800][3.301s][debug][gc,heap       ] GC(22)   class space    used 3705K, capacity 3927K, committed 4044K, reserved 1048576K
[2019-09-02T13:56:45.415+0800][3.301s][info ][gc            ] GC(22) Pause Young (G1 Evacuation Pause) 22M->15M(32M) 1.760ms
[2019-09-02T13:56:45.417+0800][3.303s][info ][gc,cpu        ] GC(22) User=0.02s Sys=0.00s Real=0.00s
[2019-09-02T13:56:45.494+0800][3.380s][debug][gc,heap       ] GC(23) Heap before GC invocations=23 (full 0): garbage-first heap   total 32768K, used 23834K [0x00000000fe000000, 0x0000000100000000)
[2019-09-02T13:56:45.494+0800][3.380s][debug][gc,heap       ] GC(23)   region size 1024K, 10 young (10240K), 2 survivors (2048K)
[2019-09-02T13:56:45.494+0800][3.380s][debug][gc,heap       ] GC(23)  Metaspace       used 32828K, capacity 33327K, committed 33740K, reserved 1079296K
[2019-09-02T13:56:45.494+0800][3.380s][debug][gc,heap       ] GC(23)   class space    used 3739K, capacity 3959K, committed 4044K, reserved 1048576K
[2019-09-02T13:56:45.494+0800][3.380s][info ][gc,start      ] GC(23) Pause Initial Mark (G1 Evacuation Pause)
[2019-09-02T13:56:45.494+0800][3.380s][info ][gc,task       ] GC(23) Using 8 workers of 8 for evacuation
[2019-09-02T13:56:45.494+0800][3.380s][debug][gc,age        ] GC(23) Desired survivor size 1048576 bytes, new threshold 3 (max threshold 15)
[2019-09-02T13:56:45.496+0800][3.383s][trace][gc,age        ] GC(23) Age table with threshold 3 (max threshold 15)
[2019-09-02T13:56:45.497+0800][3.383s][trace][gc,age        ] GC(23) - age   1:     252304 bytes,     252304 total
[2019-09-02T13:56:45.497+0800][3.383s][trace][gc,age        ] GC(23) - age   2:     342456 bytes,     594760 total
[2019-09-02T13:56:45.497+0800][3.383s][trace][gc,age        ] GC(23) - age   3:     282864 bytes,     877624 total
[2019-09-02T13:56:45.497+0800][3.383s][info ][gc,phases     ] GC(23)   Pre Evacuate Collection Set: 0.0ms
[2019-09-02T13:56:45.497+0800][3.383s][info ][gc,phases     ] GC(23)   Evacuate Collection Set: 2.3ms
[2019-09-02T13:56:45.497+0800][3.383s][info ][gc,phases     ] GC(23)   Post Evacuate Collection Set: 0.2ms
[2019-09-02T13:56:45.497+0800][3.383s][info ][gc,phases     ] GC(23)   Other: 0.5ms
[2019-09-02T13:56:45.497+0800][3.383s][info ][gc,heap       ] GC(23) Eden regions: 8->0(8)
[2019-09-02T13:56:45.497+0800][3.383s][info ][gc,heap       ] GC(23) Survivor regions: 2->1(2)
[2019-09-02T13:56:45.497+0800][3.383s][info ][gc,heap       ] GC(23) Old regions: 15->15
[2019-09-02T13:56:45.497+0800][3.383s][info ][gc,heap       ] GC(23) Humongous regions: 0->0
[2019-09-02T13:56:45.497+0800][3.383s][info ][gc,metaspace  ] GC(23) Metaspace: 32828K->32828K(1079296K)
[2019-09-02T13:56:45.497+0800][3.383s][debug][gc,heap       ] GC(23) Heap after GC invocations=24 (full 0): garbage-first heap   total 32768K, used 15953K [0x00000000fe000000, 0x0000000100000000)
[2019-09-02T13:56:45.497+0800][3.383s][debug][gc,heap       ] GC(23)   region size 1024K, 1 young (1024K), 1 survivors (1024K)
[2019-09-02T13:56:45.497+0800][3.383s][debug][gc,heap       ] GC(23)  Metaspace       used 32828K, capacity 33327K, committed 33740K, reserved 1079296K
[2019-09-02T13:56:45.497+0800][3.383s][debug][gc,heap       ] GC(23)   class space    used 3739K, capacity 3959K, committed 4044K, reserved 1048576K
[2019-09-02T13:56:45.497+0800][3.383s][info ][gc            ] GC(23) Pause Initial Mark (G1 Evacuation Pause) 23M->15M(32M) 3.055ms
[2019-09-02T13:56:45.499+0800][3.385s][info ][gc,cpu        ] GC(23) User=0.11s Sys=0.00s Real=0.01s
[2019-09-02T13:56:45.499+0800][3.385s][info ][gc            ] GC(24) Concurrent Cycle
[2019-09-02T13:56:45.502+0800][3.388s][info ][gc,marking    ] GC(24) Concurrent Clear Claimed Marks
[2019-09-02T13:56:45.502+0800][3.389s][info ][gc,marking    ] GC(24) Concurrent Clear Claimed Marks 0.064ms
[2019-09-02T13:56:45.502+0800][3.389s][info ][gc,marking    ] GC(24) Concurrent Scan Root Regions
[2019-09-02T13:56:45.503+0800][3.390s][info ][gc,marking    ] GC(24) Concurrent Scan Root Regions 1.013ms
[2019-09-02T13:56:45.503+0800][3.390s][info ][gc,marking    ] GC(24) Concurrent Mark (3.390s)
[2019-09-02T13:56:45.503+0800][3.390s][info ][gc,marking    ] GC(24) Concurrent Mark From Roots
[2019-09-02T13:56:45.503+0800][3.390s][info ][gc,task       ] GC(24) Using 2 workers of 2 for marking
[2019-09-02T13:56:45.518+0800][3.404s][info ][gc,marking    ] GC(24) Concurrent Mark From Roots 14.528ms
[2019-09-02T13:56:45.518+0800][3.404s][info ][gc,marking    ] GC(24) Concurrent Mark (3.390s, 3.404s) 14.605ms
[2019-09-02T13:56:45.518+0800][3.404s][info ][gc,start      ] GC(24) Pause Remark
[2019-09-02T13:56:45.522+0800][3.408s][info ][gc,stringtable] GC(24) Cleaned string and symbol table, strings: 18812 processed, 0 removed, symbols: 98369 processed, 83 removed
[2019-09-02T13:56:45.522+0800][3.408s][info ][gc            ] GC(24) Pause Remark 17M->17M(32M) 3.735ms
[2019-09-02T13:56:45.522+0800][3.408s][info ][gc,cpu        ] GC(24) User=0.00s Sys=0.00s Real=0.00s
[2019-09-02T13:56:45.522+0800][3.409s][info ][gc,marking    ] GC(24) Concurrent Create Live Data
[2019-09-02T13:56:45.525+0800][3.411s][info ][gc,marking    ] GC(24) Concurrent Create Live Data 2.528ms
[2019-09-02T13:56:45.525+0800][3.411s][info ][gc,start      ] GC(24) Pause Cleanup
[2019-09-02T13:56:45.525+0800][3.411s][info ][gc            ] GC(24) Pause Cleanup 17M->17M(32M) 0.166ms
[2019-09-02T13:56:45.525+0800][3.412s][info ][gc,cpu        ] GC(24) User=0.00s Sys=0.00s Real=0.00s
[2019-09-02T13:56:45.526+0800][3.412s][info ][gc,marking    ] GC(24) Concurrent Cleanup for Next Mark
[2019-09-02T13:56:45.526+0800][3.412s][info ][gc,marking    ] GC(24) Concurrent Cleanup for Next Mark 0.113ms
[2019-09-02T13:56:45.526+0800][3.412s][info ][gc            ] GC(24) Concurrent Cycle 26.948ms
[2019-09-02T13:56:45.571+0800][3.457s][debug][gc,heap       ] GC(25) Heap before GC invocations=25 (full 0): garbage-first heap   total 32768K, used 24145K [0x00000000fe000000, 0x0000000100000000)
[2019-09-02T13:56:45.571+0800][3.457s][debug][gc,heap       ] GC(25)   region size 1024K, 9 young (9216K), 1 survivors (1024K)
[2019-09-02T13:56:45.571+0800][3.457s][debug][gc,heap       ] GC(25)  Metaspace       used 33068K, capacity 33581K, committed 33996K, reserved 1079296K
[2019-09-02T13:56:45.571+0800][3.457s][debug][gc,heap       ] GC(25)   class space    used 3766K, capacity 3996K, committed 4044K, reserved 1048576K
[2019-09-02T13:56:45.571+0800][3.457s][info ][gc,start      ] GC(25) Pause Young (G1 Evacuation Pause)
[2019-09-02T13:56:45.571+0800][3.457s][info ][gc,task       ] GC(25) Using 8 workers of 8 for evacuation
[2019-09-02T13:56:45.571+0800][3.457s][debug][gc,age        ] GC(25) Desired survivor size 1048576 bytes, new threshold 15 (max threshold 15)
[2019-09-02T13:56:45.573+0800][3.459s][trace][gc,age        ] GC(25) Age table with threshold 15 (max threshold 15)
[2019-09-02T13:56:45.573+0800][3.459s][trace][gc,age        ] GC(25) - age   1:     484744 bytes,     484744 total
[2019-09-02T13:56:45.573+0800][3.459s][trace][gc,age        ] GC(25) - age   2:     241744 bytes,     726488 total
[2019-09-02T13:56:45.573+0800][3.459s][trace][gc,age        ] GC(25) - age   3:     342408 bytes,    1068896 total
[2019-09-02T13:56:45.573+0800][3.459s][trace][gc,age        ] GC(25) - age   4:     282768 bytes,    1351664 total
[2019-09-02T13:56:45.573+0800][3.459s][info ][gc,phases     ] GC(25)   Pre Evacuate Collection Set: 0.0ms
[2019-09-02T13:56:45.573+0800][3.459s][info ][gc,phases     ] GC(25)   Evacuate Collection Set: 1.7ms
[2019-09-02T13:56:45.573+0800][3.459s][info ][gc,phases     ] GC(25)   Post Evacuate Collection Set: 0.1ms
[2019-09-02T13:56:45.573+0800][3.459s][info ][gc,phases     ] GC(25)   Other: 0.4ms
[2019-09-02T13:56:45.573+0800][3.459s][info ][gc,heap       ] GC(25) Eden regions: 8->0(8)
[2019-09-02T13:56:45.573+0800][3.459s][info ][gc,heap       ] GC(25) Survivor regions: 1->2(2)
[2019-09-02T13:56:45.573+0800][3.459s][info ][gc,heap       ] GC(25) Old regions: 15->15
[2019-09-02T13:56:45.573+0800][3.459s][info ][gc,heap       ] GC(25) Humongous regions: 0->0
[2019-09-02T13:56:45.573+0800][3.460s][info ][gc,metaspace  ] GC(25) Metaspace: 33068K->33068K(1079296K)
[2019-09-02T13:56:45.573+0800][3.460s][debug][gc,heap       ] GC(25) Heap after GC invocations=26 (full 0): garbage-first heap   total 32768K, used 16369K [0x00000000fe000000, 0x0000000100000000)
[2019-09-02T13:56:45.573+0800][3.460s][debug][gc,heap       ] GC(25)   region size 1024K, 2 young (2048K), 2 survivors (2048K)
[2019-09-02T13:56:45.573+0800][3.460s][debug][gc,heap       ] GC(25)  Metaspace       used 33068K, capacity 33581K, committed 33996K, reserved 1079296K
[2019-09-02T13:56:45.573+0800][3.460s][debug][gc,heap       ] GC(25)   class space    used 3766K, capacity 3996K, committed 4044K, reserved 1048576K
[2019-09-02T13:56:45.573+0800][3.460s][info ][gc            ] GC(25) Pause Young (G1 Evacuation Pause) 23M->15M(32M) 2.317ms
[2019-09-02T13:56:45.574+0800][3.461s][info ][gc,cpu        ] GC(25) User=0.13s Sys=0.00s Real=0.00s
[2019-09-02T13:56:45.620+0800][3.507s][debug][gc,heap       ] GC(26) Heap before GC invocations=26 (full 0): garbage-first heap   total 32768K, used 24561K [0x00000000fe000000, 0x0000000100000000)
[2019-09-02T13:56:45.620+0800][3.507s][debug][gc,heap       ] GC(26)   region size 1024K, 10 young (10240K), 2 survivors (2048K)
[2019-09-02T13:56:45.620+0800][3.507s][debug][gc,heap       ] GC(26)  Metaspace       used 33262K, capacity 33773K, committed 34252K, reserved 1079296K
[2019-09-02T13:56:45.620+0800][3.507s][debug][gc,heap       ] GC(26)   class space    used 3784K, capacity 3996K, committed 4044K, reserved 1048576K
[2019-09-02T13:56:45.621+0800][3.507s][info ][gc,start      ] GC(26) Pause Initial Mark (G1 Evacuation Pause)
[2019-09-02T13:56:45.621+0800][3.507s][info ][gc,task       ] GC(26) Using 8 workers of 8 for evacuation
[2019-09-02T13:56:45.621+0800][3.507s][debug][gc,age        ] GC(26) Desired survivor size 1048576 bytes, new threshold 3 (max threshold 15)
[2019-09-02T13:56:45.622+0800][3.509s][trace][gc,age        ] GC(26) Age table with threshold 3 (max threshold 15)
[2019-09-02T13:56:45.622+0800][3.509s][trace][gc,age        ] GC(26) - age   1:     601032 bytes,     601032 total
[2019-09-02T13:56:45.623+0800][3.509s][trace][gc,age        ] GC(26) - age   2:     477032 bytes,    1078064 total
[2019-09-02T13:56:45.623+0800][3.509s][trace][gc,age        ] GC(26) - age   3:     241744 bytes,    1319808 total
[2019-09-02T13:56:45.623+0800][3.509s][info ][gc,phases     ] GC(26)   Pre Evacuate Collection Set: 0.0ms
[2019-09-02T13:56:45.623+0800][3.509s][info ][gc,phases     ] GC(26)   Evacuate Collection Set: 1.7ms
[2019-09-02T13:56:45.623+0800][3.509s][info ][gc,phases     ] GC(26)   Post Evacuate Collection Set: 0.1ms
[2019-09-02T13:56:45.623+0800][3.509s][info ][gc,phases     ] GC(26)   Other: 0.4ms
[2019-09-02T13:56:45.623+0800][3.509s][info ][gc,heap       ] GC(26) Eden regions: 8->0(7)
[2019-09-02T13:56:45.623+0800][3.509s][info ][gc,heap       ] GC(26) Survivor regions: 2->2(2)
[2019-09-02T13:56:45.623+0800][3.509s][info ][gc,heap       ] GC(26) Old regions: 15->16
[2019-09-02T13:56:45.623+0800][3.509s][info ][gc,heap       ] GC(26) Humongous regions: 0->0
[2019-09-02T13:56:45.623+0800][3.509s][info ][gc,metaspace  ] GC(26) Metaspace: 33262K->33262K(1079296K)
[2019-09-02T13:56:45.623+0800][3.509s][debug][gc,heap       ] GC(26) Heap after GC invocations=27 (full 0): garbage-first heap   total 32768K, used 16986K [0x00000000fe000000, 0x0000000100000000)
[2019-09-02T13:56:45.623+0800][3.509s][debug][gc,heap       ] GC(26)   region size 1024K, 2 young (2048K), 2 survivors (2048K)
[2019-09-02T13:56:45.623+0800][3.509s][debug][gc,heap       ] GC(26)  Metaspace       used 33262K, capacity 33773K, committed 34252K, reserved 1079296K
[2019-09-02T13:56:45.623+0800][3.509s][debug][gc,heap       ] GC(26)   class space    used 3784K, capacity 3996K, committed 4044K, reserved 1048576K
[2019-09-02T13:56:45.623+0800][3.509s][info ][gc            ] GC(26) Pause Initial Mark (G1 Evacuation Pause) 23M->16M(32M) 2.350ms
[2019-09-02T13:56:45.623+0800][3.509s][info ][gc,cpu        ] GC(26) User=0.00s Sys=0.00s Real=0.00s
[2019-09-02T13:56:45.623+0800][3.509s][info ][gc            ] GC(27) Concurrent Cycle
[2019-09-02T13:56:45.624+0800][3.510s][info ][gc,marking    ] GC(27) Concurrent Clear Claimed Marks
[2019-09-02T13:56:45.624+0800][3.510s][info ][gc,marking    ] GC(27) Concurrent Clear Claimed Marks 0.067ms
[2019-09-02T13:56:45.624+0800][3.510s][info ][gc,marking    ] GC(27) Concurrent Scan Root Regions
[2019-09-02T13:56:45.626+0800][3.512s][info ][gc,marking    ] GC(27) Concurrent Scan Root Regions 1.426ms
[2019-09-02T13:56:45.626+0800][3.512s][info ][gc,marking    ] GC(27) Concurrent Mark (3.512s)
[2019-09-02T13:56:45.626+0800][3.512s][info ][gc,marking    ] GC(27) Concurrent Mark From Roots
[2019-09-02T13:56:45.626+0800][3.512s][info ][gc,task       ] GC(27) Using 2 workers of 2 for marking
[2019-09-02T13:56:45.643+0800][3.529s][info ][gc,marking    ] GC(27) Concurrent Mark From Roots 17.546ms
[2019-09-02T13:56:45.643+0800][3.530s][info ][gc,marking    ] GC(27) Concurrent Mark (3.512s, 3.530s) 17.643ms
[2019-09-02T13:56:45.643+0800][3.530s][info ][gc,start      ] GC(27) Pause Remark
[2019-09-02T13:56:45.648+0800][3.534s][info ][gc,stringtable] GC(27) Cleaned string and symbol table, strings: 19253 processed, 10 removed, symbols: 98992 processed, 78 removed
[2019-09-02T13:56:45.648+0800][3.534s][info ][gc            ] GC(27) Pause Remark 19M->19M(32M) 4.313ms
[2019-09-02T13:56:45.648+0800][3.535s][info ][gc,cpu        ] GC(27) User=0.00s Sys=0.00s Real=0.01s
[2019-09-02T13:56:45.648+0800][3.535s][info ][gc,marking    ] GC(27) Concurrent Create Live Data
[2019-09-02T13:56:45.652+0800][3.538s][info ][gc,marking    ] GC(27) Concurrent Create Live Data 3.376ms
[2019-09-02T13:56:45.652+0800][3.538s][info ][gc,start      ] GC(27) Pause Cleanup
[2019-09-02T13:56:45.652+0800][3.538s][info ][gc            ] GC(27) Pause Cleanup 19M->19M(32M) 0.170ms
[2019-09-02T13:56:45.653+0800][3.539s][info ][gc,cpu        ] GC(27) User=0.00s Sys=0.00s Real=0.00s
[2019-09-02T13:56:45.653+0800][3.539s][info ][gc,marking    ] GC(27) Concurrent Cleanup for Next Mark
[2019-09-02T13:56:45.653+0800][3.539s][info ][gc,marking    ] GC(27) Concurrent Cleanup for Next Mark 0.115ms
[2019-09-02T13:56:45.653+0800][3.539s][info ][gc            ] GC(27) Concurrent Cycle 29.603ms
[2019-09-02T13:56:45.692+0800][3.578s][debug][gc,heap       ] GC(28) Heap before GC invocations=28 (full 0): garbage-first heap   total 32768K, used 24154K [0x00000000fe000000, 0x0000000100000000)
[2019-09-02T13:56:45.692+0800][3.578s][debug][gc,heap       ] GC(28)   region size 1024K, 9 young (9216K), 2 survivors (2048K)
[2019-09-02T13:56:45.692+0800][3.578s][debug][gc,heap       ] GC(28)  Metaspace       used 33434K, capacity 33933K, committed 34508K, reserved 1079296K
[2019-09-02T13:56:45.692+0800][3.578s][debug][gc,heap       ] GC(28)   class space    used 3807K, capacity 4028K, committed 4044K, reserved 1048576K
[2019-09-02T13:56:45.692+0800][3.579s][info ][gc,start      ] GC(28) Pause Young (G1 Evacuation Pause)
[2019-09-02T13:56:45.692+0800][3.579s][info ][gc,task       ] GC(28) Using 8 workers of 8 for evacuation
[2019-09-02T13:56:45.692+0800][3.579s][debug][gc,age        ] GC(28) Desired survivor size 1048576 bytes, new threshold 2 (max threshold 15)
[2019-09-02T13:56:45.695+0800][3.581s][trace][gc,age        ] GC(28) Age table with threshold 2 (max threshold 15)
[2019-09-02T13:56:45.695+0800][3.581s][trace][gc,age        ] GC(28) - age   1:     420232 bytes,     420232 total
[2019-09-02T13:56:45.695+0800][3.581s][trace][gc,age        ] GC(28) - age   2:     595432 bytes,    1015664 total
[2019-09-02T13:56:45.695+0800][3.581s][info ][gc,phases     ] GC(28)   Pre Evacuate Collection Set: 0.0ms
[2019-09-02T13:56:45.695+0800][3.581s][info ][gc,phases     ] GC(28)   Evacuate Collection Set: 2.3ms
[2019-09-02T13:56:45.695+0800][3.581s][info ][gc,phases     ] GC(28)   Post Evacuate Collection Set: 0.1ms
[2019-09-02T13:56:45.695+0800][3.581s][info ][gc,phases     ] GC(28)   Other: 0.4ms
[2019-09-02T13:56:45.695+0800][3.581s][info ][gc,heap       ] GC(28) Eden regions: 7->0(7)
[2019-09-02T13:56:45.695+0800][3.581s][info ][gc,heap       ] GC(28) Survivor regions: 2->2(2)
[2019-09-02T13:56:45.695+0800][3.581s][info ][gc,heap       ] GC(28) Old regions: 16->16
[2019-09-02T13:56:45.695+0800][3.581s][info ][gc,heap       ] GC(28) Humongous regions: 0->0
[2019-09-02T13:56:45.695+0800][3.581s][info ][gc,metaspace  ] GC(28) Metaspace: 33434K->33434K(1079296K)
[2019-09-02T13:56:45.695+0800][3.581s][debug][gc,heap       ] GC(28) Heap after GC invocations=29 (full 0): garbage-first heap   total 32768K, used 17436K [0x00000000fe000000, 0x0000000100000000)
[2019-09-02T13:56:45.695+0800][3.582s][debug][gc,heap       ] GC(28)   region size 1024K, 2 young (2048K), 2 survivors (2048K)
[2019-09-02T13:56:45.695+0800][3.582s][debug][gc,heap       ] GC(28)  Metaspace       used 33434K, capacity 33933K, committed 34508K, reserved 1079296K
[2019-09-02T13:56:45.695+0800][3.582s][debug][gc,heap       ] GC(28)   class space    used 3807K, capacity 4028K, committed 4044K, reserved 1048576K
[2019-09-02T13:56:45.695+0800][3.582s][info ][gc            ] GC(28) Pause Young (G1 Evacuation Pause) 23M->17M(32M) 3.031ms
[2019-09-02T13:56:45.696+0800][3.582s][info ][gc,cpu        ] GC(28) User=0.00s Sys=0.00s Real=0.00s
[2019-09-02T13:56:45.752+0800][3.638s][debug][gc,heap       ] GC(29) Heap before GC invocations=29 (full 0): garbage-first heap   total 32768K, used 24604K [0x00000000fe000000, 0x0000000100000000)
[2019-09-02T13:56:45.752+0800][3.639s][debug][gc,heap       ] GC(29)   region size 1024K, 9 young (9216K), 2 survivors (2048K)
[2019-09-02T13:56:45.752+0800][3.639s][debug][gc,heap       ] GC(29)  Metaspace       used 33686K, capacity 34259K, committed 34892K, reserved 1079296K
[2019-09-02T13:56:45.752+0800][3.639s][debug][gc,heap       ] GC(29)   class space    used 3841K, capacity 4093K, committed 4172K, reserved 1048576K
[2019-09-02T13:56:45.752+0800][3.639s][info ][gc,start      ] GC(29) Pause Initial Mark (G1 Evacuation Pause)
[2019-09-02T13:56:45.752+0800][3.639s][info ][gc,task       ] GC(29) Using 8 workers of 8 for evacuation
[2019-09-02T13:56:45.752+0800][3.639s][debug][gc,age        ] GC(29) Desired survivor size 1048576 bytes, new threshold 15 (max threshold 15)
[2019-09-02T13:56:45.754+0800][3.641s][trace][gc,age        ] GC(29) Age table with threshold 15 (max threshold 15)
[2019-09-02T13:56:45.754+0800][3.641s][trace][gc,age        ] GC(29) - age   1:     261296 bytes,     261296 total
[2019-09-02T13:56:45.754+0800][3.641s][trace][gc,age        ] GC(29) - age   2:     249544 bytes,     510840 total
[2019-09-02T13:56:45.755+0800][3.641s][trace][gc,age        ] GC(29) - age   3:     595432 bytes,    1106272 total
[2019-09-02T13:56:45.755+0800][3.641s][info ][gc,phases     ] GC(29)   Pre Evacuate Collection Set: 0.0ms
[2019-09-02T13:56:45.755+0800][3.641s][info ][gc,phases     ] GC(29)   Evacuate Collection Set: 1.8ms
[2019-09-02T13:56:45.755+0800][3.641s][info ][gc,phases     ] GC(29)   Post Evacuate Collection Set: 0.1ms
[2019-09-02T13:56:45.755+0800][3.641s][info ][gc,phases     ] GC(29)   Other: 0.3ms
[2019-09-02T13:56:45.755+0800][3.641s][info ][gc,heap       ] GC(29) Eden regions: 7->0(8)
[2019-09-02T13:56:45.755+0800][3.641s][info ][gc,heap       ] GC(29) Survivor regions: 2->2(2)
[2019-09-02T13:56:45.755+0800][3.641s][info ][gc,heap       ] GC(29) Old regions: 16->16
[2019-09-02T13:56:45.755+0800][3.641s][info ][gc,heap       ] GC(29) Humongous regions: 0->0
[2019-09-02T13:56:45.755+0800][3.641s][info ][gc,metaspace  ] GC(29) Metaspace: 33686K->33686K(1079296K)
[2019-09-02T13:56:45.755+0800][3.641s][debug][gc,heap       ] GC(29) Heap after GC invocations=30 (full 0): garbage-first heap   total 32768K, used 17558K [0x00000000fe000000, 0x0000000100000000)
[2019-09-02T13:56:45.755+0800][3.641s][debug][gc,heap       ] GC(29)   region size 1024K, 2 young (2048K), 2 survivors (2048K)
[2019-09-02T13:56:45.755+0800][3.641s][debug][gc,heap       ] GC(29)  Metaspace       used 33686K, capacity 34259K, committed 34892K, reserved 1079296K
[2019-09-02T13:56:45.755+0800][3.641s][debug][gc,heap       ] GC(29)   class space    used 3841K, capacity 4093K, committed 4172K, reserved 1048576K
[2019-09-02T13:56:45.755+0800][3.641s][info ][gc            ] GC(29) Pause Initial Mark (G1 Evacuation Pause) 24M->17M(32M) 2.388ms
[2019-09-02T13:56:45.755+0800][3.641s][info ][gc,cpu        ] GC(29) User=0.00s Sys=0.00s Real=0.00s
[2019-09-02T13:56:45.755+0800][3.641s][info ][gc            ] GC(30) Concurrent Cycle
[2019-09-02T13:56:45.756+0800][3.642s][info ][gc,marking    ] GC(30) Concurrent Clear Claimed Marks
[2019-09-02T13:56:45.756+0800][3.642s][info ][gc,marking    ] GC(30) Concurrent Clear Claimed Marks 0.053ms
[2019-09-02T13:56:45.756+0800][3.642s][info ][gc,marking    ] GC(30) Concurrent Scan Root Regions
[2019-09-02T13:56:45.757+0800][3.643s][info ][gc,marking    ] GC(30) Concurrent Scan Root Regions 1.038ms
[2019-09-02T13:56:45.757+0800][3.643s][info ][gc,marking    ] GC(30) Concurrent Mark (3.643s)
[2019-09-02T13:56:45.757+0800][3.643s][info ][gc,marking    ] GC(30) Concurrent Mark From Roots
[2019-09-02T13:56:45.757+0800][3.643s][info ][gc,task       ] GC(30) Using 2 workers of 2 for marking
[2019-09-02T13:56:45.775+0800][3.661s][info ][gc,marking    ] GC(30) Concurrent Mark From Roots 18.056ms
[2019-09-02T13:56:45.775+0800][3.661s][info ][gc,marking    ] GC(30) Concurrent Mark (3.643s, 3.661s) 18.141ms
[2019-09-02T13:56:45.775+0800][3.662s][info ][gc,start      ] GC(30) Pause Remark
[2019-09-02T13:56:45.779+0800][3.666s][info ][gc,stringtable] GC(30) Cleaned string and symbol table, strings: 19614 processed, 44 removed, symbols: 99925 processed, 54 removed
[2019-09-02T13:56:45.780+0800][3.666s][info ][gc            ] GC(30) Pause Remark 19M->19M(32M) 4.227ms
[2019-09-02T13:56:45.781+0800][3.667s][info ][gc,cpu        ] GC(30) User=0.03s Sys=0.02s Real=0.01s
[2019-09-02T13:56:45.781+0800][3.667s][info ][gc,marking    ] GC(30) Concurrent Create Live Data
[2019-09-02T13:56:45.785+0800][3.671s][info ][gc,marking    ] GC(30) Concurrent Create Live Data 4.016ms
[2019-09-02T13:56:45.785+0800][3.671s][info ][gc,start      ] GC(30) Pause Cleanup
[2019-09-02T13:56:45.785+0800][3.671s][info ][gc            ] GC(30) Pause Cleanup 19M->19M(32M) 0.169ms
[2019-09-02T13:56:45.786+0800][3.672s][info ][gc,cpu        ] GC(30) User=0.00s Sys=0.00s Real=0.00s
[2019-09-02T13:56:45.786+0800][3.672s][info ][gc,marking    ] GC(30) Concurrent Cleanup for Next Mark
[2019-09-02T13:56:45.786+0800][3.672s][info ][gc,marking    ] GC(30) Concurrent Cleanup for Next Mark 0.115ms
[2019-09-02T13:56:45.786+0800][3.672s][info ][gc            ] GC(30) Concurrent Cycle 30.499ms
[2019-09-02T13:56:45.821+0800][3.707s][debug][gc,heap       ] GC(31) Heap before GC invocations=31 (full 0): garbage-first heap   total 32768K, used 25750K [0x00000000fe000000, 0x0000000100000000)
[2019-09-02T13:56:45.821+0800][3.707s][debug][gc,heap       ] GC(31)   region size 1024K, 10 young (10240K), 2 survivors (2048K)
[2019-09-02T13:56:45.821+0800][3.707s][debug][gc,heap       ] GC(31)  Metaspace       used 33859K, capacity 34393K, committed 34892K, reserved 1079296K
[2019-09-02T13:56:45.821+0800][3.707s][debug][gc,heap       ] GC(31)   class space    used 3851K, capacity 4094K, committed 4172K, reserved 1048576K
[2019-09-02T13:56:45.821+0800][3.707s][info ][gc,start      ] GC(31) Pause Young (G1 Evacuation Pause)
[2019-09-02T13:56:45.821+0800][3.707s][info ][gc,task       ] GC(31) Using 8 workers of 8 for evacuation
[2019-09-02T13:56:45.821+0800][3.707s][debug][gc,age        ] GC(31) Desired survivor size 1048576 bytes, new threshold 3 (max threshold 15)
[2019-09-02T13:56:45.823+0800][3.709s][trace][gc,age        ] GC(31) Age table with threshold 3 (max threshold 15)
[2019-09-02T13:56:45.823+0800][3.709s][trace][gc,age        ] GC(31) - age   1:     305944 bytes,     305944 total
[2019-09-02T13:56:45.823+0800][3.709s][trace][gc,age        ] GC(31) - age   2:     199096 bytes,     505040 total
[2019-09-02T13:56:45.823+0800][3.709s][trace][gc,age        ] GC(31) - age   3:     249544 bytes,     754584 total
[2019-09-02T13:56:45.823+0800][3.709s][info ][gc,phases     ] GC(31)   Pre Evacuate Collection Set: 0.0ms
[2019-09-02T13:56:45.823+0800][3.709s][info ][gc,phases     ] GC(31)   Evacuate Collection Set: 1.5ms
[2019-09-02T13:56:45.823+0800][3.709s][info ][gc,phases     ] GC(31)   Post Evacuate Collection Set: 0.1ms
[2019-09-02T13:56:45.823+0800][3.709s][info ][gc,phases     ] GC(31)   Other: 0.5ms
[2019-09-02T13:56:45.823+0800][3.709s][info ][gc,heap       ] GC(31) Eden regions: 8->0(8)
[2019-09-02T13:56:45.823+0800][3.709s][info ][gc,heap       ] GC(31) Survivor regions: 2->1(2)
[2019-09-02T13:56:45.823+0800][3.709s][info ][gc,heap       ] GC(31) Old regions: 16->17
[2019-09-02T13:56:45.823+0800][3.709s][info ][gc,heap       ] GC(31) Humongous regions: 0->0
[2019-09-02T13:56:45.823+0800][3.709s][info ][gc,metaspace  ] GC(31) Metaspace: 33859K->33859K(1079296K)
[2019-09-02T13:56:45.823+0800][3.709s][debug][gc,heap       ] GC(31) Heap after GC invocations=32 (full 0): garbage-first heap   total 32768K, used 17783K [0x00000000fe000000, 0x0000000100000000)
[2019-09-02T13:56:45.823+0800][3.709s][debug][gc,heap       ] GC(31)   region size 1024K, 1 young (1024K), 1 survivors (1024K)
[2019-09-02T13:56:45.823+0800][3.709s][debug][gc,heap       ] GC(31)  Metaspace       used 33859K, capacity 34393K, committed 34892K, reserved 1079296K
[2019-09-02T13:56:45.823+0800][3.709s][debug][gc,heap       ] GC(31)   class space    used 3851K, capacity 4094K, committed 4172K, reserved 1048576K
[2019-09-02T13:56:45.823+0800][3.709s][info ][gc            ] GC(31) Pause Young (G1 Evacuation Pause) 25M->17M(32M) 2.189ms
[2019-09-02T13:56:45.824+0800][3.710s][info ][gc,cpu        ] GC(31) User=0.05s Sys=0.00s Real=0.00s
[2019-09-02T13:56:45.891+0800][3.777s][debug][gc,heap       ] GC(32) Heap before GC invocations=32 (full 0): garbage-first heap   total 32768K, used 25975K [0x00000000fe000000, 0x0000000100000000)
[2019-09-02T13:56:45.891+0800][3.777s][debug][gc,heap       ] GC(32)   region size 1024K, 9 young (9216K), 1 survivors (1024K)
[2019-09-02T13:56:45.891+0800][3.777s][debug][gc,heap       ] GC(32)  Metaspace       used 34217K, capacity 34777K, committed 35148K, reserved 1081344K
[2019-09-02T13:56:45.891+0800][3.777s][debug][gc,heap       ] GC(32)   class space    used 3901K, capacity 4158K, committed 4172K, reserved 1048576K
[2019-09-02T13:56:45.891+0800][3.778s][info ][gc,start      ] GC(32) Pause Initial Mark (G1 Evacuation Pause)
[2019-09-02T13:56:45.891+0800][3.778s][info ][gc,task       ] GC(32) Using 8 workers of 8 for evacuation
[2019-09-02T13:56:45.891+0800][3.778s][debug][gc,age        ] GC(32) Desired survivor size 1048576 bytes, new threshold 15 (max threshold 15)
[2019-09-02T13:56:45.893+0800][3.779s][trace][gc,age        ] GC(32) Age table with threshold 15 (max threshold 15)
[2019-09-02T13:56:45.893+0800][3.779s][trace][gc,age        ] GC(32) - age   1:     277816 bytes,     277816 total
[2019-09-02T13:56:45.893+0800][3.779s][trace][gc,age        ] GC(32) - age   2:     300408 bytes,     578224 total
[2019-09-02T13:56:45.893+0800][3.779s][trace][gc,age        ] GC(32) - age   3:     192192 bytes,     770416 total
[2019-09-02T13:56:45.893+0800][3.779s][trace][gc,age        ] GC(32) - age   4:     248432 bytes,    1018848 total
[2019-09-02T13:56:45.893+0800][3.779s][info ][gc,phases     ] GC(32)   Pre Evacuate Collection Set: 0.0ms
[2019-09-02T13:56:45.893+0800][3.779s][info ][gc,phases     ] GC(32)   Evacuate Collection Set: 1.5ms
[2019-09-02T13:56:45.893+0800][3.779s][info ][gc,phases     ] GC(32)   Post Evacuate Collection Set: 0.1ms
[2019-09-02T13:56:45.893+0800][3.779s][info ][gc,phases     ] GC(32)   Other: 0.4ms
[2019-09-02T13:56:45.893+0800][3.779s][info ][gc,heap       ] GC(32) Eden regions: 8->0(7)
[2019-09-02T13:56:45.893+0800][3.779s][info ][gc,heap       ] GC(32) Survivor regions: 1->2(2)
[2019-09-02T13:56:45.893+0800][3.779s][info ][gc,heap       ] GC(32) Old regions: 17->17
[2019-09-02T13:56:45.893+0800][3.779s][info ][gc,heap       ] GC(32) Humongous regions: 0->0
[2019-09-02T13:56:45.893+0800][3.779s][info ][gc,metaspace  ] GC(32) Metaspace: 34217K->34217K(1081344K)
[2019-09-02T13:56:45.893+0800][3.780s][debug][gc,heap       ] GC(32) Heap after GC invocations=33 (full 0): garbage-first heap   total 32768K, used 17994K [0x00000000fe000000, 0x0000000100000000)
[2019-09-02T13:56:45.893+0800][3.780s][debug][gc,heap       ] GC(32)   region size 1024K, 2 young (2048K), 2 survivors (2048K)
[2019-09-02T13:56:45.893+0800][3.780s][debug][gc,heap       ] GC(32)  Metaspace       used 34217K, capacity 34777K, committed 35148K, reserved 1081344K
[2019-09-02T13:56:45.893+0800][3.780s][debug][gc,heap       ] GC(32)   class space    used 3901K, capacity 4158K, committed 4172K, reserved 1048576K
[2019-09-02T13:56:45.893+0800][3.780s][info ][gc            ] GC(32) Pause Initial Mark (G1 Evacuation Pause) 25M->17M(32M) 2.073ms
[2019-09-02T13:56:45.894+0800][3.780s][info ][gc,cpu        ] GC(32) User=0.00s Sys=0.00s Real=0.00s
[2019-09-02T13:56:45.894+0800][3.780s][info ][gc            ] GC(33) Concurrent Cycle
[2019-09-02T13:56:45.895+0800][3.781s][info ][gc,marking    ] GC(33) Concurrent Clear Claimed Marks
[2019-09-02T13:56:45.895+0800][3.781s][info ][gc,marking    ] GC(33) Concurrent Clear Claimed Marks 0.068ms
[2019-09-02T13:56:45.895+0800][3.781s][info ][gc,marking    ] GC(33) Concurrent Scan Root Regions
[2019-09-02T13:56:45.896+0800][3.782s][info ][gc,marking    ] GC(33) Concurrent Scan Root Regions 1.118ms
[2019-09-02T13:56:45.896+0800][3.782s][info ][gc,marking    ] GC(33) Concurrent Mark (3.782s)
[2019-09-02T13:56:45.896+0800][3.782s][info ][gc,marking    ] GC(33) Concurrent Mark From Roots
[2019-09-02T13:56:45.896+0800][3.782s][info ][gc,task       ] GC(33) Using 2 workers of 2 for marking
[2019-09-02T13:56:45.912+0800][3.798s][info ][gc,marking    ] GC(33) Concurrent Mark From Roots 15.786ms
[2019-09-02T13:56:45.912+0800][3.798s][info ][gc,marking    ] GC(33) Concurrent Mark (3.782s, 3.798s) 15.852ms
[2019-09-02T13:56:45.912+0800][3.798s][info ][gc,start      ] GC(33) Pause Remark
[2019-09-02T13:56:45.917+0800][3.803s][info ][gc,stringtable] GC(33) Cleaned string and symbol table, strings: 19897 processed, 48 removed, symbols: 101110 processed, 52 removed
[2019-09-02T13:56:45.917+0800][3.803s][info ][gc            ] GC(33) Pause Remark 19M->19M(32M) 4.458ms
[2019-09-02T13:56:45.917+0800][3.804s][info ][gc,cpu        ] GC(33) User=0.13s Sys=0.00s Real=0.01s
[2019-09-02T13:56:45.918+0800][3.804s][info ][gc,marking    ] GC(33) Concurrent Create Live Data
[2019-09-02T13:56:45.921+0800][3.807s][info ][gc,marking    ] GC(33) Concurrent Create Live Data 3.360ms
[2019-09-02T13:56:45.921+0800][3.807s][info ][gc,start      ] GC(33) Pause Cleanup
[2019-09-02T13:56:45.921+0800][3.807s][info ][gc            ] GC(33) Pause Cleanup 19M->19M(32M) 0.165ms
[2019-09-02T13:56:45.922+0800][3.808s][info ][gc,cpu        ] GC(33) User=0.00s Sys=0.00s Real=0.00s
[2019-09-02T13:56:45.922+0800][3.808s][info ][gc,marking    ] GC(33) Concurrent Cleanup for Next Mark
[2019-09-02T13:56:45.922+0800][3.808s][info ][gc,marking    ] GC(33) Concurrent Cleanup for Next Mark 0.115ms
[2019-09-02T13:56:45.922+0800][3.808s][info ][gc            ] GC(33) Concurrent Cycle 27.651ms
[2019-09-02T13:56:45.977+0800][3.863s][debug][gc,heap       ] GC(34) Heap before GC invocations=34 (full 0): garbage-first heap   total 32768K, used 25162K [0x00000000fe000000, 0x0000000100000000)
[2019-09-02T13:56:45.977+0800][3.863s][debug][gc,heap       ] GC(34)   region size 1024K, 9 young (9216K), 2 survivors (2048K)
[2019-09-02T13:56:45.977+0800][3.863s][debug][gc,heap       ] GC(34)  Metaspace       used 34521K, capacity 35183K, committed 35788K, reserved 1081344K
[2019-09-02T13:56:45.977+0800][3.863s][debug][gc,heap       ] GC(34)   class space    used 3936K, capacity 4199K, committed 4300K, reserved 1048576K
[2019-09-02T13:56:45.977+0800][3.863s][info ][gc,start      ] GC(34) Pause Young (G1 Evacuation Pause)
[2019-09-02T13:56:45.977+0800][3.863s][info ][gc,task       ] GC(34) Using 8 workers of 8 for evacuation
[2019-09-02T13:56:45.977+0800][3.863s][debug][gc,age        ] GC(34) Desired survivor size 1048576 bytes, new threshold 15 (max threshold 15)
[2019-09-02T13:56:45.978+0800][3.864s][trace][gc,age        ] GC(34) Age table with threshold 15 (max threshold 15)
[2019-09-02T13:56:45.978+0800][3.865s][trace][gc,age        ] GC(34) - age   1:     356608 bytes,     356608 total
[2019-09-02T13:56:45.978+0800][3.865s][trace][gc,age        ] GC(34) - age   2:     251784 bytes,     608392 total
[2019-09-02T13:56:45.978+0800][3.865s][trace][gc,age        ] GC(34) - age   3:     299808 bytes,     908200 total
[2019-09-02T13:56:45.978+0800][3.865s][trace][gc,age        ] GC(34) - age   4:     189800 bytes,    1098000 total
[2019-09-02T13:56:45.978+0800][3.865s][trace][gc,age        ] GC(34) - age   5:     247712 bytes,    1345712 total
[2019-09-02T13:56:45.979+0800][3.865s][info ][gc,phases     ] GC(34)   Pre Evacuate Collection Set: 0.0ms
[2019-09-02T13:56:45.979+0800][3.865s][info ][gc,phases     ] GC(34)   Evacuate Collection Set: 1.5ms
[2019-09-02T13:56:45.979+0800][3.865s][info ][gc,phases     ] GC(34)   Post Evacuate Collection Set: 0.1ms
[2019-09-02T13:56:45.979+0800][3.865s][info ][gc,phases     ] GC(34)   Other: 0.4ms
[2019-09-02T13:56:45.979+0800][3.865s][info ][gc,heap       ] GC(34) Eden regions: 7->0(7)
[2019-09-02T13:56:45.979+0800][3.865s][info ][gc,heap       ] GC(34) Survivor regions: 2->2(2)
[2019-09-02T13:56:45.979+0800][3.865s][info ][gc,heap       ] GC(34) Old regions: 17->17
[2019-09-02T13:56:45.979+0800][3.865s][info ][gc,heap       ] GC(34) Humongous regions: 0->0
[2019-09-02T13:56:45.979+0800][3.865s][info ][gc,metaspace  ] GC(34) Metaspace: 34521K->34521K(1081344K)
[2019-09-02T13:56:45.979+0800][3.865s][debug][gc,heap       ] GC(34) Heap after GC invocations=35 (full 0): garbage-first heap   total 32768K, used 18378K [0x00000000fe000000, 0x0000000100000000)
[2019-09-02T13:56:45.979+0800][3.865s][debug][gc,heap       ] GC(34)   region size 1024K, 2 young (2048K), 2 survivors (2048K)
[2019-09-02T13:56:45.979+0800][3.865s][debug][gc,heap       ] GC(34)  Metaspace       used 34521K, capacity 35183K, committed 35788K, reserved 1081344K
[2019-09-02T13:56:45.979+0800][3.865s][debug][gc,heap       ] GC(34)   class space    used 3936K, capacity 4199K, committed 4300K, reserved 1048576K
[2019-09-02T13:56:45.979+0800][3.865s][info ][gc            ] GC(34) Pause Young (G1 Evacuation Pause) 24M->17M(32M) 2.077ms
[2019-09-02T13:56:45.979+0800][3.865s][info ][gc,cpu        ] GC(34) User=0.05s Sys=0.00s Real=0.00s
[2019-09-02T13:56:46.022+0800][3.908s][debug][gc,heap       ] GC(35) Heap before GC invocations=35 (full 0): garbage-first heap   total 32768K, used 25546K [0x00000000fe000000, 0x0000000100000000)
[2019-09-02T13:56:46.022+0800][3.908s][debug][gc,heap       ] GC(35)   region size 1024K, 9 young (9216K), 2 survivors (2048K)
[2019-09-02T13:56:46.022+0800][3.908s][debug][gc,heap       ] GC(35)  Metaspace       used 34646K, capacity 35253K, committed 35788K, reserved 1081344K
[2019-09-02T13:56:46.022+0800][3.908s][debug][gc,heap       ] GC(35)   class space    used 3947K, capacity 4200K, committed 4300K, reserved 1048576K
[2019-09-02T13:56:46.022+0800][3.908s][info ][gc,start      ] GC(35) Pause Initial Mark (G1 Evacuation Pause)
[2019-09-02T13:56:46.022+0800][3.908s][info ][gc,task       ] GC(35) Using 8 workers of 8 for evacuation
[2019-09-02T13:56:46.022+0800][3.908s][debug][gc,age        ] GC(35) Desired survivor size 1048576 bytes, new threshold 4 (max threshold 15)
[2019-09-02T13:56:46.024+0800][3.910s][trace][gc,age        ] GC(35) Age table with threshold 4 (max threshold 15)
[2019-09-02T13:56:46.024+0800][3.910s][trace][gc,age        ] GC(35) - age   1:     253624 bytes,     253624 total
[2019-09-02T13:56:46.024+0800][3.910s][trace][gc,age        ] GC(35) - age   2:     343656 bytes,     597280 total
[2019-09-02T13:56:46.024+0800][3.910s][trace][gc,age        ] GC(35) - age   3:     250944 bytes,     848224 total
[2019-09-02T13:56:46.024+0800][3.910s][trace][gc,age        ] GC(35) - age   4:     299808 bytes,    1148032 total
[2019-09-02T13:56:46.024+0800][3.910s][info ][gc,phases     ] GC(35)   Pre Evacuate Collection Set: 0.0ms
[2019-09-02T13:56:46.024+0800][3.910s][info ][gc,phases     ] GC(35)   Evacuate Collection Set: 1.6ms
[2019-09-02T13:56:46.024+0800][3.910s][info ][gc,phases     ] GC(35)   Post Evacuate Collection Set: 0.1ms
[2019-09-02T13:56:46.024+0800][3.910s][info ][gc,phases     ] GC(35)   Other: 0.4ms
[2019-09-02T13:56:46.024+0800][3.910s][info ][gc,heap       ] GC(35) Eden regions: 7->0(7)
[2019-09-02T13:56:46.024+0800][3.910s][info ][gc,heap       ] GC(35) Survivor regions: 2->2(2)
[2019-09-02T13:56:46.024+0800][3.910s][info ][gc,heap       ] GC(35) Old regions: 17->17
[2019-09-02T13:56:46.024+0800][3.910s][info ][gc,heap       ] GC(35) Humongous regions: 0->0
[2019-09-02T13:56:46.024+0800][3.910s][info ][gc,metaspace  ] GC(35) Metaspace: 34646K->34646K(1081344K)
[2019-09-02T13:56:46.024+0800][3.910s][debug][gc,heap       ] GC(35) Heap after GC invocations=36 (full 0): garbage-first heap   total 32768K, used 18661K [0x00000000fe000000, 0x0000000100000000)
[2019-09-02T13:56:46.024+0800][3.910s][debug][gc,heap       ] GC(35)   region size 1024K, 2 young (2048K), 2 survivors (2048K)
[2019-09-02T13:56:46.024+0800][3.910s][debug][gc,heap       ] GC(35)  Metaspace       used 34646K, capacity 35253K, committed 35788K, reserved 1081344K
[2019-09-02T13:56:46.024+0800][3.910s][debug][gc,heap       ] GC(35)   class space    used 3947K, capacity 4200K, committed 4300K, reserved 1048576K
[2019-09-02T13:56:46.024+0800][3.910s][info ][gc            ] GC(35) Pause Initial Mark (G1 Evacuation Pause) 24M->18M(32M) 2.157ms
[2019-09-02T13:56:46.024+0800][3.910s][info ][gc,cpu        ] GC(35) User=0.00s Sys=0.00s Real=0.00s
[2019-09-02T13:56:46.024+0800][3.910s][info ][gc            ] GC(36) Concurrent Cycle
[2019-09-02T13:56:46.025+0800][3.911s][info ][gc,marking    ] GC(36) Concurrent Clear Claimed Marks
[2019-09-02T13:56:46.025+0800][3.911s][info ][gc,marking    ] GC(36) Concurrent Clear Claimed Marks 0.060ms
[2019-09-02T13:56:46.025+0800][3.911s][info ][gc,marking    ] GC(36) Concurrent Scan Root Regions
[2019-09-02T13:56:46.026+0800][3.913s][info ][gc,marking    ] GC(36) Concurrent Scan Root Regions 1.271ms
[2019-09-02T13:56:46.026+0800][3.913s][info ][gc,marking    ] GC(36) Concurrent Mark (3.913s)
[2019-09-02T13:56:46.026+0800][3.913s][info ][gc,marking    ] GC(36) Concurrent Mark From Roots
[2019-09-02T13:56:46.026+0800][3.913s][info ][gc,task       ] GC(36) Using 2 workers of 2 for marking
[2019-09-02T13:56:46.048+0800][3.934s][info ][gc,marking    ] GC(36) Concurrent Mark From Roots 21.767ms
[2019-09-02T13:56:46.048+0800][3.934s][info ][gc,marking    ] GC(36) Concurrent Mark (3.913s, 3.934s) 21.886ms
[2019-09-02T13:56:46.049+0800][3.935s][info ][gc,start      ] GC(36) Pause Remark
[2019-09-02T13:56:46.052+0800][3.939s][info ][gc,stringtable] GC(36) Cleaned string and symbol table, strings: 20239 processed, 0 removed, symbols: 101719 processed, 60 removed
[2019-09-02T13:56:46.052+0800][3.939s][info ][gc            ] GC(36) Pause Remark 21M->21M(32M) 3.899ms
[2019-09-02T13:56:46.053+0800][3.939s][info ][gc,cpu        ] GC(36) User=0.00s Sys=0.00s Real=0.00s
[2019-09-02T13:56:46.053+0800][3.939s][info ][gc,marking    ] GC(36) Concurrent Create Live Data
[2019-09-02T13:56:46.056+0800][3.942s][info ][gc,marking    ] GC(36) Concurrent Create Live Data 3.185ms
[2019-09-02T13:56:46.056+0800][3.942s][info ][gc,start      ] GC(36) Pause Cleanup
[2019-09-02T13:56:46.056+0800][3.943s][info ][gc            ] GC(36) Pause Cleanup 22M->22M(32M) 0.163ms
[2019-09-02T13:56:46.057+0800][3.943s][info ][gc,cpu        ] GC(36) User=0.03s Sys=0.00s Real=0.00s
[2019-09-02T13:56:46.057+0800][3.943s][info ][gc,marking    ] GC(36) Concurrent Cleanup for Next Mark
[2019-09-02T13:56:46.057+0800][3.943s][info ][gc,marking    ] GC(36) Concurrent Cleanup for Next Mark 0.112ms
[2019-09-02T13:56:46.057+0800][3.943s][info ][gc            ] GC(36) Concurrent Cycle 32.790ms
[2019-09-02T13:56:46.074+0800][3.960s][debug][gc,heap       ] GC(37) Heap before GC invocations=37 (full 0): garbage-first heap   total 32768K, used 25829K [0x00000000fe000000, 0x0000000100000000)
[2019-09-02T13:56:46.074+0800][3.960s][debug][gc,heap       ] GC(37)   region size 1024K, 9 young (9216K), 2 survivors (2048K)
[2019-09-02T13:56:46.074+0800][3.960s][debug][gc,heap       ] GC(37)  Metaspace       used 34746K, capacity 35317K, committed 35788K, reserved 1081344K
[2019-09-02T13:56:46.074+0800][3.960s][debug][gc,heap       ] GC(37)   class space    used 3956K, capacity 4200K, committed 4300K, reserved 1048576K
[2019-09-02T13:56:46.074+0800][3.960s][info ][gc,start      ] GC(37) Pause Young (G1 Evacuation Pause)
[2019-09-02T13:56:46.074+0800][3.960s][info ][gc,task       ] GC(37) Using 8 workers of 8 for evacuation
[2019-09-02T13:56:46.074+0800][3.960s][debug][gc,age        ] GC(37) Desired survivor size 1048576 bytes, new threshold 4 (max threshold 15)
[2019-09-02T13:56:46.076+0800][3.962s][trace][gc,age        ] GC(37) Age table with threshold 4 (max threshold 15)
[2019-09-02T13:56:46.076+0800][3.962s][trace][gc,age        ] GC(37) - age   1:     277544 bytes,     277544 total
[2019-09-02T13:56:46.076+0800][3.962s][trace][gc,age        ] GC(37) - age   2:     248976 bytes,     526520 total
[2019-09-02T13:56:46.076+0800][3.962s][trace][gc,age        ] GC(37) - age   3:     340976 bytes,     867496 total
[2019-09-02T13:56:46.076+0800][3.963s][trace][gc,age        ] GC(37) - age   4:     250800 bytes,    1118296 total
[2019-09-02T13:56:46.076+0800][3.963s][info ][gc,phases     ] GC(37)   Pre Evacuate Collection Set: 0.0ms
[2019-09-02T13:56:46.076+0800][3.963s][info ][gc,phases     ] GC(37)   Evacuate Collection Set: 1.8ms
[2019-09-02T13:56:46.076+0800][3.963s][info ][gc,phases     ] GC(37)   Post Evacuate Collection Set: 0.1ms
[2019-09-02T13:56:46.076+0800][3.963s][info ][gc,phases     ] GC(37)   Other: 0.3ms
[2019-09-02T13:56:46.076+0800][3.963s][info ][gc,heap       ] GC(37) Eden regions: 7->0(6)
[2019-09-02T13:56:46.076+0800][3.963s][info ][gc,heap       ] GC(37) Survivor regions: 2->2(2)
[2019-09-02T13:56:46.077+0800][3.963s][info ][gc,heap       ] GC(37) Old regions: 17->18
[2019-09-02T13:56:46.077+0800][3.963s][info ][gc,heap       ] GC(37) Humongous regions: 0->0
[2019-09-02T13:56:46.077+0800][3.963s][info ][gc,metaspace  ] GC(37) Metaspace: 34746K->34746K(1081344K)
[2019-09-02T13:56:46.077+0800][3.963s][debug][gc,heap       ] GC(37) Heap after GC invocations=38 (full 0): garbage-first heap   total 32768K, used 18944K [0x00000000fe000000, 0x0000000100000000)
[2019-09-02T13:56:46.077+0800][3.963s][debug][gc,heap       ] GC(37)   region size 1024K, 2 young (2048K), 2 survivors (2048K)
[2019-09-02T13:56:46.077+0800][3.963s][debug][gc,heap       ] GC(37)  Metaspace       used 34746K, capacity 35317K, committed 35788K, reserved 1081344K
[2019-09-02T13:56:46.077+0800][3.963s][debug][gc,heap       ] GC(37)   class space    used 3956K, capacity 4200K, committed 4300K, reserved 1048576K
[2019-09-02T13:56:46.077+0800][3.963s][info ][gc            ] GC(37) Pause Young (G1 Evacuation Pause) 25M->18M(32M) 2.382ms
[2019-09-02T13:56:46.077+0800][3.963s][info ][gc,cpu        ] GC(37) User=0.00s Sys=0.00s Real=0.00s
[2019-09-02T13:56:46.115+0800][4.001s][debug][gc,heap       ] GC(38) Heap before GC invocations=38 (full 0): garbage-first heap   total 32768K, used 25088K [0x00000000fe000000, 0x0000000100000000)
[2019-09-02T13:56:46.115+0800][4.001s][debug][gc,heap       ] GC(38)   region size 1024K, 8 young (8192K), 2 survivors (2048K)
[2019-09-02T13:56:46.115+0800][4.001s][debug][gc,heap       ] GC(38)  Metaspace       used 34920K, capacity 35477K, committed 36044K, reserved 1081344K
[2019-09-02T13:56:46.115+0800][4.001s][debug][gc,heap       ] GC(38)   class space    used 3983K, capacity 4232K, committed 4300K, reserved 1048576K
[2019-09-02T13:56:46.115+0800][4.001s][info ][gc,start      ] GC(38) Pause Initial Mark (G1 Evacuation Pause)
[2019-09-02T13:56:46.115+0800][4.001s][info ][gc,task       ] GC(38) Using 8 workers of 8 for evacuation
[2019-09-02T13:56:46.115+0800][4.001s][debug][gc,age        ] GC(38) Desired survivor size 524288 bytes, new threshold 2 (max threshold 15)
[2019-09-02T13:56:46.117+0800][4.003s][trace][gc,age        ] GC(38) Age table with threshold 2 (max threshold 15)
[2019-09-02T13:56:46.117+0800][4.003s][trace][gc,age        ] GC(38) - age   1:     304616 bytes,     304616 total
[2019-09-02T13:56:46.117+0800][4.003s][trace][gc,age        ] GC(38) - age   2:     272040 bytes,     576656 total
[2019-09-02T13:56:46.117+0800][4.003s][info ][gc,phases     ] GC(38)   Pre Evacuate Collection Set: 0.0ms
[2019-09-02T13:56:46.117+0800][4.003s][info ][gc,phases     ] GC(38)   Evacuate Collection Set: 1.8ms
[2019-09-02T13:56:46.117+0800][4.003s][info ][gc,phases     ] GC(38)   Post Evacuate Collection Set: 0.1ms
[2019-09-02T13:56:46.117+0800][4.003s][info ][gc,phases     ] GC(38)   Other: 0.3ms
[2019-09-02T13:56:46.117+0800][4.003s][info ][gc,heap       ] GC(38) Eden regions: 6->0(6)
[2019-09-02T13:56:46.117+0800][4.003s][info ][gc,heap       ] GC(38) Survivor regions: 2->1(1)
[2019-09-02T13:56:46.117+0800][4.003s][info ][gc,heap       ] GC(38) Old regions: 18->19
[2019-09-02T13:56:46.117+0800][4.003s][info ][gc,heap       ] GC(38) Humongous regions: 0->0
[2019-09-02T13:56:46.117+0800][4.003s][info ][gc,metaspace  ] GC(38) Metaspace: 34920K->34920K(1081344K)
[2019-09-02T13:56:46.117+0800][4.003s][debug][gc,heap       ] GC(38) Heap after GC invocations=39 (full 0): garbage-first heap   total 32768K, used 19272K [0x00000000fe000000, 0x0000000100000000)
[2019-09-02T13:56:46.117+0800][4.003s][debug][gc,heap       ] GC(38)   region size 1024K, 1 young (1024K), 1 survivors (1024K)
[2019-09-02T13:56:46.117+0800][4.003s][debug][gc,heap       ] GC(38)  Metaspace       used 34920K, capacity 35477K, committed 36044K, reserved 1081344K
[2019-09-02T13:56:46.117+0800][4.003s][debug][gc,heap       ] GC(38)   class space    used 3983K, capacity 4232K, committed 4300K, reserved 1048576K
[2019-09-02T13:56:46.117+0800][4.003s][info ][gc            ] GC(38) Pause Initial Mark (G1 Evacuation Pause) 24M->18M(32M) 2.355ms
[2019-09-02T13:56:46.118+0800][4.004s][info ][gc,cpu        ] GC(38) User=0.00s Sys=0.00s Real=0.00s
[2019-09-02T13:56:46.118+0800][4.004s][info ][gc            ] GC(39) Concurrent Cycle
[2019-09-02T13:56:46.119+0800][4.005s][info ][gc,marking    ] GC(39) Concurrent Clear Claimed Marks
[2019-09-02T13:56:46.119+0800][4.005s][info ][gc,marking    ] GC(39) Concurrent Clear Claimed Marks 0.059ms
[2019-09-02T13:56:46.119+0800][4.005s][info ][gc,marking    ] GC(39) Concurrent Scan Root Regions
[2019-09-02T13:56:46.120+0800][4.006s][info ][gc,marking    ] GC(39) Concurrent Scan Root Regions 0.942ms
[2019-09-02T13:56:46.120+0800][4.006s][info ][gc,marking    ] GC(39) Concurrent Mark (4.006s)
[2019-09-02T13:56:46.120+0800][4.006s][info ][gc,marking    ] GC(39) Concurrent Mark From Roots
[2019-09-02T13:56:46.120+0800][4.006s][info ][gc,task       ] GC(39) Using 2 workers of 2 for marking
[2019-09-02T13:56:46.140+0800][4.026s][info ][gc,marking    ] GC(39) Concurrent Mark From Roots 20.486ms
[2019-09-02T13:56:46.140+0800][4.027s][info ][gc,marking    ] GC(39) Concurrent Mark (4.006s, 4.027s) 20.583ms
[2019-09-02T13:56:46.140+0800][4.027s][info ][gc,start      ] GC(39) Pause Remark
[2019-09-02T13:56:46.144+0800][4.030s][info ][gc,stringtable] GC(39) Cleaned string and symbol table, strings: 20542 processed, 74 removed, symbols: 102380 processed, 59 removed
[2019-09-02T13:56:46.144+0800][4.030s][info ][gc            ] GC(39) Pause Remark 21M->21M(32M) 3.818ms
[2019-09-02T13:56:46.145+0800][4.031s][info ][gc,cpu        ] GC(39) User=0.00s Sys=0.00s Real=0.00s
[2019-09-02T13:56:46.145+0800][4.031s][info ][gc,marking    ] GC(39) Concurrent Create Live Data
[2019-09-02T13:56:46.149+0800][4.035s][info ][gc,marking    ] GC(39) Concurrent Create Live Data 4.033ms
[2019-09-02T13:56:46.149+0800][4.035s][info ][gc,start      ] GC(39) Pause Cleanup
[2019-09-02T13:56:46.149+0800][4.035s][info ][gc            ] GC(39) Pause Cleanup 22M->22M(32M) 0.188ms
[2019-09-02T13:56:46.150+0800][4.036s][info ][gc,cpu        ] GC(39) User=0.00s Sys=0.00s Real=0.00s
[2019-09-02T13:56:46.150+0800][4.036s][info ][gc,marking    ] GC(39) Concurrent Cleanup for Next Mark
[2019-09-02T13:56:46.150+0800][4.036s][info ][gc,marking    ] GC(39) Concurrent Cleanup for Next Mark 0.246ms
[2019-09-02T13:56:46.150+0800][4.036s][info ][gc            ] GC(39) Concurrent Cycle 32.134ms
[2019-09-02T13:56:46.167+0800][4.053s][debug][gc,heap       ] GC(40) Heap before GC invocations=40 (full 0): garbage-first heap   total 32768K, used 25416K [0x00000000fe000000, 0x0000000100000000)
[2019-09-02T13:56:46.167+0800][4.053s][debug][gc,heap       ] GC(40)   region size 1024K, 7 young (7168K), 1 survivors (1024K)
[2019-09-02T13:56:46.167+0800][4.053s][debug][gc,heap       ] GC(40)  Metaspace       used 34973K, capacity 35605K, committed 36044K, reserved 1081344K
[2019-09-02T13:56:46.167+0800][4.053s][debug][gc,heap       ] GC(40)   class space    used 3991K, capacity 4232K, committed 4300K, reserved 1048576K
[2019-09-02T13:56:46.167+0800][4.053s][info ][gc,start      ] GC(40) Pause Young (G1 Evacuation Pause)
[2019-09-02T13:56:46.167+0800][4.053s][info ][gc,task       ] GC(40) Using 8 workers of 8 for evacuation
[2019-09-02T13:56:46.167+0800][4.053s][debug][gc,age        ] GC(40) Desired survivor size 524288 bytes, new threshold 2 (max threshold 15)
[2019-09-02T13:56:46.169+0800][4.055s][trace][gc,age        ] GC(40) Age table with threshold 2 (max threshold 15)
[2019-09-02T13:56:46.169+0800][4.055s][trace][gc,age        ] GC(40) - age   1:     256712 bytes,     256712 total
[2019-09-02T13:56:46.169+0800][4.055s][trace][gc,age        ] GC(40) - age   2:     296752 bytes,     553464 total
[2019-09-02T13:56:46.169+0800][4.055s][info ][gc,phases     ] GC(40)   Pre Evacuate Collection Set: 0.0ms
[2019-09-02T13:56:46.169+0800][4.055s][info ][gc,phases     ] GC(40)   Evacuate Collection Set: 1.6ms
[2019-09-02T13:56:46.169+0800][4.055s][info ][gc,phases     ] GC(40)   Post Evacuate Collection Set: 0.1ms
[2019-09-02T13:56:46.169+0800][4.055s][info ][gc,phases     ] GC(40)   Other: 0.3ms
[2019-09-02T13:56:46.169+0800][4.055s][info ][gc,heap       ] GC(40) Eden regions: 6->0(6)
[2019-09-02T13:56:46.169+0800][4.055s][info ][gc,heap       ] GC(40) Survivor regions: 1->1(1)
[2019-09-02T13:56:46.169+0800][4.055s][info ][gc,heap       ] GC(40) Old regions: 19->19
[2019-09-02T13:56:46.169+0800][4.055s][info ][gc,heap       ] GC(40) Humongous regions: 0->0
[2019-09-02T13:56:46.169+0800][4.055s][info ][gc,metaspace  ] GC(40) Metaspace: 34973K->34973K(1081344K)
[2019-09-02T13:56:46.169+0800][4.055s][debug][gc,heap       ] GC(40) Heap after GC invocations=41 (full 0): garbage-first heap   total 32768K, used 19538K [0x00000000fe000000, 0x0000000100000000)
[2019-09-02T13:56:46.169+0800][4.055s][debug][gc,heap       ] GC(40)   region size 1024K, 1 young (1024K), 1 survivors (1024K)
[2019-09-02T13:56:46.169+0800][4.055s][debug][gc,heap       ] GC(40)  Metaspace       used 34973K, capacity 35605K, committed 36044K, reserved 1081344K
[2019-09-02T13:56:46.169+0800][4.055s][debug][gc,heap       ] GC(40)   class space    used 3991K, capacity 4232K, committed 4300K, reserved 1048576K
[2019-09-02T13:56:46.169+0800][4.055s][info ][gc            ] GC(40) Pause Young (G1 Evacuation Pause) 24M->19M(32M) 2.292ms
[2019-09-02T13:56:46.170+0800][4.056s][info ][gc,cpu        ] GC(40) User=0.00s Sys=0.00s Real=0.00s
[2019-09-02T13:56:46.198+0800][4.084s][debug][gc,heap       ] GC(41) Heap before GC invocations=41 (full 0): garbage-first heap   total 32768K, used 25682K [0x00000000fe000000, 0x0000000100000000)
[2019-09-02T13:56:46.198+0800][4.084s][debug][gc,heap       ] GC(41)   region size 1024K, 7 young (7168K), 1 survivors (1024K)
[2019-09-02T13:56:46.198+0800][4.084s][debug][gc,heap       ] GC(41)  Metaspace       used 34978K, capacity 35605K, committed 36044K, reserved 1081344K
[2019-09-02T13:56:46.198+0800][4.085s][debug][gc,heap       ] GC(41)   class space    used 3992K, capacity 4232K, committed 4300K, reserved 1048576K
[2019-09-02T13:56:46.198+0800][4.085s][info ][gc,start      ] GC(41) Pause Initial Mark (G1 Evacuation Pause)
[2019-09-02T13:56:46.198+0800][4.085s][info ][gc,task       ] GC(41) Using 8 workers of 8 for evacuation
[2019-09-02T13:56:46.198+0800][4.085s][debug][gc,age        ] GC(41) Desired survivor size 524288 bytes, new threshold 2 (max threshold 15)
[2019-09-02T13:56:46.200+0800][4.087s][trace][gc,age        ] GC(41) Age table with threshold 2 (max threshold 15)
[2019-09-02T13:56:46.200+0800][4.087s][trace][gc,age        ] GC(41) - age   1:      83120 bytes,      83120 total
[2019-09-02T13:56:46.200+0800][4.087s][trace][gc,age        ] GC(41) - age   2:     253000 bytes,     336120 total
[2019-09-02T13:56:46.200+0800][4.087s][info ][gc,phases     ] GC(41)   Pre Evacuate Collection Set: 0.0ms
[2019-09-02T13:56:46.201+0800][4.087s][info ][gc,phases     ] GC(41)   Evacuate Collection Set: 1.7ms
[2019-09-02T13:56:46.201+0800][4.087s][info ][gc,phases     ] GC(41)   Post Evacuate Collection Set: 0.1ms
[2019-09-02T13:56:46.201+0800][4.087s][info ][gc,phases     ] GC(41)   Other: 0.4ms
[2019-09-02T13:56:46.201+0800][4.087s][info ][gc,heap       ] GC(41) Eden regions: 6->0(6)
[2019-09-02T13:56:46.201+0800][4.087s][info ][gc,heap       ] GC(41) Survivor regions: 1->1(1)
[2019-09-02T13:56:46.201+0800][4.087s][info ][gc,heap       ] GC(41) Old regions: 19->19
[2019-09-02T13:56:46.201+0800][4.087s][info ][gc,heap       ] GC(41) Humongous regions: 0->0
[2019-09-02T13:56:46.201+0800][4.087s][info ][gc,metaspace  ] GC(41) Metaspace: 34978K->34978K(1081344K)
[2019-09-02T13:56:46.201+0800][4.087s][debug][gc,heap       ] GC(41) Heap after GC invocations=42 (full 0): garbage-first heap   total 32768K, used 19664K [0x00000000fe000000, 0x0000000100000000)
[2019-09-02T13:56:46.201+0800][4.087s][debug][gc,heap       ] GC(41)   region size 1024K, 1 young (1024K), 1 survivors (1024K)
[2019-09-02T13:56:46.201+0800][4.087s][debug][gc,heap       ] GC(41)  Metaspace       used 34978K, capacity 35605K, committed 36044K, reserved 1081344K
[2019-09-02T13:56:46.201+0800][4.087s][debug][gc,heap       ] GC(41)   class space    used 3992K, capacity 4232K, committed 4300K, reserved 1048576K
[2019-09-02T13:56:46.201+0800][4.087s][info ][gc            ] GC(41) Pause Initial Mark (G1 Evacuation Pause) 25M->19M(32M) 2.464ms
[2019-09-02T13:56:46.202+0800][4.088s][info ][gc,cpu        ] GC(41) User=0.00s Sys=0.00s Real=0.00s
[2019-09-02T13:56:46.202+0800][4.088s][info ][gc            ] GC(42) Concurrent Cycle
[2019-09-02T13:56:46.202+0800][4.088s][info ][gc,marking    ] GC(42) Concurrent Clear Claimed Marks
[2019-09-02T13:56:46.202+0800][4.089s][info ][gc,marking    ] GC(42) Concurrent Clear Claimed Marks 0.058ms
[2019-09-02T13:56:46.202+0800][4.089s][info ][gc,marking    ] GC(42) Concurrent Scan Root Regions
[2019-09-02T13:56:46.203+0800][4.089s][info ][gc,marking    ] GC(42) Concurrent Scan Root Regions 0.614ms
[2019-09-02T13:56:46.203+0800][4.089s][info ][gc,marking    ] GC(42) Concurrent Mark (4.089s)
[2019-09-02T13:56:46.203+0800][4.089s][info ][gc,marking    ] GC(42) Concurrent Mark From Roots
[2019-09-02T13:56:46.203+0800][4.089s][info ][gc,task       ] GC(42) Using 2 workers of 2 for marking
[2019-09-02T13:56:46.225+0800][4.111s][info ][gc,marking    ] GC(42) Concurrent Mark From Roots 21.571ms
[2019-09-02T13:56:46.225+0800][4.111s][info ][gc,marking    ] GC(42) Concurrent Mark (4.089s, 4.111s) 21.709ms
[2019-09-02T13:56:46.225+0800][4.111s][info ][gc,start      ] GC(42) Pause Remark
[2019-09-02T13:56:46.229+0800][4.115s][info ][gc,stringtable] GC(42) Cleaned string and symbol table, strings: 20756 processed, 15 removed, symbols: 102522 processed, 6 removed
[2019-09-02T13:56:46.229+0800][4.115s][info ][gc            ] GC(42) Pause Remark 21M->21M(32M) 4.036ms
[2019-09-02T13:56:46.230+0800][4.116s][info ][gc,cpu        ] GC(42) User=0.09s Sys=0.00s Real=0.01s
[2019-09-02T13:56:46.230+0800][4.117s][info ][gc,marking    ] GC(42) Concurrent Create Live Data
[2019-09-02T13:56:46.234+0800][4.121s][info ][gc,marking    ] GC(42) Concurrent Create Live Data 3.985ms
[2019-09-02T13:56:46.235+0800][4.121s][info ][gc,start      ] GC(42) Pause Cleanup
[2019-09-02T13:56:46.235+0800][4.121s][info ][gc            ] GC(42) Pause Cleanup 21M->21M(32M) 0.181ms
[2019-09-02T13:56:46.235+0800][4.121s][info ][gc,cpu        ] GC(42) User=0.00s Sys=0.00s Real=0.00s
[2019-09-02T13:56:46.235+0800][4.121s][info ][gc,marking    ] GC(42) Concurrent Cleanup for Next Mark
[2019-09-02T13:56:46.235+0800][4.121s][info ][gc,marking    ] GC(42) Concurrent Cleanup for Next Mark 0.118ms
[2019-09-02T13:56:46.235+0800][4.121s][info ][gc            ] GC(42) Concurrent Cycle 33.596ms
[2019-09-02T13:56:55.482+0800][13.368s][debug][gc,heap       ] GC(43) Heap before GC invocations=43 (full 0): garbage-first heap   total 32768K, used 25808K [0x00000000fe000000, 0x0000000100000000)
[2019-09-02T13:56:55.482+0800][13.368s][debug][gc,heap       ] GC(43)   region size 1024K, 7 young (7168K), 1 survivors (1024K)
[2019-09-02T13:56:55.482+0800][13.368s][debug][gc,heap       ] GC(43)  Metaspace       used 35629K, capacity 36277K, committed 36940K, reserved 1081344K
[2019-09-02T13:56:55.482+0800][13.368s][debug][gc,heap       ] GC(43)   class space    used 4072K, capacity 4328K, committed 4428K, reserved 1048576K
[2019-09-02T13:56:55.482+0800][13.368s][info ][gc,start      ] GC(43) Pause Young (G1 Evacuation Pause)
[2019-09-02T13:56:55.482+0800][13.368s][info ][gc,task       ] GC(43) Using 8 workers of 8 for evacuation
[2019-09-02T13:56:55.482+0800][13.368s][debug][gc,age        ] GC(43) Desired survivor size 524288 bytes, new threshold 15 (max threshold 15)
[2019-09-02T13:56:55.483+0800][13.370s][trace][gc,age        ] GC(43) Age table with threshold 15 (max threshold 15)
[2019-09-02T13:56:55.483+0800][13.370s][trace][gc,age        ] GC(43) - age   1:     369112 bytes,     369112 total
[2019-09-02T13:56:55.483+0800][13.370s][trace][gc,age        ] GC(43) - age   2:      64848 bytes,     433960 total
[2019-09-02T13:56:55.483+0800][13.370s][trace][gc,age        ] GC(43) - age   3:     188952 bytes,     622912 total
[2019-09-02T13:56:55.483+0800][13.370s][info ][gc,phases     ] GC(43)   Pre Evacuate Collection Set: 0.0ms
[2019-09-02T13:56:55.483+0800][13.370s][info ][gc,phases     ] GC(43)   Evacuate Collection Set: 1.1ms
[2019-09-02T13:56:55.484+0800][13.370s][info ][gc,phases     ] GC(43)   Post Evacuate Collection Set: 0.2ms
[2019-09-02T13:56:55.484+0800][13.370s][info ][gc,phases     ] GC(43)   Other: 0.3ms
[2019-09-02T13:56:55.484+0800][13.370s][info ][gc,heap       ] GC(43) Eden regions: 6->0(6)
[2019-09-02T13:56:55.484+0800][13.370s][info ][gc,heap       ] GC(43) Survivor regions: 1->1(1)
[2019-09-02T13:56:55.484+0800][13.370s][info ][gc,heap       ] GC(43) Old regions: 19->19
[2019-09-02T13:56:55.484+0800][13.370s][info ][gc,heap       ] GC(43) Humongous regions: 0->0
[2019-09-02T13:56:55.484+0800][13.370s][info ][gc,metaspace  ] GC(43) Metaspace: 35629K->35629K(1081344K)
[2019-09-02T13:56:55.484+0800][13.370s][debug][gc,heap       ] GC(43) Heap after GC invocations=44 (full 0): garbage-first heap   total 32768K, used 19881K [0x00000000fe000000, 0x0000000100000000)
[2019-09-02T13:56:55.484+0800][13.370s][debug][gc,heap       ] GC(43)   region size 1024K, 1 young (1024K), 1 survivors (1024K)
[2019-09-02T13:56:55.484+0800][13.370s][debug][gc,heap       ] GC(43)  Metaspace       used 35629K, capacity 36277K, committed 36940K, reserved 1081344K
[2019-09-02T13:56:55.484+0800][13.370s][debug][gc,heap       ] GC(43)   class space    used 4072K, capacity 4328K, committed 4428K, reserved 1048576K
[2019-09-02T13:56:55.484+0800][13.370s][info ][gc            ] GC(43) Pause Young (G1 Evacuation Pause) 25M->19M(32M) 1.864ms
[2019-09-02T13:56:55.484+0800][13.370s][info ][gc,cpu        ] GC(43) User=0.00s Sys=0.00s Real=0.00s
[2019-09-02T13:57:33.349+0800][51.235s][debug][gc,heap       ] GC(44) Heap before GC invocations=44 (full 0): garbage-first heap   total 32768K, used 26025K [0x00000000fe000000, 0x0000000100000000)
[2019-09-02T13:57:33.349+0800][51.235s][debug][gc,heap       ] GC(44)   region size 1024K, 7 young (7168K), 1 survivors (1024K)
[2019-09-02T13:57:33.349+0800][51.235s][debug][gc,heap       ] GC(44)  Metaspace       used 36286K, capacity 36917K, committed 37452K, reserved 1083392K
[2019-09-02T13:57:33.349+0800][51.235s][debug][gc,heap       ] GC(44)   class space    used 4142K, capacity 4392K, committed 4428K, reserved 1048576K
[2019-09-02T13:57:33.349+0800][51.235s][info ][gc,start      ] GC(44) Pause Initial Mark (G1 Evacuation Pause)
[2019-09-02T13:57:33.349+0800][51.235s][info ][gc,task       ] GC(44) Using 8 workers of 8 for evacuation
[2019-09-02T13:57:33.349+0800][51.236s][debug][gc,age        ] GC(44) Desired survivor size 524288 bytes, new threshold 3 (max threshold 15)
[2019-09-02T13:57:33.351+0800][51.238s][trace][gc,age        ] GC(44) Age table with threshold 3 (max threshold 15)
[2019-09-02T13:57:33.351+0800][51.238s][trace][gc,age        ] GC(44) - age   1:     262832 bytes,     262832 total
[2019-09-02T13:57:33.351+0800][51.238s][trace][gc,age        ] GC(44) - age   2:     356728 bytes,     619560 total
[2019-09-02T13:57:33.351+0800][51.238s][trace][gc,age        ] GC(44) - age   3:      64848 bytes,     684408 total
[2019-09-02T13:57:33.351+0800][51.238s][info ][gc,phases     ] GC(44)   Pre Evacuate Collection Set: 0.0ms
[2019-09-02T13:57:33.351+0800][51.238s][info ][gc,phases     ] GC(44)   Evacuate Collection Set: 1.7ms
[2019-09-02T13:57:33.351+0800][51.238s][info ][gc,phases     ] GC(44)   Post Evacuate Collection Set: 0.3ms
[2019-09-02T13:57:33.351+0800][51.238s][info ][gc,phases     ] GC(44)   Other: 0.3ms
[2019-09-02T13:57:33.351+0800][51.238s][info ][gc,heap       ] GC(44) Eden regions: 6->0(6)
[2019-09-02T13:57:33.351+0800][51.238s][info ][gc,heap       ] GC(44) Survivor regions: 1->1(1)
[2019-09-02T13:57:33.351+0800][51.238s][info ][gc,heap       ] GC(44) Old regions: 19->19
[2019-09-02T13:57:33.351+0800][51.238s][info ][gc,heap       ] GC(44) Humongous regions: 0->0
[2019-09-02T13:57:33.351+0800][51.238s][info ][gc,metaspace  ] GC(44) Metaspace: 36286K->36286K(1083392K)
[2019-09-02T13:57:33.351+0800][51.238s][debug][gc,heap       ] GC(44) Heap after GC invocations=45 (full 0): garbage-first heap   total 32768K, used 20160K [0x00000000fe000000, 0x0000000100000000)
[2019-09-02T13:57:33.351+0800][51.238s][debug][gc,heap       ] GC(44)   region size 1024K, 1 young (1024K), 1 survivors (1024K)
[2019-09-02T13:57:33.351+0800][51.238s][debug][gc,heap       ] GC(44)  Metaspace       used 36286K, capacity 36917K, committed 37452K, reserved 1083392K
[2019-09-02T13:57:33.351+0800][51.238s][debug][gc,heap       ] GC(44)   class space    used 4142K, capacity 4392K, committed 4428K, reserved 1048576K
[2019-09-02T13:57:33.351+0800][51.238s][info ][gc            ] GC(44) Pause Initial Mark (G1 Evacuation Pause) 25M->19M(32M) 2.497ms
[2019-09-02T13:57:33.352+0800][51.239s][info ][gc,cpu        ] GC(44) User=0.00s Sys=0.00s Real=0.00s
[2019-09-02T13:57:33.352+0800][51.239s][info ][gc            ] GC(45) Concurrent Cycle
[2019-09-02T13:57:33.353+0800][51.239s][info ][gc,marking    ] GC(45) Concurrent Clear Claimed Marks
[2019-09-02T13:57:33.353+0800][51.239s][info ][gc,marking    ] GC(45) Concurrent Clear Claimed Marks 0.059ms
[2019-09-02T13:57:33.353+0800][51.239s][info ][gc,marking    ] GC(45) Concurrent Scan Root Regions
[2019-09-02T13:57:33.354+0800][51.240s][info ][gc,marking    ] GC(45) Concurrent Scan Root Regions 0.879ms
[2019-09-02T13:57:33.354+0800][51.240s][info ][gc,marking    ] GC(45) Concurrent Mark (51.240s)
[2019-09-02T13:57:33.354+0800][51.240s][info ][gc,marking    ] GC(45) Concurrent Mark From Roots
[2019-09-02T13:57:33.354+0800][51.240s][info ][gc,task       ] GC(45) Using 2 workers of 2 for marking
[2019-09-02T13:57:33.365+0800][51.252s][info ][gc,marking    ] GC(45) Concurrent Mark From Roots 11.740ms
[2019-09-02T13:57:33.365+0800][51.252s][info ][gc,marking    ] GC(45) Concurrent Mark (51.240s, 51.252s) 11.871ms
[2019-09-02T13:57:33.366+0800][51.252s][info ][gc,start      ] GC(45) Pause Remark
[2019-09-02T13:57:33.370+0800][51.257s][info ][gc,stringtable] GC(45) Cleaned string and symbol table, strings: 21147 processed, 1827 removed, symbols: 104897 processed, 40 removed
[2019-09-02T13:57:33.370+0800][51.257s][info ][gc            ] GC(45) Pause Remark 21M->21M(32M) 4.724ms
[2019-09-02T13:57:33.372+0800][51.258s][info ][gc,cpu        ] GC(45) User=0.11s Sys=0.00s Real=0.01s
[2019-09-02T13:57:33.372+0800][51.258s][info ][gc,marking    ] GC(45) Concurrent Create Live Data
[2019-09-02T13:57:33.375+0800][51.261s][info ][gc,marking    ] GC(45) Concurrent Create Live Data 3.096ms
[2019-09-02T13:57:33.375+0800][51.262s][info ][gc,start      ] GC(45) Pause Cleanup
[2019-09-02T13:57:33.376+0800][51.262s][info ][gc            ] GC(45) Pause Cleanup 21M->21M(32M) 0.701ms
[2019-09-02T13:57:33.376+0800][51.263s][info ][gc,cpu        ] GC(45) User=0.00s Sys=0.00s Real=0.00s
[2019-09-02T13:57:33.376+0800][51.263s][info ][gc,marking    ] GC(45) Concurrent Cleanup for Next Mark
[2019-09-02T13:57:33.377+0800][51.263s][info ][gc,marking    ] GC(45) Concurrent Cleanup for Next Mark 0.194ms
[2019-09-02T13:57:33.377+0800][51.263s][info ][gc            ] GC(45) Concurrent Cycle 24.386ms
[2019-09-02T13:57:33.415+0800][51.302s][debug][gc,heap       ] GC(46) Heap before GC invocations=46 (full 0): garbage-first heap   total 32768K, used 26304K [0x00000000fe000000, 0x0000000100000000)
[2019-09-02T13:57:33.415+0800][51.302s][debug][gc,heap       ] GC(46)   region size 1024K, 7 young (7168K), 1 survivors (1024K)
[2019-09-02T13:57:33.415+0800][51.302s][debug][gc,heap       ] GC(46)  Metaspace       used 36387K, capacity 36817K, committed 37708K, reserved 1083392K
[2019-09-02T13:57:33.415+0800][51.302s][debug][gc,heap       ] GC(46)   class space    used 4109K, capacity 4273K, committed 4428K, reserved 1048576K
[2019-09-02T13:57:33.416+0800][51.302s][info ][gc,start      ] GC(46) Pause Young (G1 Evacuation Pause)
[2019-09-02T13:57:33.416+0800][51.302s][info ][gc,task       ] GC(46) Using 8 workers of 8 for evacuation
[2019-09-02T13:57:33.416+0800][51.302s][debug][gc,age        ] GC(46) Desired survivor size 524288 bytes, new threshold 2 (max threshold 15)
[2019-09-02T13:57:33.417+0800][51.304s][trace][gc,age        ] GC(46) Age table with threshold 2 (max threshold 15)
[2019-09-02T13:57:33.417+0800][51.304s][trace][gc,age        ] GC(46) - age   1:     232272 bytes,     232272 total
[2019-09-02T13:57:33.417+0800][51.304s][trace][gc,age        ] GC(46) - age   2:     240224 bytes,     472496 total
[2019-09-02T13:57:33.417+0800][51.304s][info ][gc,phases     ] GC(46)   Pre Evacuate Collection Set: 0.0ms
[2019-09-02T13:57:33.417+0800][51.304s][info ][gc,phases     ] GC(46)   Evacuate Collection Set: 1.4ms
[2019-09-02T13:57:33.417+0800][51.304s][info ][gc,phases     ] GC(46)   Post Evacuate Collection Set: 0.2ms
[2019-09-02T13:57:33.417+0800][51.304s][info ][gc,phases     ] GC(46)   Other: 0.4ms
[2019-09-02T13:57:33.417+0800][51.304s][info ][gc,heap       ] GC(46) Eden regions: 6->0(1)
[2019-09-02T13:57:33.417+0800][51.304s][info ][gc,heap       ] GC(46) Survivor regions: 1->1(1)
[2019-09-02T13:57:33.417+0800][51.304s][info ][gc,heap       ] GC(46) Old regions: 19->20
[2019-09-02T13:57:33.417+0800][51.304s][info ][gc,heap       ] GC(46) Humongous regions: 0->0
[2019-09-02T13:57:33.417+0800][51.304s][info ][gc,metaspace  ] GC(46) Metaspace: 36387K->36387K(1083392K)
[2019-09-02T13:57:33.418+0800][51.304s][debug][gc,heap       ] GC(46) Heap after GC invocations=47 (full 0): garbage-first heap   total 32768K, used 20164K [0x00000000fe000000, 0x0000000100000000)
[2019-09-02T13:57:33.418+0800][51.304s][debug][gc,heap       ] GC(46)   region size 1024K, 1 young (1024K), 1 survivors (1024K)
[2019-09-02T13:57:33.418+0800][51.304s][debug][gc,heap       ] GC(46)  Metaspace       used 36387K, capacity 36817K, committed 37708K, reserved 1083392K
[2019-09-02T13:57:33.418+0800][51.304s][debug][gc,heap       ] GC(46)   class space    used 4109K, capacity 4273K, committed 4428K, reserved 1048576K
[2019-09-02T13:57:33.418+0800][51.304s][info ][gc            ] GC(46) Pause Young (G1 Evacuation Pause) 25M->19M(32M) 2.146ms
[2019-09-02T13:57:33.419+0800][51.305s][info ][gc,cpu        ] GC(46) User=0.02s Sys=0.00s Real=0.00s
[2019-09-02T13:57:33.430+0800][51.316s][debug][gc,heap       ] GC(47) Heap before GC invocations=47 (full 0): garbage-first heap   total 32768K, used 21188K [0x00000000fe000000, 0x0000000100000000)
[2019-09-02T13:57:33.430+0800][51.316s][debug][gc,heap       ] GC(47)   region size 1024K, 2 young (2048K), 1 survivors (1024K)
[2019-09-02T13:57:33.430+0800][51.316s][debug][gc,heap       ] GC(47)  Metaspace       used 36501K, capacity 36945K, committed 37964K, reserved 1083392K
[2019-09-02T13:57:33.430+0800][51.316s][debug][gc,heap       ] GC(47)   class space    used 4120K, capacity 4273K, committed 4428K, reserved 1048576K
[2019-09-02T13:57:33.430+0800][51.316s][info ][gc,start      ] GC(47) Pause Mixed (G1 Evacuation Pause)
[2019-09-02T13:57:33.430+0800][51.316s][info ][gc,task       ] GC(47) Using 8 workers of 8 for evacuation
[2019-09-02T13:57:33.430+0800][51.316s][debug][gc,age        ] GC(47) Desired survivor size 524288 bytes, new threshold 15 (max threshold 15)
[2019-09-02T13:57:33.433+0800][51.319s][trace][gc,age        ] GC(47) Age table with threshold 15 (max threshold 15)
[2019-09-02T13:57:33.433+0800][51.319s][trace][gc,age        ] GC(47) - age   1:      19984 bytes,      19984 total
[2019-09-02T13:57:33.433+0800][51.319s][trace][gc,age        ] GC(47) - age   2:     221536 bytes,     241520 total
[2019-09-02T13:57:33.433+0800][51.319s][trace][gc,age        ] GC(47) - age   3:     240224 bytes,     481744 total
[2019-09-02T13:57:33.433+0800][51.319s][info ][gc,phases     ] GC(47)   Pre Evacuate Collection Set: 0.0ms
[2019-09-02T13:57:33.433+0800][51.319s][info ][gc,phases     ] GC(47)   Evacuate Collection Set: 2.4ms
[2019-09-02T13:57:33.433+0800][51.319s][info ][gc,phases     ] GC(47)   Post Evacuate Collection Set: 0.3ms
[2019-09-02T13:57:33.433+0800][51.319s][info ][gc,phases     ] GC(47)   Other: 0.3ms
[2019-09-02T13:57:33.433+0800][51.319s][info ][gc,heap       ] GC(47) Eden regions: 1->0(1)
[2019-09-02T13:57:33.433+0800][51.319s][info ][gc,heap       ] GC(47) Survivor regions: 1->1(1)
[2019-09-02T13:57:33.433+0800][51.319s][info ][gc,heap       ] GC(47) Old regions: 20->17
[2019-09-02T13:57:33.433+0800][51.319s][info ][gc,heap       ] GC(47) Humongous regions: 0->0
[2019-09-02T13:57:33.433+0800][51.319s][info ][gc,metaspace  ] GC(47) Metaspace: 36501K->36501K(1083392K)
[2019-09-02T13:57:33.433+0800][51.319s][debug][gc,heap       ] GC(47) Heap after GC invocations=48 (full 0): garbage-first heap   total 32768K, used 17500K [0x00000000fe000000, 0x0000000100000000)
[2019-09-02T13:57:33.433+0800][51.319s][debug][gc,heap       ] GC(47)   region size 1024K, 1 young (1024K), 1 survivors (1024K)
[2019-09-02T13:57:33.433+0800][51.319s][debug][gc,heap       ] GC(47)  Metaspace       used 36501K, capacity 36945K, committed 37964K, reserved 1083392K
[2019-09-02T13:57:33.433+0800][51.319s][debug][gc,heap       ] GC(47)   class space    used 4120K, capacity 4273K, committed 4428K, reserved 1048576K
[2019-09-02T13:57:33.433+0800][51.319s][info ][gc            ] GC(47) Pause Mixed (G1 Evacuation Pause) 20M->17M(32M) 3.134ms
[2019-09-02T13:57:33.434+0800][51.320s][info ][gc,cpu        ] GC(47) User=0.13s Sys=0.00s Real=0.00s
[2019-09-02T13:57:33.444+0800][51.330s][debug][gc,heap       ] GC(48) Heap before GC invocations=48 (full 0): garbage-first heap   total 32768K, used 18524K [0x00000000fe000000, 0x0000000100000000)
[2019-09-02T13:57:33.444+0800][51.330s][debug][gc,heap       ] GC(48)   region size 1024K, 2 young (2048K), 1 survivors (1024K)
[2019-09-02T13:57:33.444+0800][51.330s][debug][gc,heap       ] GC(48)  Metaspace       used 36590K, capacity 37041K, committed 38092K, reserved 1083392K
[2019-09-02T13:57:33.444+0800][51.330s][debug][gc,heap       ] GC(48)   class space    used 4134K, capacity 4305K, committed 4556K, reserved 1048576K
[2019-09-02T13:57:33.444+0800][51.330s][info ][gc,start      ] GC(48) Pause Mixed (G1 Evacuation Pause)
[2019-09-02T13:57:33.444+0800][51.330s][info ][gc,task       ] GC(48) Using 8 workers of 8 for evacuation
[2019-09-02T13:57:33.444+0800][51.330s][debug][gc,age        ] GC(48) Desired survivor size 524288 bytes, new threshold 15 (max threshold 15)
[2019-09-02T13:57:33.447+0800][51.333s][trace][gc,age        ] GC(48) Age table with threshold 15 (max threshold 15)
[2019-09-02T13:57:33.447+0800][51.333s][trace][gc,age        ] GC(48) - age   1:      22200 bytes,      22200 total
[2019-09-02T13:57:33.447+0800][51.333s][trace][gc,age        ] GC(48) - age   2:      16640 bytes,      38840 total
[2019-09-02T13:57:33.447+0800][51.333s][trace][gc,age        ] GC(48) - age   3:     220704 bytes,     259544 total
[2019-09-02T13:57:33.447+0800][51.333s][trace][gc,age        ] GC(48) - age   4:     240224 bytes,     499768 total
[2019-09-02T13:57:33.447+0800][51.333s][info ][gc,phases     ] GC(48)   Pre Evacuate Collection Set: 0.0ms
[2019-09-02T13:57:33.447+0800][51.333s][info ][gc,phases     ] GC(48)   Evacuate Collection Set: 2.8ms
[2019-09-02T13:57:33.447+0800][51.333s][info ][gc,phases     ] GC(48)   Post Evacuate Collection Set: 0.4ms
[2019-09-02T13:57:33.447+0800][51.333s][info ][gc,phases     ] GC(48)   Other: 0.4ms
[2019-09-02T13:57:33.447+0800][51.333s][info ][gc,heap       ] GC(48) Eden regions: 1->0(7)
[2019-09-02T13:57:33.447+0800][51.333s][info ][gc,heap       ] GC(48) Survivor regions: 1->1(1)
[2019-09-02T13:57:33.447+0800][51.333s][info ][gc,heap       ] GC(48) Old regions: 17->16
[2019-09-02T13:57:33.447+0800][51.333s][info ][gc,heap       ] GC(48) Humongous regions: 0->0
[2019-09-02T13:57:33.447+0800][51.333s][info ][gc,metaspace  ] GC(48) Metaspace: 36590K->36590K(1083392K)
[2019-09-02T13:57:33.447+0800][51.334s][debug][gc,heap       ] GC(48) Heap after GC invocations=49 (full 0): garbage-first heap   total 32768K, used 16757K [0x00000000fe000000, 0x0000000100000000)
[2019-09-02T13:57:33.447+0800][51.334s][debug][gc,heap       ] GC(48)   region size 1024K, 1 young (1024K), 1 survivors (1024K)
[2019-09-02T13:57:33.447+0800][51.334s][debug][gc,heap       ] GC(48)  Metaspace       used 36590K, capacity 37041K, committed 38092K, reserved 1083392K
[2019-09-02T13:57:33.447+0800][51.334s][debug][gc,heap       ] GC(48)   class space    used 4134K, capacity 4305K, committed 4556K, reserved 1048576K
[2019-09-02T13:57:33.447+0800][51.334s][info ][gc            ] GC(48) Pause Mixed (G1 Evacuation Pause) 18M->16M(32M) 3.703ms
[2019-09-02T13:57:33.449+0800][51.335s][info ][gc,cpu        ] GC(48) User=0.00s Sys=0.00s Real=0.00s
[2019-09-02T13:59:22.040+0800][159.927s][debug][gc,heap       ] GC(49) Heap before GC invocations=49 (full 0): garbage-first heap   total 32768K, used 23925K [0x00000000fe000000, 0x0000000100000000)
[2019-09-02T13:59:22.041+0800][159.927s][debug][gc,heap       ] GC(49)   region size 1024K, 8 young (8192K), 1 survivors (1024K)
[2019-09-02T13:59:22.041+0800][159.927s][debug][gc,heap       ] GC(49)  Metaspace       used 37211K, capacity 37661K, committed 38604K, reserved 1083392K
[2019-09-02T13:59:22.041+0800][159.927s][debug][gc,heap       ] GC(49)   class space    used 4167K, capacity 4339K, committed 4556K, reserved 1048576K
[2019-09-02T13:59:22.041+0800][159.927s][info ][gc,start      ] GC(49) Pause Initial Mark (G1 Evacuation Pause)
[2019-09-02T13:59:22.041+0800][159.927s][info ][gc,task       ] GC(49) Using 8 workers of 8 for evacuation
[2019-09-02T13:59:22.041+0800][159.927s][debug][gc,age        ] GC(49) Desired survivor size 524288 bytes, new threshold 15 (max threshold 15)
[2019-09-02T13:59:22.043+0800][159.929s][trace][gc,age        ] GC(49) Age table with threshold 15 (max threshold 15)
[2019-09-02T13:59:22.043+0800][159.930s][trace][gc,age        ] GC(49) - age   1:     280888 bytes,     280888 total
[2019-09-02T13:59:22.043+0800][159.930s][trace][gc,age        ] GC(49) - age   2:      17536 bytes,     298424 total
[2019-09-02T13:59:22.043+0800][159.930s][trace][gc,age        ] GC(49) - age   3:      13888 bytes,     312312 total
[2019-09-02T13:59:22.043+0800][159.930s][trace][gc,age        ] GC(49) - age   4:     213176 bytes,     525488 total
[2019-09-02T13:59:22.043+0800][159.930s][trace][gc,age        ] GC(49) - age   5:     234856 bytes,     760344 total
[2019-09-02T13:59:22.044+0800][159.930s][info ][gc,phases     ] GC(49)   Pre Evacuate Collection Set: 0.0ms
[2019-09-02T13:59:22.044+0800][159.930s][info ][gc,phases     ] GC(49)   Evacuate Collection Set: 2.3ms
[2019-09-02T13:59:22.044+0800][159.930s][info ][gc,phases     ] GC(49)   Post Evacuate Collection Set: 0.2ms
[2019-09-02T13:59:22.044+0800][159.930s][info ][gc,phases     ] GC(49)   Other: 0.6ms
[2019-09-02T13:59:22.044+0800][159.930s][info ][gc,heap       ] GC(49) Eden regions: 7->0(7)
[2019-09-02T13:59:22.044+0800][159.930s][info ][gc,heap       ] GC(49) Survivor regions: 1->1(1)
[2019-09-02T13:59:22.044+0800][159.930s][info ][gc,heap       ] GC(49) Old regions: 16->16
[2019-09-02T13:59:22.044+0800][159.930s][info ][gc,heap       ] GC(49) Humongous regions: 0->0
[2019-09-02T13:59:22.044+0800][159.930s][info ][gc,metaspace  ] GC(49) Metaspace: 37211K->37211K(1083392K)
[2019-09-02T13:59:22.044+0800][159.930s][debug][gc,heap       ] GC(49) Heap after GC invocations=50 (full 0): garbage-first heap   total 32768K, used 17012K [0x00000000fe000000, 0x0000000100000000)
[2019-09-02T13:59:22.044+0800][159.930s][debug][gc,heap       ] GC(49)   region size 1024K, 1 young (1024K), 1 survivors (1024K)
[2019-09-02T13:59:22.044+0800][159.930s][debug][gc,heap       ] GC(49)  Metaspace       used 37211K, capacity 37661K, committed 38604K, reserved 1083392K
[2019-09-02T13:59:22.044+0800][159.930s][debug][gc,heap       ] GC(49)   class space    used 4167K, capacity 4339K, committed 4556K, reserved 1048576K
[2019-09-02T13:59:22.044+0800][159.930s][info ][gc            ] GC(49) Pause Initial Mark (G1 Evacuation Pause) 23M->16M(32M) 3.155ms
[2019-09-02T13:59:22.044+0800][159.930s][info ][gc,cpu        ] GC(49) User=0.00s Sys=0.00s Real=0.00s
[2019-09-02T13:59:22.044+0800][159.930s][info ][gc            ] GC(50) Concurrent Cycle
[2019-09-02T13:59:22.045+0800][159.931s][info ][gc,marking    ] GC(50) Concurrent Clear Claimed Marks
[2019-09-02T13:59:22.045+0800][159.931s][info ][gc,marking    ] GC(50) Concurrent Clear Claimed Marks 0.047ms
[2019-09-02T13:59:22.045+0800][159.931s][info ][gc,marking    ] GC(50) Concurrent Scan Root Regions
[2019-09-02T13:59:22.046+0800][159.932s][info ][gc,marking    ] GC(50) Concurrent Scan Root Regions 1.133ms
[2019-09-02T13:59:22.046+0800][159.932s][info ][gc,marking    ] GC(50) Concurrent Mark (159.932s)
[2019-09-02T13:59:22.046+0800][159.932s][info ][gc,marking    ] GC(50) Concurrent Mark From Roots
[2019-09-02T13:59:22.046+0800][159.932s][info ][gc,task       ] GC(50) Using 2 workers of 2 for marking
[2019-09-02T13:59:22.063+0800][159.949s][info ][gc,marking    ] GC(50) Concurrent Mark From Roots 16.737ms
[2019-09-02T13:59:22.063+0800][159.949s][info ][gc,marking    ] GC(50) Concurrent Mark (159.932s, 159.949s) 16.832ms
[2019-09-02T13:59:22.063+0800][159.949s][info ][gc,start      ] GC(50) Pause Remark
[2019-09-02T13:59:22.069+0800][159.955s][info ][gc,stringtable] GC(50) Cleaned string and symbol table, strings: 19686 processed, 561 removed, symbols: 106477 processed, 45 removed
[2019-09-02T13:59:22.069+0800][159.955s][info ][gc            ] GC(50) Pause Remark 17M->17M(32M) 6.046ms
[2019-09-02T13:59:22.069+0800][159.955s][info ][gc,cpu        ] GC(50) User=0.00s Sys=0.00s Real=0.01s
[2019-09-02T13:59:22.069+0800][159.955s][info ][gc,marking    ] GC(50) Concurrent Create Live Data
[2019-09-02T13:59:22.073+0800][159.959s][info ][gc,marking    ] GC(50) Concurrent Create Live Data 3.321ms
[2019-09-02T13:59:22.073+0800][159.959s][info ][gc,start      ] GC(50) Pause Cleanup
[2019-09-02T13:59:22.073+0800][159.959s][info ][gc            ] GC(50) Pause Cleanup 17M->17M(32M) 0.221ms
[2019-09-02T13:59:22.073+0800][159.960s][info ][gc,cpu        ] GC(50) User=0.00s Sys=0.00s Real=0.00s
[2019-09-02T13:59:22.073+0800][159.960s][info ][gc,marking    ] GC(50) Concurrent Cleanup for Next Mark
[2019-09-02T13:59:22.074+0800][159.960s][info ][gc,marking    ] GC(50) Concurrent Cleanup for Next Mark 0.115ms
[2019-09-02T13:59:22.074+0800][159.960s][info ][gc            ] GC(50) Concurrent Cycle 29.351ms
[2019-09-02T13:59:22.298+0800][160.184s][debug][gc,heap       ] GC(51) Heap before GC invocations=51 (full 0): garbage-first heap   total 32768K, used 24180K [0x00000000fe000000, 0x0000000100000000)
[2019-09-02T13:59:22.298+0800][160.184s][debug][gc,heap       ] GC(51)   region size 1024K, 8 young (8192K), 1 survivors (1024K)
[2019-09-02T13:59:22.298+0800][160.184s][debug][gc,heap       ] GC(51)  Metaspace       used 37557K, capacity 37981K, committed 38860K, reserved 1083392K
[2019-09-02T13:59:22.298+0800][160.184s][debug][gc,heap       ] GC(51)   class space    used 4167K, capacity 4339K, committed 4556K, reserved 1048576K
[2019-09-02T13:59:22.298+0800][160.184s][info ][gc,start      ] GC(51) Pause Young (G1 Evacuation Pause)
[2019-09-02T13:59:22.298+0800][160.184s][info ][gc,task       ] GC(51) Using 8 workers of 8 for evacuation
[2019-09-02T13:59:22.298+0800][160.184s][debug][gc,age        ] GC(51) Desired survivor size 524288 bytes, new threshold 4 (max threshold 15)
[2019-09-02T13:59:22.300+0800][160.186s][trace][gc,age        ] GC(51) Age table with threshold 4 (max threshold 15)
[2019-09-02T13:59:22.300+0800][160.186s][trace][gc,age        ] GC(51) - age   1:     190112 bytes,     190112 total
[2019-09-02T13:59:22.300+0800][160.186s][trace][gc,age        ] GC(51) - age   2:     186512 bytes,     376624 total
[2019-09-02T13:59:22.300+0800][160.186s][trace][gc,age        ] GC(51) - age   3:      17512 bytes,     394136 total
[2019-09-02T13:59:22.300+0800][160.186s][trace][gc,age        ] GC(51) - age   4:      13760 bytes,     407896 total
[2019-09-02T13:59:22.300+0800][160.186s][info ][gc,phases     ] GC(51)   Pre Evacuate Collection Set: 0.0ms
[2019-09-02T13:59:22.300+0800][160.186s][info ][gc,phases     ] GC(51)   Evacuate Collection Set: 1.4ms
[2019-09-02T13:59:22.300+0800][160.186s][info ][gc,phases     ] GC(51)   Post Evacuate Collection Set: 0.2ms
[2019-09-02T13:59:22.300+0800][160.186s][info ][gc,phases     ] GC(51)   Other: 0.4ms
[2019-09-02T13:59:22.300+0800][160.186s][info ][gc,heap       ] GC(51) Eden regions: 7->0(1)
[2019-09-02T13:59:22.300+0800][160.186s][info ][gc,heap       ] GC(51) Survivor regions: 1->1(1)
[2019-09-02T13:59:22.300+0800][160.186s][info ][gc,heap       ] GC(51) Old regions: 16->17
[2019-09-02T13:59:22.300+0800][160.186s][info ][gc,heap       ] GC(51) Humongous regions: 0->0
[2019-09-02T13:59:22.300+0800][160.186s][info ][gc,metaspace  ] GC(51) Metaspace: 37557K->37557K(1083392K)
[2019-09-02T13:59:22.300+0800][160.186s][debug][gc,heap       ] GC(51) Heap after GC invocations=52 (full 0): garbage-first heap   total 32768K, used 17115K [0x00000000fe000000, 0x0000000100000000)
[2019-09-02T13:59:22.300+0800][160.186s][debug][gc,heap       ] GC(51)   region size 1024K, 1 young (1024K), 1 survivors (1024K)
[2019-09-02T13:59:22.300+0800][160.186s][debug][gc,heap       ] GC(51)  Metaspace       used 37557K, capacity 37981K, committed 38860K, reserved 1083392K
[2019-09-02T13:59:22.300+0800][160.186s][debug][gc,heap       ] GC(51)   class space    used 4167K, capacity 4339K, committed 4556K, reserved 1048576K
[2019-09-02T13:59:22.300+0800][160.186s][info ][gc            ] GC(51) Pause Young (G1 Evacuation Pause) 23M->16M(32M) 2.234ms
[2019-09-02T13:59:22.301+0800][160.187s][info ][gc,cpu        ] GC(51) User=0.00s Sys=0.00s Real=0.00s
[2019-09-02T13:59:22.322+0800][160.208s][debug][gc,heap       ] GC(52) Heap before GC invocations=52 (full 0): garbage-first heap   total 32768K, used 18139K [0x00000000fe000000, 0x0000000100000000)
[2019-09-02T13:59:22.322+0800][160.208s][debug][gc,heap       ] GC(52)   region size 1024K, 2 young (2048K), 1 survivors (1024K)
[2019-09-02T13:59:22.322+0800][160.208s][debug][gc,heap       ] GC(52)  Metaspace       used 37623K, capacity 38109K, committed 39116K, reserved 1083392K
[2019-09-02T13:59:22.322+0800][160.208s][debug][gc,heap       ] GC(52)   class space    used 4167K, capacity 4339K, committed 4556K, reserved 1048576K
[2019-09-02T13:59:22.322+0800][160.208s][info ][gc,start      ] GC(52) Pause Mixed (G1 Evacuation Pause)
[2019-09-02T13:59:22.322+0800][160.209s][info ][gc,task       ] GC(52) Using 8 workers of 8 for evacuation
[2019-09-02T13:59:22.322+0800][160.209s][debug][gc,age        ] GC(52) Desired survivor size 524288 bytes, new threshold 15 (max threshold 15)
[2019-09-02T13:59:22.325+0800][160.211s][trace][gc,age        ] GC(52) Age table with threshold 15 (max threshold 15)
[2019-09-02T13:59:22.325+0800][160.211s][trace][gc,age        ] GC(52) - age   1:      53552 bytes,      53552 total
[2019-09-02T13:59:22.325+0800][160.211s][trace][gc,age        ] GC(52) - age   2:     150936 bytes,     204488 total
[2019-09-02T13:59:22.325+0800][160.211s][trace][gc,age        ] GC(52) - age   3:     186512 bytes,     391000 total
[2019-09-02T13:59:22.325+0800][160.211s][trace][gc,age        ] GC(52) - age   4:      17512 bytes,     408512 total
[2019-09-02T13:59:22.325+0800][160.211s][trace][gc,age        ] GC(52) - age   5:      13760 bytes,     422272 total
[2019-09-02T13:59:22.325+0800][160.211s][info ][gc,phases     ] GC(52)   Pre Evacuate Collection Set: 0.0ms
[2019-09-02T13:59:22.325+0800][160.211s][info ][gc,phases     ] GC(52)   Evacuate Collection Set: 2.1ms
[2019-09-02T13:59:22.325+0800][160.211s][info ][gc,phases     ] GC(52)   Post Evacuate Collection Set: 0.2ms
[2019-09-02T13:59:22.325+0800][160.211s][info ][gc,phases     ] GC(52)   Other: 0.5ms
[2019-09-02T13:59:22.325+0800][160.211s][info ][gc,heap       ] GC(52) Eden regions: 1->0(7)
[2019-09-02T13:59:22.325+0800][160.211s][info ][gc,heap       ] GC(52) Survivor regions: 1->1(1)
[2019-09-02T13:59:22.325+0800][160.211s][info ][gc,heap       ] GC(52) Old regions: 17->16
[2019-09-02T13:59:22.325+0800][160.211s][info ][gc,heap       ] GC(52) Humongous regions: 0->0
[2019-09-02T13:59:22.325+0800][160.211s][info ][gc,metaspace  ] GC(52) Metaspace: 37623K->37623K(1083392K)
[2019-09-02T13:59:22.325+0800][160.211s][debug][gc,heap       ] GC(52) Heap after GC invocations=53 (full 0): garbage-first heap   total 32768K, used 16032K [0x00000000fe000000, 0x0000000100000000)
[2019-09-02T13:59:22.325+0800][160.211s][debug][gc,heap       ] GC(52)   region size 1024K, 1 young (1024K), 1 survivors (1024K)
[2019-09-02T13:59:22.325+0800][160.211s][debug][gc,heap       ] GC(52)  Metaspace       used 37623K, capacity 38109K, committed 39116K, reserved 1083392K
[2019-09-02T13:59:22.325+0800][160.211s][debug][gc,heap       ] GC(52)   class space    used 4167K, capacity 4339K, committed 4556K, reserved 1048576K
[2019-09-02T13:59:22.325+0800][160.211s][info ][gc            ] GC(52) Pause Mixed (G1 Evacuation Pause) 17M->15M(32M) 2.829ms
[2019-09-02T13:59:22.326+0800][160.212s][info ][gc,cpu        ] GC(52) User=0.13s Sys=0.00s Real=0.00s
[2019-09-02T13:59:22.518+0800][160.404s][debug][gc,heap       ] GC(53) Heap before GC invocations=53 (full 0): garbage-first heap   total 32768K, used 23200K [0x00000000fe000000, 0x0000000100000000)
[2019-09-02T13:59:22.518+0800][160.404s][debug][gc,heap       ] GC(53)   region size 1024K, 8 young (8192K), 1 survivors (1024K)
[2019-09-02T13:59:22.518+0800][160.404s][debug][gc,heap       ] GC(53)  Metaspace       used 37760K, capacity 38237K, committed 39116K, reserved 1083392K
[2019-09-02T13:59:22.518+0800][160.404s][debug][gc,heap       ] GC(53)   class space    used 4167K, capacity 4339K, committed 4556K, reserved 1048576K
[2019-09-02T13:59:22.518+0800][160.404s][info ][gc,start      ] GC(53) Pause Initial Mark (G1 Evacuation Pause)
[2019-09-02T13:59:22.518+0800][160.404s][info ][gc,task       ] GC(53) Using 8 workers of 8 for evacuation
[2019-09-02T13:59:22.518+0800][160.404s][debug][gc,age        ] GC(53) Desired survivor size 524288 bytes, new threshold 15 (max threshold 15)
[2019-09-02T13:59:22.520+0800][160.407s][trace][gc,age        ] GC(53) Age table with threshold 15 (max threshold 15)
[2019-09-02T13:59:22.521+0800][160.407s][trace][gc,age        ] GC(53) - age   1:     194552 bytes,     194552 total
[2019-09-02T13:59:22.521+0800][160.407s][trace][gc,age        ] GC(53) - age   2:       1464 bytes,     196016 total
[2019-09-02T13:59:22.521+0800][160.407s][trace][gc,age        ] GC(53) - age   3:     149888 bytes,     345904 total
[2019-09-02T13:59:22.521+0800][160.407s][trace][gc,age        ] GC(53) - age   4:     186456 bytes,     532360 total
[2019-09-02T13:59:22.521+0800][160.407s][trace][gc,age        ] GC(53) - age   5:      17512 bytes,     549872 total
[2019-09-02T13:59:22.521+0800][160.407s][trace][gc,age        ] GC(53) - age   6:      13760 bytes,     563632 total
[2019-09-02T13:59:22.521+0800][160.407s][info ][gc,phases     ] GC(53)   Pre Evacuate Collection Set: 0.0ms
[2019-09-02T13:59:22.521+0800][160.407s][info ][gc,phases     ] GC(53)   Evacuate Collection Set: 2.5ms
[2019-09-02T13:59:22.521+0800][160.407s][info ][gc,phases     ] GC(53)   Post Evacuate Collection Set: 0.1ms
[2019-09-02T13:59:22.521+0800][160.407s][info ][gc,phases     ] GC(53)   Other: 0.5ms
[2019-09-02T13:59:22.521+0800][160.407s][info ][gc,heap       ] GC(53) Eden regions: 7->0(7)
[2019-09-02T13:59:22.521+0800][160.407s][info ][gc,heap       ] GC(53) Survivor regions: 1->1(1)
[2019-09-02T13:59:22.521+0800][160.407s][info ][gc,heap       ] GC(53) Old regions: 16->16
[2019-09-02T13:59:22.521+0800][160.407s][info ][gc,heap       ] GC(53) Humongous regions: 0->0
[2019-09-02T13:59:22.521+0800][160.407s][info ][gc,metaspace  ] GC(53) Metaspace: 37760K->37760K(1083392K)
[2019-09-02T13:59:22.521+0800][160.407s][debug][gc,heap       ] GC(53) Heap after GC invocations=54 (full 0): garbage-first heap   total 32768K, used 16162K [0x00000000fe000000, 0x0000000100000000)
[2019-09-02T13:59:22.521+0800][160.407s][debug][gc,heap       ] GC(53)   region size 1024K, 1 young (1024K), 1 survivors (1024K)
[2019-09-02T13:59:22.521+0800][160.407s][debug][gc,heap       ] GC(53)  Metaspace       used 37760K, capacity 38237K, committed 39116K, reserved 1083392K
[2019-09-02T13:59:22.521+0800][160.407s][debug][gc,heap       ] GC(53)   class space    used 4167K, capacity 4339K, committed 4556K, reserved 1048576K
[2019-09-02T13:59:22.521+0800][160.407s][info ][gc            ] GC(53) Pause Initial Mark (G1 Evacuation Pause) 22M->15M(32M) 3.226ms
[2019-09-02T13:59:22.521+0800][160.407s][info ][gc,cpu        ] GC(53) User=0.00s Sys=0.00s Real=0.00s
[2019-09-02T13:59:22.521+0800][160.408s][info ][gc            ] GC(54) Concurrent Cycle
[2019-09-02T13:59:22.522+0800][160.408s][info ][gc,marking    ] GC(54) Concurrent Clear Claimed Marks
[2019-09-02T13:59:22.522+0800][160.408s][info ][gc,marking    ] GC(54) Concurrent Clear Claimed Marks 0.053ms
[2019-09-02T13:59:22.522+0800][160.408s][info ][gc,marking    ] GC(54) Concurrent Scan Root Regions
[2019-09-02T13:59:22.523+0800][160.409s][info ][gc,marking    ] GC(54) Concurrent Scan Root Regions 0.510ms
[2019-09-02T13:59:22.523+0800][160.409s][info ][gc,marking    ] GC(54) Concurrent Mark (160.409s)
[2019-09-02T13:59:22.523+0800][160.409s][info ][gc,marking    ] GC(54) Concurrent Mark From Roots
[2019-09-02T13:59:22.523+0800][160.409s][info ][gc,task       ] GC(54) Using 2 workers of 2 for marking
[2019-09-02T13:59:22.539+0800][160.425s][info ][gc,marking    ] GC(54) Concurrent Mark From Roots 16.405ms
[2019-09-02T13:59:22.539+0800][160.425s][info ][gc,marking    ] GC(54) Concurrent Mark (160.409s, 160.425s) 16.506ms
[2019-09-02T13:59:22.539+0800][160.426s][info ][gc,start      ] GC(54) Pause Remark
[2019-09-02T13:59:22.544+0800][160.430s][info ][gc,stringtable] GC(54) Cleaned string and symbol table, strings: 19263 processed, 95 removed, symbols: 106433 processed, 0 removed
[2019-09-02T13:59:22.544+0800][160.431s][info ][gc            ] GC(54) Pause Remark 16M->16M(32M) 4.914ms
[2019-09-02T13:59:22.545+0800][160.431s][info ][gc,cpu        ] GC(54) User=0.03s Sys=0.02s Real=0.01s
[2019-09-02T13:59:22.545+0800][160.431s][info ][gc,marking    ] GC(54) Concurrent Create Live Data
[2019-09-02T13:59:22.548+0800][160.434s][info ][gc,marking    ] GC(54) Concurrent Create Live Data 2.923ms
[2019-09-02T13:59:22.548+0800][160.434s][info ][gc,start      ] GC(54) Pause Cleanup
[2019-09-02T13:59:22.548+0800][160.434s][info ][gc            ] GC(54) Pause Cleanup 16M->16M(32M) 0.193ms
[2019-09-02T13:59:22.548+0800][160.435s][info ][gc,cpu        ] GC(54) User=0.00s Sys=0.00s Real=0.00s
[2019-09-02T13:59:22.548+0800][160.435s][info ][gc,marking    ] GC(54) Concurrent Cleanup for Next Mark
[2019-09-02T13:59:22.549+0800][160.435s][info ][gc,marking    ] GC(54) Concurrent Cleanup for Next Mark 0.240ms
[2019-09-02T13:59:22.549+0800][160.435s][info ][gc            ] GC(54) Concurrent Cycle 27.401ms
[2019-09-02T13:59:22.722+0800][160.609s][debug][gc,heap       ] GC(55) Heap before GC invocations=55 (full 0): garbage-first heap   total 32768K, used 23330K [0x00000000fe000000, 0x0000000100000000)
[2019-09-02T13:59:22.722+0800][160.609s][debug][gc,heap       ] GC(55)   region size 1024K, 8 young (8192K), 1 survivors (1024K)
[2019-09-02T13:59:22.722+0800][160.609s][debug][gc,heap       ] GC(55)  Metaspace       used 38214K, capacity 38621K, committed 39628K, reserved 1085440K
[2019-09-02T13:59:22.722+0800][160.609s][debug][gc,heap       ] GC(55)   class space    used 4168K, capacity 4339K, committed 4556K, reserved 1048576K
[2019-09-02T13:59:22.722+0800][160.609s][info ][gc,start      ] GC(55) Pause Young (G1 Evacuation Pause)
[2019-09-02T13:59:22.722+0800][160.609s][info ][gc,task       ] GC(55) Using 8 workers of 8 for evacuation
[2019-09-02T13:59:22.723+0800][160.609s][debug][gc,age        ] GC(55) Desired survivor size 524288 bytes, new threshold 4 (max threshold 15)
[2019-09-02T13:59:22.724+0800][160.610s][trace][gc,age        ] GC(55) Age table with threshold 4 (max threshold 15)
[2019-09-02T13:59:22.724+0800][160.610s][trace][gc,age        ] GC(55) - age   1:     281112 bytes,     281112 total
[2019-09-02T13:59:22.724+0800][160.610s][trace][gc,age        ] GC(55) - age   2:     132256 bytes,     413368 total
[2019-09-02T13:59:22.724+0800][160.610s][trace][gc,age        ] GC(55) - age   3:       1408 bytes,     414776 total
[2019-09-02T13:59:22.724+0800][160.610s][trace][gc,age        ] GC(55) - age   4:     149864 bytes,     564640 total
[2019-09-02T13:59:22.724+0800][160.610s][info ][gc,phases     ] GC(55)   Pre Evacuate Collection Set: 0.0ms
[2019-09-02T13:59:22.724+0800][160.610s][info ][gc,phases     ] GC(55)   Evacuate Collection Set: 1.0ms
[2019-09-02T13:59:22.724+0800][160.610s][info ][gc,phases     ] GC(55)   Post Evacuate Collection Set: 0.1ms
[2019-09-02T13:59:22.724+0800][160.610s][info ][gc,phases     ] GC(55)   Other: 0.5ms
[2019-09-02T13:59:22.724+0800][160.610s][info ][gc,heap       ] GC(55) Eden regions: 7->0(7)
[2019-09-02T13:59:22.724+0800][160.610s][info ][gc,heap       ] GC(55) Survivor regions: 1->1(1)
[2019-09-02T13:59:22.724+0800][160.610s][info ][gc,heap       ] GC(55) Old regions: 16->16
[2019-09-02T13:59:22.724+0800][160.610s][info ][gc,heap       ] GC(55) Humongous regions: 0->0
[2019-09-02T13:59:22.724+0800][160.610s][info ][gc,metaspace  ] GC(55) Metaspace: 38214K->38214K(1085440K)
[2019-09-02T13:59:22.724+0800][160.610s][debug][gc,heap       ] GC(55) Heap after GC invocations=56 (full 0): garbage-first heap   total 32768K, used 16386K [0x00000000fe000000, 0x0000000100000000)
[2019-09-02T13:59:22.724+0800][160.610s][debug][gc,heap       ] GC(55)   region size 1024K, 1 young (1024K), 1 survivors (1024K)
[2019-09-02T13:59:22.724+0800][160.610s][debug][gc,heap       ] GC(55)  Metaspace       used 38214K, capacity 38621K, committed 39628K, reserved 1085440K
[2019-09-02T13:59:22.724+0800][160.610s][debug][gc,heap       ] GC(55)   class space    used 4168K, capacity 4339K, committed 4556K, reserved 1048576K
[2019-09-02T13:59:22.724+0800][160.610s][info ][gc            ] GC(55) Pause Young (G1 Evacuation Pause) 22M->16M(32M) 1.696ms
[2019-09-02T13:59:22.725+0800][160.611s][info ][gc,cpu        ] GC(55) User=0.00s Sys=0.00s Real=0.00s
[2019-09-02T13:59:22.923+0800][160.809s][debug][gc,heap       ] GC(56) Heap before GC invocations=56 (full 0): garbage-first heap   total 32768K, used 23554K [0x00000000fe000000, 0x0000000100000000)
[2019-09-02T13:59:22.923+0800][160.809s][debug][gc,heap       ] GC(56)   region size 1024K, 8 young (8192K), 1 survivors (1024K)
[2019-09-02T13:59:22.923+0800][160.809s][debug][gc,heap       ] GC(56)  Metaspace       used 38294K, capacity 38749K, committed 39628K, reserved 1085440K
[2019-09-02T13:59:22.923+0800][160.809s][debug][gc,heap       ] GC(56)   class space    used 4168K, capacity 4339K, committed 4556K, reserved 1048576K
[2019-09-02T13:59:22.923+0800][160.809s][info ][gc,start      ] GC(56) Pause Initial Mark (G1 Evacuation Pause)
[2019-09-02T13:59:22.923+0800][160.809s][info ][gc,task       ] GC(56) Using 8 workers of 8 for evacuation
[2019-09-02T13:59:22.923+0800][160.809s][debug][gc,age        ] GC(56) Desired survivor size 524288 bytes, new threshold 4 (max threshold 15)
[2019-09-02T13:59:22.925+0800][160.811s][trace][gc,age        ] GC(56) Age table with threshold 4 (max threshold 15)
[2019-09-02T13:59:22.925+0800][160.811s][trace][gc,age        ] GC(56) - age   1:     100976 bytes,     100976 total
[2019-09-02T13:59:22.925+0800][160.811s][trace][gc,age        ] GC(56) - age   2:     253872 bytes,     354848 total
[2019-09-02T13:59:22.925+0800][160.811s][trace][gc,age        ] GC(56) - age   3:     132168 bytes,     487016 total
[2019-09-02T13:59:22.925+0800][160.811s][trace][gc,age        ] GC(56) - age   4:       1408 bytes,     488424 total
[2019-09-02T13:59:22.925+0800][160.811s][info ][gc,phases     ] GC(56)   Pre Evacuate Collection Set: 0.0ms
[2019-09-02T13:59:22.925+0800][160.811s][info ][gc,phases     ] GC(56)   Evacuate Collection Set: 1.1ms
[2019-09-02T13:59:22.925+0800][160.811s][info ][gc,phases     ] GC(56)   Post Evacuate Collection Set: 0.2ms
[2019-09-02T13:59:22.925+0800][160.811s][info ][gc,phases     ] GC(56)   Other: 0.4ms
[2019-09-02T13:59:22.925+0800][160.811s][info ][gc,heap       ] GC(56) Eden regions: 7->0(7)
[2019-09-02T13:59:22.925+0800][160.811s][info ][gc,heap       ] GC(56) Survivor regions: 1->1(1)
[2019-09-02T13:59:22.925+0800][160.811s][info ][gc,heap       ] GC(56) Old regions: 16->16
[2019-09-02T13:59:22.925+0800][160.811s][info ][gc,heap       ] GC(56) Humongous regions: 0->0
[2019-09-02T13:59:22.925+0800][160.811s][info ][gc,metaspace  ] GC(56) Metaspace: 38294K->38294K(1085440K)
[2019-09-02T13:59:22.925+0800][160.811s][debug][gc,heap       ] GC(56) Heap after GC invocations=57 (full 0): garbage-first heap   total 32768K, used 16477K [0x00000000fe000000, 0x0000000100000000)
[2019-09-02T13:59:22.925+0800][160.811s][debug][gc,heap       ] GC(56)   region size 1024K, 1 young (1024K), 1 survivors (1024K)
[2019-09-02T13:59:22.925+0800][160.811s][debug][gc,heap       ] GC(56)  Metaspace       used 38294K, capacity 38749K, committed 39628K, reserved 1085440K
[2019-09-02T13:59:22.925+0800][160.811s][debug][gc,heap       ] GC(56)   class space    used 4168K, capacity 4339K, committed 4556K, reserved 1048576K
[2019-09-02T13:59:22.925+0800][160.811s][info ][gc            ] GC(56) Pause Initial Mark (G1 Evacuation Pause) 23M->16M(32M) 1.771ms
[2019-09-02T13:59:22.925+0800][160.812s][info ][gc,cpu        ] GC(56) User=0.00s Sys=0.00s Real=0.00s
[2019-09-02T13:59:22.925+0800][160.812s][info ][gc            ] GC(57) Concurrent Cycle
[2019-09-02T13:59:22.942+0800][160.828s][info ][gc,marking    ] GC(57) Concurrent Clear Claimed Marks
[2019-09-02T13:59:22.942+0800][160.828s][info ][gc,marking    ] GC(57) Concurrent Clear Claimed Marks 0.055ms
[2019-09-02T13:59:22.942+0800][160.828s][info ][gc,marking    ] GC(57) Concurrent Scan Root Regions
[2019-09-02T13:59:22.942+0800][160.828s][info ][gc,marking    ] GC(57) Concurrent Scan Root Regions 0.539ms
[2019-09-02T13:59:22.942+0800][160.828s][info ][gc,marking    ] GC(57) Concurrent Mark (160.828s)
[2019-09-02T13:59:22.942+0800][160.829s][info ][gc,marking    ] GC(57) Concurrent Mark From Roots
[2019-09-02T13:59:22.942+0800][160.829s][info ][gc,task       ] GC(57) Using 2 workers of 2 for marking
[2019-09-02T13:59:22.960+0800][160.846s][info ][gc,marking    ] GC(57) Concurrent Mark From Roots 17.327ms
[2019-09-02T13:59:22.960+0800][160.846s][info ][gc,marking    ] GC(57) Concurrent Mark (160.828s, 160.846s) 17.427ms
[2019-09-02T13:59:22.960+0800][160.846s][info ][gc,start      ] GC(57) Pause Remark
[2019-09-02T13:59:22.965+0800][160.851s][info ][gc,stringtable] GC(57) Cleaned string and symbol table, strings: 19437 processed, 0 removed, symbols: 106436 processed, 3 removed
[2019-09-02T13:59:22.965+0800][160.851s][info ][gc            ] GC(57) Pause Remark 16M->16M(32M) 5.031ms
[2019-09-02T13:59:22.966+0800][160.853s][info ][gc,cpu        ] GC(57) User=0.13s Sys=0.00s Real=0.01s
[2019-09-02T13:59:22.966+0800][160.853s][info ][gc,marking    ] GC(57) Concurrent Create Live Data
[2019-09-02T13:59:22.970+0800][160.857s][info ][gc,marking    ] GC(57) Concurrent Create Live Data 3.997ms
[2019-09-02T13:59:22.971+0800][160.858s][info ][gc,start      ] GC(57) Pause Cleanup
[2019-09-02T13:59:22.972+0800][160.858s][info ][gc            ] GC(57) Pause Cleanup 16M->16M(32M) 0.218ms
[2019-09-02T13:59:22.972+0800][160.858s][info ][gc,cpu        ] GC(57) User=0.00s Sys=0.00s Real=0.00s
[2019-09-02T13:59:22.972+0800][160.858s][info ][gc,marking    ] GC(57) Concurrent Cleanup for Next Mark
[2019-09-02T13:59:22.972+0800][160.858s][info ][gc,marking    ] GC(57) Concurrent Cleanup for Next Mark 0.161ms
[2019-09-02T13:59:22.972+0800][160.858s][info ][gc            ] GC(57) Concurrent Cycle 46.762ms
[2019-09-02T13:59:23.099+0800][160.985s][debug][gc,heap       ] GC(58) Heap before GC invocations=58 (full 0): garbage-first heap   total 32768K, used 23645K [0x00000000fe000000, 0x0000000100000000)
[2019-09-02T13:59:23.099+0800][160.985s][debug][gc,heap       ] GC(58)   region size 1024K, 8 young (8192K), 1 survivors (1024K)
[2019-09-02T13:59:23.099+0800][160.985s][debug][gc,heap       ] GC(58)  Metaspace       used 38382K, capacity 38877K, committed 39884K, reserved 1085440K
[2019-09-02T13:59:23.099+0800][160.985s][debug][gc,heap       ] GC(58)   class space    used 4168K, capacity 4339K, committed 4556K, reserved 1048576K
[2019-09-02T13:59:23.099+0800][160.985s][info ][gc,start      ] GC(58) Pause Young (G1 Evacuation Pause)
[2019-09-02T13:59:23.099+0800][160.985s][info ][gc,task       ] GC(58) Using 8 workers of 8 for evacuation
[2019-09-02T13:59:23.099+0800][160.985s][debug][gc,age        ] GC(58) Desired survivor size 524288 bytes, new threshold 15 (max threshold 15)
[2019-09-02T13:59:23.100+0800][160.986s][trace][gc,age        ] GC(58) Age table with threshold 15 (max threshold 15)
[2019-09-02T13:59:23.100+0800][160.986s][trace][gc,age        ] GC(58) - age   1:      28592 bytes,      28592 total
[2019-09-02T13:59:23.100+0800][160.986s][trace][gc,age        ] GC(58) - age   2:      73904 bytes,     102496 total
[2019-09-02T13:59:23.100+0800][160.986s][trace][gc,age        ] GC(58) - age   3:     252904 bytes,     355400 total
[2019-09-02T13:59:23.100+0800][160.987s][trace][gc,age        ] GC(58) - age   4:     132168 bytes,     487568 total
[2019-09-02T13:59:23.100+0800][160.987s][trace][gc,age        ] GC(58) - age   5:       1408 bytes,     488976 total
[2019-09-02T13:59:23.100+0800][160.987s][info ][gc,phases     ] GC(58)   Pre Evacuate Collection Set: 0.0ms
[2019-09-02T13:59:23.100+0800][160.987s][info ][gc,phases     ] GC(58)   Evacuate Collection Set: 1.3ms
[2019-09-02T13:59:23.100+0800][160.987s][info ][gc,phases     ] GC(58)   Post Evacuate Collection Set: 0.1ms
[2019-09-02T13:59:23.101+0800][160.987s][info ][gc,phases     ] GC(58)   Other: 0.5ms
[2019-09-02T13:59:23.101+0800][160.987s][info ][gc,heap       ] GC(58) Eden regions: 7->0(1)
[2019-09-02T13:59:23.101+0800][160.987s][info ][gc,heap       ] GC(58) Survivor regions: 1->1(1)
[2019-09-02T13:59:23.101+0800][160.987s][info ][gc,heap       ] GC(58) Old regions: 16->16
[2019-09-02T13:59:23.101+0800][160.987s][info ][gc,heap       ] GC(58) Humongous regions: 0->0
[2019-09-02T13:59:23.101+0800][160.987s][info ][gc,metaspace  ] GC(58) Metaspace: 38382K->38382K(1085440K)
[2019-09-02T13:59:23.101+0800][160.987s][debug][gc,heap       ] GC(58) Heap after GC invocations=59 (full 0): garbage-first heap   total 32768K, used 16478K [0x00000000fe000000, 0x0000000100000000)
[2019-09-02T13:59:23.101+0800][160.987s][debug][gc,heap       ] GC(58)   region size 1024K, 1 young (1024K), 1 survivors (1024K)
[2019-09-02T13:59:23.101+0800][160.987s][debug][gc,heap       ] GC(58)  Metaspace       used 38382K, capacity 38877K, committed 39884K, reserved 1085440K
[2019-09-02T13:59:23.101+0800][160.987s][debug][gc,heap       ] GC(58)   class space    used 4168K, capacity 4339K, committed 4556K, reserved 1048576K
[2019-09-02T13:59:23.101+0800][160.987s][info ][gc            ] GC(58) Pause Young (G1 Evacuation Pause) 23M->16M(32M) 1.968ms
[2019-09-02T13:59:23.101+0800][160.987s][info ][gc,cpu        ] GC(58) User=0.00s Sys=0.00s Real=0.00s
[2019-09-02T13:59:23.116+0800][161.003s][debug][gc,heap       ] GC(59) Heap before GC invocations=59 (full 0): garbage-first heap   total 32768K, used 17502K [0x00000000fe000000, 0x0000000100000000)
[2019-09-02T13:59:23.117+0800][161.003s][debug][gc,heap       ] GC(59)   region size 1024K, 2 young (2048K), 1 survivors (1024K)
[2019-09-02T13:59:23.117+0800][161.003s][debug][gc,heap       ] GC(59)  Metaspace       used 38389K, capacity 38877K, committed 39884K, reserved 1085440K
[2019-09-02T13:59:23.117+0800][161.003s][debug][gc,heap       ] GC(59)   class space    used 4168K, capacity 4339K, committed 4556K, reserved 1048576K
[2019-09-02T13:59:23.117+0800][161.003s][info ][gc,start      ] GC(59) Pause Mixed (G1 Evacuation Pause)
[2019-09-02T13:59:23.117+0800][161.003s][info ][gc,task       ] GC(59) Using 8 workers of 8 for evacuation
[2019-09-02T13:59:23.117+0800][161.003s][debug][gc,age        ] GC(59) Desired survivor size 524288 bytes, new threshold 15 (max threshold 15)
[2019-09-02T13:59:23.119+0800][161.005s][trace][gc,age        ] GC(59) Age table with threshold 15 (max threshold 15)
[2019-09-02T13:59:23.119+0800][161.005s][trace][gc,age        ] GC(59) - age   1:      31320 bytes,      31320 total
[2019-09-02T13:59:23.119+0800][161.005s][trace][gc,age        ] GC(59) - age   2:      13648 bytes,      44968 total
[2019-09-02T13:59:23.119+0800][161.005s][trace][gc,age        ] GC(59) - age   3:      73904 bytes,     118872 total
[2019-09-02T13:59:23.119+0800][161.005s][trace][gc,age        ] GC(59) - age   4:     252904 bytes,     371776 total
[2019-09-02T13:59:23.119+0800][161.005s][trace][gc,age        ] GC(59) - age   5:     132168 bytes,     503944 total
[2019-09-02T13:59:23.119+0800][161.006s][trace][gc,age        ] GC(59) - age   6:       1408 bytes,     505352 total
[2019-09-02T13:59:23.119+0800][161.006s][info ][gc,phases     ] GC(59)   Pre Evacuate Collection Set: 0.0ms
[2019-09-02T13:59:23.120+0800][161.006s][info ][gc,phases     ] GC(59)   Evacuate Collection Set: 2.3ms
[2019-09-02T13:59:23.120+0800][161.006s][info ][gc,phases     ] GC(59)   Post Evacuate Collection Set: 0.2ms
[2019-09-02T13:59:23.120+0800][161.006s][info ][gc,phases     ] GC(59)   Other: 0.5ms
[2019-09-02T13:59:23.120+0800][161.006s][info ][gc,heap       ] GC(59) Eden regions: 1->0(7)
[2019-09-02T13:59:23.120+0800][161.006s][info ][gc,heap       ] GC(59) Survivor regions: 1->1(1)
[2019-09-02T13:59:23.120+0800][161.006s][info ][gc,heap       ] GC(59) Old regions: 16->16
[2019-09-02T13:59:23.120+0800][161.006s][info ][gc,heap       ] GC(59) Humongous regions: 0->0
[2019-09-02T13:59:23.120+0800][161.006s][info ][gc,metaspace  ] GC(59) Metaspace: 38389K->38389K(1085440K)
[2019-09-02T13:59:23.120+0800][161.006s][debug][gc,heap       ] GC(59) Heap after GC invocations=60 (full 0): garbage-first heap   total 32768K, used 16176K [0x00000000fe000000, 0x0000000100000000)
[2019-09-02T13:59:23.120+0800][161.006s][debug][gc,heap       ] GC(59)   region size 1024K, 1 young (1024K), 1 survivors (1024K)
[2019-09-02T13:59:23.120+0800][161.006s][debug][gc,heap       ] GC(59)  Metaspace       used 38389K, capacity 38877K, committed 39884K, reserved 1085440K
[2019-09-02T13:59:23.120+0800][161.006s][debug][gc,heap       ] GC(59)   class space    used 4168K, capacity 4339K, committed 4556K, reserved 1048576K
[2019-09-02T13:59:23.120+0800][161.006s][info ][gc            ] GC(59) Pause Mixed (G1 Evacuation Pause) 17M->15M(32M) 3.224ms
[2019-09-02T13:59:23.120+0800][161.006s][info ][gc,cpu        ] GC(59) User=0.03s Sys=0.02s Real=0.00s
[2019-09-02T13:59:23.274+0800][161.161s][debug][gc,heap       ] GC(60) Heap before GC invocations=60 (full 0): garbage-first heap   total 32768K, used 23344K [0x00000000fe000000, 0x0000000100000000)
[2019-09-02T13:59:23.274+0800][161.161s][debug][gc,heap       ] GC(60)   region size 1024K, 8 young (8192K), 1 survivors (1024K)
[2019-09-02T13:59:23.274+0800][161.161s][debug][gc,heap       ] GC(60)  Metaspace       used 38413K, capacity 38877K, committed 39884K, reserved 1085440K
[2019-09-02T13:59:23.274+0800][161.161s][debug][gc,heap       ] GC(60)   class space    used 4168K, capacity 4339K, committed 4556K, reserved 1048576K
[2019-09-02T13:59:23.274+0800][161.161s][info ][gc,start      ] GC(60) Pause Initial Mark (G1 Evacuation Pause)
[2019-09-02T13:59:23.274+0800][161.161s][info ][gc,task       ] GC(60) Using 8 workers of 8 for evacuation
[2019-09-02T13:59:23.274+0800][161.161s][debug][gc,age        ] GC(60) Desired survivor size 524288 bytes, new threshold 15 (max threshold 15)
[2019-09-02T13:59:23.278+0800][161.164s][trace][gc,age        ] GC(60) Age table with threshold 15 (max threshold 15)
[2019-09-02T13:59:23.278+0800][161.164s][trace][gc,age        ] GC(60) - age   1:      23744 bytes,      23744 total
[2019-09-02T13:59:23.278+0800][161.164s][trace][gc,age        ] GC(60) - age   2:       1256 bytes,      25000 total
[2019-09-02T13:59:23.278+0800][161.164s][trace][gc,age        ] GC(60) - age   3:      11336 bytes,      36336 total
[2019-09-02T13:59:23.278+0800][161.164s][trace][gc,age        ] GC(60) - age   4:      73872 bytes,     110208 total
[2019-09-02T13:59:23.278+0800][161.164s][trace][gc,age        ] GC(60) - age   5:     252904 bytes,     363112 total
[2019-09-02T13:59:23.278+0800][161.164s][trace][gc,age        ] GC(60) - age   6:     132168 bytes,     495280 total
[2019-09-02T13:59:23.278+0800][161.164s][trace][gc,age        ] GC(60) - age   7:       1408 bytes,     496688 total
[2019-09-02T13:59:23.278+0800][161.164s][info ][gc,phases     ] GC(60)   Pre Evacuate Collection Set: 0.0ms
[2019-09-02T13:59:23.278+0800][161.164s][info ][gc,phases     ] GC(60)   Evacuate Collection Set: 2.6ms
[2019-09-02T13:59:23.278+0800][161.164s][info ][gc,phases     ] GC(60)   Post Evacuate Collection Set: 0.1ms
[2019-09-02T13:59:23.278+0800][161.164s][info ][gc,phases     ] GC(60)   Other: 0.6ms
[2019-09-02T13:59:23.278+0800][161.164s][info ][gc,heap       ] GC(60) Eden regions: 7->0(7)
[2019-09-02T13:59:23.278+0800][161.164s][info ][gc,heap       ] GC(60) Survivor regions: 1->1(1)
[2019-09-02T13:59:23.278+0800][161.164s][info ][gc,heap       ] GC(60) Old regions: 16->16
[2019-09-02T13:59:23.278+0800][161.164s][info ][gc,heap       ] GC(60) Humongous regions: 0->0
[2019-09-02T13:59:23.278+0800][161.164s][info ][gc,metaspace  ] GC(60) Metaspace: 38413K->38413K(1085440K)
[2019-09-02T13:59:23.278+0800][161.164s][debug][gc,heap       ] GC(60) Heap after GC invocations=61 (full 0): garbage-first heap   total 32768K, used 16175K [0x00000000fe000000, 0x0000000100000000)
[2019-09-02T13:59:23.278+0800][161.164s][debug][gc,heap       ] GC(60)   region size 1024K, 1 young (1024K), 1 survivors (1024K)
[2019-09-02T13:59:23.278+0800][161.164s][debug][gc,heap       ] GC(60)  Metaspace       used 38413K, capacity 38877K, committed 39884K, reserved 1085440K
[2019-09-02T13:59:23.278+0800][161.164s][debug][gc,heap       ] GC(60)   class space    used 4168K, capacity 4339K, committed 4556K, reserved 1048576K
[2019-09-02T13:59:23.278+0800][161.164s][info ][gc            ] GC(60) Pause Initial Mark (G1 Evacuation Pause) 22M->15M(32M) 3.398ms
[2019-09-02T13:59:23.279+0800][161.165s][info ][gc,cpu        ] GC(60) User=0.09s Sys=0.02s Real=0.01s
[2019-09-02T13:59:23.279+0800][161.165s][info ][gc            ] GC(61) Concurrent Cycle
[2019-09-02T13:59:23.282+0800][161.169s][info ][gc,marking    ] GC(61) Concurrent Clear Claimed Marks
[2019-09-02T13:59:23.283+0800][161.169s][info ][gc,marking    ] GC(61) Concurrent Clear Claimed Marks 0.442ms
[2019-09-02T13:59:23.283+0800][161.169s][info ][gc,marking    ] GC(61) Concurrent Scan Root Regions
[2019-09-02T13:59:23.283+0800][161.170s][info ][gc,marking    ] GC(61) Concurrent Scan Root Regions 0.496ms
[2019-09-02T13:59:23.283+0800][161.170s][info ][gc,marking    ] GC(61) Concurrent Mark (161.170s)
[2019-09-02T13:59:23.284+0800][161.170s][info ][gc,marking    ] GC(61) Concurrent Mark From Roots
[2019-09-02T13:59:23.284+0800][161.170s][info ][gc,task       ] GC(61) Using 2 workers of 2 for marking
[2019-09-02T13:59:23.302+0800][161.188s][info ][gc,marking    ] GC(61) Concurrent Mark From Roots 18.263ms
[2019-09-02T13:59:23.302+0800][161.188s][info ][gc,marking    ] GC(61) Concurrent Mark (161.170s, 161.188s) 18.441ms
[2019-09-02T13:59:23.303+0800][161.188s][info ][gc,start      ] GC(61) Pause Remark
[2019-09-02T13:59:23.307+0800][161.193s][info ][gc,stringtable] GC(61) Cleaned string and symbol table, strings: 19513 processed, 0 removed, symbols: 106434 processed, 0 removed
[2019-09-02T13:59:23.308+0800][161.193s][info ][gc            ] GC(61) Pause Remark 16M->16M(32M) 4.775ms
[2019-09-02T13:59:23.308+0800][161.194s][info ][gc,cpu        ] GC(61) User=0.13s Sys=0.00s Real=0.01s
[2019-09-02T13:59:23.309+0800][161.194s][info ][gc,marking    ] GC(61) Concurrent Create Live Data
[2019-09-02T13:59:23.312+0800][161.198s][info ][gc,marking    ] GC(61) Concurrent Create Live Data 3.234ms
[2019-09-02T13:59:23.312+0800][161.198s][info ][gc,start      ] GC(61) Pause Cleanup
[2019-09-02T13:59:23.312+0800][161.198s][info ][gc            ] GC(61) Pause Cleanup 16M->16M(32M) 0.191ms
[2019-09-02T13:59:23.313+0800][161.198s][info ][gc,cpu        ] GC(61) User=0.00s Sys=0.00s Real=0.00s
[2019-09-02T13:59:23.313+0800][161.198s][info ][gc,marking    ] GC(61) Concurrent Cleanup for Next Mark
[2019-09-02T13:59:23.313+0800][161.198s][info ][gc,marking    ] GC(61) Concurrent Cleanup for Next Mark 0.111ms
[2019-09-02T13:59:23.313+0800][161.198s][info ][gc            ] GC(61) Concurrent Cycle 33.168ms
[2019-09-02T13:59:23.430+0800][161.316s][debug][gc,heap       ] GC(62) Heap before GC invocations=62 (full 0): garbage-first heap   total 32768K, used 23343K [0x00000000fe000000, 0x0000000100000000)
[2019-09-02T13:59:23.430+0800][161.316s][debug][gc,heap       ] GC(62)   region size 1024K, 8 young (8192K), 1 survivors (1024K)
[2019-09-02T13:59:23.430+0800][161.316s][debug][gc,heap       ] GC(62)  Metaspace       used 38413K, capacity 38877K, committed 39884K, reserved 1085440K
[2019-09-02T13:59:23.430+0800][161.316s][debug][gc,heap       ] GC(62)   class space    used 4168K, capacity 4339K, committed 4556K, reserved 1048576K
[2019-09-02T13:59:23.430+0800][161.316s][info ][gc,start      ] GC(62) Pause Young (G1 Evacuation Pause)
[2019-09-02T13:59:23.430+0800][161.316s][info ][gc,task       ] GC(62) Using 8 workers of 8 for evacuation
[2019-09-02T13:59:23.430+0800][161.316s][debug][gc,age        ] GC(62) Desired survivor size 524288 bytes, new threshold 15 (max threshold 15)
[2019-09-02T13:59:23.431+0800][161.317s][trace][gc,age        ] GC(62) Age table with threshold 15 (max threshold 15)
[2019-09-02T13:59:23.431+0800][161.317s][trace][gc,age        ] GC(62) - age   1:      48696 bytes,      48696 total
[2019-09-02T13:59:23.431+0800][161.317s][trace][gc,age        ] GC(62) - age   2:       8696 bytes,      57392 total
[2019-09-02T13:59:23.431+0800][161.318s][trace][gc,age        ] GC(62) - age   3:       1256 bytes,      58648 total
[2019-09-02T13:59:23.431+0800][161.318s][trace][gc,age        ] GC(62) - age   4:      11336 bytes,      69984 total
[2019-09-02T13:59:23.431+0800][161.318s][trace][gc,age        ] GC(62) - age   5:      73848 bytes,     143832 total
[2019-09-02T13:59:23.431+0800][161.318s][trace][gc,age        ] GC(62) - age   6:     252904 bytes,     396736 total
[2019-09-02T13:59:23.431+0800][161.318s][trace][gc,age        ] GC(62) - age   7:     132168 bytes,     528904 total
[2019-09-02T13:59:23.431+0800][161.318s][trace][gc,age        ] GC(62) - age   8:       1408 bytes,     530312 total
[2019-09-02T13:59:23.431+0800][161.318s][info ][gc,phases     ] GC(62)   Pre Evacuate Collection Set: 0.0ms
[2019-09-02T13:59:23.431+0800][161.318s][info ][gc,phases     ] GC(62)   Evacuate Collection Set: 1.2ms
[2019-09-02T13:59:23.432+0800][161.318s][info ][gc,phases     ] GC(62)   Post Evacuate Collection Set: 0.1ms
[2019-09-02T13:59:23.432+0800][161.318s][info ][gc,phases     ] GC(62)   Other: 0.6ms
[2019-09-02T13:59:23.432+0800][161.318s][info ][gc,heap       ] GC(62) Eden regions: 7->0(8)
[2019-09-02T13:59:23.432+0800][161.318s][info ][gc,heap       ] GC(62) Survivor regions: 1->1(1)
[2019-09-02T13:59:23.432+0800][161.318s][info ][gc,heap       ] GC(62) Old regions: 16->16
[2019-09-02T13:59:23.432+0800][161.318s][info ][gc,heap       ] GC(62) Humongous regions: 0->0
[2019-09-02T13:59:23.432+0800][161.318s][info ][gc,metaspace  ] GC(62) Metaspace: 38413K->38413K(1085440K)
[2019-09-02T13:59:23.432+0800][161.318s][debug][gc,heap       ] GC(62) Heap after GC invocations=63 (full 0): garbage-first heap   total 32768K, used 16200K [0x00000000fe000000, 0x0000000100000000)
[2019-09-02T13:59:23.432+0800][161.318s][debug][gc,heap       ] GC(62)   region size 1024K, 1 young (1024K), 1 survivors (1024K)
[2019-09-02T13:59:23.432+0800][161.318s][debug][gc,heap       ] GC(62)  Metaspace       used 38413K, capacity 38877K, committed 39884K, reserved 1085440K
[2019-09-02T13:59:23.432+0800][161.318s][debug][gc,heap       ] GC(62)   class space    used 4168K, capacity 4339K, committed 4556K, reserved 1048576K
[2019-09-02T13:59:23.432+0800][161.318s][info ][gc            ] GC(62) Pause Young (G1 Evacuation Pause) 22M->15M(32M) 2.056ms
[2019-09-02T13:59:23.432+0800][161.319s][info ][gc,cpu        ] GC(62) User=0.03s Sys=0.02s Real=0.00s
[2019-09-02T13:59:23.578+0800][161.464s][debug][gc,heap       ] GC(63) Heap before GC invocations=63 (full 0): garbage-first heap   total 32768K, used 24392K [0x00000000fe000000, 0x0000000100000000)
[2019-09-02T13:59:23.578+0800][161.464s][debug][gc,heap       ] GC(63)   region size 1024K, 9 young (9216K), 1 survivors (1024K)
[2019-09-02T13:59:23.578+0800][161.464s][debug][gc,heap       ] GC(63)  Metaspace       used 38413K, capacity 38877K, committed 39884K, reserved 1085440K
[2019-09-02T13:59:23.578+0800][161.464s][debug][gc,heap       ] GC(63)   class space    used 4168K, capacity 4339K, committed 4556K, reserved 1048576K
[2019-09-02T13:59:23.578+0800][161.464s][info ][gc,start      ] GC(63) Pause Young (G1 Evacuation Pause)
[2019-09-02T13:59:23.578+0800][161.464s][info ][gc,task       ] GC(63) Using 8 workers of 8 for evacuation
[2019-09-02T13:59:23.578+0800][161.465s][debug][gc,age        ] GC(63) Desired survivor size 1048576 bytes, new threshold 15 (max threshold 15)
[2019-09-02T13:59:23.579+0800][161.465s][trace][gc,age        ] GC(63) Age table with threshold 15 (max threshold 15)
[2019-09-02T13:59:23.579+0800][161.466s][trace][gc,age        ] GC(63) - age   1:      47736 bytes,      47736 total
[2019-09-02T13:59:23.579+0800][161.466s][trace][gc,age        ] GC(63) - age   2:       8624 bytes,      56360 total
[2019-09-02T13:59:23.579+0800][161.466s][trace][gc,age        ] GC(63) - age   3:       8448 bytes,      64808 total
[2019-09-02T13:59:23.579+0800][161.466s][trace][gc,age        ] GC(63) - age   4:       1256 bytes,      66064 total
[2019-09-02T13:59:23.579+0800][161.466s][trace][gc,age        ] GC(63) - age   5:      11336 bytes,      77400 total
[2019-09-02T13:59:23.579+0800][161.466s][trace][gc,age        ] GC(63) - age   6:      73848 bytes,     151248 total
[2019-09-02T13:59:23.579+0800][161.466s][trace][gc,age        ] GC(63) - age   7:     251936 bytes,     403184 total
[2019-09-02T13:59:23.579+0800][161.466s][trace][gc,age        ] GC(63) - age   8:     132168 bytes,     535352 total
[2019-09-02T13:59:23.579+0800][161.466s][trace][gc,age        ] GC(63) - age   9:       1408 bytes,     536760 total
[2019-09-02T13:59:23.579+0800][161.466s][info ][gc,phases     ] GC(63)   Pre Evacuate Collection Set: 0.0ms
[2019-09-02T13:59:23.580+0800][161.466s][info ][gc,phases     ] GC(63)   Evacuate Collection Set: 0.9ms
[2019-09-02T13:59:23.580+0800][161.466s][info ][gc,phases     ] GC(63)   Post Evacuate Collection Set: 0.1ms
[2019-09-02T13:59:23.580+0800][161.466s][info ][gc,phases     ] GC(63)   Other: 0.4ms
[2019-09-02T13:59:23.580+0800][161.466s][info ][gc,heap       ] GC(63) Eden regions: 8->0(8)
[2019-09-02T13:59:23.580+0800][161.466s][info ][gc,heap       ] GC(63) Survivor regions: 1->1(2)
[2019-09-02T13:59:23.580+0800][161.466s][info ][gc,heap       ] GC(63) Old regions: 16->16
[2019-09-02T13:59:23.580+0800][161.466s][info ][gc,heap       ] GC(63) Humongous regions: 0->0
[2019-09-02T13:59:23.580+0800][161.466s][info ][gc,metaspace  ] GC(63) Metaspace: 38413K->38413K(1085440K)
[2019-09-02T13:59:23.580+0800][161.466s][debug][gc,heap       ] GC(63) Heap after GC invocations=64 (full 0): garbage-first heap   total 32768K, used 16212K [0x00000000fe000000, 0x0000000100000000)
[2019-09-02T13:59:23.580+0800][161.466s][debug][gc,heap       ] GC(63)   region size 1024K, 1 young (1024K), 1 survivors (1024K)
[2019-09-02T13:59:23.580+0800][161.466s][debug][gc,heap       ] GC(63)  Metaspace       used 38413K, capacity 38877K, committed 39884K, reserved 1085440K
[2019-09-02T13:59:23.580+0800][161.466s][debug][gc,heap       ] GC(63)   class space    used 4168K, capacity 4339K, committed 4556K, reserved 1048576K
[2019-09-02T13:59:23.580+0800][161.466s][info ][gc            ] GC(63) Pause Young (G1 Evacuation Pause) 23M->15M(32M) 1.611ms
[2019-09-02T13:59:23.580+0800][161.466s][info ][gc,cpu        ] GC(63) User=0.00s Sys=0.00s Real=0.00s
[2019-09-02T13:59:23.739+0800][161.626s][debug][gc,heap       ] GC(64) Heap before GC invocations=64 (full 0): garbage-first heap   total 32768K, used 24404K [0x00000000fe000000, 0x0000000100000000)
[2019-09-02T13:59:23.739+0800][161.626s][debug][gc,heap       ] GC(64)   region size 1024K, 9 young (9216K), 1 survivors (1024K)
[2019-09-02T13:59:23.739+0800][161.626s][debug][gc,heap       ] GC(64)  Metaspace       used 38413K, capacity 38877K, committed 39884K, reserved 1085440K
[2019-09-02T13:59:23.739+0800][161.626s][debug][gc,heap       ] GC(64)   class space    used 4168K, capacity 4339K, committed 4556K, reserved 1048576K
[2019-09-02T13:59:23.739+0800][161.626s][info ][gc,start      ] GC(64) Pause Young (G1 Evacuation Pause)
[2019-09-02T13:59:23.739+0800][161.626s][info ][gc,task       ] GC(64) Using 8 workers of 8 for evacuation
[2019-09-02T13:59:23.739+0800][161.626s][debug][gc,age        ] GC(64) Desired survivor size 1048576 bytes, new threshold 15 (max threshold 15)
[2019-09-02T13:59:23.741+0800][161.627s][trace][gc,age        ] GC(64) Age table with threshold 15 (max threshold 15)
[2019-09-02T13:59:23.741+0800][161.627s][trace][gc,age        ] GC(64) - age   1:      25728 bytes,      25728 total
[2019-09-02T13:59:23.741+0800][161.627s][trace][gc,age        ] GC(64) - age   2:      29952 bytes,      55680 total
[2019-09-02T13:59:23.741+0800][161.627s][trace][gc,age        ] GC(64) - age   3:       8600 bytes,      64280 total
[2019-09-02T13:59:23.741+0800][161.627s][trace][gc,age        ] GC(64) - age   4:       8448 bytes,      72728 total
[2019-09-02T13:59:23.741+0800][161.627s][trace][gc,age        ] GC(64) - age   5:       1256 bytes,      73984 total
[2019-09-02T13:59:23.741+0800][161.627s][trace][gc,age        ] GC(64) - age   6:      11336 bytes,      85320 total
[2019-09-02T13:59:23.741+0800][161.627s][trace][gc,age        ] GC(64) - age   7:      73848 bytes,     159168 total
[2019-09-02T13:59:23.741+0800][161.627s][trace][gc,age        ] GC(64) - age   8:     251936 bytes,     411104 total
[2019-09-02T13:59:23.741+0800][161.628s][trace][gc,age        ] GC(64) - age   9:     132168 bytes,     543272 total
[2019-09-02T13:59:23.741+0800][161.628s][trace][gc,age        ] GC(64) - age  10:       1408 bytes,     544680 total
[2019-09-02T13:59:23.741+0800][161.628s][info ][gc,phases     ] GC(64)   Pre Evacuate Collection Set: 0.0ms
[2019-09-02T13:59:23.741+0800][161.628s][info ][gc,phases     ] GC(64)   Evacuate Collection Set: 1.2ms
[2019-09-02T13:59:23.741+0800][161.628s][info ][gc,phases     ] GC(64)   Post Evacuate Collection Set: 0.2ms
[2019-09-02T13:59:23.741+0800][161.628s][info ][gc,phases     ] GC(64)   Other: 0.6ms
[2019-09-02T13:59:23.741+0800][161.628s][info ][gc,heap       ] GC(64) Eden regions: 8->0(8)
[2019-09-02T13:59:23.741+0800][161.628s][info ][gc,heap       ] GC(64) Survivor regions: 1->1(2)
[2019-09-02T13:59:23.741+0800][161.628s][info ][gc,heap       ] GC(64) Old regions: 16->16
[2019-09-02T13:59:23.741+0800][161.628s][info ][gc,heap       ] GC(64) Humongous regions: 0->0
[2019-09-02T13:59:23.741+0800][161.628s][info ][gc,metaspace  ] GC(64) Metaspace: 38413K->38413K(1085440K)
[2019-09-02T13:59:23.741+0800][161.628s][debug][gc,heap       ] GC(64) Heap after GC invocations=65 (full 0): garbage-first heap   total 32768K, used 16216K [0x00000000fe000000, 0x0000000100000000)
[2019-09-02T13:59:23.741+0800][161.628s][debug][gc,heap       ] GC(64)   region size 1024K, 1 young (1024K), 1 survivors (1024K)
[2019-09-02T13:59:23.741+0800][161.628s][debug][gc,heap       ] GC(64)  Metaspace       used 38413K, capacity 38877K, committed 39884K, reserved 1085440K
[2019-09-02T13:59:23.742+0800][161.628s][debug][gc,heap       ] GC(64)   class space    used 4168K, capacity 4339K, committed 4556K, reserved 1048576K
[2019-09-02T13:59:23.742+0800][161.628s][info ][gc            ] GC(64) Pause Young (G1 Evacuation Pause) 23M->15M(32M) 2.189ms
[2019-09-02T13:59:23.742+0800][161.628s][info ][gc,cpu        ] GC(64) User=0.00s Sys=0.00s Real=0.00s
[2019-09-02T13:59:23.960+0800][161.846s][debug][gc,heap       ] GC(65) Heap before GC invocations=65 (full 0): garbage-first heap   total 32768K, used 24408K [0x00000000fe000000, 0x0000000100000000)
[2019-09-02T13:59:23.960+0800][161.846s][debug][gc,heap       ] GC(65)   region size 1024K, 9 young (9216K), 1 survivors (1024K)
[2019-09-02T13:59:23.960+0800][161.846s][debug][gc,heap       ] GC(65)  Metaspace       used 38414K, capacity 38877K, committed 39884K, reserved 1085440K
[2019-09-02T13:59:23.960+0800][161.846s][debug][gc,heap       ] GC(65)   class space    used 4168K, capacity 4339K, committed 4556K, reserved 1048576K
[2019-09-02T13:59:23.960+0800][161.846s][info ][gc,start      ] GC(65) Pause Young (G1 Evacuation Pause)
[2019-09-02T13:59:23.960+0800][161.846s][info ][gc,task       ] GC(65) Using 8 workers of 8 for evacuation
[2019-09-02T13:59:23.960+0800][161.846s][debug][gc,age        ] GC(65) Desired survivor size 1048576 bytes, new threshold 15 (max threshold 15)
[2019-09-02T13:59:23.962+0800][161.848s][trace][gc,age        ] GC(65) Age table with threshold 15 (max threshold 15)
[2019-09-02T13:59:23.962+0800][161.848s][trace][gc,age        ] GC(65) - age   1:      59256 bytes,      59256 total
[2019-09-02T13:59:23.962+0800][161.848s][trace][gc,age        ] GC(65) - age   2:       8784 bytes,      68040 total
[2019-09-02T13:59:23.962+0800][161.848s][trace][gc,age        ] GC(65) - age   3:      28016 bytes,      96056 total
[2019-09-02T13:59:23.962+0800][161.848s][trace][gc,age        ] GC(65) - age   4:       8600 bytes,     104656 total
[2019-09-02T13:59:23.962+0800][161.848s][trace][gc,age        ] GC(65) - age   5:       8392 bytes,     113048 total
[2019-09-02T13:59:23.962+0800][161.848s][trace][gc,age        ] GC(65) - age   6:       1256 bytes,     114304 total
[2019-09-02T13:59:23.962+0800][161.848s][trace][gc,age        ] GC(65) - age   7:      11336 bytes,     125640 total
[2019-09-02T13:59:23.962+0800][161.848s][trace][gc,age        ] GC(65) - age   8:      73776 bytes,     199416 total
[2019-09-02T13:59:23.962+0800][161.848s][trace][gc,age        ] GC(65) - age   9:     251936 bytes,     451352 total
[2019-09-02T13:59:23.962+0800][161.848s][trace][gc,age        ] GC(65) - age  10:     132168 bytes,     583520 total
[2019-09-02T13:59:23.962+0800][161.848s][trace][gc,age        ] GC(65) - age  11:       1408 bytes,     584928 total
[2019-09-02T13:59:23.962+0800][161.848s][info ][gc,phases     ] GC(65)   Pre Evacuate Collection Set: 0.0ms
[2019-09-02T13:59:23.962+0800][161.848s][info ][gc,phases     ] GC(65)   Evacuate Collection Set: 1.0ms
[2019-09-02T13:59:23.962+0800][161.848s][info ][gc,phases     ] GC(65)   Post Evacuate Collection Set: 0.2ms
[2019-09-02T13:59:23.962+0800][161.848s][info ][gc,phases     ] GC(65)   Other: 0.7ms
[2019-09-02T13:59:23.962+0800][161.848s][info ][gc,heap       ] GC(65) Eden regions: 8->0(8)
[2019-09-02T13:59:23.962+0800][161.848s][info ][gc,heap       ] GC(65) Survivor regions: 1->1(2)
[2019-09-02T13:59:23.962+0800][161.848s][info ][gc,heap       ] GC(65) Old regions: 16->16
[2019-09-02T13:59:23.962+0800][161.848s][info ][gc,heap       ] GC(65) Humongous regions: 0->0
[2019-09-02T13:59:23.962+0800][161.848s][info ][gc,metaspace  ] GC(65) Metaspace: 38414K->38414K(1085440K)
[2019-09-02T13:59:23.962+0800][161.848s][debug][gc,heap       ] GC(65) Heap after GC invocations=66 (full 0): garbage-first heap   total 32768K, used 16258K [0x00000000fe000000, 0x0000000100000000)
[2019-09-02T13:59:23.962+0800][161.848s][debug][gc,heap       ] GC(65)   region size 1024K, 1 young (1024K), 1 survivors (1024K)
[2019-09-02T13:59:23.962+0800][161.848s][debug][gc,heap       ] GC(65)  Metaspace       used 38414K, capacity 38877K, committed 39884K, reserved 1085440K
[2019-09-02T13:59:23.962+0800][161.848s][debug][gc,heap       ] GC(65)   class space    used 4168K, capacity 4339K, committed 4556K, reserved 1048576K
[2019-09-02T13:59:23.962+0800][161.848s][info ][gc            ] GC(65) Pause Young (G1 Evacuation Pause) 23M->15M(32M) 2.028ms
[2019-09-02T13:59:23.963+0800][161.849s][info ][gc,cpu        ] GC(65) User=0.03s Sys=0.00s Real=0.00s
[2019-09-02T13:59:24.095+0800][161.982s][debug][gc,heap       ] GC(66) Heap before GC invocations=66 (full 0): garbage-first heap   total 32768K, used 24450K [0x00000000fe000000, 0x0000000100000000)
[2019-09-02T13:59:24.095+0800][161.982s][debug][gc,heap       ] GC(66)   region size 1024K, 9 young (9216K), 1 survivors (1024K)
[2019-09-02T13:59:24.095+0800][161.982s][debug][gc,heap       ] GC(66)  Metaspace       used 38416K, capacity 38877K, committed 39884K, reserved 1085440K
[2019-09-02T13:59:24.095+0800][161.982s][debug][gc,heap       ] GC(66)   class space    used 4168K, capacity 4339K, committed 4556K, reserved 1048576K
[2019-09-02T13:59:24.095+0800][161.982s][info ][gc,start      ] GC(66) Pause Young (G1 Evacuation Pause)
[2019-09-02T13:59:24.095+0800][161.982s][info ][gc,task       ] GC(66) Using 8 workers of 8 for evacuation
[2019-09-02T13:59:24.095+0800][161.982s][debug][gc,age        ] GC(66) Desired survivor size 1048576 bytes, new threshold 15 (max threshold 15)
[2019-09-02T13:59:24.097+0800][161.983s][trace][gc,age        ] GC(66) Age table with threshold 15 (max threshold 15)
[2019-09-02T13:59:24.097+0800][161.984s][trace][gc,age        ] GC(66) - age   1:      46088 bytes,      46088 total
[2019-09-02T13:59:24.097+0800][161.984s][trace][gc,age        ] GC(66) - age   2:      15920 bytes,      62008 total
[2019-09-02T13:59:24.097+0800][161.984s][trace][gc,age        ] GC(66) - age   3:       8784 bytes,      70792 total
[2019-09-02T13:59:24.097+0800][161.984s][trace][gc,age        ] GC(66) - age   4:      28016 bytes,      98808 total
[2019-09-02T13:59:24.097+0800][161.984s][trace][gc,age        ] GC(66) - age   5:       8600 bytes,     107408 total
[2019-09-02T13:59:24.097+0800][161.984s][trace][gc,age        ] GC(66) - age   6:       8392 bytes,     115800 total
[2019-09-02T13:59:24.097+0800][161.984s][trace][gc,age        ] GC(66) - age   7:       1256 bytes,     117056 total
[2019-09-02T13:59:24.097+0800][161.984s][trace][gc,age        ] GC(66) - age   8:      11336 bytes,     128392 total
[2019-09-02T13:59:24.097+0800][161.984s][trace][gc,age        ] GC(66) - age   9:      73776 bytes,     202168 total
[2019-09-02T13:59:24.097+0800][161.984s][trace][gc,age        ] GC(66) - age  10:     251936 bytes,     454104 total
[2019-09-02T13:59:24.097+0800][161.984s][trace][gc,age        ] GC(66) - age  11:     132136 bytes,     586240 total
[2019-09-02T13:59:24.097+0800][161.984s][trace][gc,age        ] GC(66) - age  12:       1408 bytes,     587648 total
[2019-09-02T13:59:24.097+0800][161.984s][info ][gc,phases     ] GC(66)   Pre Evacuate Collection Set: 0.0ms
[2019-09-02T13:59:24.097+0800][161.984s][info ][gc,phases     ] GC(66)   Evacuate Collection Set: 1.2ms
[2019-09-02T13:59:24.097+0800][161.984s][info ][gc,phases     ] GC(66)   Post Evacuate Collection Set: 0.1ms
[2019-09-02T13:59:24.097+0800][161.984s][info ][gc,phases     ] GC(66)   Other: 0.6ms
[2019-09-02T13:59:24.097+0800][161.984s][info ][gc,heap       ] GC(66) Eden regions: 8->0(8)
[2019-09-02T13:59:24.097+0800][161.984s][info ][gc,heap       ] GC(66) Survivor regions: 1->1(2)
[2019-09-02T13:59:24.097+0800][161.984s][info ][gc,heap       ] GC(66) Old regions: 16->16
[2019-09-02T13:59:24.097+0800][161.984s][info ][gc,heap       ] GC(66) Humongous regions: 0->0
[2019-09-02T13:59:24.097+0800][161.984s][info ][gc,metaspace  ] GC(66) Metaspace: 38416K->38416K(1085440K)
[2019-09-02T13:59:24.097+0800][161.984s][debug][gc,heap       ] GC(66) Heap after GC invocations=67 (full 0): garbage-first heap   total 32768K, used 16267K [0x00000000fe000000, 0x0000000100000000)
[2019-09-02T13:59:24.097+0800][161.984s][debug][gc,heap       ] GC(66)   region size 1024K, 1 young (1024K), 1 survivors (1024K)
[2019-09-02T13:59:24.097+0800][161.984s][debug][gc,heap       ] GC(66)  Metaspace       used 38416K, capacity 38877K, committed 39884K, reserved 1085440K
[2019-09-02T13:59:24.097+0800][161.984s][debug][gc,heap       ] GC(66)   class space    used 4168K, capacity 4339K, committed 4556K, reserved 1048576K
[2019-09-02T13:59:24.098+0800][161.984s][info ][gc            ] GC(66) Pause Young (G1 Evacuation Pause) 23M->15M(32M) 2.082ms
[2019-09-02T13:59:24.098+0800][161.985s][info ][gc,cpu        ] GC(66) User=0.00s Sys=0.00s Real=0.00s
[2019-09-02T13:59:24.234+0800][162.121s][debug][gc,heap       ] GC(67) Heap before GC invocations=67 (full 0): garbage-first heap   total 32768K, used 24459K [0x00000000fe000000, 0x0000000100000000)
[2019-09-02T13:59:24.234+0800][162.121s][debug][gc,heap       ] GC(67)   region size 1024K, 9 young (9216K), 1 survivors (1024K)
[2019-09-02T13:59:24.234+0800][162.121s][debug][gc,heap       ] GC(67)  Metaspace       used 38416K, capacity 38877K, committed 39884K, reserved 1085440K
[2019-09-02T13:59:24.234+0800][162.121s][debug][gc,heap       ] GC(67)   class space    used 4168K, capacity 4339K, committed 4556K, reserved 1048576K
[2019-09-02T13:59:24.234+0800][162.121s][info ][gc,start      ] GC(67) Pause Young (G1 Evacuation Pause)
[2019-09-02T13:59:24.234+0800][162.121s][info ][gc,task       ] GC(67) Using 8 workers of 8 for evacuation
[2019-09-02T13:59:24.234+0800][162.121s][debug][gc,age        ] GC(67) Desired survivor size 1048576 bytes, new threshold 15 (max threshold 15)
[2019-09-02T13:59:24.235+0800][162.122s][trace][gc,age        ] GC(67) Age table with threshold 15 (max threshold 15)
[2019-09-02T13:59:24.235+0800][162.122s][trace][gc,age        ] GC(67) - age   1:      27336 bytes,      27336 total
[2019-09-02T13:59:24.235+0800][162.122s][trace][gc,age        ] GC(67) - age   2:       9152 bytes,      36488 total
[2019-09-02T13:59:24.235+0800][162.122s][trace][gc,age        ] GC(67) - age   3:      14952 bytes,      51440 total
[2019-09-02T13:59:24.235+0800][162.122s][trace][gc,age        ] GC(67) - age   4:       8760 bytes,      60200 total
[2019-09-02T13:59:24.235+0800][162.122s][trace][gc,age        ] GC(67) - age   5:      28016 bytes,      88216 total
[2019-09-02T13:59:24.235+0800][162.122s][trace][gc,age        ] GC(67) - age   6:       8600 bytes,      96816 total
[2019-09-02T13:59:24.235+0800][162.122s][trace][gc,age        ] GC(67) - age   7:       8392 bytes,     105208 total
[2019-09-02T13:59:24.235+0800][162.122s][trace][gc,age        ] GC(67) - age   8:       1256 bytes,     106464 total
[2019-09-02T13:59:24.235+0800][162.122s][trace][gc,age        ] GC(67) - age   9:      11336 bytes,     117800 total
[2019-09-02T13:59:24.235+0800][162.122s][trace][gc,age        ] GC(67) - age  10:      73776 bytes,     191576 total
[2019-09-02T13:59:24.235+0800][162.122s][trace][gc,age        ] GC(67) - age  11:     251936 bytes,     443512 total
[2019-09-02T13:59:24.236+0800][162.122s][trace][gc,age        ] GC(67) - age  12:     132136 bytes,     575648 total
[2019-09-02T13:59:24.236+0800][162.122s][trace][gc,age        ] GC(67) - age  13:       1408 bytes,     577056 total
[2019-09-02T13:59:24.236+0800][162.122s][info ][gc,phases     ] GC(67)   Pre Evacuate Collection Set: 0.0ms
[2019-09-02T13:59:24.236+0800][162.122s][info ][gc,phases     ] GC(67)   Evacuate Collection Set: 0.9ms
[2019-09-02T13:59:24.236+0800][162.122s][info ][gc,phases     ] GC(67)   Post Evacuate Collection Set: 0.1ms
[2019-09-02T13:59:24.236+0800][162.122s][info ][gc,phases     ] GC(67)   Other: 0.6ms
[2019-09-02T13:59:24.236+0800][162.122s][info ][gc,heap       ] GC(67) Eden regions: 8->0(8)
[2019-09-02T13:59:24.236+0800][162.122s][info ][gc,heap       ] GC(67) Survivor regions: 1->1(2)
[2019-09-02T13:59:24.236+0800][162.122s][info ][gc,heap       ] GC(67) Old regions: 16->16
[2019-09-02T13:59:24.236+0800][162.122s][info ][gc,heap       ] GC(67) Humongous regions: 0->0
[2019-09-02T13:59:24.236+0800][162.122s][info ][gc,metaspace  ] GC(67) Metaspace: 38416K->38416K(1085440K)
[2019-09-02T13:59:24.236+0800][162.122s][debug][gc,heap       ] GC(67) Heap after GC invocations=68 (full 0): garbage-first heap   total 32768K, used 16253K [0x00000000fe000000, 0x0000000100000000)
[2019-09-02T13:59:24.236+0800][162.122s][debug][gc,heap       ] GC(67)   region size 1024K, 1 young (1024K), 1 survivors (1024K)
[2019-09-02T13:59:24.236+0800][162.122s][debug][gc,heap       ] GC(67)  Metaspace       used 38416K, capacity 38877K, committed 39884K, reserved 1085440K
[2019-09-02T13:59:24.236+0800][162.122s][debug][gc,heap       ] GC(67)   class space    used 4168K, capacity 4339K, committed 4556K, reserved 1048576K
[2019-09-02T13:59:24.236+0800][162.122s][info ][gc            ] GC(67) Pause Young (G1 Evacuation Pause) 23M->15M(32M) 1.650ms
[2019-09-02T13:59:24.236+0800][162.123s][info ][gc,cpu        ] GC(67) User=0.00s Sys=0.00s Real=0.00s
[2019-09-02T13:59:24.356+0800][162.242s][debug][gc,heap       ] GC(68) Heap before GC invocations=68 (full 0): garbage-first heap   total 32768K, used 24445K [0x00000000fe000000, 0x0000000100000000)
[2019-09-02T13:59:24.356+0800][162.242s][debug][gc,heap       ] GC(68)   region size 1024K, 9 young (9216K), 1 survivors (1024K)
[2019-09-02T13:59:24.356+0800][162.242s][debug][gc,heap       ] GC(68)  Metaspace       used 38416K, capacity 38877K, committed 39884K, reserved 1085440K
[2019-09-02T13:59:24.356+0800][162.242s][debug][gc,heap       ] GC(68)   class space    used 4168K, capacity 4339K, committed 4556K, reserved 1048576K
[2019-09-02T13:59:24.356+0800][162.242s][info ][gc,start      ] GC(68) Pause Young (G1 Evacuation Pause)
[2019-09-02T13:59:24.356+0800][162.242s][info ][gc,task       ] GC(68) Using 8 workers of 8 for evacuation
[2019-09-02T13:59:24.356+0800][162.242s][debug][gc,age        ] GC(68) Desired survivor size 1048576 bytes, new threshold 15 (max threshold 15)
[2019-09-02T13:59:24.357+0800][162.244s][trace][gc,age        ] GC(68) Age table with threshold 15 (max threshold 15)
[2019-09-02T13:59:24.357+0800][162.244s][trace][gc,age        ] GC(68) - age   1:      53408 bytes,      53408 total
[2019-09-02T13:59:24.357+0800][162.244s][trace][gc,age        ] GC(68) - age   2:       8424 bytes,      61832 total
[2019-09-02T13:59:24.357+0800][162.244s][trace][gc,age        ] GC(68) - age   3:       9152 bytes,      70984 total
[2019-09-02T13:59:24.357+0800][162.244s][trace][gc,age        ] GC(68) - age   4:      14952 bytes,      85936 total
[2019-09-02T13:59:24.357+0800][162.244s][trace][gc,age        ] GC(68) - age   5:       8760 bytes,      94696 total
[2019-09-02T13:59:24.357+0800][162.244s][trace][gc,age        ] GC(68) - age   6:      28016 bytes,     122712 total
[2019-09-02T13:59:24.357+0800][162.244s][trace][gc,age        ] GC(68) - age   7:       8600 bytes,     131312 total
[2019-09-02T13:59:24.357+0800][162.244s][trace][gc,age        ] GC(68) - age   8:       8392 bytes,     139704 total
[2019-09-02T13:59:24.357+0800][162.244s][trace][gc,age        ] GC(68) - age   9:       1256 bytes,     140960 total
[2019-09-02T13:59:24.357+0800][162.244s][trace][gc,age        ] GC(68) - age  10:      11336 bytes,     152296 total
[2019-09-02T13:59:24.357+0800][162.244s][trace][gc,age        ] GC(68) - age  11:      73776 bytes,     226072 total
[2019-09-02T13:59:24.357+0800][162.244s][trace][gc,age        ] GC(68) - age  12:     251936 bytes,     478008 total
[2019-09-02T13:59:24.357+0800][162.244s][trace][gc,age        ] GC(68) - age  13:     132136 bytes,     610144 total
[2019-09-02T13:59:24.357+0800][162.244s][trace][gc,age        ] GC(68) - age  14:       1408 bytes,     611552 total
[2019-09-02T13:59:24.357+0800][162.244s][info ][gc,phases     ] GC(68)   Pre Evacuate Collection Set: 0.0ms
[2019-09-02T13:59:24.357+0800][162.244s][info ][gc,phases     ] GC(68)   Evacuate Collection Set: 1.1ms
[2019-09-02T13:59:24.357+0800][162.244s][info ][gc,phases     ] GC(68)   Post Evacuate Collection Set: 0.1ms
[2019-09-02T13:59:24.357+0800][162.244s][info ][gc,phases     ] GC(68)   Other: 0.5ms
[2019-09-02T13:59:24.357+0800][162.244s][info ][gc,heap       ] GC(68) Eden regions: 8->0(8)
[2019-09-02T13:59:24.357+0800][162.244s][info ][gc,heap       ] GC(68) Survivor regions: 1->1(2)
[2019-09-02T13:59:24.357+0800][162.244s][info ][gc,heap       ] GC(68) Old regions: 16->16
[2019-09-02T13:59:24.357+0800][162.244s][info ][gc,heap       ] GC(68) Humongous regions: 0->0
[2019-09-02T13:59:24.357+0800][162.244s][info ][gc,metaspace  ] GC(68) Metaspace: 38416K->38416K(1085440K)
[2019-09-02T13:59:24.357+0800][162.244s][debug][gc,heap       ] GC(68) Heap after GC invocations=69 (full 0): garbage-first heap   total 32768K, used 16303K [0x00000000fe000000, 0x0000000100000000)
[2019-09-02T13:59:24.357+0800][162.244s][debug][gc,heap       ] GC(68)   region size 1024K, 1 young (1024K), 1 survivors (1024K)
[2019-09-02T13:59:24.357+0800][162.244s][debug][gc,heap       ] GC(68)  Metaspace       used 38416K, capacity 38877K, committed 39884K, reserved 1085440K
[2019-09-02T13:59:24.357+0800][162.244s][debug][gc,heap       ] GC(68)   class space    used 4168K, capacity 4339K, committed 4556K, reserved 1048576K
[2019-09-02T13:59:24.358+0800][162.244s][info ][gc            ] GC(68) Pause Young (G1 Evacuation Pause) 23M->15M(32M) 1.782ms
[2019-09-02T13:59:24.358+0800][162.245s][info ][gc,cpu        ] GC(68) User=0.00s Sys=0.00s Real=0.00s
[2019-09-02T13:59:24.516+0800][162.402s][debug][gc,heap       ] GC(69) Heap before GC invocations=69 (full 0): garbage-first heap   total 32768K, used 24495K [0x00000000fe000000, 0x0000000100000000)
[2019-09-02T13:59:24.516+0800][162.402s][debug][gc,heap       ] GC(69)   region size 1024K, 9 young (9216K), 1 survivors (1024K)
[2019-09-02T13:59:24.516+0800][162.402s][debug][gc,heap       ] GC(69)  Metaspace       used 38416K, capacity 38877K, committed 39884K, reserved 1085440K
[2019-09-02T13:59:24.516+0800][162.402s][debug][gc,heap       ] GC(69)   class space    used 4168K, capacity 4339K, committed 4556K, reserved 1048576K
[2019-09-02T13:59:24.516+0800][162.402s][info ][gc,start      ] GC(69) Pause Young (G1 Evacuation Pause)
[2019-09-02T13:59:24.516+0800][162.402s][info ][gc,task       ] GC(69) Using 8 workers of 8 for evacuation
[2019-09-02T13:59:24.516+0800][162.402s][debug][gc,age        ] GC(69) Desired survivor size 1048576 bytes, new threshold 15 (max threshold 15)
[2019-09-02T13:59:24.517+0800][162.404s][trace][gc,age        ] GC(69) Age table with threshold 15 (max threshold 15)
[2019-09-02T13:59:24.517+0800][162.404s][trace][gc,age        ] GC(69) - age   1:      30128 bytes,      30128 total
[2019-09-02T13:59:24.517+0800][162.404s][trace][gc,age        ] GC(69) - age   2:      10160 bytes,      40288 total
[2019-09-02T13:59:24.517+0800][162.404s][trace][gc,age        ] GC(69) - age   3:       8400 bytes,      48688 total
[2019-09-02T13:59:24.517+0800][162.404s][trace][gc,age        ] GC(69) - age   4:       9120 bytes,      57808 total
[2019-09-02T13:59:24.517+0800][162.404s][trace][gc,age        ] GC(69) - age   5:      13984 bytes,      71792 total
[2019-09-02T13:59:24.517+0800][162.404s][trace][gc,age        ] GC(69) - age   6:       8760 bytes,      80552 total
[2019-09-02T13:59:24.517+0800][162.404s][trace][gc,age        ] GC(69) - age   7:      28016 bytes,     108568 total
[2019-09-02T13:59:24.517+0800][162.404s][trace][gc,age        ] GC(69) - age   8:       8600 bytes,     117168 total
[2019-09-02T13:59:24.517+0800][162.404s][trace][gc,age        ] GC(69) - age   9:       8392 bytes,     125560 total
[2019-09-02T13:59:24.517+0800][162.404s][trace][gc,age        ] GC(69) - age  10:       1256 bytes,     126816 total
[2019-09-02T13:59:24.517+0800][162.404s][trace][gc,age        ] GC(69) - age  11:      11336 bytes,     138152 total
[2019-09-02T13:59:24.517+0800][162.404s][trace][gc,age        ] GC(69) - age  12:      73776 bytes,     211928 total
[2019-09-02T13:59:24.517+0800][162.404s][trace][gc,age        ] GC(69) - age  13:     251936 bytes,     463864 total
[2019-09-02T13:59:24.517+0800][162.404s][trace][gc,age        ] GC(69) - age  14:     132136 bytes,     596000 total
[2019-09-02T13:59:24.517+0800][162.404s][trace][gc,age        ] GC(69) - age  15:       1408 bytes,     597408 total
[2019-09-02T13:59:24.517+0800][162.404s][info ][gc,phases     ] GC(69)   Pre Evacuate Collection Set: 0.0ms
[2019-09-02T13:59:24.517+0800][162.404s][info ][gc,phases     ] GC(69)   Evacuate Collection Set: 1.1ms
[2019-09-02T13:59:24.517+0800][162.404s][info ][gc,phases     ] GC(69)   Post Evacuate Collection Set: 0.1ms
[2019-09-02T13:59:24.517+0800][162.404s][info ][gc,phases     ] GC(69)   Other: 0.7ms
[2019-09-02T13:59:24.518+0800][162.404s][info ][gc,heap       ] GC(69) Eden regions: 8->0(8)
[2019-09-02T13:59:24.518+0800][162.404s][info ][gc,heap       ] GC(69) Survivor regions: 1->1(2)
[2019-09-02T13:59:24.518+0800][162.404s][info ][gc,heap       ] GC(69) Old regions: 16->16
[2019-09-02T13:59:24.518+0800][162.404s][info ][gc,heap       ] GC(69) Humongous regions: 0->0
[2019-09-02T13:59:24.518+0800][162.404s][info ][gc,metaspace  ] GC(69) Metaspace: 38416K->38416K(1085440K)
[2019-09-02T13:59:24.518+0800][162.404s][debug][gc,heap       ] GC(69) Heap after GC invocations=70 (full 0): garbage-first heap   total 32768K, used 16289K [0x00000000fe000000, 0x0000000100000000)
[2019-09-02T13:59:24.518+0800][162.404s][debug][gc,heap       ] GC(69)   region size 1024K, 1 young (1024K), 1 survivors (1024K)
[2019-09-02T13:59:24.518+0800][162.404s][debug][gc,heap       ] GC(69)  Metaspace       used 38416K, capacity 38877K, committed 39884K, reserved 1085440K
[2019-09-02T13:59:24.518+0800][162.404s][debug][gc,heap       ] GC(69)   class space    used 4168K, capacity 4339K, committed 4556K, reserved 1048576K
[2019-09-02T13:59:24.518+0800][162.404s][info ][gc            ] GC(69) Pause Young (G1 Evacuation Pause) 23M->15M(32M) 2.047ms
[2019-09-02T13:59:24.518+0800][162.405s][info ][gc,cpu        ] GC(69) User=0.00s Sys=0.00s Real=0.00s
[2019-09-02T13:59:24.832+0800][162.719s][debug][gc,heap       ] GC(70) Heap before GC invocations=70 (full 0): garbage-first heap   total 32768K, used 24481K [0x00000000fe000000, 0x0000000100000000)
[2019-09-02T13:59:24.832+0800][162.719s][debug][gc,heap       ] GC(70)   region size 1024K, 9 young (9216K), 1 survivors (1024K)
[2019-09-02T13:59:24.832+0800][162.719s][debug][gc,heap       ] GC(70)  Metaspace       used 38416K, capacity 38877K, committed 39884K, reserved 1085440K
[2019-09-02T13:59:24.832+0800][162.719s][debug][gc,heap       ] GC(70)   class space    used 4168K, capacity 4339K, committed 4556K, reserved 1048576K
[2019-09-02T13:59:24.832+0800][162.719s][info ][gc,start      ] GC(70) Pause Young (G1 Evacuation Pause)
[2019-09-02T13:59:24.832+0800][162.719s][info ][gc,task       ] GC(70) Using 8 workers of 8 for evacuation
[2019-09-02T13:59:24.833+0800][162.719s][debug][gc,age        ] GC(70) Desired survivor size 1048576 bytes, new threshold 15 (max threshold 15)
[2019-09-02T13:59:24.834+0800][162.721s][trace][gc,age        ] GC(70) Age table with threshold 15 (max threshold 15)
[2019-09-02T13:59:24.834+0800][162.721s][trace][gc,age        ] GC(70) - age   1:      83976 bytes,      83976 total
[2019-09-02T13:59:24.834+0800][162.721s][trace][gc,age        ] GC(70) - age   2:       9664 bytes,      93640 total
[2019-09-02T13:59:24.834+0800][162.721s][trace][gc,age        ] GC(70) - age   3:      10160 bytes,     103800 total
[2019-09-02T13:59:24.834+0800][162.721s][trace][gc,age        ] GC(70) - age   4:       8400 bytes,     112200 total
[2019-09-02T13:59:24.834+0800][162.721s][trace][gc,age        ] GC(70) - age   5:       9120 bytes,     121320 total
[2019-09-02T13:59:24.835+0800][162.721s][trace][gc,age        ] GC(70) - age   6:      12888 bytes,     134208 total
[2019-09-02T13:59:24.835+0800][162.721s][trace][gc,age        ] GC(70) - age   7:       8760 bytes,     142968 total
[2019-09-02T13:59:24.835+0800][162.721s][trace][gc,age        ] GC(70) - age   8:      27048 bytes,     170016 total
[2019-09-02T13:59:24.835+0800][162.721s][trace][gc,age        ] GC(70) - age   9:       8600 bytes,     178616 total
[2019-09-02T13:59:24.835+0800][162.721s][trace][gc,age        ] GC(70) - age  10:       8392 bytes,     187008 total
[2019-09-02T13:59:24.835+0800][162.721s][trace][gc,age        ] GC(70) - age  11:       1256 bytes,     188264 total
[2019-09-02T13:59:24.835+0800][162.721s][trace][gc,age        ] GC(70) - age  12:      11280 bytes,     199544 total
[2019-09-02T13:59:24.835+0800][162.721s][trace][gc,age        ] GC(70) - age  13:      73720 bytes,     273264 total
[2019-09-02T13:59:24.835+0800][162.721s][trace][gc,age        ] GC(70) - age  14:     251936 bytes,     525200 total
[2019-09-02T13:59:24.835+0800][162.721s][trace][gc,age        ] GC(70) - age  15:     132136 bytes,     657336 total
[2019-09-02T13:59:24.835+0800][162.721s][info ][gc,phases     ] GC(70)   Pre Evacuate Collection Set: 0.0ms
[2019-09-02T13:59:24.835+0800][162.721s][info ][gc,phases     ] GC(70)   Evacuate Collection Set: 1.7ms
[2019-09-02T13:59:24.835+0800][162.721s][info ][gc,phases     ] GC(70)   Post Evacuate Collection Set: 0.1ms
[2019-09-02T13:59:24.835+0800][162.721s][info ][gc,phases     ] GC(70)   Other: 0.6ms
[2019-09-02T13:59:24.835+0800][162.721s][info ][gc,heap       ] GC(70) Eden regions: 8->0(8)
[2019-09-02T13:59:24.835+0800][162.721s][info ][gc,heap       ] GC(70) Survivor regions: 1->1(2)
[2019-09-02T13:59:24.835+0800][162.721s][info ][gc,heap       ] GC(70) Old regions: 16->16
[2019-09-02T13:59:24.835+0800][162.721s][info ][gc,heap       ] GC(70) Humongous regions: 0->0
[2019-09-02T13:59:24.835+0800][162.721s][info ][gc,metaspace  ] GC(70) Metaspace: 38416K->38416K(1085440K)
[2019-09-02T13:59:24.835+0800][162.721s][debug][gc,heap       ] GC(70) Heap after GC invocations=71 (full 0): garbage-first heap   total 32768K, used 16338K [0x00000000fe000000, 0x0000000100000000)
[2019-09-02T13:59:24.835+0800][162.721s][debug][gc,heap       ] GC(70)   region size 1024K, 1 young (1024K), 1 survivors (1024K)
[2019-09-02T13:59:24.835+0800][162.722s][debug][gc,heap       ] GC(70)  Metaspace       used 38416K, capacity 38877K, committed 39884K, reserved 1085440K
[2019-09-02T13:59:24.835+0800][162.722s][debug][gc,heap       ] GC(70)   class space    used 4168K, capacity 4339K, committed 4556K, reserved 1048576K
[2019-09-02T13:59:24.835+0800][162.722s][info ][gc            ] GC(70) Pause Young (G1 Evacuation Pause) 23M->15M(32M) 2.517ms
[2019-09-02T13:59:24.835+0800][162.722s][info ][gc,cpu        ] GC(70) User=0.00s Sys=0.00s Real=0.00s
[2019-09-02T13:59:25.101+0800][162.988s][debug][gc,heap       ] GC(71) Heap before GC invocations=71 (full 0): garbage-first heap   total 32768K, used 24530K [0x00000000fe000000, 0x0000000100000000)
[2019-09-02T13:59:25.101+0800][162.988s][debug][gc,heap       ] GC(71)   region size 1024K, 9 young (9216K), 1 survivors (1024K)
[2019-09-02T13:59:25.101+0800][162.988s][debug][gc,heap       ] GC(71)  Metaspace       used 38417K, capacity 38877K, committed 39884K, reserved 1085440K
[2019-09-02T13:59:25.101+0800][162.988s][debug][gc,heap       ] GC(71)   class space    used 4168K, capacity 4339K, committed 4556K, reserved 1048576K
[2019-09-02T13:59:25.101+0800][162.988s][info ][gc,start      ] GC(71) Pause Young (G1 Evacuation Pause)
[2019-09-02T13:59:25.101+0800][162.988s][info ][gc,task       ] GC(71) Using 8 workers of 8 for evacuation
[2019-09-02T13:59:25.101+0800][162.988s][debug][gc,age        ] GC(71) Desired survivor size 1048576 bytes, new threshold 15 (max threshold 15)
[2019-09-02T13:59:25.103+0800][162.989s][trace][gc,age        ] GC(71) Age table with threshold 15 (max threshold 15)
[2019-09-02T13:59:25.103+0800][162.990s][trace][gc,age        ] GC(71) - age   1:      38336 bytes,      38336 total
[2019-09-02T13:59:25.103+0800][162.990s][trace][gc,age        ] GC(71) - age   2:      52672 bytes,      91008 total
[2019-09-02T13:59:25.103+0800][162.990s][trace][gc,age        ] GC(71) - age   3:       9584 bytes,     100592 total
[2019-09-02T13:59:25.103+0800][162.990s][trace][gc,age        ] GC(71) - age   4:      10160 bytes,     110752 total
[2019-09-02T13:59:25.103+0800][162.990s][trace][gc,age        ] GC(71) - age   5:       8400 bytes,     119152 total
[2019-09-02T13:59:25.103+0800][162.990s][trace][gc,age        ] GC(71) - age   6:       9120 bytes,     128272 total
[2019-09-02T13:59:25.103+0800][162.990s][trace][gc,age        ] GC(71) - age   7:      12888 bytes,     141160 total
[2019-09-02T13:59:25.103+0800][162.990s][trace][gc,age        ] GC(71) - age   8:       8760 bytes,     149920 total
[2019-09-02T13:59:25.103+0800][162.990s][trace][gc,age        ] GC(71) - age   9:      27048 bytes,     176968 total
[2019-09-02T13:59:25.103+0800][162.990s][trace][gc,age        ] GC(71) - age  10:       8600 bytes,     185568 total
[2019-09-02T13:59:25.103+0800][162.990s][trace][gc,age        ] GC(71) - age  11:       8392 bytes,     193960 total
[2019-09-02T13:59:25.103+0800][162.990s][trace][gc,age        ] GC(71) - age  12:       1256 bytes,     195216 total
[2019-09-02T13:59:25.103+0800][162.990s][trace][gc,age        ] GC(71) - age  13:      11280 bytes,     206496 total
[2019-09-02T13:59:25.103+0800][162.990s][trace][gc,age        ] GC(71) - age  14:      73720 bytes,     280216 total
[2019-09-02T13:59:25.103+0800][162.990s][trace][gc,age        ] GC(71) - age  15:     251936 bytes,     532152 total
[2019-09-02T13:59:25.103+0800][162.990s][info ][gc,phases     ] GC(71)   Pre Evacuate Collection Set: 0.0ms
[2019-09-02T13:59:25.103+0800][162.990s][info ][gc,phases     ] GC(71)   Evacuate Collection Set: 1.2ms
[2019-09-02T13:59:25.103+0800][162.990s][info ][gc,phases     ] GC(71)   Post Evacuate Collection Set: 0.1ms
[2019-09-02T13:59:25.103+0800][162.990s][info ][gc,phases     ] GC(71)   Other: 0.7ms
[2019-09-02T13:59:25.103+0800][162.990s][info ][gc,heap       ] GC(71) Eden regions: 8->0(8)
[2019-09-02T13:59:25.103+0800][162.990s][info ][gc,heap       ] GC(71) Survivor regions: 1->1(2)
[2019-09-02T13:59:25.103+0800][162.990s][info ][gc,heap       ] GC(71) Old regions: 16->16
[2019-09-02T13:59:25.103+0800][162.990s][info ][gc,heap       ] GC(71) Humongous regions: 0->0
[2019-09-02T13:59:25.103+0800][162.990s][info ][gc,metaspace  ] GC(71) Metaspace: 38417K->38417K(1085440K)
[2019-09-02T13:59:25.103+0800][162.990s][debug][gc,heap       ] GC(71) Heap after GC invocations=72 (full 0): garbage-first heap   total 32768K, used 16360K [0x00000000fe000000, 0x0000000100000000)
[2019-09-02T13:59:25.104+0800][162.990s][debug][gc,heap       ] GC(71)   region size 1024K, 1 young (1024K), 1 survivors (1024K)
[2019-09-02T13:59:25.104+0800][162.990s][debug][gc,heap       ] GC(71)  Metaspace       used 38417K, capacity 38877K, committed 39884K, reserved 1085440K
[2019-09-02T13:59:25.104+0800][162.990s][debug][gc,heap       ] GC(71)   class space    used 4168K, capacity 4339K, committed 4556K, reserved 1048576K
[2019-09-02T13:59:25.104+0800][162.990s][info ][gc            ] GC(71) Pause Young (G1 Evacuation Pause) 23M->15M(32M) 2.230ms
[2019-09-02T13:59:25.105+0800][162.992s][info ][gc,cpu        ] GC(71) User=0.13s Sys=0.00s Real=0.00s
[2019-09-02T13:59:25.264+0800][163.150s][debug][gc,heap       ] GC(72) Heap before GC invocations=72 (full 0): garbage-first heap   total 32768K, used 24552K [0x00000000fe000000, 0x0000000100000000)
[2019-09-02T13:59:25.264+0800][163.150s][debug][gc,heap       ] GC(72)   region size 1024K, 9 young (9216K), 1 survivors (1024K)
[2019-09-02T13:59:25.264+0800][163.150s][debug][gc,heap       ] GC(72)  Metaspace       used 38417K, capacity 38877K, committed 39884K, reserved 1085440K
[2019-09-02T13:59:25.264+0800][163.150s][debug][gc,heap       ] GC(72)   class space    used 4168K, capacity 4339K, committed 4556K, reserved 1048576K
[2019-09-02T13:59:25.264+0800][163.150s][info ][gc,start      ] GC(72) Pause Young (G1 Evacuation Pause)
[2019-09-02T13:59:25.264+0800][163.150s][info ][gc,task       ] GC(72) Using 8 workers of 8 for evacuation
[2019-09-02T13:59:25.264+0800][163.150s][debug][gc,age        ] GC(72) Desired survivor size 1048576 bytes, new threshold 15 (max threshold 15)
[2019-09-02T13:59:25.265+0800][163.152s][trace][gc,age        ] GC(72) Age table with threshold 15 (max threshold 15)
[2019-09-02T13:59:25.265+0800][163.152s][trace][gc,age        ] GC(72) - age   1:      41272 bytes,      41272 total
[2019-09-02T13:59:25.265+0800][163.152s][trace][gc,age        ] GC(72) - age   2:      11144 bytes,      52416 total
[2019-09-02T13:59:25.266+0800][163.152s][trace][gc,age        ] GC(72) - age   3:      52424 bytes,     104840 total
[2019-09-02T13:59:25.266+0800][163.152s][trace][gc,age        ] GC(72) - age   4:       9584 bytes,     114424 total
[2019-09-02T13:59:25.266+0800][163.152s][trace][gc,age        ] GC(72) - age   5:      10160 bytes,     124584 total
[2019-09-02T13:59:25.266+0800][163.152s][trace][gc,age        ] GC(72) - age   6:       8400 bytes,     132984 total
[2019-09-02T13:59:25.266+0800][163.152s][trace][gc,age        ] GC(72) - age   7:       9120 bytes,     142104 total
[2019-09-02T13:59:25.266+0800][163.152s][trace][gc,age        ] GC(72) - age   8:      12888 bytes,     154992 total
[2019-09-02T13:59:25.266+0800][163.152s][trace][gc,age        ] GC(72) - age   9:       8760 bytes,     163752 total
[2019-09-02T13:59:25.266+0800][163.152s][trace][gc,age        ] GC(72) - age  10:      27048 bytes,     190800 total
[2019-09-02T13:59:25.266+0800][163.152s][trace][gc,age        ] GC(72) - age  11:       8600 bytes,     199400 total
[2019-09-02T13:59:25.266+0800][163.152s][trace][gc,age        ] GC(72) - age  12:       8392 bytes,     207792 total
[2019-09-02T13:59:25.266+0800][163.152s][trace][gc,age        ] GC(72) - age  13:       1256 bytes,     209048 total
[2019-09-02T13:59:25.266+0800][163.152s][trace][gc,age        ] GC(72) - age  14:      11280 bytes,     220328 total
[2019-09-02T13:59:25.266+0800][163.152s][trace][gc,age        ] GC(72) - age  15:      73720 bytes,     294048 total
[2019-09-02T13:59:25.266+0800][163.152s][info ][gc,phases     ] GC(72)   Pre Evacuate Collection Set: 0.0ms
[2019-09-02T13:59:25.266+0800][163.152s][info ][gc,phases     ] GC(72)   Evacuate Collection Set: 1.1ms
[2019-09-02T13:59:25.266+0800][163.152s][info ][gc,phases     ] GC(72)   Post Evacuate Collection Set: 0.1ms
[2019-09-02T13:59:25.266+0800][163.152s][info ][gc,phases     ] GC(72)   Other: 0.7ms
[2019-09-02T13:59:25.266+0800][163.152s][info ][gc,heap       ] GC(72) Eden regions: 8->0(8)
[2019-09-02T13:59:25.266+0800][163.152s][info ][gc,heap       ] GC(72) Survivor regions: 1->1(2)
[2019-09-02T13:59:25.266+0800][163.152s][info ][gc,heap       ] GC(72) Old regions: 16->16
[2019-09-02T13:59:25.266+0800][163.152s][info ][gc,heap       ] GC(72) Humongous regions: 0->0
[2019-09-02T13:59:25.266+0800][163.152s][info ][gc,metaspace  ] GC(72) Metaspace: 38417K->38417K(1085440K)
[2019-09-02T13:59:25.266+0800][163.152s][debug][gc,heap       ] GC(72) Heap after GC invocations=73 (full 0): garbage-first heap   total 32768K, used 16388K [0x00000000fe000000, 0x0000000100000000)
[2019-09-02T13:59:25.266+0800][163.152s][debug][gc,heap       ] GC(72)   region size 1024K, 1 young (1024K), 1 survivors (1024K)
[2019-09-02T13:59:25.266+0800][163.152s][debug][gc,heap       ] GC(72)  Metaspace       used 38417K, capacity 38877K, committed 39884K, reserved 1085440K
[2019-09-02T13:59:25.266+0800][163.152s][debug][gc,heap       ] GC(72)   class space    used 4168K, capacity 4339K, committed 4556K, reserved 1048576K
[2019-09-02T13:59:25.266+0800][163.152s][info ][gc            ] GC(72) Pause Young (G1 Evacuation Pause) 23M->16M(32M) 2.067ms
[2019-09-02T13:59:25.267+0800][163.153s][info ][gc,cpu        ] GC(72) User=0.00s Sys=0.00s Real=0.00s
[2019-09-02T13:59:25.407+0800][163.293s][debug][gc,heap       ] GC(73) Heap before GC invocations=73 (full 0): garbage-first heap   total 32768K, used 24580K [0x00000000fe000000, 0x0000000100000000)
[2019-09-02T13:59:25.407+0800][163.293s][debug][gc,heap       ] GC(73)   region size 1024K, 9 young (9216K), 1 survivors (1024K)
[2019-09-02T13:59:25.407+0800][163.293s][debug][gc,heap       ] GC(73)  Metaspace       used 38417K, capacity 38877K, committed 39884K, reserved 1085440K
[2019-09-02T13:59:25.407+0800][163.293s][debug][gc,heap       ] GC(73)   class space    used 4168K, capacity 4339K, committed 4556K, reserved 1048576K
[2019-09-02T13:59:25.407+0800][163.293s][info ][gc,start      ] GC(73) Pause Young (G1 Evacuation Pause)
[2019-09-02T13:59:25.407+0800][163.293s][info ][gc,task       ] GC(73) Using 8 workers of 8 for evacuation
[2019-09-02T13:59:25.407+0800][163.293s][debug][gc,age        ] GC(73) Desired survivor size 1048576 bytes, new threshold 15 (max threshold 15)
[2019-09-02T13:59:25.409+0800][163.295s][trace][gc,age        ] GC(73) Age table with threshold 15 (max threshold 15)
[2019-09-02T13:59:25.409+0800][163.295s][trace][gc,age        ] GC(73) - age   1:      64320 bytes,      64320 total
[2019-09-02T13:59:25.409+0800][163.295s][trace][gc,age        ] GC(73) - age   2:      10552 bytes,      74872 total
[2019-09-02T13:59:25.409+0800][163.295s][trace][gc,age        ] GC(73) - age   3:      11144 bytes,      86016 total
[2019-09-02T13:59:25.409+0800][163.295s][trace][gc,age        ] GC(73) - age   4:      52424 bytes,     138440 total
[2019-09-02T13:59:25.409+0800][163.295s][trace][gc,age        ] GC(73) - age   5:       9552 bytes,     147992 total
[2019-09-02T13:59:25.409+0800][163.295s][trace][gc,age        ] GC(73) - age   6:      10160 bytes,     158152 total
[2019-09-02T13:59:25.409+0800][163.295s][trace][gc,age        ] GC(73) - age   7:       8400 bytes,     166552 total
[2019-09-02T13:59:25.409+0800][163.295s][trace][gc,age        ] GC(73) - age   8:       9120 bytes,     175672 total
[2019-09-02T13:59:25.409+0800][163.295s][trace][gc,age        ] GC(73) - age   9:      12888 bytes,     188560 total
[2019-09-02T13:59:25.409+0800][163.295s][trace][gc,age        ] GC(73) - age  10:       8760 bytes,     197320 total
[2019-09-02T13:59:25.410+0800][163.296s][trace][gc,age        ] GC(73) - age  11:      26832 bytes,     224152 total
[2019-09-02T13:59:25.410+0800][163.296s][trace][gc,age        ] GC(73) - age  12:       8600 bytes,     232752 total
[2019-09-02T13:59:25.410+0800][163.296s][trace][gc,age        ] GC(73) - age  13:       8392 bytes,     241144 total
[2019-09-02T13:59:25.410+0800][163.296s][trace][gc,age        ] GC(73) - age  14:       1256 bytes,     242400 total
[2019-09-02T13:59:25.410+0800][163.296s][trace][gc,age        ] GC(73) - age  15:      11280 bytes,     253680 total
[2019-09-02T13:59:25.410+0800][163.296s][info ][gc,phases     ] GC(73)   Pre Evacuate Collection Set: 0.0ms
[2019-09-02T13:59:25.410+0800][163.296s][info ][gc,phases     ] GC(73)   Evacuate Collection Set: 1.1ms
[2019-09-02T13:59:25.410+0800][163.296s][info ][gc,phases     ] GC(73)   Post Evacuate Collection Set: 0.8ms
[2019-09-02T13:59:25.410+0800][163.296s][info ][gc,phases     ] GC(73)   Other: 0.8ms
[2019-09-02T13:59:25.410+0800][163.296s][info ][gc,heap       ] GC(73) Eden regions: 8->0(8)
[2019-09-02T13:59:25.410+0800][163.296s][info ][gc,heap       ] GC(73) Survivor regions: 1->1(2)
[2019-09-02T13:59:25.410+0800][163.296s][info ][gc,heap       ] GC(73) Old regions: 16->16
[2019-09-02T13:59:25.410+0800][163.296s][info ][gc,heap       ] GC(73) Humongous regions: 0->0
[2019-09-02T13:59:25.410+0800][163.296s][info ][gc,metaspace  ] GC(73) Metaspace: 38417K->38417K(1085440K)
[2019-09-02T13:59:25.410+0800][163.296s][debug][gc,heap       ] GC(73) Heap after GC invocations=74 (full 0): garbage-first heap   total 32768K, used 16417K [0x00000000fe000000, 0x0000000100000000)
[2019-09-02T13:59:25.410+0800][163.296s][debug][gc,heap       ] GC(73)   region size 1024K, 1 young (1024K), 1 survivors (1024K)
[2019-09-02T13:59:25.410+0800][163.296s][debug][gc,heap       ] GC(73)  Metaspace       used 38417K, capacity 38877K, committed 39884K, reserved 1085440K
[2019-09-02T13:59:25.410+0800][163.296s][debug][gc,heap       ] GC(73)   class space    used 4168K, capacity 4339K, committed 4556K, reserved 1048576K
[2019-09-02T13:59:25.410+0800][163.296s][info ][gc            ] GC(73) Pause Young (G1 Evacuation Pause) 24M->16M(32M) 2.894ms
[2019-09-02T13:59:25.411+0800][163.297s][info ][gc,cpu        ] GC(73) User=0.00s Sys=0.00s Real=0.00s
[2019-09-02T13:59:25.535+0800][163.421s][debug][gc,heap       ] GC(74) Heap before GC invocations=74 (full 0): garbage-first heap   total 32768K, used 24609K [0x00000000fe000000, 0x0000000100000000)
[2019-09-02T13:59:25.535+0800][163.421s][debug][gc,heap       ] GC(74)   region size 1024K, 9 young (9216K), 1 survivors (1024K)
[2019-09-02T13:59:25.535+0800][163.421s][debug][gc,heap       ] GC(74)  Metaspace       used 38417K, capacity 38877K, committed 39884K, reserved 1085440K
[2019-09-02T13:59:25.535+0800][163.421s][debug][gc,heap       ] GC(74)   class space    used 4169K, capacity 4339K, committed 4556K, reserved 1048576K
[2019-09-02T13:59:25.535+0800][163.421s][info ][gc,start      ] GC(74) Pause Young (G1 Evacuation Pause)
[2019-09-02T13:59:25.535+0800][163.421s][info ][gc,task       ] GC(74) Using 8 workers of 8 for evacuation
[2019-09-02T13:59:25.535+0800][163.421s][debug][gc,age        ] GC(74) Desired survivor size 1048576 bytes, new threshold 15 (max threshold 15)
[2019-09-02T13:59:25.536+0800][163.422s][trace][gc,age        ] GC(74) Age table with threshold 15 (max threshold 15)
[2019-09-02T13:59:25.536+0800][163.422s][trace][gc,age        ] GC(74) - age   1:      67368 bytes,      67368 total
[2019-09-02T13:59:25.536+0800][163.422s][trace][gc,age        ] GC(74) - age   2:       9216 bytes,      76584 total
[2019-09-02T13:59:25.536+0800][163.422s][trace][gc,age        ] GC(74) - age   3:      10552 bytes,      87136 total
[2019-09-02T13:59:25.536+0800][163.422s][trace][gc,age        ] GC(74) - age   4:      11144 bytes,      98280 total
[2019-09-02T13:59:25.536+0800][163.422s][trace][gc,age        ] GC(74) - age   5:      52424 bytes,     150704 total
[2019-09-02T13:59:25.536+0800][163.423s][trace][gc,age        ] GC(74) - age   6:       9552 bytes,     160256 total
[2019-09-02T13:59:25.536+0800][163.423s][trace][gc,age        ] GC(74) - age   7:      10160 bytes,     170416 total
[2019-09-02T13:59:25.536+0800][163.423s][trace][gc,age        ] GC(74) - age   8:       8400 bytes,     178816 total
[2019-09-02T13:59:25.536+0800][163.423s][trace][gc,age        ] GC(74) - age   9:       9120 bytes,     187936 total
[2019-09-02T13:59:25.536+0800][163.423s][trace][gc,age        ] GC(74) - age  10:      12888 bytes,     200824 total
[2019-09-02T13:59:25.536+0800][163.423s][trace][gc,age        ] GC(74) - age  11:       8760 bytes,     209584 total
[2019-09-02T13:59:25.536+0800][163.423s][trace][gc,age        ] GC(74) - age  12:      26832 bytes,     236416 total
[2019-09-02T13:59:25.536+0800][163.423s][trace][gc,age        ] GC(74) - age  13:       8600 bytes,     245016 total
[2019-09-02T13:59:25.536+0800][163.423s][trace][gc,age        ] GC(74) - age  14:       8392 bytes,     253408 total
[2019-09-02T13:59:25.536+0800][163.423s][trace][gc,age        ] GC(74) - age  15:       1256 bytes,     254664 total
[2019-09-02T13:59:25.536+0800][163.423s][info ][gc,phases     ] GC(74)   Pre Evacuate Collection Set: 0.0ms
[2019-09-02T13:59:25.536+0800][163.423s][info ][gc,phases     ] GC(74)   Evacuate Collection Set: 1.0ms
[2019-09-02T13:59:25.536+0800][163.423s][info ][gc,phases     ] GC(74)   Post Evacuate Collection Set: 0.1ms
[2019-09-02T13:59:25.536+0800][163.423s][info ][gc,phases     ] GC(74)   Other: 0.6ms
[2019-09-02T13:59:25.536+0800][163.423s][info ][gc,heap       ] GC(74) Eden regions: 8->0(8)
[2019-09-02T13:59:25.536+0800][163.423s][info ][gc,heap       ] GC(74) Survivor regions: 1->1(2)
[2019-09-02T13:59:25.536+0800][163.423s][info ][gc,heap       ] GC(74) Old regions: 16->16
[2019-09-02T13:59:25.537+0800][163.423s][info ][gc,heap       ] GC(74) Humongous regions: 0->0
[2019-09-02T13:59:25.537+0800][163.423s][info ][gc,metaspace  ] GC(74) Metaspace: 38417K->38417K(1085440K)
[2019-09-02T13:59:25.537+0800][163.423s][debug][gc,heap       ] GC(74) Heap after GC invocations=75 (full 0): garbage-first heap   total 32768K, used 16437K [0x00000000fe000000, 0x0000000100000000)
[2019-09-02T13:59:25.537+0800][163.423s][debug][gc,heap       ] GC(74)   region size 1024K, 1 young (1024K), 1 survivors (1024K)
[2019-09-02T13:59:25.537+0800][163.423s][debug][gc,heap       ] GC(74)  Metaspace       used 38417K, capacity 38877K, committed 39884K, reserved 1085440K
[2019-09-02T13:59:25.537+0800][163.423s][debug][gc,heap       ] GC(74)   class space    used 4169K, capacity 4339K, committed 4556K, reserved 1048576K
[2019-09-02T13:59:25.537+0800][163.423s][info ][gc            ] GC(74) Pause Young (G1 Evacuation Pause) 24M->16M(32M) 1.702ms
[2019-09-02T13:59:25.537+0800][163.423s][info ][gc,cpu        ] GC(74) User=0.00s Sys=0.00s Real=0.00s
[2019-09-02T13:59:25.639+0800][163.525s][debug][gc,heap       ] GC(75) Heap before GC invocations=75 (full 0): garbage-first heap   total 32768K, used 24629K [0x00000000fe000000, 0x0000000100000000)
[2019-09-02T13:59:25.639+0800][163.525s][debug][gc,heap       ] GC(75)   region size 1024K, 9 young (9216K), 1 survivors (1024K)
[2019-09-02T13:59:25.639+0800][163.525s][debug][gc,heap       ] GC(75)  Metaspace       used 38417K, capacity 38877K, committed 39884K, reserved 1085440K
[2019-09-02T13:59:25.639+0800][163.525s][debug][gc,heap       ] GC(75)   class space    used 4169K, capacity 4339K, committed 4556K, reserved 1048576K
[2019-09-02T13:59:25.639+0800][163.525s][info ][gc,start      ] GC(75) Pause Young (G1 Evacuation Pause)
[2019-09-02T13:59:25.639+0800][163.525s][info ][gc,task       ] GC(75) Using 8 workers of 8 for evacuation
[2019-09-02T13:59:25.639+0800][163.525s][debug][gc,age        ] GC(75) Desired survivor size 1048576 bytes, new threshold 15 (max threshold 15)
[2019-09-02T13:59:25.640+0800][163.526s][trace][gc,age        ] GC(75) Age table with threshold 15 (max threshold 15)
[2019-09-02T13:59:25.641+0800][163.526s][trace][gc,age        ] GC(75) - age   1:      18968 bytes,      18968 total
[2019-09-02T13:59:25.641+0800][163.526s][trace][gc,age        ] GC(75) - age   2:      12728 bytes,      31696 total
[2019-09-02T13:59:25.641+0800][163.526s][trace][gc,age        ] GC(75) - age   3:       9216 bytes,      40912 total
[2019-09-02T13:59:25.641+0800][163.527s][trace][gc,age        ] GC(75) - age   4:      10552 bytes,      51464 total
[2019-09-02T13:59:25.641+0800][163.527s][trace][gc,age        ] GC(75) - age   5:      11144 bytes,      62608 total
[2019-09-02T13:59:25.641+0800][163.527s][trace][gc,age        ] GC(75) - age   6:      52424 bytes,     115032 total
[2019-09-02T13:59:25.641+0800][163.527s][trace][gc,age        ] GC(75) - age   7:       9552 bytes,     124584 total
[2019-09-02T13:59:25.641+0800][163.527s][trace][gc,age        ] GC(75) - age   8:      10160 bytes,     134744 total
[2019-09-02T13:59:25.641+0800][163.527s][trace][gc,age        ] GC(75) - age   9:       8400 bytes,     143144 total
[2019-09-02T13:59:25.641+0800][163.527s][trace][gc,age        ] GC(75) - age  10:       9120 bytes,     152264 total
[2019-09-02T13:59:25.641+0800][163.527s][trace][gc,age        ] GC(75) - age  11:      12888 bytes,     165152 total
[2019-09-02T13:59:25.641+0800][163.527s][trace][gc,age        ] GC(75) - age  12:       8760 bytes,     173912 total
[2019-09-02T13:59:25.641+0800][163.527s][trace][gc,age        ] GC(75) - age  13:      26832 bytes,     200744 total
[2019-09-02T13:59:25.641+0800][163.527s][trace][gc,age        ] GC(75) - age  14:       8600 bytes,     209344 total
[2019-09-02T13:59:25.641+0800][163.527s][trace][gc,age        ] GC(75) - age  15:       8392 bytes,     217736 total
[2019-09-02T13:59:25.641+0800][163.527s][info ][gc,phases     ] GC(75)   Pre Evacuate Collection Set: 0.0ms
[2019-09-02T13:59:25.641+0800][163.527s][info ][gc,phases     ] GC(75)   Evacuate Collection Set: 1.0ms
[2019-09-02T13:59:25.641+0800][163.527s][info ][gc,phases     ] GC(75)   Post Evacuate Collection Set: 0.1ms
[2019-09-02T13:59:25.641+0800][163.527s][info ][gc,phases     ] GC(75)   Other: 0.8ms
[2019-09-02T13:59:25.641+0800][163.527s][info ][gc,heap       ] GC(75) Eden regions: 8->0(9)
[2019-09-02T13:59:25.641+0800][163.527s][info ][gc,heap       ] GC(75) Survivor regions: 1->1(2)
[2019-09-02T13:59:25.641+0800][163.527s][info ][gc,heap       ] GC(75) Old regions: 16->16
[2019-09-02T13:59:25.641+0800][163.527s][info ][gc,heap       ] GC(75) Humongous regions: 0->0
[2019-09-02T13:59:25.641+0800][163.527s][info ][gc,metaspace  ] GC(75) Metaspace: 38417K->38417K(1085440K)
[2019-09-02T13:59:25.641+0800][163.527s][debug][gc,heap       ] GC(75) Heap after GC invocations=76 (full 0): garbage-first heap   total 32768K, used 16411K [0x00000000fe000000, 0x0000000100000000)
[2019-09-02T13:59:25.641+0800][163.527s][debug][gc,heap       ] GC(75)   region size 1024K, 1 young (1024K), 1 survivors (1024K)
[2019-09-02T13:59:25.641+0800][163.527s][debug][gc,heap       ] GC(75)  Metaspace       used 38417K, capacity 38877K, committed 39884K, reserved 1085440K
[2019-09-02T13:59:25.641+0800][163.527s][debug][gc,heap       ] GC(75)   class space    used 4169K, capacity 4339K, committed 4556K, reserved 1048576K
[2019-09-02T13:59:25.641+0800][163.527s][info ][gc            ] GC(75) Pause Young (G1 Evacuation Pause) 24M->16M(32M) 2.044ms
[2019-09-02T13:59:25.642+0800][163.528s][info ][gc,cpu        ] GC(75) User=0.00s Sys=0.00s Real=0.00s
[2019-09-02T13:59:25.768+0800][163.654s][debug][gc,heap       ] GC(76) Heap before GC invocations=76 (full 0): garbage-first heap   total 32768K, used 25627K [0x00000000fe000000, 0x0000000100000000)
[2019-09-02T13:59:25.768+0800][163.654s][debug][gc,heap       ] GC(76)   region size 1024K, 10 young (10240K), 1 survivors (1024K)
[2019-09-02T13:59:25.768+0800][163.654s][debug][gc,heap       ] GC(76)  Metaspace       used 38417K, capacity 38877K, committed 39884K, reserved 1085440K
[2019-09-02T13:59:25.768+0800][163.654s][debug][gc,heap       ] GC(76)   class space    used 4169K, capacity 4339K, committed 4556K, reserved 1048576K
[2019-09-02T13:59:25.768+0800][163.654s][info ][gc,start      ] GC(76) Pause Young (G1 Evacuation Pause)
[2019-09-02T13:59:25.768+0800][163.654s][info ][gc,task       ] GC(76) Using 8 workers of 8 for evacuation
[2019-09-02T13:59:25.768+0800][163.654s][debug][gc,age        ] GC(76) Desired survivor size 1048576 bytes, new threshold 15 (max threshold 15)
[2019-09-02T13:59:25.769+0800][163.655s][trace][gc,age        ] GC(76) Age table with threshold 15 (max threshold 15)
[2019-09-02T13:59:25.769+0800][163.655s][trace][gc,age        ] GC(76) - age   1:      49472 bytes,      49472 total
[2019-09-02T13:59:25.769+0800][163.655s][trace][gc,age        ] GC(76) - age   2:       8480 bytes,      57952 total
[2019-09-02T13:59:25.769+0800][163.655s][trace][gc,age        ] GC(76) - age   3:      11760 bytes,      69712 total
[2019-09-02T13:59:25.769+0800][163.655s][trace][gc,age        ] GC(76) - age   4:       9216 bytes,      78928 total
[2019-09-02T13:59:25.769+0800][163.655s][trace][gc,age        ] GC(76) - age   5:      10552 bytes,      89480 total
[2019-09-02T13:59:25.769+0800][163.655s][trace][gc,age        ] GC(76) - age   6:      11144 bytes,     100624 total
[2019-09-02T13:59:25.769+0800][163.655s][trace][gc,age        ] GC(76) - age   7:      52424 bytes,     153048 total
[2019-09-02T13:59:25.769+0800][163.655s][trace][gc,age        ] GC(76) - age   8:       9552 bytes,     162600 total
[2019-09-02T13:59:25.769+0800][163.655s][trace][gc,age        ] GC(76) - age   9:      10160 bytes,     172760 total
[2019-09-02T13:59:25.769+0800][163.655s][trace][gc,age        ] GC(76) - age  10:       8400 bytes,     181160 total
[2019-09-02T13:59:25.769+0800][163.655s][trace][gc,age        ] GC(76) - age  11:       9120 bytes,     190280 total
[2019-09-02T13:59:25.769+0800][163.655s][trace][gc,age        ] GC(76) - age  12:      12888 bytes,     203168 total
[2019-09-02T13:59:25.769+0800][163.655s][trace][gc,age        ] GC(76) - age  13:       8760 bytes,     211928 total
[2019-09-02T13:59:25.769+0800][163.655s][trace][gc,age        ] GC(76) - age  14:      26832 bytes,     238760 total
[2019-09-02T13:59:25.769+0800][163.655s][trace][gc,age        ] GC(76) - age  15:       8600 bytes,     247360 total
[2019-09-02T13:59:25.769+0800][163.655s][info ][gc,phases     ] GC(76)   Pre Evacuate Collection Set: 0.0ms
[2019-09-02T13:59:25.769+0800][163.655s][info ][gc,phases     ] GC(76)   Evacuate Collection Set: 0.8ms
[2019-09-02T13:59:25.769+0800][163.655s][info ][gc,phases     ] GC(76)   Post Evacuate Collection Set: 0.1ms
[2019-09-02T13:59:25.769+0800][163.655s][info ][gc,phases     ] GC(76)   Other: 0.5ms
[2019-09-02T13:59:25.769+0800][163.656s][info ][gc,heap       ] GC(76) Eden regions: 9->0(9)
[2019-09-02T13:59:25.769+0800][163.656s][info ][gc,heap       ] GC(76) Survivor regions: 1->1(2)
[2019-09-02T13:59:25.769+0800][163.656s][info ][gc,heap       ] GC(76) Old regions: 16->16
[2019-09-02T13:59:25.769+0800][163.656s][info ][gc,heap       ] GC(76) Humongous regions: 0->0
[2019-09-02T13:59:25.769+0800][163.656s][info ][gc,metaspace  ] GC(76) Metaspace: 38417K->38417K(1085440K)
[2019-09-02T13:59:25.769+0800][163.656s][debug][gc,heap       ] GC(76) Heap after GC invocations=77 (full 0): garbage-first heap   total 32768K, used 16457K [0x00000000fe000000, 0x0000000100000000)
[2019-09-02T13:59:25.769+0800][163.656s][debug][gc,heap       ] GC(76)   region size 1024K, 1 young (1024K), 1 survivors (1024K)
[2019-09-02T13:59:25.769+0800][163.656s][debug][gc,heap       ] GC(76)  Metaspace       used 38417K, capacity 38877K, committed 39884K, reserved 1085440K
[2019-09-02T13:59:25.769+0800][163.656s][debug][gc,heap       ] GC(76)   class space    used 4169K, capacity 4339K, committed 4556K, reserved 1048576K
[2019-09-02T13:59:25.769+0800][163.656s][info ][gc            ] GC(76) Pause Young (G1 Evacuation Pause) 25M->16M(32M) 1.571ms
[2019-09-02T13:59:25.770+0800][163.656s][info ][gc,cpu        ] GC(76) User=0.00s Sys=0.00s Real=0.00s
[2019-09-02T13:59:25.945+0800][163.831s][debug][gc,heap       ] GC(77) Heap before GC invocations=77 (full 0): garbage-first heap   total 32768K, used 25673K [0x00000000fe000000, 0x0000000100000000)
[2019-09-02T13:59:25.945+0800][163.831s][debug][gc,heap       ] GC(77)   region size 1024K, 10 young (10240K), 1 survivors (1024K)
[2019-09-02T13:59:25.945+0800][163.831s][debug][gc,heap       ] GC(77)  Metaspace       used 38417K, capacity 38877K, committed 39884K, reserved 1085440K
[2019-09-02T13:59:25.945+0800][163.831s][debug][gc,heap       ] GC(77)   class space    used 4169K, capacity 4339K, committed 4556K, reserved 1048576K
[2019-09-02T13:59:25.945+0800][163.831s][info ][gc,start      ] GC(77) Pause Young (G1 Evacuation Pause)
[2019-09-02T13:59:25.945+0800][163.831s][info ][gc,task       ] GC(77) Using 8 workers of 8 for evacuation
[2019-09-02T13:59:25.945+0800][163.831s][debug][gc,age        ] GC(77) Desired survivor size 1048576 bytes, new threshold 15 (max threshold 15)
[2019-09-02T13:59:25.950+0800][163.836s][trace][gc,age        ] GC(77) Age table with threshold 15 (max threshold 15)
[2019-09-02T13:59:25.950+0800][163.836s][trace][gc,age        ] GC(77) - age   1:      36608 bytes,      36608 total
[2019-09-02T13:59:25.950+0800][163.836s][trace][gc,age        ] GC(77) - age   2:       9776 bytes,      46384 total
[2019-09-02T13:59:25.950+0800][163.836s][trace][gc,age        ] GC(77) - age   3:       8480 bytes,      54864 total
[2019-09-02T13:59:25.950+0800][163.836s][trace][gc,age        ] GC(77) - age   4:      11760 bytes,      66624 total
[2019-09-02T13:59:25.950+0800][163.836s][trace][gc,age        ] GC(77) - age   5:       9216 bytes,      75840 total
[2019-09-02T13:59:25.950+0800][163.836s][trace][gc,age        ] GC(77) - age   6:      10552 bytes,      86392 total
[2019-09-02T13:59:25.950+0800][163.837s][trace][gc,age        ] GC(77) - age   7:      11144 bytes,      97536 total
[2019-09-02T13:59:25.950+0800][163.837s][trace][gc,age        ] GC(77) - age   8:      52352 bytes,     149888 total
[2019-09-02T13:59:25.950+0800][163.837s][trace][gc,age        ] GC(77) - age   9:       9528 bytes,     159416 total
[2019-09-02T13:59:25.950+0800][163.837s][trace][gc,age        ] GC(77) - age  10:      10160 bytes,     169576 total
[2019-09-02T13:59:25.950+0800][163.837s][trace][gc,age        ] GC(77) - age  11:       8400 bytes,     177976 total
[2019-09-02T13:59:25.950+0800][163.837s][trace][gc,age        ] GC(77) - age  12:       9120 bytes,     187096 total
[2019-09-02T13:59:25.950+0800][163.837s][trace][gc,age        ] GC(77) - age  13:      12888 bytes,     199984 total
[2019-09-02T13:59:25.950+0800][163.837s][trace][gc,age        ] GC(77) - age  14:       8760 bytes,     208744 total
[2019-09-02T13:59:25.950+0800][163.837s][trace][gc,age        ] GC(77) - age  15:      26832 bytes,     235576 total
[2019-09-02T13:59:25.950+0800][163.837s][info ][gc,phases     ] GC(77)   Pre Evacuate Collection Set: 0.0ms
[2019-09-02T13:59:25.950+0800][163.837s][info ][gc,phases     ] GC(77)   Evacuate Collection Set: 4.7ms
[2019-09-02T13:59:25.950+0800][163.837s][info ][gc,phases     ] GC(77)   Post Evacuate Collection Set: 0.1ms
[2019-09-02T13:59:25.951+0800][163.837s][info ][gc,phases     ] GC(77)   Other: 0.9ms
[2019-09-02T13:59:25.951+0800][163.837s][info ][gc,heap       ] GC(77) Eden regions: 9->0(9)
[2019-09-02T13:59:25.951+0800][163.837s][info ][gc,heap       ] GC(77) Survivor regions: 1->1(2)
[2019-09-02T13:59:25.951+0800][163.837s][info ][gc,heap       ] GC(77) Old regions: 16->16
[2019-09-02T13:59:25.951+0800][163.837s][info ][gc,heap       ] GC(77) Humongous regions: 0->0
[2019-09-02T13:59:25.951+0800][163.837s][info ][gc,metaspace  ] GC(77) Metaspace: 38417K->38417K(1085440K)
[2019-09-02T13:59:25.951+0800][163.837s][debug][gc,heap       ] GC(77) Heap after GC invocations=78 (full 0): garbage-first heap   total 32768K, used 16458K [0x00000000fe000000, 0x0000000100000000)
[2019-09-02T13:59:25.951+0800][163.837s][debug][gc,heap       ] GC(77)   region size 1024K, 1 young (1024K), 1 survivors (1024K)
[2019-09-02T13:59:25.951+0800][163.837s][debug][gc,heap       ] GC(77)  Metaspace       used 38417K, capacity 38877K, committed 39884K, reserved 1085440K
[2019-09-02T13:59:25.951+0800][163.837s][debug][gc,heap       ] GC(77)   class space    used 4169K, capacity 4339K, committed 4556K, reserved 1048576K
[2019-09-02T13:59:25.951+0800][163.837s][info ][gc            ] GC(77) Pause Young (G1 Evacuation Pause) 25M->16M(32M) 5.792ms
[2019-09-02T13:59:25.951+0800][163.838s][info ][gc,cpu        ] GC(77) User=0.06s Sys=0.00s Real=0.01s
[2019-09-02T13:59:26.072+0800][163.959s][debug][gc,heap       ] GC(78) Heap before GC invocations=78 (full 0): garbage-first heap   total 32768K, used 25674K [0x00000000fe000000, 0x0000000100000000)
[2019-09-02T13:59:26.072+0800][163.959s][debug][gc,heap       ] GC(78)   region size 1024K, 10 young (10240K), 1 survivors (1024K)
[2019-09-02T13:59:26.072+0800][163.959s][debug][gc,heap       ] GC(78)  Metaspace       used 38418K, capacity 38877K, committed 39884K, reserved 1085440K
[2019-09-02T13:59:26.072+0800][163.959s][debug][gc,heap       ] GC(78)   class space    used 4169K, capacity 4339K, committed 4556K, reserved 1048576K
[2019-09-02T13:59:26.072+0800][163.959s][info ][gc,start      ] GC(78) Pause Young (G1 Evacuation Pause)
[2019-09-02T13:59:26.072+0800][163.959s][info ][gc,task       ] GC(78) Using 8 workers of 8 for evacuation
[2019-09-02T13:59:26.073+0800][163.959s][debug][gc,age        ] GC(78) Desired survivor size 1048576 bytes, new threshold 15 (max threshold 15)
[2019-09-02T13:59:26.074+0800][163.960s][trace][gc,age        ] GC(78) Age table with threshold 15 (max threshold 15)
[2019-09-02T13:59:26.074+0800][163.960s][trace][gc,age        ] GC(78) - age   1:      36352 bytes,      36352 total
[2019-09-02T13:59:26.074+0800][163.960s][trace][gc,age        ] GC(78) - age   2:       9808 bytes,      46160 total
[2019-09-02T13:59:26.074+0800][163.960s][trace][gc,age        ] GC(78) - age   3:       9776 bytes,      55936 total
[2019-09-02T13:59:26.074+0800][163.960s][trace][gc,age        ] GC(78) - age   4:       8480 bytes,      64416 total
[2019-09-02T13:59:26.074+0800][163.960s][trace][gc,age        ] GC(78) - age   5:      10792 bytes,      75208 total
[2019-09-02T13:59:26.074+0800][163.960s][trace][gc,age        ] GC(78) - age   6:       9216 bytes,      84424 total
[2019-09-02T13:59:26.074+0800][163.960s][trace][gc,age        ] GC(78) - age   7:      10552 bytes,      94976 total
[2019-09-02T13:59:26.074+0800][163.960s][trace][gc,age        ] GC(78) - age   8:      11144 bytes,     106120 total
[2019-09-02T13:59:26.074+0800][163.960s][trace][gc,age        ] GC(78) - age   9:      52352 bytes,     158472 total
[2019-09-02T13:59:26.074+0800][163.960s][trace][gc,age        ] GC(78) - age  10:       9528 bytes,     168000 total
[2019-09-02T13:59:26.074+0800][163.960s][trace][gc,age        ] GC(78) - age  11:      10160 bytes,     178160 total
[2019-09-02T13:59:26.074+0800][163.960s][trace][gc,age        ] GC(78) - age  12:       8400 bytes,     186560 total
[2019-09-02T13:59:26.074+0800][163.960s][trace][gc,age        ] GC(78) - age  13:       9120 bytes,     195680 total
[2019-09-02T13:59:26.074+0800][163.960s][trace][gc,age        ] GC(78) - age  14:      12888 bytes,     208568 total
[2019-09-02T13:59:26.074+0800][163.960s][trace][gc,age        ] GC(78) - age  15:       8760 bytes,     217328 total
[2019-09-02T13:59:26.074+0800][163.960s][info ][gc,phases     ] GC(78)   Pre Evacuate Collection Set: 0.0ms
[2019-09-02T13:59:26.074+0800][163.960s][info ][gc,phases     ] GC(78)   Evacuate Collection Set: 0.9ms
[2019-09-02T13:59:26.074+0800][163.960s][info ][gc,phases     ] GC(78)   Post Evacuate Collection Set: 0.1ms
[2019-09-02T13:59:26.074+0800][163.960s][info ][gc,phases     ] GC(78)   Other: 0.7ms
[2019-09-02T13:59:26.074+0800][163.960s][info ][gc,heap       ] GC(78) Eden regions: 9->0(9)
[2019-09-02T13:59:26.074+0800][163.960s][info ][gc,heap       ] GC(78) Survivor regions: 1->1(2)
[2019-09-02T13:59:26.074+0800][163.961s][info ][gc,heap       ] GC(78) Old regions: 16->16
[2019-09-02T13:59:26.074+0800][163.961s][info ][gc,heap       ] GC(78) Humongous regions: 0->0
[2019-09-02T13:59:26.074+0800][163.961s][info ][gc,metaspace  ] GC(78) Metaspace: 38418K->38418K(1085440K)
[2019-09-02T13:59:26.074+0800][163.961s][debug][gc,heap       ] GC(78) Heap after GC invocations=79 (full 0): garbage-first heap   total 32768K, used 16482K [0x00000000fe000000, 0x0000000100000000)
[2019-09-02T13:59:26.074+0800][163.961s][debug][gc,heap       ] GC(78)   region size 1024K, 1 young (1024K), 1 survivors (1024K)
[2019-09-02T13:59:26.074+0800][163.961s][debug][gc,heap       ] GC(78)  Metaspace       used 38418K, capacity 38877K, committed 39884K, reserved 1085440K
[2019-09-02T13:59:26.074+0800][163.961s][debug][gc,heap       ] GC(78)   class space    used 4169K, capacity 4339K, committed 4556K, reserved 1048576K
[2019-09-02T13:59:26.074+0800][163.961s][info ][gc            ] GC(78) Pause Young (G1 Evacuation Pause) 25M->16M(32M) 1.883ms
[2019-09-02T13:59:26.075+0800][163.961s][info ][gc,cpu        ] GC(78) User=0.00s Sys=0.00s Real=0.00s
[2019-09-02T13:59:26.201+0800][164.087s][debug][gc,heap       ] GC(79) Heap before GC invocations=79 (full 0): garbage-first heap   total 32768K, used 25698K [0x00000000fe000000, 0x0000000100000000)
[2019-09-02T13:59:26.201+0800][164.087s][debug][gc,heap       ] GC(79)   region size 1024K, 10 young (10240K), 1 survivors (1024K)
[2019-09-02T13:59:26.201+0800][164.087s][debug][gc,heap       ] GC(79)  Metaspace       used 38418K, capacity 38877K, committed 39884K, reserved 1085440K
[2019-09-02T13:59:26.201+0800][164.087s][debug][gc,heap       ] GC(79)   class space    used 4169K, capacity 4339K, committed 4556K, reserved 1048576K
[2019-09-02T13:59:26.201+0800][164.087s][info ][gc,start      ] GC(79) Pause Young (G1 Evacuation Pause)
[2019-09-02T13:59:26.201+0800][164.087s][info ][gc,task       ] GC(79) Using 8 workers of 8 for evacuation
[2019-09-02T13:59:26.201+0800][164.087s][debug][gc,age        ] GC(79) Desired survivor size 1048576 bytes, new threshold 15 (max threshold 15)
[2019-09-02T13:59:26.202+0800][164.088s][trace][gc,age        ] GC(79) Age table with threshold 15 (max threshold 15)
[2019-09-02T13:59:26.202+0800][164.088s][trace][gc,age        ] GC(79) - age   1:      51376 bytes,      51376 total
[2019-09-02T13:59:26.202+0800][164.088s][trace][gc,age        ] GC(79) - age   2:       9792 bytes,      61168 total
[2019-09-02T13:59:26.202+0800][164.088s][trace][gc,age        ] GC(79) - age   3:       9752 bytes,      70920 total
[2019-09-02T13:59:26.202+0800][164.088s][trace][gc,age        ] GC(79) - age   4:       9776 bytes,      80696 total
[2019-09-02T13:59:26.202+0800][164.088s][trace][gc,age        ] GC(79) - age   5:       8480 bytes,      89176 total
[2019-09-02T13:59:26.202+0800][164.088s][trace][gc,age        ] GC(79) - age   6:      10792 bytes,      99968 total
[2019-09-02T13:59:26.202+0800][164.088s][trace][gc,age        ] GC(79) - age   7:       8968 bytes,     108936 total
[2019-09-02T13:59:26.202+0800][164.088s][trace][gc,age        ] GC(79) - age   8:       9584 bytes,     118520 total
[2019-09-02T13:59:26.202+0800][164.088s][trace][gc,age        ] GC(79) - age   9:      11144 bytes,     129664 total
[2019-09-02T13:59:26.202+0800][164.088s][trace][gc,age        ] GC(79) - age  10:      52352 bytes,     182016 total
[2019-09-02T13:59:26.202+0800][164.088s][trace][gc,age        ] GC(79) - age  11:       9528 bytes,     191544 total
[2019-09-02T13:59:26.202+0800][164.088s][trace][gc,age        ] GC(79) - age  12:      10160 bytes,     201704 total
[2019-09-02T13:59:26.202+0800][164.088s][trace][gc,age        ] GC(79) - age  13:       8400 bytes,     210104 total
[2019-09-02T13:59:26.202+0800][164.088s][trace][gc,age        ] GC(79) - age  14:       9120 bytes,     219224 total
[2019-09-02T13:59:26.202+0800][164.088s][trace][gc,age        ] GC(79) - age  15:      12888 bytes,     232112 total
[2019-09-02T13:59:26.202+0800][164.088s][info ][gc,phases     ] GC(79)   Pre Evacuate Collection Set: 0.0ms
[2019-09-02T13:59:26.202+0800][164.088s][info ][gc,phases     ] GC(79)   Evacuate Collection Set: 0.9ms
[2019-09-02T13:59:26.202+0800][164.088s][info ][gc,phases     ] GC(79)   Post Evacuate Collection Set: 0.1ms
[2019-09-02T13:59:26.202+0800][164.088s][info ][gc,phases     ] GC(79)   Other: 0.5ms
[2019-09-02T13:59:26.202+0800][164.088s][info ][gc,heap       ] GC(79) Eden regions: 9->0(9)
[2019-09-02T13:59:26.202+0800][164.088s][info ][gc,heap       ] GC(79) Survivor regions: 1->1(2)
[2019-09-02T13:59:26.202+0800][164.088s][info ][gc,heap       ] GC(79) Old regions: 16->16
[2019-09-02T13:59:26.202+0800][164.088s][info ][gc,heap       ] GC(79) Humongous regions: 0->0
[2019-09-02T13:59:26.203+0800][164.088s][info ][gc,metaspace  ] GC(79) Metaspace: 38418K->38418K(1085440K)
[2019-09-02T13:59:26.203+0800][164.088s][debug][gc,heap       ] GC(79) Heap after GC invocations=80 (full 0): garbage-first heap   total 32768K, used 16526K [0x00000000fe000000, 0x0000000100000000)
[2019-09-02T13:59:26.203+0800][164.088s][debug][gc,heap       ] GC(79)   region size 1024K, 1 young (1024K), 1 survivors (1024K)
[2019-09-02T13:59:26.203+0800][164.088s][debug][gc,heap       ] GC(79)  Metaspace       used 38418K, capacity 38877K, committed 39884K, reserved 1085440K
[2019-09-02T13:59:26.203+0800][164.088s][debug][gc,heap       ] GC(79)   class space    used 4169K, capacity 4339K, committed 4556K, reserved 1048576K
[2019-09-02T13:59:26.203+0800][164.089s][info ][gc            ] GC(79) Pause Young (G1 Evacuation Pause) 25M->16M(32M) 1.685ms
[2019-09-02T13:59:26.203+0800][164.089s][info ][gc,cpu        ] GC(79) User=0.00s Sys=0.00s Real=0.00s
[2019-09-02T13:59:26.337+0800][164.223s][debug][gc,heap       ] GC(80) Heap before GC invocations=80 (full 0): garbage-first heap   total 32768K, used 25742K [0x00000000fe000000, 0x0000000100000000)
[2019-09-02T13:59:26.337+0800][164.223s][debug][gc,heap       ] GC(80)   region size 1024K, 10 young (10240K), 1 survivors (1024K)
[2019-09-02T13:59:26.337+0800][164.223s][debug][gc,heap       ] GC(80)  Metaspace       used 38418K, capacity 38877K, committed 39884K, reserved 1085440K
[2019-09-02T13:59:26.337+0800][164.223s][debug][gc,heap       ] GC(80)   class space    used 4169K, capacity 4339K, committed 4556K, reserved 1048576K
[2019-09-02T13:59:26.337+0800][164.223s][info ][gc,start      ] GC(80) Pause Young (G1 Evacuation Pause)
[2019-09-02T13:59:26.337+0800][164.223s][info ][gc,task       ] GC(80) Using 8 workers of 8 for evacuation
[2019-09-02T13:59:26.337+0800][164.223s][debug][gc,age        ] GC(80) Desired survivor size 1048576 bytes, new threshold 15 (max threshold 15)
[2019-09-02T13:59:26.338+0800][164.224s][trace][gc,age        ] GC(80) Age table with threshold 15 (max threshold 15)
[2019-09-02T13:59:26.338+0800][164.224s][trace][gc,age        ] GC(80) - age   1:      29064 bytes,      29064 total
[2019-09-02T13:59:26.338+0800][164.225s][trace][gc,age        ] GC(80) - age   2:      11344 bytes,      40408 total
[2019-09-02T13:59:26.338+0800][164.225s][trace][gc,age        ] GC(80) - age   3:       9792 bytes,      50200 total
[2019-09-02T13:59:26.338+0800][164.225s][trace][gc,age        ] GC(80) - age   4:       9752 bytes,      59952 total
[2019-09-02T13:59:26.338+0800][164.225s][trace][gc,age        ] GC(80) - age   5:       9776 bytes,      69728 total
[2019-09-02T13:59:26.338+0800][164.225s][trace][gc,age        ] GC(80) - age   6:       8480 bytes,      78208 total
[2019-09-02T13:59:26.338+0800][164.225s][trace][gc,age        ] GC(80) - age   7:      10792 bytes,      89000 total
[2019-09-02T13:59:26.338+0800][164.225s][trace][gc,age        ] GC(80) - age   8:       8968 bytes,      97968 total
[2019-09-02T13:59:26.338+0800][164.225s][trace][gc,age        ] GC(80) - age   9:       9584 bytes,     107552 total
[2019-09-02T13:59:26.338+0800][164.225s][trace][gc,age        ] GC(80) - age  10:      11144 bytes,     118696 total
[2019-09-02T13:59:26.338+0800][164.225s][trace][gc,age        ] GC(80) - age  11:      52352 bytes,     171048 total
[2019-09-02T13:59:26.338+0800][164.225s][trace][gc,age        ] GC(80) - age  12:       9528 bytes,     180576 total
[2019-09-02T13:59:26.338+0800][164.225s][trace][gc,age        ] GC(80) - age  13:      10160 bytes,     190736 total
[2019-09-02T13:59:26.338+0800][164.225s][trace][gc,age        ] GC(80) - age  14:       8400 bytes,     199136 total
[2019-09-02T13:59:26.338+0800][164.225s][trace][gc,age        ] GC(80) - age  15:       9120 bytes,     208256 total
[2019-09-02T13:59:26.339+0800][164.225s][info ][gc,phases     ] GC(80)   Pre Evacuate Collection Set: 0.0ms
[2019-09-02T13:59:26.339+0800][164.225s][info ][gc,phases     ] GC(80)   Evacuate Collection Set: 1.1ms
[2019-09-02T13:59:26.339+0800][164.225s][info ][gc,phases     ] GC(80)   Post Evacuate Collection Set: 0.1ms
[2019-09-02T13:59:26.339+0800][164.225s][info ][gc,phases     ] GC(80)   Other: 0.8ms
[2019-09-02T13:59:26.339+0800][164.225s][info ][gc,heap       ] GC(80) Eden regions: 9->0(9)
[2019-09-02T13:59:26.339+0800][164.225s][info ][gc,heap       ] GC(80) Survivor regions: 1->1(2)
[2019-09-02T13:59:26.339+0800][164.225s][info ][gc,heap       ] GC(80) Old regions: 16->16
[2019-09-02T13:59:26.339+0800][164.225s][info ][gc,heap       ] GC(80) Humongous regions: 0->0
[2019-09-02T13:59:26.339+0800][164.225s][info ][gc,metaspace  ] GC(80) Metaspace: 38418K->38418K(1085440K)
[2019-09-02T13:59:26.339+0800][164.225s][debug][gc,heap       ] GC(80) Heap after GC invocations=81 (full 0): garbage-first heap   total 32768K, used 16514K [0x00000000fe000000, 0x0000000100000000)
[2019-09-02T13:59:26.339+0800][164.225s][debug][gc,heap       ] GC(80)   region size 1024K, 1 young (1024K), 1 survivors (1024K)
[2019-09-02T13:59:26.339+0800][164.225s][debug][gc,heap       ] GC(80)  Metaspace       used 38418K, capacity 38877K, committed 39884K, reserved 1085440K
[2019-09-02T13:59:26.339+0800][164.225s][debug][gc,heap       ] GC(80)   class space    used 4169K, capacity 4339K, committed 4556K, reserved 1048576K
[2019-09-02T13:59:26.339+0800][164.225s][info ][gc            ] GC(80) Pause Young (G1 Evacuation Pause) 25M->16M(32M) 2.121ms
[2019-09-02T13:59:26.339+0800][164.226s][info ][gc,cpu        ] GC(80) User=0.09s Sys=0.00s Real=0.00s
[2019-09-02T13:59:26.633+0800][164.519s][debug][gc,heap       ] GC(81) Heap before GC invocations=81 (full 0): garbage-first heap   total 32768K, used 25730K [0x00000000fe000000, 0x0000000100000000)
[2019-09-02T13:59:26.633+0800][164.519s][debug][gc,heap       ] GC(81)   region size 1024K, 10 young (10240K), 1 survivors (1024K)
[2019-09-02T13:59:26.633+0800][164.519s][debug][gc,heap       ] GC(81)  Metaspace       used 38419K, capacity 38877K, committed 39884K, reserved 1085440K
[2019-09-02T13:59:26.633+0800][164.519s][debug][gc,heap       ] GC(81)   class space    used 4169K, capacity 4339K, committed 4556K, reserved 1048576K
[2019-09-02T13:59:26.633+0800][164.519s][info ][gc,start      ] GC(81) Pause Young (G1 Evacuation Pause)
[2019-09-02T13:59:26.633+0800][164.519s][info ][gc,task       ] GC(81) Using 8 workers of 8 for evacuation
[2019-09-02T13:59:26.633+0800][164.519s][debug][gc,age        ] GC(81) Desired survivor size 1048576 bytes, new threshold 15 (max threshold 15)
[2019-09-02T13:59:26.634+0800][164.521s][trace][gc,age        ] GC(81) Age table with threshold 15 (max threshold 15)
[2019-09-02T13:59:26.634+0800][164.521s][trace][gc,age        ] GC(81) - age   1:      25408 bytes,      25408 total
[2019-09-02T13:59:26.634+0800][164.521s][trace][gc,age        ] GC(81) - age   2:      10280 bytes,      35688 total
[2019-09-02T13:59:26.634+0800][164.521s][trace][gc,age        ] GC(81) - age   3:      11312 bytes,      47000 total
[2019-09-02T13:59:26.634+0800][164.521s][trace][gc,age        ] GC(81) - age   4:       9792 bytes,      56792 total
[2019-09-02T13:59:26.634+0800][164.521s][trace][gc,age        ] GC(81) - age   5:       9752 bytes,      66544 total
[2019-09-02T13:59:26.634+0800][164.521s][trace][gc,age        ] GC(81) - age   6:       9776 bytes,      76320 total
[2019-09-02T13:59:26.634+0800][164.521s][trace][gc,age        ] GC(81) - age   7:       8480 bytes,      84800 total
[2019-09-02T13:59:26.635+0800][164.521s][trace][gc,age        ] GC(81) - age   8:      10792 bytes,      95592 total
[2019-09-02T13:59:26.635+0800][164.521s][trace][gc,age        ] GC(81) - age   9:       8968 bytes,     104560 total
[2019-09-02T13:59:26.635+0800][164.521s][trace][gc,age        ] GC(81) - age  10:       9584 bytes,     114144 total
[2019-09-02T13:59:26.635+0800][164.521s][trace][gc,age        ] GC(81) - age  11:      11144 bytes,     125288 total
[2019-09-02T13:59:26.635+0800][164.521s][trace][gc,age        ] GC(81) - age  12:      52352 bytes,     177640 total
[2019-09-02T13:59:26.635+0800][164.521s][trace][gc,age        ] GC(81) - age  13:       9528 bytes,     187168 total
[2019-09-02T13:59:26.635+0800][164.521s][trace][gc,age        ] GC(81) - age  14:      10160 bytes,     197328 total
[2019-09-02T13:59:26.635+0800][164.521s][trace][gc,age        ] GC(81) - age  15:       8400 bytes,     205728 total
[2019-09-02T13:59:26.635+0800][164.521s][info ][gc,phases     ] GC(81)   Pre Evacuate Collection Set: 0.0ms
[2019-09-02T13:59:26.635+0800][164.521s][info ][gc,phases     ] GC(81)   Evacuate Collection Set: 1.1ms
[2019-09-02T13:59:26.635+0800][164.521s][info ][gc,phases     ] GC(81)   Post Evacuate Collection Set: 0.2ms
[2019-09-02T13:59:26.635+0800][164.521s][info ][gc,phases     ] GC(81)   Other: 0.8ms
[2019-09-02T13:59:26.635+0800][164.521s][info ][gc,heap       ] GC(81) Eden regions: 9->0(9)
[2019-09-02T13:59:26.635+0800][164.521s][info ][gc,heap       ] GC(81) Survivor regions: 1->1(2)
[2019-09-02T13:59:26.635+0800][164.521s][info ][gc,heap       ] GC(81) Old regions: 16->16
[2019-09-02T13:59:26.635+0800][164.521s][info ][gc,heap       ] GC(81) Humongous regions: 0->0
[2019-09-02T13:59:26.635+0800][164.521s][info ][gc,metaspace  ] GC(81) Metaspace: 38419K->38419K(1085440K)
[2019-09-02T13:59:26.635+0800][164.522s][debug][gc,heap       ] GC(81) Heap after GC invocations=82 (full 0): garbage-first heap   total 32768K, used 16522K [0x00000000fe000000, 0x0000000100000000)
[2019-09-02T13:59:26.635+0800][164.522s][debug][gc,heap       ] GC(81)   region size 1024K, 1 young (1024K), 1 survivors (1024K)
[2019-09-02T13:59:26.635+0800][164.522s][debug][gc,heap       ] GC(81)  Metaspace       used 38419K, capacity 38877K, committed 39884K, reserved 1085440K
[2019-09-02T13:59:26.635+0800][164.522s][debug][gc,heap       ] GC(81)   class space    used 4169K, capacity 4339K, committed 4556K, reserved 1048576K
[2019-09-02T13:59:26.635+0800][164.522s][info ][gc            ] GC(81) Pause Young (G1 Evacuation Pause) 25M->16M(32M) 2.305ms
[2019-09-02T13:59:26.636+0800][164.522s][info ][gc,cpu        ] GC(81) User=0.00s Sys=0.03s Real=0.00s
[2019-09-02T13:59:26.975+0800][164.862s][debug][gc,heap       ] GC(82) Heap before GC invocations=82 (full 0): garbage-first heap   total 32768K, used 25738K [0x00000000fe000000, 0x0000000100000000)
[2019-09-02T13:59:26.975+0800][164.862s][debug][gc,heap       ] GC(82)   region size 1024K, 10 young (10240K), 1 survivors (1024K)
[2019-09-02T13:59:26.975+0800][164.862s][debug][gc,heap       ] GC(82)  Metaspace       used 38419K, capacity 38877K, committed 39884K, reserved 1085440K
[2019-09-02T13:59:26.975+0800][164.862s][debug][gc,heap       ] GC(82)   class space    used 4169K, capacity 4339K, committed 4556K, reserved 1048576K
[2019-09-02T13:59:26.976+0800][164.862s][info ][gc,start      ] GC(82) Pause Young (G1 Evacuation Pause)
[2019-09-02T13:59:26.976+0800][164.862s][info ][gc,task       ] GC(82) Using 8 workers of 8 for evacuation
[2019-09-02T13:59:26.976+0800][164.862s][debug][gc,age        ] GC(82) Desired survivor size 1048576 bytes, new threshold 15 (max threshold 15)
[2019-09-02T13:59:26.977+0800][164.864s][trace][gc,age        ] GC(82) Age table with threshold 15 (max threshold 15)
[2019-09-02T13:59:26.977+0800][164.864s][trace][gc,age        ] GC(82) - age   1:      29056 bytes,      29056 total
[2019-09-02T13:59:26.977+0800][164.864s][trace][gc,age        ] GC(82) - age   2:      11584 bytes,      40640 total
[2019-09-02T13:59:26.977+0800][164.864s][trace][gc,age        ] GC(82) - age   3:      10280 bytes,      50920 total
[2019-09-02T13:59:26.977+0800][164.864s][trace][gc,age        ] GC(82) - age   4:      10344 bytes,      61264 total
[2019-09-02T13:59:26.977+0800][164.864s][trace][gc,age        ] GC(82) - age   5:       9792 bytes,      71056 total
[2019-09-02T13:59:26.977+0800][164.864s][trace][gc,age        ] GC(82) - age   6:       9624 bytes,      80680 total
[2019-09-02T13:59:26.977+0800][164.864s][trace][gc,age        ] GC(82) - age   7:       9776 bytes,      90456 total
[2019-09-02T13:59:26.977+0800][164.864s][trace][gc,age        ] GC(82) - age   8:       8480 bytes,      98936 total
[2019-09-02T13:59:26.977+0800][164.864s][trace][gc,age        ] GC(82) - age   9:      10792 bytes,     109728 total
[2019-09-02T13:59:26.977+0800][164.864s][trace][gc,age        ] GC(82) - age  10:       8968 bytes,     118696 total
[2019-09-02T13:59:26.977+0800][164.864s][trace][gc,age        ] GC(82) - age  11:       9584 bytes,     128280 total
[2019-09-02T13:59:26.977+0800][164.864s][trace][gc,age        ] GC(82) - age  12:      11144 bytes,     139424 total
[2019-09-02T13:59:26.977+0800][164.864s][trace][gc,age        ] GC(82) - age  13:      52296 bytes,     191720 total
[2019-09-02T13:59:26.977+0800][164.864s][trace][gc,age        ] GC(82) - age  14:       9528 bytes,     201248 total
[2019-09-02T13:59:26.977+0800][164.864s][trace][gc,age        ] GC(82) - age  15:      10160 bytes,     211408 total
[2019-09-02T13:59:26.978+0800][164.864s][info ][gc,phases     ] GC(82)   Pre Evacuate Collection Set: 0.0ms
[2019-09-02T13:59:26.978+0800][164.864s][info ][gc,phases     ] GC(82)   Evacuate Collection Set: 1.3ms
[2019-09-02T13:59:26.978+0800][164.864s][info ][gc,phases     ] GC(82)   Post Evacuate Collection Set: 0.1ms
[2019-09-02T13:59:26.978+0800][164.864s][info ][gc,phases     ] GC(82)   Other: 0.8ms
[2019-09-02T13:59:26.978+0800][164.864s][info ][gc,heap       ] GC(82) Eden regions: 9->0(9)
[2019-09-02T13:59:26.978+0800][164.864s][info ][gc,heap       ] GC(82) Survivor regions: 1->1(2)
[2019-09-02T13:59:26.978+0800][164.864s][info ][gc,heap       ] GC(82) Old regions: 16->16
[2019-09-02T13:59:26.978+0800][164.864s][info ][gc,heap       ] GC(82) Humongous regions: 0->0
[2019-09-02T13:59:26.978+0800][164.864s][info ][gc,metaspace  ] GC(82) Metaspace: 38419K->38419K(1085440K)
[2019-09-02T13:59:26.978+0800][164.864s][debug][gc,heap       ] GC(82) Heap after GC invocations=83 (full 0): garbage-first heap   total 32768K, used 16538K [0x00000000fe000000, 0x0000000100000000)
[2019-09-02T13:59:26.978+0800][164.864s][debug][gc,heap       ] GC(82)   region size 1024K, 1 young (1024K), 1 survivors (1024K)
[2019-09-02T13:59:26.978+0800][164.864s][debug][gc,heap       ] GC(82)  Metaspace       used 38419K, capacity 38877K, committed 39884K, reserved 1085440K
[2019-09-02T13:59:26.978+0800][164.864s][debug][gc,heap       ] GC(82)   class space    used 4169K, capacity 4339K, committed 4556K, reserved 1048576K
[2019-09-02T13:59:26.978+0800][164.864s][info ][gc            ] GC(82) Pause Young (G1 Evacuation Pause) 25M->16M(32M) 2.372ms
[2019-09-02T13:59:26.978+0800][164.865s][info ][gc,cpu        ] GC(82) User=0.00s Sys=0.00s Real=0.00s
[2019-09-02T13:59:27.307+0800][165.193s][debug][gc,heap       ] GC(83) Heap before GC invocations=83 (full 0): garbage-first heap   total 32768K, used 25754K [0x00000000fe000000, 0x0000000100000000)
[2019-09-02T13:59:27.307+0800][165.193s][debug][gc,heap       ] GC(83)   region size 1024K, 10 young (10240K), 1 survivors (1024K)
[2019-09-02T13:59:27.307+0800][165.194s][debug][gc,heap       ] GC(83)  Metaspace       used 38419K, capacity 38877K, committed 39884K, reserved 1085440K
[2019-09-02T13:59:27.307+0800][165.194s][debug][gc,heap       ] GC(83)   class space    used 4169K, capacity 4339K, committed 4556K, reserved 1048576K
[2019-09-02T13:59:27.307+0800][165.194s][info ][gc,start      ] GC(83) Pause Young (G1 Evacuation Pause)
[2019-09-02T13:59:27.307+0800][165.194s][info ][gc,task       ] GC(83) Using 8 workers of 8 for evacuation
[2019-09-02T13:59:27.307+0800][165.194s][debug][gc,age        ] GC(83) Desired survivor size 1048576 bytes, new threshold 15 (max threshold 15)
[2019-09-02T13:59:27.311+0800][165.197s][trace][gc,age        ] GC(83) Age table with threshold 15 (max threshold 15)
[2019-09-02T13:59:27.311+0800][165.197s][trace][gc,age        ] GC(83) - age   1:      42720 bytes,      42720 total
[2019-09-02T13:59:27.311+0800][165.197s][trace][gc,age        ] GC(83) - age   2:      13616 bytes,      56336 total
[2019-09-02T13:59:27.311+0800][165.197s][trace][gc,age        ] GC(83) - age   3:      11336 bytes,      67672 total
[2019-09-02T13:59:27.311+0800][165.197s][trace][gc,age        ] GC(83) - age   4:      10256 bytes,      77928 total
[2019-09-02T13:59:27.311+0800][165.197s][trace][gc,age        ] GC(83) - age   5:      10344 bytes,      88272 total
[2019-09-02T13:59:27.311+0800][165.197s][trace][gc,age        ] GC(83) - age   6:       9792 bytes,      98064 total
[2019-09-02T13:59:27.311+0800][165.197s][trace][gc,age        ] GC(83) - age   7:       9624 bytes,     107688 total
[2019-09-02T13:59:27.311+0800][165.197s][trace][gc,age        ] GC(83) - age   8:       9776 bytes,     117464 total
[2019-09-02T13:59:27.311+0800][165.197s][trace][gc,age        ] GC(83) - age   9:       8480 bytes,     125944 total
[2019-09-02T13:59:27.311+0800][165.197s][trace][gc,age        ] GC(83) - age  10:      10792 bytes,     136736 total
[2019-09-02T13:59:27.311+0800][165.197s][trace][gc,age        ] GC(83) - age  11:       8968 bytes,     145704 total
[2019-09-02T13:59:27.311+0800][165.197s][trace][gc,age        ] GC(83) - age  12:       9584 bytes,     155288 total
[2019-09-02T13:59:27.311+0800][165.198s][trace][gc,age        ] GC(83) - age  13:      10176 bytes,     165464 total
[2019-09-02T13:59:27.311+0800][165.198s][trace][gc,age        ] GC(83) - age  14:      51872 bytes,     217336 total
[2019-09-02T13:59:27.311+0800][165.198s][trace][gc,age        ] GC(83) - age  15:       9528 bytes,     226864 total
[2019-09-02T13:59:27.311+0800][165.198s][info ][gc,phases     ] GC(83)   Pre Evacuate Collection Set: 0.0ms
[2019-09-02T13:59:27.311+0800][165.198s][info ][gc,phases     ] GC(83)   Evacuate Collection Set: 3.3ms
[2019-09-02T13:59:27.311+0800][165.198s][info ][gc,phases     ] GC(83)   Post Evacuate Collection Set: 0.1ms
[2019-09-02T13:59:27.311+0800][165.198s][info ][gc,phases     ] GC(83)   Other: 0.8ms
[2019-09-02T13:59:27.311+0800][165.198s][info ][gc,heap       ] GC(83) Eden regions: 9->0(9)
[2019-09-02T13:59:27.311+0800][165.198s][info ][gc,heap       ] GC(83) Survivor regions: 1->1(2)
[2019-09-02T13:59:27.311+0800][165.198s][info ][gc,heap       ] GC(83) Old regions: 16->16
[2019-09-02T13:59:27.311+0800][165.198s][info ][gc,heap       ] GC(83) Humongous regions: 0->0
[2019-09-02T13:59:27.311+0800][165.198s][info ][gc,metaspace  ] GC(83) Metaspace: 38419K->38419K(1085440K)
[2019-09-02T13:59:27.311+0800][165.198s][debug][gc,heap       ] GC(83) Heap after GC invocations=84 (full 0): garbage-first heap   total 32768K, used 16574K [0x00000000fe000000, 0x0000000100000000)
[2019-09-02T13:59:27.311+0800][165.198s][debug][gc,heap       ] GC(83)   region size 1024K, 1 young (1024K), 1 survivors (1024K)
[2019-09-02T13:59:27.311+0800][165.198s][debug][gc,heap       ] GC(83)  Metaspace       used 38419K, capacity 38877K, committed 39884K, reserved 1085440K
[2019-09-02T13:59:27.311+0800][165.198s][debug][gc,heap       ] GC(83)   class space    used 4169K, capacity 4339K, committed 4556K, reserved 1048576K
[2019-09-02T13:59:27.311+0800][165.198s][info ][gc            ] GC(83) Pause Young (G1 Evacuation Pause) 25M->16M(32M) 4.366ms
[2019-09-02T13:59:27.321+0800][165.208s][info ][gc,cpu        ] GC(83) User=0.00s Sys=0.00s Real=0.01s
[2019-09-02T13:59:27.629+0800][165.515s][debug][gc,heap       ] GC(84) Heap before GC invocations=84 (full 0): garbage-first heap   total 32768K, used 25790K [0x00000000fe000000, 0x0000000100000000)
[2019-09-02T13:59:27.629+0800][165.515s][debug][gc,heap       ] GC(84)   region size 1024K, 10 young (10240K), 1 survivors (1024K)
[2019-09-02T13:59:27.629+0800][165.515s][debug][gc,heap       ] GC(84)  Metaspace       used 38419K, capacity 38877K, committed 39884K, reserved 1085440K
[2019-09-02T13:59:27.629+0800][165.515s][debug][gc,heap       ] GC(84)   class space    used 4169K, capacity 4339K, committed 4556K, reserved 1048576K
[2019-09-02T13:59:27.629+0800][165.515s][info ][gc,start      ] GC(84) Pause Young (G1 Evacuation Pause)
[2019-09-02T13:59:27.629+0800][165.515s][info ][gc,task       ] GC(84) Using 8 workers of 8 for evacuation
[2019-09-02T13:59:27.629+0800][165.515s][debug][gc,age        ] GC(84) Desired survivor size 1048576 bytes, new threshold 15 (max threshold 15)
[2019-09-02T13:59:27.631+0800][165.517s][trace][gc,age        ] GC(84) Age table with threshold 15 (max threshold 15)
[2019-09-02T13:59:27.631+0800][165.517s][trace][gc,age        ] GC(84) - age   1:      55200 bytes,      55200 total
[2019-09-02T13:59:27.631+0800][165.517s][trace][gc,age        ] GC(84) - age   2:      17432 bytes,      72632 total
[2019-09-02T13:59:27.631+0800][165.517s][trace][gc,age        ] GC(84) - age   3:      13616 bytes,      86248 total
[2019-09-02T13:59:27.631+0800][165.517s][trace][gc,age        ] GC(84) - age   4:      11336 bytes,      97584 total
[2019-09-02T13:59:27.631+0800][165.517s][trace][gc,age        ] GC(84) - age   5:      10256 bytes,     107840 total
[2019-09-02T13:59:27.631+0800][165.517s][trace][gc,age        ] GC(84) - age   6:      10344 bytes,     118184 total
[2019-09-02T13:59:27.631+0800][165.517s][trace][gc,age        ] GC(84) - age   7:       9792 bytes,     127976 total
[2019-09-02T13:59:27.631+0800][165.517s][trace][gc,age        ] GC(84) - age   8:       9624 bytes,     137600 total
[2019-09-02T13:59:27.631+0800][165.517s][trace][gc,age        ] GC(84) - age   9:       9776 bytes,     147376 total
[2019-09-02T13:59:27.631+0800][165.517s][trace][gc,age        ] GC(84) - age  10:       8480 bytes,     155856 total
[2019-09-02T13:59:27.631+0800][165.517s][trace][gc,age        ] GC(84) - age  11:      10792 bytes,     166648 total
[2019-09-02T13:59:27.631+0800][165.517s][trace][gc,age        ] GC(84) - age  12:       8968 bytes,     175616 total
[2019-09-02T13:59:27.631+0800][165.517s][trace][gc,age        ] GC(84) - age  13:       9584 bytes,     185200 total
[2019-09-02T13:59:27.631+0800][165.517s][trace][gc,age        ] GC(84) - age  14:      10176 bytes,     195376 total
[2019-09-02T13:59:27.631+0800][165.517s][trace][gc,age        ] GC(84) - age  15:      51872 bytes,     247248 total
[2019-09-02T13:59:27.631+0800][165.517s][info ][gc,phases     ] GC(84)   Pre Evacuate Collection Set: 0.0ms
[2019-09-02T13:59:27.631+0800][165.517s][info ][gc,phases     ] GC(84)   Evacuate Collection Set: 1.5ms
[2019-09-02T13:59:27.631+0800][165.517s][info ][gc,phases     ] GC(84)   Post Evacuate Collection Set: 0.1ms
[2019-09-02T13:59:27.631+0800][165.517s][info ][gc,phases     ] GC(84)   Other: 0.8ms
[2019-09-02T13:59:27.631+0800][165.517s][info ][gc,heap       ] GC(84) Eden regions: 9->0(9)
[2019-09-02T13:59:27.631+0800][165.517s][info ][gc,heap       ] GC(84) Survivor regions: 1->1(2)
[2019-09-02T13:59:27.631+0800][165.517s][info ][gc,heap       ] GC(84) Old regions: 16->16
[2019-09-02T13:59:27.631+0800][165.517s][info ][gc,heap       ] GC(84) Humongous regions: 0->0
[2019-09-02T13:59:27.631+0800][165.517s][info ][gc,metaspace  ] GC(84) Metaspace: 38419K->38419K(1085440K)
[2019-09-02T13:59:27.632+0800][165.517s][debug][gc,heap       ] GC(84) Heap after GC invocations=85 (full 0): garbage-first heap   total 32768K, used 16614K [0x00000000fe000000, 0x0000000100000000)
[2019-09-02T13:59:27.632+0800][165.517s][debug][gc,heap       ] GC(84)   region size 1024K, 1 young (1024K), 1 survivors (1024K)
[2019-09-02T13:59:27.632+0800][165.517s][debug][gc,heap       ] GC(84)  Metaspace       used 38419K, capacity 38877K, committed 39884K, reserved 1085440K
[2019-09-02T13:59:27.632+0800][165.517s][debug][gc,heap       ] GC(84)   class space    used 4169K, capacity 4339K, committed 4556K, reserved 1048576K
[2019-09-02T13:59:27.632+0800][165.517s][info ][gc            ] GC(84) Pause Young (G1 Evacuation Pause) 25M->16M(32M) 2.447ms
[2019-09-02T13:59:27.632+0800][165.518s][info ][gc,cpu        ] GC(84) User=0.00s Sys=0.00s Real=0.00s
[2019-09-02T13:59:27.924+0800][165.810s][debug][gc,heap       ] GC(85) Heap before GC invocations=85 (full 0): garbage-first heap   total 32768K, used 25830K [0x00000000fe000000, 0x0000000100000000)
[2019-09-02T13:59:27.924+0800][165.810s][debug][gc,heap       ] GC(85)   region size 1024K, 10 young (10240K), 1 survivors (1024K)
[2019-09-02T13:59:27.924+0800][165.810s][debug][gc,heap       ] GC(85)  Metaspace       used 38420K, capacity 38877K, committed 39884K, reserved 1085440K
[2019-09-02T13:59:27.924+0800][165.810s][debug][gc,heap       ] GC(85)   class space    used 4170K, capacity 4339K, committed 4556K, reserved 1048576K
[2019-09-02T13:59:27.924+0800][165.810s][info ][gc,start      ] GC(85) Pause Young (G1 Evacuation Pause)
[2019-09-02T13:59:27.924+0800][165.810s][info ][gc,task       ] GC(85) Using 8 workers of 8 for evacuation
[2019-09-02T13:59:27.924+0800][165.810s][debug][gc,age        ] GC(85) Desired survivor size 1048576 bytes, new threshold 15 (max threshold 15)
[2019-09-02T13:59:27.926+0800][165.812s][trace][gc,age        ] GC(85) Age table with threshold 15 (max threshold 15)
[2019-09-02T13:59:27.927+0800][165.813s][trace][gc,age        ] GC(85) - age   1:      26696 bytes,      26696 total
[2019-09-02T13:59:27.927+0800][165.813s][trace][gc,age        ] GC(85) - age   2:      10872 bytes,      37568 total
[2019-09-02T13:59:27.927+0800][165.813s][trace][gc,age        ] GC(85) - age   3:      17432 bytes,      55000 total
[2019-09-02T13:59:27.927+0800][165.813s][trace][gc,age        ] GC(85) - age   4:      13544 bytes,      68544 total
[2019-09-02T13:59:27.927+0800][165.813s][trace][gc,age        ] GC(85) - age   5:      11336 bytes,      79880 total
[2019-09-02T13:59:27.927+0800][165.813s][trace][gc,age        ] GC(85) - age   6:      10256 bytes,      90136 total
[2019-09-02T13:59:27.927+0800][165.813s][trace][gc,age        ] GC(85) - age   7:      10344 bytes,     100480 total
[2019-09-02T13:59:27.927+0800][165.813s][trace][gc,age        ] GC(85) - age   8:       9792 bytes,     110272 total
[2019-09-02T13:59:27.927+0800][165.813s][trace][gc,age        ] GC(85) - age   9:       9624 bytes,     119896 total
[2019-09-02T13:59:27.927+0800][165.813s][trace][gc,age        ] GC(85) - age  10:       9776 bytes,     129672 total
[2019-09-02T13:59:27.927+0800][165.813s][trace][gc,age        ] GC(85) - age  11:       8480 bytes,     138152 total
[2019-09-02T13:59:27.927+0800][165.813s][trace][gc,age        ] GC(85) - age  12:      10792 bytes,     148944 total
[2019-09-02T13:59:27.927+0800][165.813s][trace][gc,age        ] GC(85) - age  13:       8968 bytes,     157912 total
[2019-09-02T13:59:27.927+0800][165.813s][trace][gc,age        ] GC(85) - age  14:       9584 bytes,     167496 total
[2019-09-02T13:59:27.927+0800][165.813s][trace][gc,age        ] GC(85) - age  15:      10176 bytes,     177672 total
[2019-09-02T13:59:27.927+0800][165.813s][info ][gc,phases     ] GC(85)   Pre Evacuate Collection Set: 0.0ms
[2019-09-02T13:59:27.927+0800][165.813s][info ][gc,phases     ] GC(85)   Evacuate Collection Set: 2.1ms
[2019-09-02T13:59:27.927+0800][165.813s][info ][gc,phases     ] GC(85)   Post Evacuate Collection Set: 0.2ms
[2019-09-02T13:59:27.927+0800][165.813s][info ][gc,phases     ] GC(85)   Other: 0.7ms
[2019-09-02T13:59:27.927+0800][165.813s][info ][gc,heap       ] GC(85) Eden regions: 9->0(9)
[2019-09-02T13:59:27.927+0800][165.813s][info ][gc,heap       ] GC(85) Survivor regions: 1->1(2)
[2019-09-02T13:59:27.927+0800][165.813s][info ][gc,heap       ] GC(85) Old regions: 16->17
[2019-09-02T13:59:27.927+0800][165.813s][info ][gc,heap       ] GC(85) Humongous regions: 0->0
[2019-09-02T13:59:27.927+0800][165.813s][info ][gc,metaspace  ] GC(85) Metaspace: 38420K->38420K(1085440K)
[2019-09-02T13:59:27.927+0800][165.813s][debug][gc,heap       ] GC(85) Heap after GC invocations=86 (full 0): garbage-first heap   total 32768K, used 16598K [0x00000000fe000000, 0x0000000100000000)
[2019-09-02T13:59:27.927+0800][165.813s][debug][gc,heap       ] GC(85)   region size 1024K, 1 young (1024K), 1 survivors (1024K)
[2019-09-02T13:59:27.927+0800][165.813s][debug][gc,heap       ] GC(85)  Metaspace       used 38420K, capacity 38877K, committed 39884K, reserved 1085440K
[2019-09-02T13:59:27.927+0800][165.813s][debug][gc,heap       ] GC(85)   class space    used 4170K, capacity 4339K, committed 4556K, reserved 1048576K
[2019-09-02T13:59:27.927+0800][165.813s][info ][gc            ] GC(85) Pause Young (G1 Evacuation Pause) 25M->16M(32M) 3.190ms
[2019-09-02T13:59:27.936+0800][165.822s][info ][gc,cpu        ] GC(85) User=0.05s Sys=0.00s Real=0.01s
[2019-09-02T13:59:28.397+0800][166.283s][debug][gc,heap       ] GC(86) Heap before GC invocations=86 (full 0): garbage-first heap   total 32768K, used 25814K [0x00000000fe000000, 0x0000000100000000)
[2019-09-02T13:59:28.397+0800][166.283s][debug][gc,heap       ] GC(86)   region size 1024K, 10 young (10240K), 1 survivors (1024K)
[2019-09-02T13:59:28.397+0800][166.283s][debug][gc,heap       ] GC(86)  Metaspace       used 38420K, capacity 38877K, committed 39884K, reserved 1085440K
[2019-09-02T13:59:28.397+0800][166.283s][debug][gc,heap       ] GC(86)   class space    used 4170K, capacity 4339K, committed 4556K, reserved 1048576K
[2019-09-02T13:59:28.397+0800][166.283s][info ][gc,start      ] GC(86) Pause Initial Mark (G1 Evacuation Pause)
[2019-09-02T13:59:28.397+0800][166.283s][info ][gc,task       ] GC(86) Using 8 workers of 8 for evacuation
[2019-09-02T13:59:28.397+0800][166.283s][debug][gc,age        ] GC(86) Desired survivor size 1048576 bytes, new threshold 15 (max threshold 15)
[2019-09-02T13:59:28.399+0800][166.285s][trace][gc,age        ] GC(86) Age table with threshold 15 (max threshold 15)
[2019-09-02T13:59:28.399+0800][166.285s][trace][gc,age        ] GC(86) - age   1:      38080 bytes,      38080 total
[2019-09-02T13:59:28.399+0800][166.285s][trace][gc,age        ] GC(86) - age   2:      10824 bytes,      48904 total
[2019-09-02T13:59:28.399+0800][166.285s][trace][gc,age        ] GC(86) - age   3:      10848 bytes,      59752 total
[2019-09-02T13:59:28.399+0800][166.285s][trace][gc,age        ] GC(86) - age   4:      17432 bytes,      77184 total
[2019-09-02T13:59:28.399+0800][166.285s][trace][gc,age        ] GC(86) - age   5:      13488 bytes,      90672 total
[2019-09-02T13:59:28.399+0800][166.285s][trace][gc,age        ] GC(86) - age   6:      11336 bytes,     102008 total
[2019-09-02T13:59:28.399+0800][166.285s][trace][gc,age        ] GC(86) - age   7:      10256 bytes,     112264 total
[2019-09-02T13:59:28.399+0800][166.286s][trace][gc,age        ] GC(86) - age   8:      10344 bytes,     122608 total
[2019-09-02T13:59:28.399+0800][166.286s][trace][gc,age        ] GC(86) - age   9:       9792 bytes,     132400 total
[2019-09-02T13:59:28.399+0800][166.286s][trace][gc,age        ] GC(86) - age  10:       9624 bytes,     142024 total
[2019-09-02T13:59:28.399+0800][166.286s][trace][gc,age        ] GC(86) - age  11:       9776 bytes,     151800 total
[2019-09-02T13:59:28.399+0800][166.286s][trace][gc,age        ] GC(86) - age  12:       8480 bytes,     160280 total
[2019-09-02T13:59:28.399+0800][166.286s][trace][gc,age        ] GC(86) - age  13:      10792 bytes,     171072 total
[2019-09-02T13:59:28.399+0800][166.286s][trace][gc,age        ] GC(86) - age  14:       8968 bytes,     180040 total
[2019-09-02T13:59:28.399+0800][166.286s][trace][gc,age        ] GC(86) - age  15:       9584 bytes,     189624 total
[2019-09-02T13:59:28.400+0800][166.286s][info ][gc,phases     ] GC(86)   Pre Evacuate Collection Set: 0.0ms
[2019-09-02T13:59:28.400+0800][166.286s][info ][gc,phases     ] GC(86)   Evacuate Collection Set: 1.8ms
[2019-09-02T13:59:28.400+0800][166.286s][info ][gc,phases     ] GC(86)   Post Evacuate Collection Set: 0.1ms
[2019-09-02T13:59:28.400+0800][166.286s][info ][gc,phases     ] GC(86)   Other: 0.8ms
[2019-09-02T13:59:28.400+0800][166.286s][info ][gc,heap       ] GC(86) Eden regions: 9->0(9)
[2019-09-02T13:59:28.400+0800][166.286s][info ][gc,heap       ] GC(86) Survivor regions: 1->1(2)
[2019-09-02T13:59:28.400+0800][166.286s][info ][gc,heap       ] GC(86) Old regions: 17->17
[2019-09-02T13:59:28.400+0800][166.286s][info ][gc,heap       ] GC(86) Humongous regions: 0->0
[2019-09-02T13:59:28.400+0800][166.286s][info ][gc,metaspace  ] GC(86) Metaspace: 38420K->38420K(1085440K)
[2019-09-02T13:59:28.400+0800][166.286s][debug][gc,heap       ] GC(86) Heap after GC invocations=87 (full 0): garbage-first heap   total 32768K, used 16623K [0x00000000fe000000, 0x0000000100000000)
[2019-09-02T13:59:28.400+0800][166.286s][debug][gc,heap       ] GC(86)   region size 1024K, 1 young (1024K), 1 survivors (1024K)
[2019-09-02T13:59:28.400+0800][166.286s][debug][gc,heap       ] GC(86)  Metaspace       used 38420K, capacity 38877K, committed 39884K, reserved 1085440K
[2019-09-02T13:59:28.400+0800][166.286s][debug][gc,heap       ] GC(86)   class space    used 4170K, capacity 4339K, committed 4556K, reserved 1048576K
[2019-09-02T13:59:28.400+0800][166.286s][info ][gc            ] GC(86) Pause Initial Mark (G1 Evacuation Pause) 25M->16M(32M) 2.793ms
[2019-09-02T13:59:28.401+0800][166.287s][info ][gc,cpu        ] GC(86) User=0.03s Sys=0.00s Real=0.00s
[2019-09-02T13:59:28.401+0800][166.287s][info ][gc            ] GC(87) Concurrent Cycle
[2019-09-02T13:59:28.475+0800][166.362s][info ][gc,marking    ] GC(87) Concurrent Clear Claimed Marks
[2019-09-02T13:59:28.475+0800][166.362s][info ][gc,marking    ] GC(87) Concurrent Clear Claimed Marks 0.049ms
[2019-09-02T13:59:28.475+0800][166.362s][info ][gc,marking    ] GC(87) Concurrent Scan Root Regions
[2019-09-02T13:59:28.476+0800][166.362s][info ][gc,marking    ] GC(87) Concurrent Scan Root Regions 0.416ms
[2019-09-02T13:59:28.476+0800][166.362s][info ][gc,marking    ] GC(87) Concurrent Mark (166.362s)
[2019-09-02T13:59:28.476+0800][166.362s][info ][gc,marking    ] GC(87) Concurrent Mark From Roots
[2019-09-02T13:59:28.476+0800][166.362s][info ][gc,task       ] GC(87) Using 2 workers of 2 for marking
[2019-09-02T13:59:28.492+0800][166.379s][info ][gc,marking    ] GC(87) Concurrent Mark From Roots 16.447ms
[2019-09-02T13:59:28.492+0800][166.379s][info ][gc,marking    ] GC(87) Concurrent Mark (166.362s, 166.379s) 16.551ms
[2019-09-02T13:59:28.493+0800][166.379s][info ][gc,start      ] GC(87) Pause Remark
[2019-09-02T13:59:28.498+0800][166.384s][info ][gc,stringtable] GC(87) Cleaned string and symbol table, strings: 19867 processed, 0 removed, symbols: 106445 processed, 3 removed
[2019-09-02T13:59:28.498+0800][166.384s][info ][gc            ] GC(87) Pause Remark 19M->19M(32M) 5.515ms
[2019-09-02T13:59:28.499+0800][166.385s][info ][gc,cpu        ] GC(87) User=0.11s Sys=0.02s Real=0.01s
[2019-09-02T13:59:28.499+0800][166.385s][info ][gc,marking    ] GC(87) Concurrent Create Live Data
[2019-09-02T13:59:28.502+0800][166.388s][info ][gc,marking    ] GC(87) Concurrent Create Live Data 3.296ms
[2019-09-02T13:59:28.502+0800][166.389s][info ][gc,start      ] GC(87) Pause Cleanup
[2019-09-02T13:59:28.503+0800][166.389s][info ][gc            ] GC(87) Pause Cleanup 19M->19M(32M) 0.185ms
[2019-09-02T13:59:28.504+0800][166.390s][info ][gc,cpu        ] GC(87) User=0.00s Sys=0.00s Real=0.00s
[2019-09-02T13:59:28.504+0800][166.390s][info ][gc,marking    ] GC(87) Concurrent Cleanup for Next Mark
[2019-09-02T13:59:28.504+0800][166.390s][info ][gc,marking    ] GC(87) Concurrent Cleanup for Next Mark 0.111ms
[2019-09-02T13:59:28.504+0800][166.390s][info ][gc            ] GC(87) Concurrent Cycle 102.956ms
[2019-09-02T13:59:28.694+0800][166.580s][debug][gc,heap       ] GC(88) Heap before GC invocations=88 (full 0): garbage-first heap   total 32768K, used 25839K [0x00000000fe000000, 0x0000000100000000)
[2019-09-02T13:59:28.694+0800][166.580s][debug][gc,heap       ] GC(88)   region size 1024K, 10 young (10240K), 1 survivors (1024K)
[2019-09-02T13:59:28.694+0800][166.580s][debug][gc,heap       ] GC(88)  Metaspace       used 38420K, capacity 38877K, committed 39884K, reserved 1085440K
[2019-09-02T13:59:28.694+0800][166.580s][debug][gc,heap       ] GC(88)   class space    used 4170K, capacity 4339K, committed 4556K, reserved 1048576K
[2019-09-02T13:59:28.694+0800][166.580s][info ][gc,start      ] GC(88) Pause Young (G1 Evacuation Pause)
[2019-09-02T13:59:28.694+0800][166.580s][info ][gc,task       ] GC(88) Using 8 workers of 8 for evacuation
[2019-09-02T13:59:28.694+0800][166.580s][debug][gc,age        ] GC(88) Desired survivor size 1048576 bytes, new threshold 15 (max threshold 15)
[2019-09-02T13:59:28.695+0800][166.581s][trace][gc,age        ] GC(88) Age table with threshold 15 (max threshold 15)
[2019-09-02T13:59:28.695+0800][166.581s][trace][gc,age        ] GC(88) - age   1:      56936 bytes,      56936 total
[2019-09-02T13:59:28.695+0800][166.581s][trace][gc,age        ] GC(88) - age   2:      10592 bytes,      67528 total
[2019-09-02T13:59:28.695+0800][166.581s][trace][gc,age        ] GC(88) - age   3:      10824 bytes,      78352 total
[2019-09-02T13:59:28.695+0800][166.581s][trace][gc,age        ] GC(88) - age   4:       9880 bytes,      88232 total
[2019-09-02T13:59:28.695+0800][166.582s][trace][gc,age        ] GC(88) - age   5:      13640 bytes,     101872 total
[2019-09-02T13:59:28.695+0800][166.582s][trace][gc,age        ] GC(88) - age   6:      13488 bytes,     115360 total
[2019-09-02T13:59:28.695+0800][166.582s][trace][gc,age        ] GC(88) - age   7:      11272 bytes,     126632 total
[2019-09-02T13:59:28.695+0800][166.582s][trace][gc,age        ] GC(88) - age   8:      10256 bytes,     136888 total
[2019-09-02T13:59:28.695+0800][166.582s][trace][gc,age        ] GC(88) - age   9:      10344 bytes,     147232 total
[2019-09-02T13:59:28.695+0800][166.582s][trace][gc,age        ] GC(88) - age  10:       9792 bytes,     157024 total
[2019-09-02T13:59:28.695+0800][166.582s][trace][gc,age        ] GC(88) - age  11:       9624 bytes,     166648 total
[2019-09-02T13:59:28.695+0800][166.582s][trace][gc,age        ] GC(88) - age  12:       9776 bytes,     176424 total
[2019-09-02T13:59:28.695+0800][166.582s][trace][gc,age        ] GC(88) - age  13:       8480 bytes,     184904 total
[2019-09-02T13:59:28.695+0800][166.582s][trace][gc,age        ] GC(88) - age  14:      10792 bytes,     195696 total
[2019-09-02T13:59:28.695+0800][166.582s][trace][gc,age        ] GC(88) - age  15:       8968 bytes,     204664 total
[2019-09-02T13:59:28.696+0800][166.582s][info ][gc,phases     ] GC(88)   Pre Evacuate Collection Set: 0.0ms
[2019-09-02T13:59:28.696+0800][166.582s][info ][gc,phases     ] GC(88)   Evacuate Collection Set: 1.1ms
[2019-09-02T13:59:28.696+0800][166.582s][info ][gc,phases     ] GC(88)   Post Evacuate Collection Set: 0.1ms
[2019-09-02T13:59:28.696+0800][166.582s][info ][gc,phases     ] GC(88)   Other: 0.7ms
[2019-09-02T13:59:28.696+0800][166.582s][info ][gc,heap       ] GC(88) Eden regions: 9->0(9)
[2019-09-02T13:59:28.696+0800][166.582s][info ][gc,heap       ] GC(88) Survivor regions: 1->1(2)
[2019-09-02T13:59:28.696+0800][166.582s][info ][gc,heap       ] GC(88) Old regions: 17->17
[2019-09-02T13:59:28.696+0800][166.582s][info ][gc,heap       ] GC(88) Humongous regions: 0->0
[2019-09-02T13:59:28.696+0800][166.582s][info ][gc,metaspace  ] GC(88) Metaspace: 38420K->38420K(1085440K)
[2019-09-02T13:59:28.696+0800][166.582s][debug][gc,heap       ] GC(88) Heap after GC invocations=89 (full 0): garbage-first heap   total 32768K, used 16661K [0x00000000fe000000, 0x0000000100000000)
[2019-09-02T13:59:28.696+0800][166.582s][debug][gc,heap       ] GC(88)   region size 1024K, 1 young (1024K), 1 survivors (1024K)
[2019-09-02T13:59:28.696+0800][166.582s][debug][gc,heap       ] GC(88)  Metaspace       used 38420K, capacity 38877K, committed 39884K, reserved 1085440K
[2019-09-02T13:59:28.696+0800][166.582s][debug][gc,heap       ] GC(88)   class space    used 4170K, capacity 4339K, committed 4556K, reserved 1048576K
[2019-09-02T13:59:28.696+0800][166.582s][info ][gc            ] GC(88) Pause Young (G1 Evacuation Pause) 25M->16M(32M) 2.082ms
[2019-09-02T13:59:28.696+0800][166.583s][info ][gc,cpu        ] GC(88) User=0.00s Sys=0.00s Real=0.00s
[2019-09-02T13:59:28.848+0800][166.734s][debug][gc,heap       ] GC(89) Heap before GC invocations=89 (full 0): garbage-first heap   total 32768K, used 25877K [0x00000000fe000000, 0x0000000100000000)
[2019-09-02T13:59:28.848+0800][166.734s][debug][gc,heap       ] GC(89)   region size 1024K, 10 young (10240K), 1 survivors (1024K)
[2019-09-02T13:59:28.848+0800][166.734s][debug][gc,heap       ] GC(89)  Metaspace       used 38440K, capacity 38877K, committed 39884K, reserved 1085440K
[2019-09-02T13:59:28.848+0800][166.734s][debug][gc,heap       ] GC(89)   class space    used 4170K, capacity 4339K, committed 4556K, reserved 1048576K
[2019-09-02T13:59:28.849+0800][166.734s][info ][gc,start      ] GC(89) Pause Initial Mark (G1 Evacuation Pause)
[2019-09-02T13:59:28.849+0800][166.734s][info ][gc,task       ] GC(89) Using 8 workers of 8 for evacuation
[2019-09-02T13:59:28.849+0800][166.734s][debug][gc,age        ] GC(89) Desired survivor size 1048576 bytes, new threshold 15 (max threshold 15)
[2019-09-02T13:59:28.850+0800][166.736s][trace][gc,age        ] GC(89) Age table with threshold 15 (max threshold 15)
[2019-09-02T13:59:28.850+0800][166.736s][trace][gc,age        ] GC(89) - age   1:      41464 bytes,      41464 total
[2019-09-02T13:59:28.850+0800][166.736s][trace][gc,age        ] GC(89) - age   2:      12904 bytes,      54368 total
[2019-09-02T13:59:28.850+0800][166.736s][trace][gc,age        ] GC(89) - age   3:      10592 bytes,      64960 total
[2019-09-02T13:59:28.850+0800][166.736s][trace][gc,age        ] GC(89) - age   4:      10752 bytes,      75712 total
[2019-09-02T13:59:28.850+0800][166.736s][trace][gc,age        ] GC(89) - age   5:       9880 bytes,      85592 total
[2019-09-02T13:59:28.850+0800][166.736s][trace][gc,age        ] GC(89) - age   6:      13640 bytes,      99232 total
[2019-09-02T13:59:28.850+0800][166.736s][trace][gc,age        ] GC(89) - age   7:      13488 bytes,     112720 total
[2019-09-02T13:59:28.850+0800][166.736s][trace][gc,age        ] GC(89) - age   8:      11248 bytes,     123968 total
[2019-09-02T13:59:28.850+0800][166.736s][trace][gc,age        ] GC(89) - age   9:      10256 bytes,     134224 total
[2019-09-02T13:59:28.850+0800][166.736s][trace][gc,age        ] GC(89) - age  10:      10344 bytes,     144568 total
[2019-09-02T13:59:28.850+0800][166.736s][trace][gc,age        ] GC(89) - age  11:       9792 bytes,     154360 total
[2019-09-02T13:59:28.850+0800][166.736s][trace][gc,age        ] GC(89) - age  12:       9624 bytes,     163984 total
[2019-09-02T13:59:28.850+0800][166.736s][trace][gc,age        ] GC(89) - age  13:       9776 bytes,     173760 total
[2019-09-02T13:59:28.850+0800][166.736s][trace][gc,age        ] GC(89) - age  14:       8480 bytes,     182240 total
[2019-09-02T13:59:28.850+0800][166.736s][trace][gc,age        ] GC(89) - age  15:      10792 bytes,     193032 total
[2019-09-02T13:59:28.850+0800][166.736s][info ][gc,phases     ] GC(89)   Pre Evacuate Collection Set: 0.0ms
[2019-09-02T13:59:28.850+0800][166.736s][info ][gc,phases     ] GC(89)   Evacuate Collection Set: 1.2ms
[2019-09-02T13:59:28.850+0800][166.736s][info ][gc,phases     ] GC(89)   Post Evacuate Collection Set: 0.1ms
[2019-09-02T13:59:28.850+0800][166.736s][info ][gc,phases     ] GC(89)   Other: 0.7ms
[2019-09-02T13:59:28.850+0800][166.736s][info ][gc,heap       ] GC(89) Eden regions: 9->0(9)
[2019-09-02T13:59:28.850+0800][166.736s][info ][gc,heap       ] GC(89) Survivor regions: 1->1(2)
[2019-09-02T13:59:28.850+0800][166.736s][info ][gc,heap       ] GC(89) Old regions: 17->17
[2019-09-02T13:59:28.850+0800][166.736s][info ][gc,heap       ] GC(89) Humongous regions: 0->0
[2019-09-02T13:59:28.850+0800][166.736s][info ][gc,metaspace  ] GC(89) Metaspace: 38440K->38440K(1085440K)
[2019-09-02T13:59:28.851+0800][166.736s][debug][gc,heap       ] GC(89) Heap after GC invocations=90 (full 0): garbage-first heap   total 32768K, used 16672K [0x00000000fe000000, 0x0000000100000000)
[2019-09-02T13:59:28.851+0800][166.736s][debug][gc,heap       ] GC(89)   region size 1024K, 1 young (1024K), 1 survivors (1024K)
[2019-09-02T13:59:28.851+0800][166.736s][debug][gc,heap       ] GC(89)  Metaspace       used 38440K, capacity 38877K, committed 39884K, reserved 1085440K
[2019-09-02T13:59:28.851+0800][166.736s][debug][gc,heap       ] GC(89)   class space    used 4170K, capacity 4339K, committed 4556K, reserved 1048576K
[2019-09-02T13:59:28.851+0800][166.736s][info ][gc            ] GC(89) Pause Initial Mark (G1 Evacuation Pause) 25M->16M(32M) 2.080ms
[2019-09-02T13:59:28.851+0800][166.737s][info ][gc,cpu        ] GC(89) User=0.00s Sys=0.00s Real=0.00s
[2019-09-02T13:59:28.851+0800][166.737s][info ][gc            ] GC(90) Concurrent Cycle
[2019-09-02T13:59:28.855+0800][166.741s][info ][gc,marking    ] GC(90) Concurrent Clear Claimed Marks
[2019-09-02T13:59:28.855+0800][166.741s][info ][gc,marking    ] GC(90) Concurrent Clear Claimed Marks 0.053ms
[2019-09-02T13:59:28.855+0800][166.741s][info ][gc,marking    ] GC(90) Concurrent Scan Root Regions
[2019-09-02T13:59:28.855+0800][166.741s][info ][gc,marking    ] GC(90) Concurrent Scan Root Regions 0.439ms
[2019-09-02T13:59:28.855+0800][166.741s][info ][gc,marking    ] GC(90) Concurrent Mark (166.741s)
[2019-09-02T13:59:28.855+0800][166.741s][info ][gc,marking    ] GC(90) Concurrent Mark From Roots
[2019-09-02T13:59:28.855+0800][166.741s][info ][gc,task       ] GC(90) Using 2 workers of 2 for marking
[2019-09-02T13:59:28.873+0800][166.758s][info ][gc,marking    ] GC(90) Concurrent Mark From Roots 17.172ms
[2019-09-02T13:59:28.873+0800][166.759s][info ][gc,marking    ] GC(90) Concurrent Mark (166.741s, 166.758s) 17.272ms
[2019-09-02T13:59:28.873+0800][166.759s][info ][gc,start      ] GC(90) Pause Remark
[2019-09-02T13:59:28.878+0800][166.763s][info ][gc,stringtable] GC(90) Cleaned string and symbol table, strings: 19901 processed, 0 removed, symbols: 106447 processed, 2 removed
[2019-09-02T13:59:28.878+0800][166.763s][info ][gc            ] GC(90) Pause Remark 17M->17M(32M) 4.585ms
[2019-09-02T13:59:28.878+0800][166.764s][info ][gc,cpu        ] GC(90) User=0.00s Sys=0.00s Real=0.01s
[2019-09-02T13:59:28.878+0800][166.764s][info ][gc,marking    ] GC(90) Concurrent Create Live Data
[2019-09-02T13:59:28.881+0800][166.767s][info ][gc,marking    ] GC(90) Concurrent Create Live Data 3.162ms
[2019-09-02T13:59:28.882+0800][166.767s][info ][gc,start      ] GC(90) Pause Cleanup
[2019-09-02T13:59:28.882+0800][166.768s][info ][gc            ] GC(90) Pause Cleanup 17M->17M(32M) 0.254ms
[2019-09-02T13:59:28.882+0800][166.768s][info ][gc,cpu        ] GC(90) User=0.00s Sys=0.00s Real=0.00s
[2019-09-02T13:59:28.882+0800][166.768s][info ][gc,marking    ] GC(90) Concurrent Cleanup for Next Mark
[2019-09-02T13:59:28.882+0800][166.768s][info ][gc,marking    ] GC(90) Concurrent Cleanup for Next Mark 0.109ms
[2019-09-02T13:59:28.882+0800][166.768s][info ][gc            ] GC(90) Concurrent Cycle 31.312ms
[2019-09-02T13:59:28.972+0800][166.858s][debug][gc,heap       ] GC(91) Heap before GC invocations=91 (full 0): garbage-first heap   total 32768K, used 25888K [0x00000000fe000000, 0x0000000100000000)
[2019-09-02T13:59:28.972+0800][166.858s][debug][gc,heap       ] GC(91)   region size 1024K, 10 young (10240K), 1 survivors (1024K)
[2019-09-02T13:59:28.972+0800][166.858s][debug][gc,heap       ] GC(91)  Metaspace       used 38456K, capacity 38877K, committed 39884K, reserved 1085440K
[2019-09-02T13:59:28.972+0800][166.858s][debug][gc,heap       ] GC(91)   class space    used 4173K, capacity 4339K, committed 4556K, reserved 1048576K
[2019-09-02T13:59:28.972+0800][166.859s][info ][gc,start      ] GC(91) Pause Young (G1 Evacuation Pause)
[2019-09-02T13:59:28.972+0800][166.859s][info ][gc,task       ] GC(91) Using 8 workers of 8 for evacuation
[2019-09-02T13:59:28.972+0800][166.859s][debug][gc,age        ] GC(91) Desired survivor size 1048576 bytes, new threshold 15 (max threshold 15)
[2019-09-02T13:59:28.973+0800][166.860s][trace][gc,age        ] GC(91) Age table with threshold 15 (max threshold 15)
[2019-09-02T13:59:28.973+0800][166.860s][trace][gc,age        ] GC(91) - age   1:      38896 bytes,      38896 total
[2019-09-02T13:59:28.973+0800][166.860s][trace][gc,age        ] GC(91) - age   2:      12656 bytes,      51552 total
[2019-09-02T13:59:28.973+0800][166.860s][trace][gc,age        ] GC(91) - age   3:      11936 bytes,      63488 total
[2019-09-02T13:59:28.973+0800][166.860s][trace][gc,age        ] GC(91) - age   4:      10592 bytes,      74080 total
[2019-09-02T13:59:28.973+0800][166.860s][trace][gc,age        ] GC(91) - age   5:      10728 bytes,      84808 total
[2019-09-02T13:59:28.973+0800][166.860s][trace][gc,age        ] GC(91) - age   6:       9880 bytes,      94688 total
[2019-09-02T13:59:28.973+0800][166.860s][trace][gc,age        ] GC(91) - age   7:      13640 bytes,     108328 total
[2019-09-02T13:59:28.973+0800][166.860s][trace][gc,age        ] GC(91) - age   8:      13488 bytes,     121816 total
[2019-09-02T13:59:28.973+0800][166.860s][trace][gc,age        ] GC(91) - age   9:      11248 bytes,     133064 total
[2019-09-02T13:59:28.973+0800][166.860s][trace][gc,age        ] GC(91) - age  10:      10256 bytes,     143320 total
[2019-09-02T13:59:28.974+0800][166.860s][trace][gc,age        ] GC(91) - age  11:      10344 bytes,     153664 total
[2019-09-02T13:59:28.974+0800][166.860s][trace][gc,age        ] GC(91) - age  12:       9792 bytes,     163456 total
[2019-09-02T13:59:28.974+0800][166.860s][trace][gc,age        ] GC(91) - age  13:       9624 bytes,     173080 total
[2019-09-02T13:59:28.974+0800][166.860s][trace][gc,age        ] GC(91) - age  14:       9776 bytes,     182856 total
[2019-09-02T13:59:28.974+0800][166.860s][trace][gc,age        ] GC(91) - age  15:       8480 bytes,     191336 total
[2019-09-02T13:59:28.974+0800][166.860s][info ][gc,phases     ] GC(91)   Pre Evacuate Collection Set: 0.0ms
[2019-09-02T13:59:28.974+0800][166.860s][info ][gc,phases     ] GC(91)   Evacuate Collection Set: 1.0ms
[2019-09-02T13:59:28.974+0800][166.860s][info ][gc,phases     ] GC(91)   Post Evacuate Collection Set: 0.1ms
[2019-09-02T13:59:28.974+0800][166.860s][info ][gc,phases     ] GC(91)   Other: 0.5ms
[2019-09-02T13:59:28.974+0800][166.860s][info ][gc,heap       ] GC(91) Eden regions: 9->0(9)
[2019-09-02T13:59:28.974+0800][166.860s][info ][gc,heap       ] GC(91) Survivor regions: 1->1(2)
[2019-09-02T13:59:28.974+0800][166.860s][info ][gc,heap       ] GC(91) Old regions: 17->17
[2019-09-02T13:59:28.974+0800][166.860s][info ][gc,heap       ] GC(91) Humongous regions: 0->0
[2019-09-02T13:59:28.974+0800][166.860s][info ][gc,metaspace  ] GC(91) Metaspace: 38456K->38456K(1085440K)
[2019-09-02T13:59:28.974+0800][166.860s][debug][gc,heap       ] GC(91) Heap after GC invocations=92 (full 0): garbage-first heap   total 32768K, used 16696K [0x00000000fe000000, 0x0000000100000000)
[2019-09-02T13:59:28.974+0800][166.860s][debug][gc,heap       ] GC(91)   region size 1024K, 1 young (1024K), 1 survivors (1024K)
[2019-09-02T13:59:28.974+0800][166.860s][debug][gc,heap       ] GC(91)  Metaspace       used 38456K, capacity 38877K, committed 39884K, reserved 1085440K
[2019-09-02T13:59:28.974+0800][166.860s][debug][gc,heap       ] GC(91)   class space    used 4173K, capacity 4339K, committed 4556K, reserved 1048576K
[2019-09-02T13:59:28.974+0800][166.860s][info ][gc            ] GC(91) Pause Young (G1 Evacuation Pause) 25M->16M(32M) 1.678ms
[2019-09-02T13:59:28.974+0800][166.861s][info ][gc,cpu        ] GC(91) User=0.00s Sys=0.00s Real=0.00s
[2019-09-02T13:59:29.162+0800][167.048s][debug][gc,heap       ] GC(92) Heap before GC invocations=92 (full 0): garbage-first heap   total 32768K, used 25912K [0x00000000fe000000, 0x0000000100000000)
[2019-09-02T13:59:29.162+0800][167.048s][debug][gc,heap       ] GC(92)   region size 1024K, 10 young (10240K), 1 survivors (1024K)
[2019-09-02T13:59:29.162+0800][167.048s][debug][gc,heap       ] GC(92)  Metaspace       used 38456K, capacity 38877K, committed 39884K, reserved 1085440K
[2019-09-02T13:59:29.162+0800][167.048s][debug][gc,heap       ] GC(92)   class space    used 4173K, capacity 4339K, committed 4556K, reserved 1048576K
[2019-09-02T13:59:29.162+0800][167.048s][info ][gc,start      ] GC(92) Pause Initial Mark (G1 Evacuation Pause)
[2019-09-02T13:59:29.162+0800][167.048s][info ][gc,task       ] GC(92) Using 8 workers of 8 for evacuation
[2019-09-02T13:59:29.162+0800][167.048s][debug][gc,age        ] GC(92) Desired survivor size 1048576 bytes, new threshold 15 (max threshold 15)
[2019-09-02T13:59:29.164+0800][167.050s][trace][gc,age        ] GC(92) Age table with threshold 15 (max threshold 15)
[2019-09-02T13:59:29.164+0800][167.050s][trace][gc,age        ] GC(92) - age   1:      32864 bytes,      32864 total
[2019-09-02T13:59:29.164+0800][167.050s][trace][gc,age        ] GC(92) - age   2:      12272 bytes,      45136 total
[2019-09-02T13:59:29.164+0800][167.050s][trace][gc,age        ] GC(92) - age   3:      12624 bytes,      57760 total
[2019-09-02T13:59:29.164+0800][167.050s][trace][gc,age        ] GC(92) - age   4:      11912 bytes,      69672 total
[2019-09-02T13:59:29.164+0800][167.050s][trace][gc,age        ] GC(92) - age   5:      10592 bytes,      80264 total
[2019-09-02T13:59:29.164+0800][167.050s][trace][gc,age        ] GC(92) - age   6:      10728 bytes,      90992 total
[2019-09-02T13:59:29.164+0800][167.050s][trace][gc,age        ] GC(92) - age   7:       9880 bytes,     100872 total
[2019-09-02T13:59:29.164+0800][167.050s][trace][gc,age        ] GC(92) - age   8:      12672 bytes,     113544 total
[2019-09-02T13:59:29.164+0800][167.050s][trace][gc,age        ] GC(92) - age   9:      13488 bytes,     127032 total
[2019-09-02T13:59:29.164+0800][167.050s][trace][gc,age        ] GC(92) - age  10:      11248 bytes,     138280 total
[2019-09-02T13:59:29.164+0800][167.050s][trace][gc,age        ] GC(92) - age  11:      10040 bytes,     148320 total
[2019-09-02T13:59:29.164+0800][167.050s][trace][gc,age        ] GC(92) - age  12:      10344 bytes,     158664 total
[2019-09-02T13:59:29.164+0800][167.050s][trace][gc,age        ] GC(92) - age  13:       9792 bytes,     168456 total
[2019-09-02T13:59:29.164+0800][167.050s][trace][gc,age        ] GC(92) - age  14:       9624 bytes,     178080 total
[2019-09-02T13:59:29.164+0800][167.050s][trace][gc,age        ] GC(92) - age  15:       9776 bytes,     187856 total
[2019-09-02T13:59:29.164+0800][167.050s][info ][gc,phases     ] GC(92)   Pre Evacuate Collection Set: 0.0ms
[2019-09-02T13:59:29.164+0800][167.050s][info ][gc,phases     ] GC(92)   Evacuate Collection Set: 1.5ms
[2019-09-02T13:59:29.164+0800][167.051s][info ][gc,phases     ] GC(92)   Post Evacuate Collection Set: 0.1ms
[2019-09-02T13:59:29.164+0800][167.051s][info ][gc,phases     ] GC(92)   Other: 0.8ms
[2019-09-02T13:59:29.164+0800][167.051s][info ][gc,heap       ] GC(92) Eden regions: 9->0(9)
[2019-09-02T13:59:29.164+0800][167.051s][info ][gc,heap       ] GC(92) Survivor regions: 1->1(2)
[2019-09-02T13:59:29.164+0800][167.051s][info ][gc,heap       ] GC(92) Old regions: 17->17
[2019-09-02T13:59:29.164+0800][167.051s][info ][gc,heap       ] GC(92) Humongous regions: 0->0
[2019-09-02T13:59:29.164+0800][167.051s][info ][gc,metaspace  ] GC(92) Metaspace: 38456K->38456K(1085440K)
[2019-09-02T13:59:29.164+0800][167.051s][debug][gc,heap       ] GC(92) Heap after GC invocations=93 (full 0): garbage-first heap   total 32768K, used 16691K [0x00000000fe000000, 0x0000000100000000)
[2019-09-02T13:59:29.164+0800][167.051s][debug][gc,heap       ] GC(92)   region size 1024K, 1 young (1024K), 1 survivors (1024K)
[2019-09-02T13:59:29.164+0800][167.051s][debug][gc,heap       ] GC(92)  Metaspace       used 38456K, capacity 38877K, committed 39884K, reserved 1085440K
[2019-09-02T13:59:29.164+0800][167.051s][debug][gc,heap       ] GC(92)   class space    used 4173K, capacity 4339K, committed 4556K, reserved 1048576K
[2019-09-02T13:59:29.164+0800][167.051s][info ][gc            ] GC(92) Pause Initial Mark (G1 Evacuation Pause) 25M->16M(32M) 2.615ms
[2019-09-02T13:59:29.165+0800][167.052s][info ][gc,cpu        ] GC(92) User=0.00s Sys=0.00s Real=0.00s
[2019-09-02T13:59:29.165+0800][167.052s][info ][gc            ] GC(93) Concurrent Cycle
[2019-09-02T13:59:29.173+0800][167.059s][info ][gc,marking    ] GC(93) Concurrent Clear Claimed Marks
[2019-09-02T13:59:29.173+0800][167.059s][info ][gc,marking    ] GC(93) Concurrent Clear Claimed Marks 0.051ms
[2019-09-02T13:59:29.173+0800][167.059s][info ][gc,marking    ] GC(93) Concurrent Scan Root Regions
[2019-09-02T13:59:29.173+0800][167.060s][info ][gc,marking    ] GC(93) Concurrent Scan Root Regions 0.400ms
[2019-09-02T13:59:29.173+0800][167.060s][info ][gc,marking    ] GC(93) Concurrent Mark (167.060s)
[2019-09-02T13:59:29.173+0800][167.060s][info ][gc,marking    ] GC(93) Concurrent Mark From Roots
[2019-09-02T13:59:29.173+0800][167.060s][info ][gc,task       ] GC(93) Using 2 workers of 2 for marking
[2019-09-02T13:59:29.190+0800][167.076s][info ][gc,marking    ] GC(93) Concurrent Mark From Roots 16.644ms
[2019-09-02T13:59:29.190+0800][167.076s][info ][gc,marking    ] GC(93) Concurrent Mark (167.060s, 167.076s) 16.741ms
[2019-09-02T13:59:29.190+0800][167.077s][info ][gc,start      ] GC(93) Pause Remark
[2019-09-02T13:59:29.196+0800][167.082s][info ][gc,stringtable] GC(93) Cleaned string and symbol table, strings: 19968 processed, 0 removed, symbols: 106455 processed, 2 removed
[2019-09-02T13:59:29.196+0800][167.082s][info ][gc            ] GC(93) Pause Remark 16M->16M(32M) 5.327ms
[2019-09-02T13:59:29.196+0800][167.082s][info ][gc,cpu        ] GC(93) User=0.00s Sys=0.00s Real=0.01s
[2019-09-02T13:59:29.196+0800][167.083s][info ][gc,marking    ] GC(93) Concurrent Create Live Data
[2019-09-02T13:59:29.199+0800][167.086s][info ][gc,marking    ] GC(93) Concurrent Create Live Data 3.123ms
[2019-09-02T13:59:29.200+0800][167.086s][info ][gc,start      ] GC(93) Pause Cleanup
[2019-09-02T13:59:29.200+0800][167.086s][info ][gc            ] GC(93) Pause Cleanup 17M->17M(32M) 0.186ms
[2019-09-02T13:59:29.201+0800][167.087s][info ][gc,cpu        ] GC(93) User=0.00s Sys=0.00s Real=0.00s
[2019-09-02T13:59:29.201+0800][167.087s][info ][gc,marking    ] GC(93) Concurrent Cleanup for Next Mark
[2019-09-02T13:59:29.202+0800][167.088s][info ][gc,marking    ] GC(93) Concurrent Cleanup for Next Mark 0.729ms
[2019-09-02T13:59:29.202+0800][167.088s][info ][gc            ] GC(93) Concurrent Cycle 36.470ms
[2019-09-02T13:59:29.367+0800][167.253s][debug][gc,heap       ] GC(94) Heap before GC invocations=94 (full 0): garbage-first heap   total 32768K, used 25907K [0x00000000fe000000, 0x0000000100000000)
[2019-09-02T13:59:29.367+0800][167.253s][debug][gc,heap       ] GC(94)   region size 1024K, 10 young (10240K), 1 survivors (1024K)
[2019-09-02T13:59:29.367+0800][167.253s][debug][gc,heap       ] GC(94)  Metaspace       used 38456K, capacity 38877K, committed 39884K, reserved 1085440K
[2019-09-02T13:59:29.367+0800][167.253s][debug][gc,heap       ] GC(94)   class space    used 4173K, capacity 4339K, committed 4556K, reserved 1048576K
[2019-09-02T13:59:29.367+0800][167.253s][info ][gc,start      ] GC(94) Pause Young (G1 Evacuation Pause)
[2019-09-02T13:59:29.367+0800][167.253s][info ][gc,task       ] GC(94) Using 8 workers of 8 for evacuation
[2019-09-02T13:59:29.367+0800][167.253s][debug][gc,age        ] GC(94) Desired survivor size 1048576 bytes, new threshold 15 (max threshold 15)
[2019-09-02T13:59:29.369+0800][167.255s][trace][gc,age        ] GC(94) Age table with threshold 15 (max threshold 15)
[2019-09-02T13:59:29.369+0800][167.255s][trace][gc,age        ] GC(94) - age   1:      26864 bytes,      26864 total
[2019-09-02T13:59:29.369+0800][167.255s][trace][gc,age        ] GC(94) - age   2:      16400 bytes,      43264 total
[2019-09-02T13:59:29.369+0800][167.255s][trace][gc,age        ] GC(94) - age   3:      12208 bytes,      55472 total
[2019-09-02T13:59:29.369+0800][167.255s][trace][gc,age        ] GC(94) - age   4:      12624 bytes,      68096 total
[2019-09-02T13:59:29.369+0800][167.255s][trace][gc,age        ] GC(94) - age   5:      11912 bytes,      80008 total
[2019-09-02T13:59:29.369+0800][167.255s][trace][gc,age        ] GC(94) - age   6:      10592 bytes,      90600 total
[2019-09-02T13:59:29.369+0800][167.255s][trace][gc,age        ] GC(94) - age   7:      10728 bytes,     101328 total
[2019-09-02T13:59:29.369+0800][167.255s][trace][gc,age        ] GC(94) - age   8:       9880 bytes,     111208 total
[2019-09-02T13:59:29.369+0800][167.255s][trace][gc,age        ] GC(94) - age   9:      12672 bytes,     123880 total
[2019-09-02T13:59:29.369+0800][167.255s][trace][gc,age        ] GC(94) - age  10:      13488 bytes,     137368 total
[2019-09-02T13:59:29.369+0800][167.255s][trace][gc,age        ] GC(94) - age  11:      11248 bytes,     148616 total
[2019-09-02T13:59:29.369+0800][167.255s][trace][gc,age        ] GC(94) - age  12:      10040 bytes,     158656 total
[2019-09-02T13:59:29.369+0800][167.255s][trace][gc,age        ] GC(94) - age  13:      10344 bytes,     169000 total
[2019-09-02T13:59:29.369+0800][167.255s][trace][gc,age        ] GC(94) - age  14:       9792 bytes,     178792 total
[2019-09-02T13:59:29.369+0800][167.255s][trace][gc,age        ] GC(94) - age  15:       9624 bytes,     188416 total
[2019-09-02T13:59:29.369+0800][167.256s][info ][gc,phases     ] GC(94)   Pre Evacuate Collection Set: 0.0ms
[2019-09-02T13:59:29.369+0800][167.256s][info ][gc,phases     ] GC(94)   Evacuate Collection Set: 1.3ms
[2019-09-02T13:59:29.369+0800][167.256s][info ][gc,phases     ] GC(94)   Post Evacuate Collection Set: 0.4ms
[2019-09-02T13:59:29.369+0800][167.256s][info ][gc,phases     ] GC(94)   Other: 0.8ms
[2019-09-02T13:59:29.369+0800][167.256s][info ][gc,heap       ] GC(94) Eden regions: 9->0(9)
[2019-09-02T13:59:29.369+0800][167.256s][info ][gc,heap       ] GC(94) Survivor regions: 1->1(2)
[2019-09-02T13:59:29.369+0800][167.256s][info ][gc,heap       ] GC(94) Old regions: 17->17
[2019-09-02T13:59:29.369+0800][167.256s][info ][gc,heap       ] GC(94) Humongous regions: 0->0
[2019-09-02T13:59:29.369+0800][167.256s][info ][gc,metaspace  ] GC(94) Metaspace: 38456K->38456K(1085440K)
[2019-09-02T13:59:29.369+0800][167.256s][debug][gc,heap       ] GC(94) Heap after GC invocations=95 (full 0): garbage-first heap   total 32768K, used 16712K [0x00000000fe000000, 0x0000000100000000)
[2019-09-02T13:59:29.369+0800][167.256s][debug][gc,heap       ] GC(94)   region size 1024K, 1 young (1024K), 1 survivors (1024K)
[2019-09-02T13:59:29.369+0800][167.256s][debug][gc,heap       ] GC(94)  Metaspace       used 38456K, capacity 38877K, committed 39884K, reserved 1085440K
[2019-09-02T13:59:29.370+0800][167.256s][debug][gc,heap       ] GC(94)   class space    used 4173K, capacity 4339K, committed 4556K, reserved 1048576K
[2019-09-02T13:59:29.370+0800][167.256s][info ][gc            ] GC(94) Pause Young (G1 Evacuation Pause) 25M->16M(32M) 2.623ms
[2019-09-02T13:59:29.371+0800][167.257s][info ][gc,cpu        ] GC(94) User=0.02s Sys=0.02s Real=0.00s
[2019-09-02T13:59:29.586+0800][167.472s][debug][gc,heap       ] GC(95) Heap before GC invocations=95 (full 0): garbage-first heap   total 32768K, used 25928K [0x00000000fe000000, 0x0000000100000000)
[2019-09-02T13:59:29.586+0800][167.473s][debug][gc,heap       ] GC(95)   region size 1024K, 10 young (10240K), 1 survivors (1024K)
[2019-09-02T13:59:29.586+0800][167.473s][debug][gc,heap       ] GC(95)  Metaspace       used 38457K, capacity 38877K, committed 39884K, reserved 1085440K
[2019-09-02T13:59:29.586+0800][167.473s][debug][gc,heap       ] GC(95)   class space    used 4174K, capacity 4339K, committed 4556K, reserved 1048576K
[2019-09-02T13:59:29.586+0800][167.473s][info ][gc,start      ] GC(95) Pause Initial Mark (G1 Evacuation Pause)
[2019-09-02T13:59:29.586+0800][167.473s][info ][gc,task       ] GC(95) Using 8 workers of 8 for evacuation
[2019-09-02T13:59:29.586+0800][167.473s][debug][gc,age        ] GC(95) Desired survivor size 1048576 bytes, new threshold 15 (max threshold 15)
[2019-09-02T13:59:29.588+0800][167.474s][trace][gc,age        ] GC(95) Age table with threshold 15 (max threshold 15)
[2019-09-02T13:59:29.588+0800][167.474s][trace][gc,age        ] GC(95) - age   1:      40800 bytes,      40800 total
[2019-09-02T13:59:29.588+0800][167.474s][trace][gc,age        ] GC(95) - age   2:      11008 bytes,      51808 total
[2019-09-02T13:59:29.588+0800][167.474s][trace][gc,age        ] GC(95) - age   3:      16400 bytes,      68208 total
[2019-09-02T13:59:29.588+0800][167.474s][trace][gc,age        ] GC(95) - age   4:      12184 bytes,      80392 total
[2019-09-02T13:59:29.588+0800][167.474s][trace][gc,age        ] GC(95) - age   5:      12624 bytes,      93016 total
[2019-09-02T13:59:29.588+0800][167.475s][trace][gc,age        ] GC(95) - age   6:      11912 bytes,     104928 total
[2019-09-02T13:59:29.588+0800][167.475s][trace][gc,age        ] GC(95) - age   7:      10592 bytes,     115520 total
[2019-09-02T13:59:29.588+0800][167.475s][trace][gc,age        ] GC(95) - age   8:      10728 bytes,     126248 total
[2019-09-02T13:59:29.588+0800][167.475s][trace][gc,age        ] GC(95) - age   9:       9880 bytes,     136128 total
[2019-09-02T13:59:29.588+0800][167.475s][trace][gc,age        ] GC(95) - age  10:      12672 bytes,     148800 total
[2019-09-02T13:59:29.588+0800][167.475s][trace][gc,age        ] GC(95) - age  11:      13488 bytes,     162288 total
[2019-09-02T13:59:29.588+0800][167.475s][trace][gc,age        ] GC(95) - age  12:      11248 bytes,     173536 total
[2019-09-02T13:59:29.588+0800][167.475s][trace][gc,age        ] GC(95) - age  13:      10040 bytes,     183576 total
[2019-09-02T13:59:29.588+0800][167.475s][trace][gc,age        ] GC(95) - age  14:      10320 bytes,     193896 total
[2019-09-02T13:59:29.588+0800][167.475s][trace][gc,age        ] GC(95) - age  15:       9792 bytes,     203688 total
[2019-09-02T13:59:29.588+0800][167.475s][info ][gc,phases     ] GC(95)   Pre Evacuate Collection Set: 0.0ms
[2019-09-02T13:59:29.589+0800][167.475s][info ][gc,phases     ] GC(95)   Evacuate Collection Set: 1.4ms
[2019-09-02T13:59:29.589+0800][167.475s][info ][gc,phases     ] GC(95)   Post Evacuate Collection Set: 0.1ms
[2019-09-02T13:59:29.589+0800][167.475s][info ][gc,phases     ] GC(95)   Other: 0.8ms
[2019-09-02T13:59:29.589+0800][167.475s][info ][gc,heap       ] GC(95) Eden regions: 9->0(9)
[2019-09-02T13:59:29.589+0800][167.475s][info ][gc,heap       ] GC(95) Survivor regions: 1->1(2)
[2019-09-02T13:59:29.589+0800][167.475s][info ][gc,heap       ] GC(95) Old regions: 17->17
[2019-09-02T13:59:29.589+0800][167.475s][info ][gc,heap       ] GC(95) Humongous regions: 0->0
[2019-09-02T13:59:29.589+0800][167.475s][info ][gc,metaspace  ] GC(95) Metaspace: 38457K->38457K(1085440K)
[2019-09-02T13:59:29.589+0800][167.475s][debug][gc,heap       ] GC(95) Heap after GC invocations=96 (full 0): garbage-first heap   total 32768K, used 16731K [0x00000000fe000000, 0x0000000100000000)
[2019-09-02T13:59:29.589+0800][167.475s][debug][gc,heap       ] GC(95)   region size 1024K, 1 young (1024K), 1 survivors (1024K)
[2019-09-02T13:59:29.589+0800][167.475s][debug][gc,heap       ] GC(95)  Metaspace       used 38457K, capacity 38877K, committed 39884K, reserved 1085440K
[2019-09-02T13:59:29.589+0800][167.475s][debug][gc,heap       ] GC(95)   class space    used 4174K, capacity 4339K, committed 4556K, reserved 1048576K
[2019-09-02T13:59:29.589+0800][167.475s][info ][gc            ] GC(95) Pause Initial Mark (G1 Evacuation Pause) 25M->16M(32M) 2.421ms
[2019-09-02T13:59:29.591+0800][167.477s][info ][gc,cpu        ] GC(95) User=0.11s Sys=0.00s Real=0.01s
[2019-09-02T13:59:29.591+0800][167.477s][info ][gc            ] GC(96) Concurrent Cycle
[2019-09-02T13:59:29.605+0800][167.492s][info ][gc,marking    ] GC(96) Concurrent Clear Claimed Marks
[2019-09-02T13:59:29.605+0800][167.492s][info ][gc,marking    ] GC(96) Concurrent Clear Claimed Marks 0.057ms
[2019-09-02T13:59:29.605+0800][167.492s][info ][gc,marking    ] GC(96) Concurrent Scan Root Regions
[2019-09-02T13:59:29.606+0800][167.492s][info ][gc,marking    ] GC(96) Concurrent Scan Root Regions 0.604ms
[2019-09-02T13:59:29.606+0800][167.492s][info ][gc,marking    ] GC(96) Concurrent Mark (167.492s)
[2019-09-02T13:59:29.606+0800][167.492s][info ][gc,marking    ] GC(96) Concurrent Mark From Roots
[2019-09-02T13:59:29.606+0800][167.492s][info ][gc,task       ] GC(96) Using 2 workers of 2 for marking
[2019-09-02T13:59:29.624+0800][167.510s][info ][gc,marking    ] GC(96) Concurrent Mark From Roots 17.802ms
[2019-09-02T13:59:29.624+0800][167.510s][info ][gc,marking    ] GC(96) Concurrent Mark (167.492s, 167.510s) 17.912ms
[2019-09-02T13:59:29.624+0800][167.510s][info ][gc,start      ] GC(96) Pause Remark
[2019-09-02T13:59:29.629+0800][167.516s][info ][gc,stringtable] GC(96) Cleaned string and symbol table, strings: 20007 processed, 0 removed, symbols: 106454 processed, 0 removed
[2019-09-02T13:59:29.630+0800][167.516s][info ][gc            ] GC(96) Pause Remark 17M->17M(32M) 5.647ms
[2019-09-02T13:59:29.630+0800][167.516s][info ][gc,cpu        ] GC(96) User=0.00s Sys=0.00s Real=0.01s
[2019-09-02T13:59:29.630+0800][167.517s][info ][gc,marking    ] GC(96) Concurrent Create Live Data
[2019-09-02T13:59:29.633+0800][167.520s][info ][gc,marking    ] GC(96) Concurrent Create Live Data 3.277ms
[2019-09-02T13:59:29.634+0800][167.520s][info ][gc,start      ] GC(96) Pause Cleanup
[2019-09-02T13:59:29.634+0800][167.520s][info ][gc            ] GC(96) Pause Cleanup 17M->17M(32M) 0.363ms
[2019-09-02T13:59:29.636+0800][167.523s][info ][gc,cpu        ] GC(96) User=0.03s Sys=0.00s Real=0.00s
[2019-09-02T13:59:29.636+0800][167.523s][info ][gc,marking    ] GC(96) Concurrent Cleanup for Next Mark
[2019-09-02T13:59:29.636+0800][167.523s][info ][gc,marking    ] GC(96) Concurrent Cleanup for Next Mark 0.111ms
[2019-09-02T13:59:29.637+0800][167.523s][info ][gc            ] GC(96) Concurrent Cycle 45.961ms
[2019-09-02T13:59:29.727+0800][167.613s][debug][gc,heap       ] GC(97) Heap before GC invocations=97 (full 0): garbage-first heap   total 32768K, used 25947K [0x00000000fe000000, 0x0000000100000000)
[2019-09-02T13:59:29.727+0800][167.613s][debug][gc,heap       ] GC(97)   region size 1024K, 10 young (10240K), 1 survivors (1024K)
[2019-09-02T13:59:29.727+0800][167.613s][debug][gc,heap       ] GC(97)  Metaspace       used 38457K, capacity 38877K, committed 39884K, reserved 1085440K
[2019-09-02T13:59:29.727+0800][167.613s][debug][gc,heap       ] GC(97)   class space    used 4174K, capacity 4339K, committed 4556K, reserved 1048576K
[2019-09-02T13:59:29.727+0800][167.613s][info ][gc,start      ] GC(97) Pause Young (G1 Evacuation Pause)
[2019-09-02T13:59:29.727+0800][167.613s][info ][gc,task       ] GC(97) Using 8 workers of 8 for evacuation
[2019-09-02T13:59:29.727+0800][167.613s][debug][gc,age        ] GC(97) Desired survivor size 1048576 bytes, new threshold 15 (max threshold 15)
[2019-09-02T13:59:29.728+0800][167.615s][trace][gc,age        ] GC(97) Age table with threshold 15 (max threshold 15)
[2019-09-02T13:59:29.728+0800][167.615s][trace][gc,age        ] GC(97) - age   1:      31976 bytes,      31976 total
[2019-09-02T13:59:29.728+0800][167.615s][trace][gc,age        ] GC(97) - age   2:      13808 bytes,      45784 total
[2019-09-02T13:59:29.728+0800][167.615s][trace][gc,age        ] GC(97) - age   3:      10976 bytes,      56760 total
[2019-09-02T13:59:29.728+0800][167.615s][trace][gc,age        ] GC(97) - age   4:      16400 bytes,      73160 total
[2019-09-02T13:59:29.728+0800][167.615s][trace][gc,age        ] GC(97) - age   5:      12184 bytes,      85344 total
[2019-09-02T13:59:29.728+0800][167.615s][trace][gc,age        ] GC(97) - age   6:      12624 bytes,      97968 total
[2019-09-02T13:59:29.728+0800][167.615s][trace][gc,age        ] GC(97) - age   7:      11912 bytes,     109880 total
[2019-09-02T13:59:29.728+0800][167.615s][trace][gc,age        ] GC(97) - age   8:      10592 bytes,     120472 total
[2019-09-02T13:59:29.728+0800][167.615s][trace][gc,age        ] GC(97) - age   9:      10728 bytes,     131200 total
[2019-09-02T13:59:29.728+0800][167.615s][trace][gc,age        ] GC(97) - age  10:       9880 bytes,     141080 total
[2019-09-02T13:59:29.728+0800][167.615s][trace][gc,age        ] GC(97) - age  11:      12672 bytes,     153752 total
[2019-09-02T13:59:29.729+0800][167.615s][trace][gc,age        ] GC(97) - age  12:      13488 bytes,     167240 total
[2019-09-02T13:59:29.729+0800][167.615s][trace][gc,age        ] GC(97) - age  13:      11248 bytes,     178488 total
[2019-09-02T13:59:29.729+0800][167.615s][trace][gc,age        ] GC(97) - age  14:      10040 bytes,     188528 total
[2019-09-02T13:59:29.729+0800][167.615s][trace][gc,age        ] GC(97) - age  15:      10320 bytes,     198848 total
[2019-09-02T13:59:29.729+0800][167.615s][info ][gc,phases     ] GC(97)   Pre Evacuate Collection Set: 0.0ms
[2019-09-02T13:59:29.729+0800][167.615s][info ][gc,phases     ] GC(97)   Evacuate Collection Set: 1.0ms
[2019-09-02T13:59:29.729+0800][167.615s][info ][gc,phases     ] GC(97)   Post Evacuate Collection Set: 0.3ms
[2019-09-02T13:59:29.729+0800][167.615s][info ][gc,phases     ] GC(97)   Other: 0.7ms
[2019-09-02T13:59:29.729+0800][167.615s][info ][gc,heap       ] GC(97) Eden regions: 9->0(9)
[2019-09-02T13:59:29.729+0800][167.615s][info ][gc,heap       ] GC(97) Survivor regions: 1->1(2)
[2019-09-02T13:59:29.729+0800][167.615s][info ][gc,heap       ] GC(97) Old regions: 17->17
[2019-09-02T13:59:29.729+0800][167.615s][info ][gc,heap       ] GC(97) Humongous regions: 0->0
[2019-09-02T13:59:29.729+0800][167.615s][info ][gc,metaspace  ] GC(97) Metaspace: 38457K->38457K(1085440K)
[2019-09-02T13:59:29.729+0800][167.615s][debug][gc,heap       ] GC(97) Heap after GC invocations=98 (full 0): garbage-first heap   total 32768K, used 16751K [0x00000000fe000000, 0x0000000100000000)
[2019-09-02T13:59:29.729+0800][167.615s][debug][gc,heap       ] GC(97)   region size 1024K, 1 young (1024K), 1 survivors (1024K)
[2019-09-02T13:59:29.729+0800][167.615s][debug][gc,heap       ] GC(97)  Metaspace       used 38457K, capacity 38877K, committed 39884K, reserved 1085440K
[2019-09-02T13:59:29.729+0800][167.615s][debug][gc,heap       ] GC(97)   class space    used 4174K, capacity 4339K, committed 4556K, reserved 1048576K
[2019-09-02T13:59:29.729+0800][167.615s][info ][gc            ] GC(97) Pause Young (G1 Evacuation Pause) 25M->16M(32M) 2.024ms
[2019-09-02T13:59:29.730+0800][167.616s][info ][gc,cpu        ] GC(97) User=0.02s Sys=0.02s Real=0.00s
[2019-09-02T13:59:29.832+0800][167.718s][debug][gc,heap       ] GC(98) Heap before GC invocations=98 (full 0): garbage-first heap   total 32768K, used 25967K [0x00000000fe000000, 0x0000000100000000)
[2019-09-02T13:59:29.832+0800][167.718s][debug][gc,heap       ] GC(98)   region size 1024K, 10 young (10240K), 1 survivors (1024K)
[2019-09-02T13:59:29.832+0800][167.719s][debug][gc,heap       ] GC(98)  Metaspace       used 38457K, capacity 38877K, committed 39884K, reserved 1085440K
[2019-09-02T13:59:29.832+0800][167.719s][debug][gc,heap       ] GC(98)   class space    used 4174K, capacity 4339K, committed 4556K, reserved 1048576K
[2019-09-02T13:59:29.832+0800][167.719s][info ][gc,start      ] GC(98) Pause Initial Mark (G1 Evacuation Pause)
[2019-09-02T13:59:29.832+0800][167.719s][info ][gc,task       ] GC(98) Using 8 workers of 8 for evacuation
[2019-09-02T13:59:29.832+0800][167.719s][debug][gc,age        ] GC(98) Desired survivor size 1048576 bytes, new threshold 15 (max threshold 15)
[2019-09-02T13:59:29.834+0800][167.720s][trace][gc,age        ] GC(98) Age table with threshold 15 (max threshold 15)
[2019-09-02T13:59:29.834+0800][167.720s][trace][gc,age        ] GC(98) - age   1:      30592 bytes,      30592 total
[2019-09-02T13:59:29.834+0800][167.720s][trace][gc,age        ] GC(98) - age   2:      10040 bytes,      40632 total
[2019-09-02T13:59:29.834+0800][167.720s][trace][gc,age        ] GC(98) - age   3:      13808 bytes,      54440 total
[2019-09-02T13:59:29.834+0800][167.720s][trace][gc,age        ] GC(98) - age   4:      10976 bytes,      65416 total
[2019-09-02T13:59:29.834+0800][167.720s][trace][gc,age        ] GC(98) - age   5:      16400 bytes,      81816 total
[2019-09-02T13:59:29.834+0800][167.720s][trace][gc,age        ] GC(98) - age   6:      12184 bytes,      94000 total
[2019-09-02T13:59:29.834+0800][167.720s][trace][gc,age        ] GC(98) - age   7:      12624 bytes,     106624 total
[2019-09-02T13:59:29.834+0800][167.720s][trace][gc,age        ] GC(98) - age   8:      11912 bytes,     118536 total
[2019-09-02T13:59:29.834+0800][167.720s][trace][gc,age        ] GC(98) - age   9:      10592 bytes,     129128 total
[2019-09-02T13:59:29.834+0800][167.720s][trace][gc,age        ] GC(98) - age  10:      10728 bytes,     139856 total
[2019-09-02T13:59:29.834+0800][167.720s][trace][gc,age        ] GC(98) - age  11:       9880 bytes,     149736 total
[2019-09-02T13:59:29.834+0800][167.720s][trace][gc,age        ] GC(98) - age  12:      12672 bytes,     162408 total
[2019-09-02T13:59:29.834+0800][167.720s][trace][gc,age        ] GC(98) - age  13:      13488 bytes,     175896 total
[2019-09-02T13:59:29.834+0800][167.720s][trace][gc,age        ] GC(98) - age  14:      11216 bytes,     187112 total
[2019-09-02T13:59:29.834+0800][167.720s][trace][gc,age        ] GC(98) - age  15:      10040 bytes,     197152 total
[2019-09-02T13:59:29.834+0800][167.720s][info ][gc,phases     ] GC(98)   Pre Evacuate Collection Set: 0.0ms
[2019-09-02T13:59:29.834+0800][167.721s][info ][gc,phases     ] GC(98)   Evacuate Collection Set: 1.4ms
[2019-09-02T13:59:29.834+0800][167.721s][info ][gc,phases     ] GC(98)   Post Evacuate Collection Set: 0.1ms
[2019-09-02T13:59:29.834+0800][167.721s][info ][gc,phases     ] GC(98)   Other: 0.6ms
[2019-09-02T13:59:29.834+0800][167.721s][info ][gc,heap       ] GC(98) Eden regions: 9->0(9)
[2019-09-02T13:59:29.834+0800][167.721s][info ][gc,heap       ] GC(98) Survivor regions: 1->1(2)
[2019-09-02T13:59:29.834+0800][167.721s][info ][gc,heap       ] GC(98) Old regions: 17->17
[2019-09-02T13:59:29.834+0800][167.721s][info ][gc,heap       ] GC(98) Humongous regions: 0->0
[2019-09-02T13:59:29.834+0800][167.721s][info ][gc,metaspace  ] GC(98) Metaspace: 38457K->38457K(1085440K)
[2019-09-02T13:59:29.834+0800][167.721s][debug][gc,heap       ] GC(98) Heap after GC invocations=99 (full 0): garbage-first heap   total 32768K, used 16768K [0x00000000fe000000, 0x0000000100000000)
[2019-09-02T13:59:29.834+0800][167.721s][debug][gc,heap       ] GC(98)   region size 1024K, 1 young (1024K), 1 survivors (1024K)
[2019-09-02T13:59:29.834+0800][167.721s][debug][gc,heap       ] GC(98)  Metaspace       used 38457K, capacity 38877K, committed 39884K, reserved 1085440K
[2019-09-02T13:59:29.834+0800][167.721s][debug][gc,heap       ] GC(98)   class space    used 4174K, capacity 4339K, committed 4556K, reserved 1048576K
[2019-09-02T13:59:29.834+0800][167.721s][info ][gc            ] GC(98) Pause Initial Mark (G1 Evacuation Pause) 25M->16M(32M) 2.134ms
[2019-09-02T13:59:29.835+0800][167.721s][info ][gc,cpu        ] GC(98) User=0.00s Sys=0.00s Real=0.00s
[2019-09-02T13:59:29.835+0800][167.721s][info ][gc            ] GC(99) Concurrent Cycle
[2019-09-02T13:59:29.836+0800][167.722s][info ][gc,marking    ] GC(99) Concurrent Clear Claimed Marks
[2019-09-02T13:59:29.836+0800][167.722s][info ][gc,marking    ] GC(99) Concurrent Clear Claimed Marks 0.052ms
[2019-09-02T13:59:29.836+0800][167.722s][info ][gc,marking    ] GC(99) Concurrent Scan Root Regions
[2019-09-02T13:59:29.836+0800][167.722s][info ][gc,marking    ] GC(99) Concurrent Scan Root Regions 0.452ms
[2019-09-02T13:59:29.836+0800][167.723s][info ][gc,marking    ] GC(99) Concurrent Mark (167.723s)
[2019-09-02T13:59:29.836+0800][167.723s][info ][gc,marking    ] GC(99) Concurrent Mark From Roots
[2019-09-02T13:59:29.836+0800][167.723s][info ][gc,task       ] GC(99) Using 2 workers of 2 for marking
[2019-09-02T13:59:29.854+0800][167.740s][info ][gc,marking    ] GC(99) Concurrent Mark From Roots 17.613ms
[2019-09-02T13:59:29.854+0800][167.740s][info ][gc,marking    ] GC(99) Concurrent Mark (167.723s, 167.740s) 17.711ms
[2019-09-02T13:59:29.854+0800][167.741s][info ][gc,start      ] GC(99) Pause Remark
[2019-09-02T13:59:29.860+0800][167.746s][info ][gc,stringtable] GC(99) Cleaned string and symbol table, strings: 20031 processed, 0 removed, symbols: 106455 processed, 2 removed
[2019-09-02T13:59:29.860+0800][167.746s][info ][gc            ] GC(99) Pause Remark 17M->17M(32M) 5.559ms
[2019-09-02T13:59:29.860+0800][167.746s][info ][gc,cpu        ] GC(99) User=0.00s Sys=0.00s Real=0.01s
[2019-09-02T13:59:29.860+0800][167.746s][info ][gc,marking    ] GC(99) Concurrent Create Live Data
[2019-09-02T13:59:29.863+0800][167.750s][info ][gc,marking    ] GC(99) Concurrent Create Live Data 3.338ms
[2019-09-02T13:59:29.864+0800][167.750s][info ][gc,start      ] GC(99) Pause Cleanup
[2019-09-02T13:59:29.864+0800][167.750s][info ][gc            ] GC(99) Pause Cleanup 17M->17M(32M) 0.312ms
[2019-09-02T13:59:29.864+0800][167.751s][info ][gc,cpu        ] GC(99) User=0.00s Sys=0.00s Real=0.00s
[2019-09-02T13:59:29.864+0800][167.751s][info ][gc,marking    ] GC(99) Concurrent Cleanup for Next Mark
[2019-09-02T13:59:29.864+0800][167.751s][info ][gc,marking    ] GC(99) Concurrent Cleanup for Next Mark 0.105ms
[2019-09-02T13:59:29.865+0800][167.751s][info ][gc            ] GC(99) Concurrent Cycle 29.718ms
[2019-09-02T13:59:29.950+0800][167.837s][debug][gc,heap       ] GC(100) Heap before GC invocations=100 (full 0): garbage-first heap   total 32768K, used 25984K [0x00000000fe000000, 0x0000000100000000)
[2019-09-02T13:59:29.951+0800][167.837s][debug][gc,heap       ] GC(100)   region size 1024K, 10 young (10240K), 1 survivors (1024K)
[2019-09-02T13:59:29.951+0800][167.837s][debug][gc,heap       ] GC(100)  Metaspace       used 38457K, capacity 38877K, committed 39884K, reserved 1085440K
[2019-09-02T13:59:29.951+0800][167.837s][debug][gc,heap       ] GC(100)   class space    used 4174K, capacity 4339K, committed 4556K, reserved 1048576K
[2019-09-02T13:59:29.951+0800][167.837s][info ][gc,start      ] GC(100) Pause Young (G1 Evacuation Pause)
[2019-09-02T13:59:29.951+0800][167.837s][info ][gc,task       ] GC(100) Using 8 workers of 8 for evacuation
[2019-09-02T13:59:29.951+0800][167.837s][debug][gc,age        ] GC(100) Desired survivor size 1048576 bytes, new threshold 15 (max threshold 15)
[2019-09-02T13:59:29.952+0800][167.838s][trace][gc,age        ] GC(100) Age table with threshold 15 (max threshold 15)
[2019-09-02T13:59:29.952+0800][167.839s][trace][gc,age        ] GC(100) - age   1:      27248 bytes,      27248 total
[2019-09-02T13:59:29.952+0800][167.839s][trace][gc,age        ] GC(100) - age   2:      11784 bytes,      39032 total
[2019-09-02T13:59:29.952+0800][167.839s][trace][gc,age        ] GC(100) - age   3:      10040 bytes,      49072 total
[2019-09-02T13:59:29.952+0800][167.839s][trace][gc,age        ] GC(100) - age   4:      13808 bytes,      62880 total
[2019-09-02T13:59:29.952+0800][167.839s][trace][gc,age        ] GC(100) - age   5:      10976 bytes,      73856 total
[2019-09-02T13:59:29.952+0800][167.839s][trace][gc,age        ] GC(100) - age   6:      16400 bytes,      90256 total
[2019-09-02T13:59:29.952+0800][167.839s][trace][gc,age        ] GC(100) - age   7:      12184 bytes,     102440 total
[2019-09-02T13:59:29.952+0800][167.839s][trace][gc,age        ] GC(100) - age   8:      12552 bytes,     114992 total
[2019-09-02T13:59:29.952+0800][167.839s][trace][gc,age        ] GC(100) - age   9:      11912 bytes,     126904 total
[2019-09-02T13:59:29.952+0800][167.839s][trace][gc,age        ] GC(100) - age  10:      10592 bytes,     137496 total
[2019-09-02T13:59:29.952+0800][167.839s][trace][gc,age        ] GC(100) - age  11:      10728 bytes,     148224 total
[2019-09-02T13:59:29.952+0800][167.839s][trace][gc,age        ] GC(100) - age  12:       9880 bytes,     158104 total
[2019-09-02T13:59:29.952+0800][167.839s][trace][gc,age        ] GC(100) - age  13:      12672 bytes,     170776 total
[2019-09-02T13:59:29.952+0800][167.839s][trace][gc,age        ] GC(100) - age  14:      13488 bytes,     184264 total
[2019-09-02T13:59:29.952+0800][167.839s][trace][gc,age        ] GC(100) - age  15:      11216 bytes,     195480 total
[2019-09-02T13:59:29.953+0800][167.839s][info ][gc,phases     ] GC(100)   Pre Evacuate Collection Set: 0.0ms
[2019-09-02T13:59:29.953+0800][167.839s][info ][gc,phases     ] GC(100)   Evacuate Collection Set: 1.2ms
[2019-09-02T13:59:29.953+0800][167.839s][info ][gc,phases     ] GC(100)   Post Evacuate Collection Set: 0.1ms
[2019-09-02T13:59:29.953+0800][167.839s][info ][gc,phases     ] GC(100)   Other: 0.7ms
[2019-09-02T13:59:29.953+0800][167.839s][info ][gc,heap       ] GC(100) Eden regions: 9->0(9)
[2019-09-02T13:59:29.953+0800][167.839s][info ][gc,heap       ] GC(100) Survivor regions: 1->1(2)
[2019-09-02T13:59:29.953+0800][167.839s][info ][gc,heap       ] GC(100) Old regions: 17->17
[2019-09-02T13:59:29.953+0800][167.839s][info ][gc,heap       ] GC(100) Humongous regions: 0->0
[2019-09-02T13:59:29.953+0800][167.839s][info ][gc,metaspace  ] GC(100) Metaspace: 38457K->38457K(1085440K)
[2019-09-02T13:59:29.953+0800][167.839s][debug][gc,heap       ] GC(100) Heap after GC invocations=101 (full 0): garbage-first heap   total 32768K, used 16784K [0x00000000fe000000, 0x0000000100000000)
[2019-09-02T13:59:29.953+0800][167.839s][debug][gc,heap       ] GC(100)   region size 1024K, 1 young (1024K), 1 survivors (1024K)
[2019-09-02T13:59:29.953+0800][167.839s][debug][gc,heap       ] GC(100)  Metaspace       used 38457K, capacity 38877K, committed 39884K, reserved 1085440K
[2019-09-02T13:59:29.953+0800][167.839s][debug][gc,heap       ] GC(100)   class space    used 4174K, capacity 4339K, committed 4556K, reserved 1048576K
[2019-09-02T13:59:29.953+0800][167.839s][info ][gc            ] GC(100) Pause Young (G1 Evacuation Pause) 25M->16M(32M) 2.212ms
[2019-09-02T13:59:29.953+0800][167.840s][info ][gc,cpu        ] GC(100) User=0.00s Sys=0.00s Real=0.00s
[2019-09-02T13:59:30.067+0800][167.953s][debug][gc,heap       ] GC(101) Heap before GC invocations=101 (full 0): garbage-first heap   total 32768K, used 26000K [0x00000000fe000000, 0x0000000100000000)
[2019-09-02T13:59:30.067+0800][167.953s][debug][gc,heap       ] GC(101)   region size 1024K, 10 young (10240K), 1 survivors (1024K)
[2019-09-02T13:59:30.067+0800][167.953s][debug][gc,heap       ] GC(101)  Metaspace       used 38457K, capacity 38877K, committed 39884K, reserved 1085440K
[2019-09-02T13:59:30.067+0800][167.953s][debug][gc,heap       ] GC(101)   class space    used 4174K, capacity 4339K, committed 4556K, reserved 1048576K
[2019-09-02T13:59:30.067+0800][167.953s][info ][gc,start      ] GC(101) Pause Initial Mark (G1 Evacuation Pause)
[2019-09-02T13:59:30.067+0800][167.953s][info ][gc,task       ] GC(101) Using 8 workers of 8 for evacuation
[2019-09-02T13:59:30.067+0800][167.953s][debug][gc,age        ] GC(101) Desired survivor size 1048576 bytes, new threshold 15 (max threshold 15)
[2019-09-02T13:59:30.068+0800][167.955s][trace][gc,age        ] GC(101) Age table with threshold 15 (max threshold 15)
[2019-09-02T13:59:30.068+0800][167.955s][trace][gc,age        ] GC(101) - age   1:      33760 bytes,      33760 total
[2019-09-02T13:59:30.068+0800][167.955s][trace][gc,age        ] GC(101) - age   2:      11336 bytes,      45096 total
[2019-09-02T13:59:30.068+0800][167.955s][trace][gc,age        ] GC(101) - age   3:      11760 bytes,      56856 total
[2019-09-02T13:59:30.068+0800][167.955s][trace][gc,age        ] GC(101) - age   4:      10040 bytes,      66896 total
[2019-09-02T13:59:30.068+0800][167.955s][trace][gc,age        ] GC(101) - age   5:      13808 bytes,      80704 total
[2019-09-02T13:59:30.069+0800][167.955s][trace][gc,age        ] GC(101) - age   6:      10976 bytes,      91680 total
[2019-09-02T13:59:30.069+0800][167.955s][trace][gc,age        ] GC(101) - age   7:      16400 bytes,     108080 total
[2019-09-02T13:59:30.069+0800][167.955s][trace][gc,age        ] GC(101) - age   8:      12184 bytes,     120264 total
[2019-09-02T13:59:30.069+0800][167.955s][trace][gc,age        ] GC(101) - age   9:      12552 bytes,     132816 total
[2019-09-02T13:59:30.069+0800][167.955s][trace][gc,age        ] GC(101) - age  10:      11912 bytes,     144728 total
[2019-09-02T13:59:30.069+0800][167.955s][trace][gc,age        ] GC(101) - age  11:      10592 bytes,     155320 total
[2019-09-02T13:59:30.069+0800][167.955s][trace][gc,age        ] GC(101) - age  12:      10728 bytes,     166048 total
[2019-09-02T13:59:30.069+0800][167.955s][trace][gc,age        ] GC(101) - age  13:       9880 bytes,     175928 total
[2019-09-02T13:59:30.069+0800][167.955s][trace][gc,age        ] GC(101) - age  14:      12672 bytes,     188600 total
[2019-09-02T13:59:30.069+0800][167.955s][trace][gc,age        ] GC(101) - age  15:      13488 bytes,     202088 total
[2019-09-02T13:59:30.069+0800][167.955s][info ][gc,phases     ] GC(101)   Pre Evacuate Collection Set: 0.0ms
[2019-09-02T13:59:30.069+0800][167.955s][info ][gc,phases     ] GC(101)   Evacuate Collection Set: 1.3ms
[2019-09-02T13:59:30.069+0800][167.955s][info ][gc,phases     ] GC(101)   Post Evacuate Collection Set: 0.1ms
[2019-09-02T13:59:30.069+0800][167.955s][info ][gc,phases     ] GC(101)   Other: 0.6ms
[2019-09-02T13:59:30.069+0800][167.955s][info ][gc,heap       ] GC(101) Eden regions: 9->0(9)
[2019-09-02T13:59:30.069+0800][167.955s][info ][gc,heap       ] GC(101) Survivor regions: 1->1(2)
[2019-09-02T13:59:30.069+0800][167.955s][info ][gc,heap       ] GC(101) Old regions: 17->17
[2019-09-02T13:59:30.069+0800][167.955s][info ][gc,heap       ] GC(101) Humongous regions: 0->0
[2019-09-02T13:59:30.069+0800][167.955s][info ][gc,metaspace  ] GC(101) Metaspace: 38457K->38457K(1085440K)
[2019-09-02T13:59:30.069+0800][167.955s][debug][gc,heap       ] GC(101) Heap after GC invocations=102 (full 0): garbage-first heap   total 32768K, used 16804K [0x00000000fe000000, 0x0000000100000000)
[2019-09-02T13:59:30.069+0800][167.955s][debug][gc,heap       ] GC(101)   region size 1024K, 1 young (1024K), 1 survivors (1024K)
[2019-09-02T13:59:30.069+0800][167.955s][debug][gc,heap       ] GC(101)  Metaspace       used 38457K, capacity 38877K, committed 39884K, reserved 1085440K
[2019-09-02T13:59:30.069+0800][167.955s][debug][gc,heap       ] GC(101)   class space    used 4174K, capacity 4339K, committed 4556K, reserved 1048576K
[2019-09-02T13:59:30.069+0800][167.955s][info ][gc            ] GC(101) Pause Initial Mark (G1 Evacuation Pause) 25M->16M(32M) 2.022ms
[2019-09-02T13:59:30.070+0800][167.956s][info ][gc,cpu        ] GC(101) User=0.00s Sys=0.00s Real=0.00s
[2019-09-02T13:59:30.070+0800][167.956s][info ][gc            ] GC(102) Concurrent Cycle
[2019-09-02T13:59:30.076+0800][167.962s][info ][gc,marking    ] GC(102) Concurrent Clear Claimed Marks
[2019-09-02T13:59:30.076+0800][167.962s][info ][gc,marking    ] GC(102) Concurrent Clear Claimed Marks 0.057ms
[2019-09-02T13:59:30.076+0800][167.962s][info ][gc,marking    ] GC(102) Concurrent Scan Root Regions
[2019-09-02T13:59:30.076+0800][167.963s][info ][gc,marking    ] GC(102) Concurrent Scan Root Regions 0.508ms
[2019-09-02T13:59:30.076+0800][167.963s][info ][gc,marking    ] GC(102) Concurrent Mark (167.963s)
[2019-09-02T13:59:30.076+0800][167.963s][info ][gc,marking    ] GC(102) Concurrent Mark From Roots
[2019-09-02T13:59:30.076+0800][167.963s][info ][gc,task       ] GC(102) Using 2 workers of 2 for marking
[2019-09-02T13:59:30.095+0800][167.981s][info ][gc,marking    ] GC(102) Concurrent Mark From Roots 18.066ms
[2019-09-02T13:59:30.095+0800][167.981s][info ][gc,marking    ] GC(102) Concurrent Mark (167.963s, 167.981s) 18.169ms
[2019-09-02T13:59:30.096+0800][167.982s][info ][gc,start      ] GC(102) Pause Remark
[2019-09-02T13:59:30.103+0800][167.990s][info ][gc,stringtable] GC(102) Cleaned string and symbol table, strings: 20051 processed, 0 removed, symbols: 106455 processed, 2 removed
[2019-09-02T13:59:30.103+0800][167.990s][info ][gc            ] GC(102) Pause Remark 17M->17M(32M) 7.799ms
[2019-09-02T13:59:30.104+0800][167.990s][info ][gc,cpu        ] GC(102) User=0.03s Sys=0.00s Real=0.01s
[2019-09-02T13:59:30.104+0800][167.990s][info ][gc,marking    ] GC(102) Concurrent Create Live Data
[2019-09-02T13:59:30.107+0800][167.993s][info ][gc,marking    ] GC(102) Concurrent Create Live Data 3.185ms
[2019-09-02T13:59:30.107+0800][167.994s][info ][gc,start      ] GC(102) Pause Cleanup
[2019-09-02T13:59:30.108+0800][167.994s][info ][gc            ] GC(102) Pause Cleanup 17M->17M(32M) 0.386ms
[2019-09-02T13:59:30.111+0800][167.998s][info ][gc,cpu        ] GC(102) User=0.00s Sys=0.00s Real=0.00s
[2019-09-02T13:59:30.111+0800][167.998s][info ][gc,marking    ] GC(102) Concurrent Cleanup for Next Mark
[2019-09-02T13:59:30.111+0800][167.998s][info ][gc,marking    ] GC(102) Concurrent Cleanup for Next Mark 0.113ms
[2019-09-02T13:59:30.111+0800][167.998s][info ][gc            ] GC(102) Concurrent Cycle 41.793ms
[2019-09-02T13:59:30.196+0800][168.083s][debug][gc,heap       ] GC(103) Heap before GC invocations=103 (full 0): garbage-first heap   total 32768K, used 26020K [0x00000000fe000000, 0x0000000100000000)
[2019-09-02T13:59:30.196+0800][168.083s][debug][gc,heap       ] GC(103)   region size 1024K, 10 young (10240K), 1 survivors (1024K)
[2019-09-02T13:59:30.196+0800][168.083s][debug][gc,heap       ] GC(103)  Metaspace       used 38457K, capacity 38877K, committed 39884K, reserved 1085440K
[2019-09-02T13:59:30.196+0800][168.083s][debug][gc,heap       ] GC(103)   class space    used 4174K, capacity 4339K, committed 4556K, reserved 1048576K
[2019-09-02T13:59:30.196+0800][168.083s][info ][gc,start      ] GC(103) Pause Young (G1 Evacuation Pause)
[2019-09-02T13:59:30.196+0800][168.083s][info ][gc,task       ] GC(103) Using 8 workers of 8 for evacuation
[2019-09-02T13:59:30.196+0800][168.083s][debug][gc,age        ] GC(103) Desired survivor size 1048576 bytes, new threshold 15 (max threshold 15)
[2019-09-02T13:59:30.198+0800][168.084s][trace][gc,age        ] GC(103) Age table with threshold 15 (max threshold 15)
[2019-09-02T13:59:30.198+0800][168.084s][trace][gc,age        ] GC(103) - age   1:      24736 bytes,      24736 total
[2019-09-02T13:59:30.198+0800][168.084s][trace][gc,age        ] GC(103) - age   2:      10184 bytes,      34920 total
[2019-09-02T13:59:30.198+0800][168.084s][trace][gc,age        ] GC(103) - age   3:      11304 bytes,      46224 total
[2019-09-02T13:59:30.198+0800][168.084s][trace][gc,age        ] GC(103) - age   4:      11736 bytes,      57960 total
[2019-09-02T13:59:30.198+0800][168.084s][trace][gc,age        ] GC(103) - age   5:      10040 bytes,      68000 total
[2019-09-02T13:59:30.198+0800][168.084s][trace][gc,age        ] GC(103) - age   6:      13808 bytes,      81808 total
[2019-09-02T13:59:30.198+0800][168.084s][trace][gc,age        ] GC(103) - age   7:      10976 bytes,      92784 total
[2019-09-02T13:59:30.198+0800][168.084s][trace][gc,age        ] GC(103) - age   8:      16400 bytes,     109184 total
[2019-09-02T13:59:30.198+0800][168.084s][trace][gc,age        ] GC(103) - age   9:      12184 bytes,     121368 total
[2019-09-02T13:59:30.198+0800][168.085s][trace][gc,age        ] GC(103) - age  10:      12552 bytes,     133920 total
[2019-09-02T13:59:30.198+0800][168.085s][trace][gc,age        ] GC(103) - age  11:      11912 bytes,     145832 total
[2019-09-02T13:59:30.198+0800][168.085s][trace][gc,age        ] GC(103) - age  12:      10592 bytes,     156424 total
[2019-09-02T13:59:30.198+0800][168.085s][trace][gc,age        ] GC(103) - age  13:      10728 bytes,     167152 total
[2019-09-02T13:59:30.198+0800][168.085s][trace][gc,age        ] GC(103) - age  14:       9880 bytes,     177032 total
[2019-09-02T13:59:30.198+0800][168.085s][trace][gc,age        ] GC(103) - age  15:      12672 bytes,     189704 total
[2019-09-02T13:59:30.198+0800][168.085s][info ][gc,phases     ] GC(103)   Pre Evacuate Collection Set: 0.0ms
[2019-09-02T13:59:30.198+0800][168.085s][info ][gc,phases     ] GC(103)   Evacuate Collection Set: 1.3ms
[2019-09-02T13:59:30.198+0800][168.085s][info ][gc,phases     ] GC(103)   Post Evacuate Collection Set: 0.1ms
[2019-09-02T13:59:30.198+0800][168.085s][info ][gc,phases     ] GC(103)   Other: 0.6ms
[2019-09-02T13:59:30.198+0800][168.085s][info ][gc,heap       ] GC(103) Eden regions: 9->0(9)
[2019-09-02T13:59:30.198+0800][168.085s][info ][gc,heap       ] GC(103) Survivor regions: 1->1(2)
[2019-09-02T13:59:30.198+0800][168.085s][info ][gc,heap       ] GC(103) Old regions: 17->17
[2019-09-02T13:59:30.199+0800][168.085s][info ][gc,heap       ] GC(103) Humongous regions: 0->0
[2019-09-02T13:59:30.199+0800][168.085s][info ][gc,metaspace  ] GC(103) Metaspace: 38457K->38457K(1085440K)
[2019-09-02T13:59:30.199+0800][168.085s][debug][gc,heap       ] GC(103) Heap after GC invocations=104 (full 0): garbage-first heap   total 32768K, used 16810K [0x00000000fe000000, 0x0000000100000000)
[2019-09-02T13:59:30.199+0800][168.085s][debug][gc,heap       ] GC(103)   region size 1024K, 1 young (1024K), 1 survivors (1024K)
[2019-09-02T13:59:30.199+0800][168.085s][debug][gc,heap       ] GC(103)  Metaspace       used 38457K, capacity 38877K, committed 39884K, reserved 1085440K
[2019-09-02T13:59:30.199+0800][168.085s][debug][gc,heap       ] GC(103)   class space    used 4174K, capacity 4339K, committed 4556K, reserved 1048576K
[2019-09-02T13:59:30.199+0800][168.085s][info ][gc            ] GC(103) Pause Young (G1 Evacuation Pause) 25M->16M(32M) 2.319ms
[2019-09-02T13:59:30.200+0800][168.087s][info ][gc,cpu        ] GC(103) User=0.11s Sys=0.00s Real=0.00s
[2019-09-02T13:59:30.293+0800][168.179s][debug][gc,heap       ] GC(104) Heap before GC invocations=104 (full 0): garbage-first heap   total 32768K, used 26026K [0x00000000fe000000, 0x0000000100000000)
[2019-09-02T13:59:30.293+0800][168.179s][debug][gc,heap       ] GC(104)   region size 1024K, 10 young (10240K), 1 survivors (1024K)
[2019-09-02T13:59:30.293+0800][168.179s][debug][gc,heap       ] GC(104)  Metaspace       used 38457K, capacity 38877K, committed 39884K, reserved 1085440K
[2019-09-02T13:59:30.293+0800][168.179s][debug][gc,heap       ] GC(104)   class space    used 4174K, capacity 4339K, committed 4556K, reserved 1048576K
[2019-09-02T13:59:30.293+0800][168.179s][info ][gc,start      ] GC(104) Pause Initial Mark (G1 Evacuation Pause)
[2019-09-02T13:59:30.293+0800][168.179s][info ][gc,task       ] GC(104) Using 8 workers of 8 for evacuation
[2019-09-02T13:59:30.293+0800][168.179s][debug][gc,age        ] GC(104) Desired survivor size 1048576 bytes, new threshold 15 (max threshold 15)
[2019-09-02T13:59:30.294+0800][168.180s][trace][gc,age        ] GC(104) Age table with threshold 15 (max threshold 15)
[2019-09-02T13:59:30.294+0800][168.181s][trace][gc,age        ] GC(104) - age   1:      41528 bytes,      41528 total
[2019-09-02T13:59:30.294+0800][168.181s][trace][gc,age        ] GC(104) - age   2:      11016 bytes,      52544 total
[2019-09-02T13:59:30.294+0800][168.181s][trace][gc,age        ] GC(104) - age   3:      10184 bytes,      62728 total
[2019-09-02T13:59:30.294+0800][168.181s][trace][gc,age        ] GC(104) - age   4:      11304 bytes,      74032 total
[2019-09-02T13:59:30.294+0800][168.181s][trace][gc,age        ] GC(104) - age   5:      11736 bytes,      85768 total
[2019-09-02T13:59:30.294+0800][168.181s][trace][gc,age        ] GC(104) - age   6:      10040 bytes,      95808 total
[2019-09-02T13:59:30.294+0800][168.181s][trace][gc,age        ] GC(104) - age   7:      13808 bytes,     109616 total
[2019-09-02T13:59:30.294+0800][168.181s][trace][gc,age        ] GC(104) - age   8:      10976 bytes,     120592 total
[2019-09-02T13:59:30.294+0800][168.181s][trace][gc,age        ] GC(104) - age   9:      16400 bytes,     136992 total
[2019-09-02T13:59:30.294+0800][168.181s][trace][gc,age        ] GC(104) - age  10:      12184 bytes,     149176 total
[2019-09-02T13:59:30.294+0800][168.181s][trace][gc,age        ] GC(104) - age  11:      12552 bytes,     161728 total
[2019-09-02T13:59:30.294+0800][168.181s][trace][gc,age        ] GC(104) - age  12:      11912 bytes,     173640 total
[2019-09-02T13:59:30.294+0800][168.181s][trace][gc,age        ] GC(104) - age  13:      10592 bytes,     184232 total
[2019-09-02T13:59:30.294+0800][168.181s][trace][gc,age        ] GC(104) - age  14:      10728 bytes,     194960 total
[2019-09-02T13:59:30.294+0800][168.181s][trace][gc,age        ] GC(104) - age  15:       9880 bytes,     204840 total
[2019-09-02T13:59:30.294+0800][168.181s][info ][gc,phases     ] GC(104)   Pre Evacuate Collection Set: 0.0ms
[2019-09-02T13:59:30.294+0800][168.181s][info ][gc,phases     ] GC(104)   Evacuate Collection Set: 1.2ms
[2019-09-02T13:59:30.294+0800][168.181s][info ][gc,phases     ] GC(104)   Post Evacuate Collection Set: 0.1ms
[2019-09-02T13:59:30.294+0800][168.181s][info ][gc,phases     ] GC(104)   Other: 0.6ms
[2019-09-02T13:59:30.295+0800][168.181s][info ][gc,heap       ] GC(104) Eden regions: 9->0(9)
[2019-09-02T13:59:30.295+0800][168.181s][info ][gc,heap       ] GC(104) Survivor regions: 1->1(2)
[2019-09-02T13:59:30.295+0800][168.181s][info ][gc,heap       ] GC(104) Old regions: 17->17
[2019-09-02T13:59:30.295+0800][168.181s][info ][gc,heap       ] GC(104) Humongous regions: 0->0
[2019-09-02T13:59:30.295+0800][168.181s][info ][gc,metaspace  ] GC(104) Metaspace: 38457K->38457K(1085440K)
[2019-09-02T13:59:30.295+0800][168.181s][debug][gc,heap       ] GC(104) Heap after GC invocations=105 (full 0): garbage-first heap   total 32768K, used 16851K [0x00000000fe000000, 0x0000000100000000)
[2019-09-02T13:59:30.295+0800][168.181s][debug][gc,heap       ] GC(104)   region size 1024K, 1 young (1024K), 1 survivors (1024K)
[2019-09-02T13:59:30.295+0800][168.181s][debug][gc,heap       ] GC(104)  Metaspace       used 38457K, capacity 38877K, committed 39884K, reserved 1085440K
[2019-09-02T13:59:30.295+0800][168.181s][debug][gc,heap       ] GC(104)   class space    used 4174K, capacity 4339K, committed 4556K, reserved 1048576K
[2019-09-02T13:59:30.295+0800][168.181s][info ][gc            ] GC(104) Pause Initial Mark (G1 Evacuation Pause) 25M->16M(32M) 1.961ms
[2019-09-02T13:59:30.295+0800][168.181s][info ][gc,cpu        ] GC(104) User=0.00s Sys=0.00s Real=0.00s
[2019-09-02T13:59:30.295+0800][168.182s][info ][gc            ] GC(105) Concurrent Cycle
[2019-09-02T13:59:30.301+0800][168.188s][info ][gc,marking    ] GC(105) Concurrent Clear Claimed Marks
[2019-09-02T13:59:30.301+0800][168.188s][info ][gc,marking    ] GC(105) Concurrent Clear Claimed Marks 0.051ms
[2019-09-02T13:59:30.301+0800][168.188s][info ][gc,marking    ] GC(105) Concurrent Scan Root Regions
[2019-09-02T13:59:30.302+0800][168.188s][info ][gc,marking    ] GC(105) Concurrent Scan Root Regions 0.505ms
[2019-09-02T13:59:30.302+0800][168.188s][info ][gc,marking    ] GC(105) Concurrent Mark (168.188s)
[2019-09-02T13:59:30.302+0800][168.188s][info ][gc,marking    ] GC(105) Concurrent Mark From Roots
[2019-09-02T13:59:30.302+0800][168.188s][info ][gc,task       ] GC(105) Using 2 workers of 2 for marking
[2019-09-02T13:59:30.321+0800][168.208s][info ][gc,marking    ] GC(105) Concurrent Mark From Roots 19.118ms
[2019-09-02T13:59:30.321+0800][168.208s][info ][gc,marking    ] GC(105) Concurrent Mark (168.188s, 168.208s) 19.221ms
[2019-09-02T13:59:30.321+0800][168.208s][info ][gc,start      ] GC(105) Pause Remark
[2019-09-02T13:59:30.326+0800][168.212s][info ][gc,stringtable] GC(105) Cleaned string and symbol table, strings: 20054 processed, 0 removed, symbols: 106453 processed, 0 removed
[2019-09-02T13:59:30.326+0800][168.213s][info ][gc            ] GC(105) Pause Remark 17M->17M(32M) 4.738ms
[2019-09-02T13:59:30.327+0800][168.213s][info ][gc,cpu        ] GC(105) User=0.03s Sys=0.03s Real=0.01s
[2019-09-02T13:59:30.327+0800][168.213s][info ][gc,marking    ] GC(105) Concurrent Create Live Data
[2019-09-02T13:59:30.330+0800][168.217s][info ][gc,marking    ] GC(105) Concurrent Create Live Data 3.645ms
[2019-09-02T13:59:30.331+0800][168.217s][info ][gc,start      ] GC(105) Pause Cleanup
[2019-09-02T13:59:30.331+0800][168.217s][info ][gc            ] GC(105) Pause Cleanup 17M->17M(32M) 0.193ms
[2019-09-02T13:59:30.331+0800][168.217s][info ][gc,cpu        ] GC(105) User=0.00s Sys=0.00s Real=0.00s
[2019-09-02T13:59:30.331+0800][168.217s][info ][gc,marking    ] GC(105) Concurrent Cleanup for Next Mark
[2019-09-02T13:59:30.331+0800][168.218s][info ][gc,marking    ] GC(105) Concurrent Cleanup for Next Mark 0.105ms
[2019-09-02T13:59:30.331+0800][168.218s][info ][gc            ] GC(105) Concurrent Cycle 36.044ms
[2019-09-02T13:59:30.419+0800][168.306s][debug][gc,heap       ] GC(106) Heap before GC invocations=106 (full 0): garbage-first heap   total 32768K, used 26067K [0x00000000fe000000, 0x0000000100000000)
[2019-09-02T13:59:30.420+0800][168.306s][debug][gc,heap       ] GC(106)   region size 1024K, 10 young (10240K), 1 survivors (1024K)
[2019-09-02T13:59:30.420+0800][168.306s][debug][gc,heap       ] GC(106)  Metaspace       used 38457K, capacity 38877K, committed 39884K, reserved 1085440K
[2019-09-02T13:59:30.420+0800][168.306s][debug][gc,heap       ] GC(106)   class space    used 4174K, capacity 4339K, committed 4556K, reserved 1048576K
[2019-09-02T13:59:30.420+0800][168.306s][info ][gc,start      ] GC(106) Pause Young (G1 Evacuation Pause)
[2019-09-02T13:59:30.420+0800][168.306s][info ][gc,task       ] GC(106) Using 8 workers of 8 for evacuation
[2019-09-02T13:59:30.420+0800][168.306s][debug][gc,age        ] GC(106) Desired survivor size 1048576 bytes, new threshold 15 (max threshold 15)
[2019-09-02T13:59:30.421+0800][168.307s][trace][gc,age        ] GC(106) Age table with threshold 15 (max threshold 15)
[2019-09-02T13:59:30.421+0800][168.307s][trace][gc,age        ] GC(106) - age   1:      28032 bytes,      28032 total
[2019-09-02T13:59:30.421+0800][168.307s][trace][gc,age        ] GC(106) - age   2:      10048 bytes,      38080 total
[2019-09-02T13:59:30.421+0800][168.307s][trace][gc,age        ] GC(106) - age   3:      10024 bytes,      48104 total
[2019-09-02T13:59:30.421+0800][168.307s][trace][gc,age        ] GC(106) - age   4:      10152 bytes,      58256 total
[2019-09-02T13:59:30.421+0800][168.307s][trace][gc,age        ] GC(106) - age   5:      11304 bytes,      69560 total
[2019-09-02T13:59:30.421+0800][168.307s][trace][gc,age        ] GC(106) - age   6:      11736 bytes,      81296 total
[2019-09-02T13:59:30.421+0800][168.307s][trace][gc,age        ] GC(106) - age   7:      10040 bytes,      91336 total
[2019-09-02T13:59:30.421+0800][168.307s][trace][gc,age        ] GC(106) - age   8:      13808 bytes,     105144 total
[2019-09-02T13:59:30.421+0800][168.307s][trace][gc,age        ] GC(106) - age   9:      10976 bytes,     116120 total
[2019-09-02T13:59:30.421+0800][168.307s][trace][gc,age        ] GC(106) - age  10:      16400 bytes,     132520 total
[2019-09-02T13:59:30.421+0800][168.307s][trace][gc,age        ] GC(106) - age  11:      12184 bytes,     144704 total
[2019-09-02T13:59:30.421+0800][168.308s][trace][gc,age        ] GC(106) - age  12:      12552 bytes,     157256 total
[2019-09-02T13:59:30.421+0800][168.308s][trace][gc,age        ] GC(106) - age  13:      11912 bytes,     169168 total
[2019-09-02T13:59:30.421+0800][168.308s][trace][gc,age        ] GC(106) - age  14:      10592 bytes,     179760 total
[2019-09-02T13:59:30.421+0800][168.308s][trace][gc,age        ] GC(106) - age  15:      10728 bytes,     190488 total
[2019-09-02T13:59:30.421+0800][168.308s][info ][gc,phases     ] GC(106)   Pre Evacuate Collection Set: 0.0ms
[2019-09-02T13:59:30.421+0800][168.308s][info ][gc,phases     ] GC(106)   Evacuate Collection Set: 1.1ms
[2019-09-02T13:59:30.421+0800][168.308s][info ][gc,phases     ] GC(106)   Post Evacuate Collection Set: 0.1ms
[2019-09-02T13:59:30.421+0800][168.308s][info ][gc,phases     ] GC(106)   Other: 0.6ms
[2019-09-02T13:59:30.421+0800][168.308s][info ][gc,heap       ] GC(106) Eden regions: 9->0(9)
[2019-09-02T13:59:30.421+0800][168.308s][info ][gc,heap       ] GC(106) Survivor regions: 1->1(2)
[2019-09-02T13:59:30.421+0800][168.308s][info ][gc,heap       ] GC(106) Old regions: 17->17
[2019-09-02T13:59:30.421+0800][168.308s][info ][gc,heap       ] GC(106) Humongous regions: 0->0
[2019-09-02T13:59:30.421+0800][168.308s][info ][gc,metaspace  ] GC(106) Metaspace: 38457K->38457K(1085440K)
[2019-09-02T13:59:30.421+0800][168.308s][debug][gc,heap       ] GC(106) Heap after GC invocations=107 (full 0): garbage-first heap   total 32768K, used 16853K [0x00000000fe000000, 0x0000000100000000)
[2019-09-02T13:59:30.421+0800][168.308s][debug][gc,heap       ] GC(106)   region size 1024K, 1 young (1024K), 1 survivors (1024K)
[2019-09-02T13:59:30.421+0800][168.308s][debug][gc,heap       ] GC(106)  Metaspace       used 38457K, capacity 38877K, committed 39884K, reserved 1085440K
[2019-09-02T13:59:30.421+0800][168.308s][debug][gc,heap       ] GC(106)   class space    used 4174K, capacity 4339K, committed 4556K, reserved 1048576K
[2019-09-02T13:59:30.421+0800][168.308s][info ][gc            ] GC(106) Pause Young (G1 Evacuation Pause) 25M->16M(32M) 1.803ms
[2019-09-02T13:59:30.422+0800][168.308s][info ][gc,cpu        ] GC(106) User=0.00s Sys=0.00s Real=0.00s
[2019-09-02T13:59:30.526+0800][168.412s][debug][gc,heap       ] GC(107) Heap before GC invocations=107 (full 0): garbage-first heap   total 32768K, used 26069K [0x00000000fe000000, 0x0000000100000000)
[2019-09-02T13:59:30.526+0800][168.412s][debug][gc,heap       ] GC(107)   region size 1024K, 10 young (10240K), 1 survivors (1024K)
[2019-09-02T13:59:30.526+0800][168.412s][debug][gc,heap       ] GC(107)  Metaspace       used 38457K, capacity 38877K, committed 39884K, reserved 1085440K
[2019-09-02T13:59:30.526+0800][168.412s][debug][gc,heap       ] GC(107)   class space    used 4174K, capacity 4339K, committed 4556K, reserved 1048576K
[2019-09-02T13:59:30.526+0800][168.412s][info ][gc,start      ] GC(107) Pause Initial Mark (G1 Evacuation Pause)
[2019-09-02T13:59:30.526+0800][168.412s][info ][gc,task       ] GC(107) Using 8 workers of 8 for evacuation
[2019-09-02T13:59:30.526+0800][168.412s][debug][gc,age        ] GC(107) Desired survivor size 1048576 bytes, new threshold 15 (max threshold 15)
[2019-09-02T13:59:30.527+0800][168.414s][trace][gc,age        ] GC(107) Age table with threshold 15 (max threshold 15)
[2019-09-02T13:59:30.527+0800][168.414s][trace][gc,age        ] GC(107) - age   1:      48256 bytes,      48256 total
[2019-09-02T13:59:30.527+0800][168.414s][trace][gc,age        ] GC(107) - age   2:      11256 bytes,      59512 total
[2019-09-02T13:59:30.527+0800][168.414s][trace][gc,age        ] GC(107) - age   3:      10016 bytes,      69528 total
[2019-09-02T13:59:30.527+0800][168.414s][trace][gc,age        ] GC(107) - age   4:      10024 bytes,      79552 total
[2019-09-02T13:59:30.528+0800][168.414s][trace][gc,age        ] GC(107) - age   5:      10152 bytes,      89704 total
[2019-09-02T13:59:30.528+0800][168.414s][trace][gc,age        ] GC(107) - age   6:      11304 bytes,     101008 total
[2019-09-02T13:59:30.528+0800][168.414s][trace][gc,age        ] GC(107) - age   7:      11736 bytes,     112744 total
[2019-09-02T13:59:30.528+0800][168.414s][trace][gc,age        ] GC(107) - age   8:      10040 bytes,     122784 total
[2019-09-02T13:59:30.528+0800][168.414s][trace][gc,age        ] GC(107) - age   9:      13808 bytes,     136592 total
[2019-09-02T13:59:30.528+0800][168.414s][trace][gc,age        ] GC(107) - age  10:      10976 bytes,     147568 total
[2019-09-02T13:59:30.528+0800][168.414s][trace][gc,age        ] GC(107) - age  11:      16400 bytes,     163968 total
[2019-09-02T13:59:30.528+0800][168.414s][trace][gc,age        ] GC(107) - age  12:      12184 bytes,     176152 total
[2019-09-02T13:59:30.528+0800][168.414s][trace][gc,age        ] GC(107) - age  13:      12552 bytes,     188704 total
[2019-09-02T13:59:30.528+0800][168.414s][trace][gc,age        ] GC(107) - age  14:      11912 bytes,     200616 total
[2019-09-02T13:59:30.528+0800][168.414s][trace][gc,age        ] GC(107) - age  15:      10592 bytes,     211208 total
[2019-09-02T13:59:30.528+0800][168.414s][info ][gc,phases     ] GC(107)   Pre Evacuate Collection Set: 0.0ms
[2019-09-02T13:59:30.528+0800][168.414s][info ][gc,phases     ] GC(107)   Evacuate Collection Set: 1.1ms
[2019-09-02T13:59:30.528+0800][168.414s][info ][gc,phases     ] GC(107)   Post Evacuate Collection Set: 0.1ms
[2019-09-02T13:59:30.528+0800][168.414s][info ][gc,phases     ] GC(107)   Other: 0.6ms
[2019-09-02T13:59:30.528+0800][168.414s][info ][gc,heap       ] GC(107) Eden regions: 9->0(9)
[2019-09-02T13:59:30.528+0800][168.414s][info ][gc,heap       ] GC(107) Survivor regions: 1->1(2)
[2019-09-02T13:59:30.528+0800][168.414s][info ][gc,heap       ] GC(107) Old regions: 17->17
[2019-09-02T13:59:30.528+0800][168.414s][info ][gc,heap       ] GC(107) Humongous regions: 0->0
[2019-09-02T13:59:30.528+0800][168.414s][info ][gc,metaspace  ] GC(107) Metaspace: 38457K->38457K(1085440K)
[2019-09-02T13:59:30.528+0800][168.414s][debug][gc,heap       ] GC(107) Heap after GC invocations=108 (full 0): garbage-first heap   total 32768K, used 16900K [0x00000000fe000000, 0x0000000100000000)
[2019-09-02T13:59:30.528+0800][168.414s][debug][gc,heap       ] GC(107)   region size 1024K, 1 young (1024K), 1 survivors (1024K)
[2019-09-02T13:59:30.528+0800][168.414s][debug][gc,heap       ] GC(107)  Metaspace       used 38457K, capacity 38877K, committed 39884K, reserved 1085440K
[2019-09-02T13:59:30.528+0800][168.414s][debug][gc,heap       ] GC(107)   class space    used 4174K, capacity 4339K, committed 4556K, reserved 1048576K
[2019-09-02T13:59:30.528+0800][168.414s][info ][gc            ] GC(107) Pause Initial Mark (G1 Evacuation Pause) 25M->16M(32M) 1.917ms
[2019-09-02T13:59:30.528+0800][168.415s][info ][gc,cpu        ] GC(107) User=0.00s Sys=0.00s Real=0.00s
[2019-09-02T13:59:30.528+0800][168.415s][info ][gc            ] GC(108) Concurrent Cycle
[2019-09-02T13:59:30.530+0800][168.417s][info ][gc,marking    ] GC(108) Concurrent Clear Claimed Marks
[2019-09-02T13:59:30.531+0800][168.417s][info ][gc,marking    ] GC(108) Concurrent Clear Claimed Marks 0.063ms
[2019-09-02T13:59:30.531+0800][168.417s][info ][gc,marking    ] GC(108) Concurrent Scan Root Regions
[2019-09-02T13:59:30.531+0800][168.417s][info ][gc,marking    ] GC(108) Concurrent Scan Root Regions 0.487ms
[2019-09-02T13:59:30.531+0800][168.418s][info ][gc,marking    ] GC(108) Concurrent Mark (168.417s)
[2019-09-02T13:59:30.531+0800][168.418s][info ][gc,marking    ] GC(108) Concurrent Mark From Roots
[2019-09-02T13:59:30.531+0800][168.418s][info ][gc,task       ] GC(108) Using 2 workers of 2 for marking
[2019-09-02T13:59:30.549+0800][168.435s][info ][gc,marking    ] GC(108) Concurrent Mark From Roots 17.363ms
[2019-09-02T13:59:30.549+0800][168.435s][info ][gc,marking    ] GC(108) Concurrent Mark (168.417s, 168.435s) 17.458ms
[2019-09-02T13:59:30.549+0800][168.435s][info ][gc,start      ] GC(108) Pause Remark
[2019-09-02T13:59:30.553+0800][168.440s][info ][gc,stringtable] GC(108) Cleaned string and symbol table, strings: 20054 processed, 0 removed, symbols: 106453 processed, 0 removed
[2019-09-02T13:59:30.554+0800][168.440s][info ][gc            ] GC(108) Pause Remark 18M->18M(32M) 4.828ms
[2019-09-02T13:59:30.554+0800][168.440s][info ][gc,cpu        ] GC(108) User=0.00s Sys=0.00s Real=0.00s
[2019-09-02T13:59:30.554+0800][168.440s][info ][gc,marking    ] GC(108) Concurrent Create Live Data
[2019-09-02T13:59:30.557+0800][168.443s][info ][gc,marking    ] GC(108) Concurrent Create Live Data 2.892ms
[2019-09-02T13:59:30.557+0800][168.443s][info ][gc,start      ] GC(108) Pause Cleanup
[2019-09-02T13:59:30.557+0800][168.444s][info ][gc            ] GC(108) Pause Cleanup 18M->18M(32M) 0.248ms
[2019-09-02T13:59:30.558+0800][168.444s][info ][gc,cpu        ] GC(108) User=0.00s Sys=0.00s Real=0.00s
[2019-09-02T13:59:30.558+0800][168.444s][info ][gc,marking    ] GC(108) Concurrent Cleanup for Next Mark
[2019-09-02T13:59:30.558+0800][168.444s][info ][gc,marking    ] GC(108) Concurrent Cleanup for Next Mark 0.105ms
[2019-09-02T13:59:30.558+0800][168.444s][info ][gc            ] GC(108) Concurrent Cycle 29.358ms
[2019-09-02T13:59:30.645+0800][168.532s][debug][gc,heap       ] GC(109) Heap before GC invocations=109 (full 0): garbage-first heap   total 32768K, used 26116K [0x00000000fe000000, 0x0000000100000000)
[2019-09-02T13:59:30.645+0800][168.532s][debug][gc,heap       ] GC(109)   region size 1024K, 10 young (10240K), 1 survivors (1024K)
[2019-09-02T13:59:30.645+0800][168.532s][debug][gc,heap       ] GC(109)  Metaspace       used 38457K, capacity 38877K, committed 39884K, reserved 1085440K
[2019-09-02T13:59:30.645+0800][168.532s][debug][gc,heap       ] GC(109)   class space    used 4174K, capacity 4339K, committed 4556K, reserved 1048576K
[2019-09-02T13:59:30.645+0800][168.532s][info ][gc,start      ] GC(109) Pause Young (G1 Evacuation Pause)
[2019-09-02T13:59:30.645+0800][168.532s][info ][gc,task       ] GC(109) Using 8 workers of 8 for evacuation
[2019-09-02T13:59:30.645+0800][168.532s][debug][gc,age        ] GC(109) Desired survivor size 1048576 bytes, new threshold 15 (max threshold 15)
[2019-09-02T13:59:30.647+0800][168.533s][trace][gc,age        ] GC(109) Age table with threshold 15 (max threshold 15)
[2019-09-02T13:59:30.647+0800][168.533s][trace][gc,age        ] GC(109) - age   1:      83240 bytes,      83240 total
[2019-09-02T13:59:30.647+0800][168.533s][trace][gc,age        ] GC(109) - age   2:      11064 bytes,      94304 total
[2019-09-02T13:59:30.647+0800][168.533s][trace][gc,age        ] GC(109) - age   3:      11224 bytes,     105528 total
[2019-09-02T13:59:30.647+0800][168.533s][trace][gc,age        ] GC(109) - age   4:      10016 bytes,     115544 total
[2019-09-02T13:59:30.647+0800][168.533s][trace][gc,age        ] GC(109) - age   5:      10024 bytes,     125568 total
[2019-09-02T13:59:30.647+0800][168.533s][trace][gc,age        ] GC(109) - age   6:      10152 bytes,     135720 total
[2019-09-02T13:59:30.647+0800][168.533s][trace][gc,age        ] GC(109) - age   7:      11304 bytes,     147024 total
[2019-09-02T13:59:30.647+0800][168.533s][trace][gc,age        ] GC(109) - age   8:      11736 bytes,     158760 total
[2019-09-02T13:59:30.647+0800][168.533s][trace][gc,age        ] GC(109) - age   9:      10040 bytes,     168800 total
[2019-09-02T13:59:30.647+0800][168.533s][trace][gc,age        ] GC(109) - age  10:      13808 bytes,     182608 total
[2019-09-02T13:59:30.647+0800][168.533s][trace][gc,age        ] GC(109) - age  11:      10976 bytes,     193584 total
[2019-09-02T13:59:30.647+0800][168.533s][trace][gc,age        ] GC(109) - age  12:      16400 bytes,     209984 total
[2019-09-02T13:59:30.647+0800][168.533s][trace][gc,age        ] GC(109) - age  13:      12184 bytes,     222168 total
[2019-09-02T13:59:30.647+0800][168.533s][trace][gc,age        ] GC(109) - age  14:      12552 bytes,     234720 total
[2019-09-02T13:59:30.647+0800][168.533s][trace][gc,age        ] GC(109) - age  15:      11912 bytes,     246632 total
[2019-09-02T13:59:30.647+0800][168.533s][info ][gc,phases     ] GC(109)   Pre Evacuate Collection Set: 0.0ms
[2019-09-02T13:59:30.647+0800][168.533s][info ][gc,phases     ] GC(109)   Evacuate Collection Set: 1.0ms
[2019-09-02T13:59:30.647+0800][168.533s][info ][gc,phases     ] GC(109)   Post Evacuate Collection Set: 0.1ms
[2019-09-02T13:59:30.647+0800][168.533s][info ][gc,phases     ] GC(109)   Other: 0.5ms
[2019-09-02T13:59:30.647+0800][168.533s][info ][gc,heap       ] GC(109) Eden regions: 9->0(9)
[2019-09-02T13:59:30.647+0800][168.533s][info ][gc,heap       ] GC(109) Survivor regions: 1->1(2)
[2019-09-02T13:59:30.647+0800][168.533s][info ][gc,heap       ] GC(109) Old regions: 17->17
[2019-09-02T13:59:30.647+0800][168.533s][info ][gc,heap       ] GC(109) Humongous regions: 0->0
[2019-09-02T13:59:30.647+0800][168.533s][info ][gc,metaspace  ] GC(109) Metaspace: 38457K->38457K(1085440K)
[2019-09-02T13:59:30.647+0800][168.533s][debug][gc,heap       ] GC(109) Heap after GC invocations=110 (full 0): garbage-first heap   total 32768K, used 16955K [0x00000000fe000000, 0x0000000100000000)
[2019-09-02T13:59:30.647+0800][168.533s][debug][gc,heap       ] GC(109)   region size 1024K, 1 young (1024K), 1 survivors (1024K)
[2019-09-02T13:59:30.647+0800][168.533s][debug][gc,heap       ] GC(109)  Metaspace       used 38457K, capacity 38877K, committed 39884K, reserved 1085440K
[2019-09-02T13:59:30.647+0800][168.533s][debug][gc,heap       ] GC(109)   class space    used 4174K, capacity 4339K, committed 4556K, reserved 1048576K
[2019-09-02T13:59:30.647+0800][168.533s][info ][gc            ] GC(109) Pause Young (G1 Evacuation Pause) 25M->16M(32M) 1.738ms
[2019-09-02T13:59:30.647+0800][168.534s][info ][gc,cpu        ] GC(109) User=0.00s Sys=0.00s Real=0.00s
[2019-09-02T13:59:30.758+0800][168.644s][debug][gc,heap       ] GC(110) Heap before GC invocations=110 (full 0): garbage-first heap   total 32768K, used 26171K [0x00000000fe000000, 0x0000000100000000)
[2019-09-02T13:59:30.758+0800][168.644s][debug][gc,heap       ] GC(110)   region size 1024K, 10 young (10240K), 1 survivors (1024K)
[2019-09-02T13:59:30.758+0800][168.644s][debug][gc,heap       ] GC(110)  Metaspace       used 38457K, capacity 38877K, committed 39884K, reserved 1085440K
[2019-09-02T13:59:30.758+0800][168.644s][debug][gc,heap       ] GC(110)   class space    used 4174K, capacity 4339K, committed 4556K, reserved 1048576K
[2019-09-02T13:59:30.758+0800][168.644s][info ][gc,start      ] GC(110) Pause Initial Mark (G1 Evacuation Pause)
[2019-09-02T13:59:30.758+0800][168.644s][info ][gc,task       ] GC(110) Using 8 workers of 8 for evacuation
[2019-09-02T13:59:30.758+0800][168.644s][debug][gc,age        ] GC(110) Desired survivor size 1048576 bytes, new threshold 15 (max threshold 15)
[2019-09-02T13:59:30.760+0800][168.646s][trace][gc,age        ] GC(110) Age table with threshold 15 (max threshold 15)
[2019-09-02T13:59:30.760+0800][168.646s][trace][gc,age        ] GC(110) - age   1:      49656 bytes,      49656 total
[2019-09-02T13:59:30.760+0800][168.646s][trace][gc,age        ] GC(110) - age   2:      11216 bytes,      60872 total
[2019-09-02T13:59:30.760+0800][168.646s][trace][gc,age        ] GC(110) - age   3:      11016 bytes,      71888 total
[2019-09-02T13:59:30.760+0800][168.646s][trace][gc,age        ] GC(110) - age   4:      11224 bytes,      83112 total
[2019-09-02T13:59:30.760+0800][168.646s][trace][gc,age        ] GC(110) - age   5:      10016 bytes,      93128 total
[2019-09-02T13:59:30.760+0800][168.646s][trace][gc,age        ] GC(110) - age   6:      10024 bytes,     103152 total
[2019-09-02T13:59:30.760+0800][168.646s][trace][gc,age        ] GC(110) - age   7:      10152 bytes,     113304 total
[2019-09-02T13:59:30.760+0800][168.646s][trace][gc,age        ] GC(110) - age   8:      11304 bytes,     124608 total
[2019-09-02T13:59:30.760+0800][168.646s][trace][gc,age        ] GC(110) - age   9:      11736 bytes,     136344 total
[2019-09-02T13:59:30.760+0800][168.646s][trace][gc,age        ] GC(110) - age  10:      10040 bytes,     146384 total
[2019-09-02T13:59:30.760+0800][168.646s][trace][gc,age        ] GC(110) - age  11:      13808 bytes,     160192 total
[2019-09-02T13:59:30.760+0800][168.646s][trace][gc,age        ] GC(110) - age  12:      10976 bytes,     171168 total
[2019-09-02T13:59:30.760+0800][168.646s][trace][gc,age        ] GC(110) - age  13:      16184 bytes,     187352 total
[2019-09-02T13:59:30.760+0800][168.646s][trace][gc,age        ] GC(110) - age  14:      12184 bytes,     199536 total
[2019-09-02T13:59:30.760+0800][168.646s][trace][gc,age        ] GC(110) - age  15:      12552 bytes,     212088 total
[2019-09-02T13:59:30.760+0800][168.646s][info ][gc,phases     ] GC(110)   Pre Evacuate Collection Set: 0.0ms
[2019-09-02T13:59:30.760+0800][168.646s][info ][gc,phases     ] GC(110)   Evacuate Collection Set: 1.8ms
[2019-09-02T13:59:30.760+0800][168.646s][info ][gc,phases     ] GC(110)   Post Evacuate Collection Set: 0.1ms
[2019-09-02T13:59:30.760+0800][168.646s][info ][gc,phases     ] GC(110)   Other: 0.6ms
[2019-09-02T13:59:30.760+0800][168.646s][info ][gc,heap       ] GC(110) Eden regions: 9->0(9)
[2019-09-02T13:59:30.760+0800][168.646s][info ][gc,heap       ] GC(110) Survivor regions: 1->1(2)
[2019-09-02T13:59:30.760+0800][168.647s][info ][gc,heap       ] GC(110) Old regions: 17->17
[2019-09-02T13:59:30.760+0800][168.647s][info ][gc,heap       ] GC(110) Humongous regions: 0->0
[2019-09-02T13:59:30.760+0800][168.647s][info ][gc,metaspace  ] GC(110) Metaspace: 38457K->38457K(1085440K)
[2019-09-02T13:59:30.760+0800][168.647s][debug][gc,heap       ] GC(110) Heap after GC invocations=111 (full 0): garbage-first heap   total 32768K, used 16941K [0x00000000fe000000, 0x0000000100000000)
[2019-09-02T13:59:30.760+0800][168.647s][debug][gc,heap       ] GC(110)   region size 1024K, 1 young (1024K), 1 survivors (1024K)
[2019-09-02T13:59:30.760+0800][168.647s][debug][gc,heap       ] GC(110)  Metaspace       used 38457K, capacity 38877K, committed 39884K, reserved 1085440K
[2019-09-02T13:59:30.760+0800][168.647s][debug][gc,heap       ] GC(110)   class space    used 4174K, capacity 4339K, committed 4556K, reserved 1048576K
[2019-09-02T13:59:30.760+0800][168.647s][info ][gc            ] GC(110) Pause Initial Mark (G1 Evacuation Pause) 25M->16M(32M) 2.684ms
[2019-09-02T13:59:30.761+0800][168.647s][info ][gc,cpu        ] GC(110) User=0.08s Sys=0.00s Real=0.00s
[2019-09-02T13:59:30.761+0800][168.647s][info ][gc            ] GC(111) Concurrent Cycle
[2019-09-02T13:59:30.762+0800][168.648s][info ][gc,marking    ] GC(111) Concurrent Clear Claimed Marks
[2019-09-02T13:59:30.762+0800][168.648s][info ][gc,marking    ] GC(111) Concurrent Clear Claimed Marks 0.052ms
[2019-09-02T13:59:30.762+0800][168.648s][info ][gc,marking    ] GC(111) Concurrent Scan Root Regions
[2019-09-02T13:59:30.762+0800][168.649s][info ][gc,marking    ] GC(111) Concurrent Scan Root Regions 0.510ms
[2019-09-02T13:59:30.762+0800][168.649s][info ][gc,marking    ] GC(111) Concurrent Mark (168.649s)
[2019-09-02T13:59:30.762+0800][168.649s][info ][gc,marking    ] GC(111) Concurrent Mark From Roots
[2019-09-02T13:59:30.762+0800][168.649s][info ][gc,task       ] GC(111) Using 2 workers of 2 for marking
[2019-09-02T13:59:30.780+0800][168.666s][info ][gc,marking    ] GC(111) Concurrent Mark From Roots 17.458ms
[2019-09-02T13:59:30.780+0800][168.666s][info ][gc,marking    ] GC(111) Concurrent Mark (168.649s, 168.666s) 17.549ms
[2019-09-02T13:59:30.780+0800][168.667s][info ][gc,start      ] GC(111) Pause Remark
[2019-09-02T13:59:30.785+0800][168.672s][info ][gc,stringtable] GC(111) Cleaned string and symbol table, strings: 20054 processed, 0 removed, symbols: 106453 processed, 0 removed
[2019-09-02T13:59:30.785+0800][168.672s][info ][gc            ] GC(111) Pause Remark 17M->17M(32M) 5.058ms
[2019-09-02T13:59:30.786+0800][168.672s][info ][gc,cpu        ] GC(111) User=0.00s Sys=0.00s Real=0.01s
[2019-09-02T13:59:30.786+0800][168.672s][info ][gc,marking    ] GC(111) Concurrent Create Live Data
[2019-09-02T13:59:30.789+0800][168.675s][info ][gc,marking    ] GC(111) Concurrent Create Live Data 2.902ms
[2019-09-02T13:59:30.789+0800][168.675s][info ][gc,start      ] GC(111) Pause Cleanup
[2019-09-02T13:59:30.789+0800][168.675s][info ][gc            ] GC(111) Pause Cleanup 18M->18M(32M) 0.301ms
[2019-09-02T13:59:30.789+0800][168.676s][info ][gc,cpu        ] GC(111) User=0.00s Sys=0.00s Real=0.00s
[2019-09-02T13:59:30.790+0800][168.676s][info ][gc,marking    ] GC(111) Concurrent Cleanup for Next Mark
[2019-09-02T13:59:30.790+0800][168.676s][info ][gc,marking    ] GC(111) Concurrent Cleanup for Next Mark 0.127ms
[2019-09-02T13:59:30.790+0800][168.676s][info ][gc            ] GC(111) Concurrent Cycle 28.790ms
[2019-09-02T13:59:30.873+0800][168.760s][debug][gc,heap       ] GC(112) Heap before GC invocations=112 (full 0): garbage-first heap   total 32768K, used 26157K [0x00000000fe000000, 0x0000000100000000)
[2019-09-02T13:59:30.874+0800][168.760s][debug][gc,heap       ] GC(112)   region size 1024K, 10 young (10240K), 1 survivors (1024K)
[2019-09-02T13:59:30.874+0800][168.760s][debug][gc,heap       ] GC(112)  Metaspace       used 38457K, capacity 38877K, committed 39884K, reserved 1085440K
[2019-09-02T13:59:30.874+0800][168.760s][debug][gc,heap       ] GC(112)   class space    used 4174K, capacity 4339K, committed 4556K, reserved 1048576K
[2019-09-02T13:59:30.874+0800][168.760s][info ][gc,start      ] GC(112) Pause Young (G1 Evacuation Pause)
[2019-09-02T13:59:30.874+0800][168.760s][info ][gc,task       ] GC(112) Using 8 workers of 8 for evacuation
[2019-09-02T13:59:30.874+0800][168.760s][debug][gc,age        ] GC(112) Desired survivor size 1048576 bytes, new threshold 15 (max threshold 15)
[2019-09-02T13:59:30.875+0800][168.761s][trace][gc,age        ] GC(112) Age table with threshold 15 (max threshold 15)
[2019-09-02T13:59:30.875+0800][168.761s][trace][gc,age        ] GC(112) - age   1:      18888 bytes,      18888 total
[2019-09-02T13:59:30.875+0800][168.761s][trace][gc,age        ] GC(112) - age   2:      10032 bytes,      28920 total
[2019-09-02T13:59:30.875+0800][168.761s][trace][gc,age        ] GC(112) - age   3:      10216 bytes,      39136 total
[2019-09-02T13:59:30.875+0800][168.761s][trace][gc,age        ] GC(112) - age   4:      11016 bytes,      50152 total
[2019-09-02T13:59:30.875+0800][168.761s][trace][gc,age        ] GC(112) - age   5:      11224 bytes,      61376 total
[2019-09-02T13:59:30.875+0800][168.761s][trace][gc,age        ] GC(112) - age   6:      10016 bytes,      71392 total
[2019-09-02T13:59:30.875+0800][168.761s][trace][gc,age        ] GC(112) - age   7:      10024 bytes,      81416 total
[2019-09-02T13:59:30.875+0800][168.761s][trace][gc,age        ] GC(112) - age   8:      10152 bytes,      91568 total
[2019-09-02T13:59:30.875+0800][168.761s][trace][gc,age        ] GC(112) - age   9:      11232 bytes,     102800 total
[2019-09-02T13:59:30.875+0800][168.761s][trace][gc,age        ] GC(112) - age  10:      11736 bytes,     114536 total
[2019-09-02T13:59:30.875+0800][168.761s][trace][gc,age        ] GC(112) - age  11:      10040 bytes,     124576 total
[2019-09-02T13:59:30.875+0800][168.761s][trace][gc,age        ] GC(112) - age  12:      13808 bytes,     138384 total
[2019-09-02T13:59:30.875+0800][168.761s][trace][gc,age        ] GC(112) - age  13:      10976 bytes,     149360 total
[2019-09-02T13:59:30.875+0800][168.761s][trace][gc,age        ] GC(112) - age  14:      16184 bytes,     165544 total
[2019-09-02T13:59:30.875+0800][168.761s][trace][gc,age        ] GC(112) - age  15:      12184 bytes,     177728 total
[2019-09-02T13:59:30.875+0800][168.762s][info ][gc,phases     ] GC(112)   Pre Evacuate Collection Set: 0.0ms
[2019-09-02T13:59:30.875+0800][168.762s][info ][gc,phases     ] GC(112)   Evacuate Collection Set: 1.0ms
[2019-09-02T13:59:30.875+0800][168.762s][info ][gc,phases     ] GC(112)   Post Evacuate Collection Set: 0.1ms
[2019-09-02T13:59:30.875+0800][168.762s][info ][gc,phases     ] GC(112)   Other: 0.6ms
[2019-09-02T13:59:30.875+0800][168.762s][info ][gc,heap       ] GC(112) Eden regions: 9->0(9)
[2019-09-02T13:59:30.875+0800][168.762s][info ][gc,heap       ] GC(112) Survivor regions: 1->1(2)
[2019-09-02T13:59:30.875+0800][168.762s][info ][gc,heap       ] GC(112) Old regions: 17->17
[2019-09-02T13:59:30.875+0800][168.762s][info ][gc,heap       ] GC(112) Humongous regions: 0->0
[2019-09-02T13:59:30.875+0800][168.762s][info ][gc,metaspace  ] GC(112) Metaspace: 38457K->38457K(1085440K)
[2019-09-02T13:59:30.875+0800][168.762s][debug][gc,heap       ] GC(112) Heap after GC invocations=113 (full 0): garbage-first heap   total 32768K, used 16927K [0x00000000fe000000, 0x0000000100000000)
[2019-09-02T13:59:30.875+0800][168.762s][debug][gc,heap       ] GC(112)   region size 1024K, 1 young (1024K), 1 survivors (1024K)
[2019-09-02T13:59:30.875+0800][168.762s][debug][gc,heap       ] GC(112)  Metaspace       used 38457K, capacity 38877K, committed 39884K, reserved 1085440K
[2019-09-02T13:59:30.875+0800][168.762s][debug][gc,heap       ] GC(112)   class space    used 4174K, capacity 4339K, committed 4556K, reserved 1048576K
[2019-09-02T13:59:30.875+0800][168.762s][info ][gc            ] GC(112) Pause Young (G1 Evacuation Pause) 25M->16M(32M) 1.721ms
[2019-09-02T13:59:30.876+0800][168.762s][info ][gc,cpu        ] GC(112) User=0.00s Sys=0.00s Real=0.00s
[2019-09-02T13:59:30.934+0800][168.821s][debug][gc,heap       ] GC(113) Heap before GC invocations=113 (full 0): garbage-first heap   total 32768K, used 26143K [0x00000000fe000000, 0x0000000100000000)
[2019-09-02T13:59:30.934+0800][168.821s][debug][gc,heap       ] GC(113)   region size 1024K, 10 young (10240K), 1 survivors (1024K)
[2019-09-02T13:59:30.935+0800][168.821s][debug][gc,heap       ] GC(113)  Metaspace       used 38457K, capacity 38877K, committed 39884K, reserved 1085440K
[2019-09-02T13:59:30.935+0800][168.821s][debug][gc,heap       ] GC(113)   class space    used 4174K, capacity 4339K, committed 4556K, reserved 1048576K
[2019-09-02T13:59:30.935+0800][168.821s][info ][gc,start      ] GC(113) Pause Initial Mark (G1 Evacuation Pause)
[2019-09-02T13:59:30.935+0800][168.821s][info ][gc,task       ] GC(113) Using 8 workers of 8 for evacuation
[2019-09-02T13:59:30.935+0800][168.821s][debug][gc,age        ] GC(113) Desired survivor size 1048576 bytes, new threshold 15 (max threshold 15)
[2019-09-02T13:59:30.936+0800][168.822s][trace][gc,age        ] GC(113) Age table with threshold 15 (max threshold 15)
[2019-09-02T13:59:30.936+0800][168.822s][trace][gc,age        ] GC(113) - age   1:      25824 bytes,      25824 total
[2019-09-02T13:59:30.936+0800][168.822s][trace][gc,age        ] GC(113) - age   2:      11976 bytes,      37800 total
[2019-09-02T13:59:30.936+0800][168.822s][trace][gc,age        ] GC(113) - age   3:      10032 bytes,      47832 total
[2019-09-02T13:59:30.936+0800][168.822s][trace][gc,age        ] GC(113) - age   4:      10216 bytes,      58048 total
[2019-09-02T13:59:30.936+0800][168.822s][trace][gc,age        ] GC(113) - age   5:      11016 bytes,      69064 total
[2019-09-02T13:59:30.936+0800][168.822s][trace][gc,age        ] GC(113) - age   6:      11224 bytes,      80288 total
[2019-09-02T13:59:30.936+0800][168.822s][trace][gc,age        ] GC(113) - age   7:      10016 bytes,      90304 total
[2019-09-02T13:59:30.936+0800][168.822s][trace][gc,age        ] GC(113) - age   8:      10024 bytes,     100328 total
[2019-09-02T13:59:30.936+0800][168.822s][trace][gc,age        ] GC(113) - age   9:      10152 bytes,     110480 total
[2019-09-02T13:59:30.936+0800][168.822s][trace][gc,age        ] GC(113) - age  10:      11232 bytes,     121712 total
[2019-09-02T13:59:30.936+0800][168.822s][trace][gc,age        ] GC(113) - age  11:      11736 bytes,     133448 total
[2019-09-02T13:59:30.936+0800][168.822s][trace][gc,age        ] GC(113) - age  12:      10040 bytes,     143488 total
[2019-09-02T13:59:30.936+0800][168.822s][trace][gc,age        ] GC(113) - age  13:      13808 bytes,     157296 total
[2019-09-02T13:59:30.936+0800][168.822s][trace][gc,age        ] GC(113) - age  14:      10976 bytes,     168272 total
[2019-09-02T13:59:30.936+0800][168.822s][trace][gc,age        ] GC(113) - age  15:      16184 bytes,     184456 total
[2019-09-02T13:59:30.936+0800][168.823s][info ][gc,phases     ] GC(113)   Pre Evacuate Collection Set: 0.0ms
[2019-09-02T13:59:30.936+0800][168.823s][info ][gc,phases     ] GC(113)   Evacuate Collection Set: 1.0ms
[2019-09-02T13:59:30.936+0800][168.823s][info ][gc,phases     ] GC(113)   Post Evacuate Collection Set: 0.1ms
[2019-09-02T13:59:30.936+0800][168.823s][info ][gc,phases     ] GC(113)   Other: 0.6ms
[2019-09-02T13:59:30.936+0800][168.823s][info ][gc,heap       ] GC(113) Eden regions: 9->0(9)
[2019-09-02T13:59:30.936+0800][168.823s][info ][gc,heap       ] GC(113) Survivor regions: 1->1(2)
[2019-09-02T13:59:30.936+0800][168.823s][info ][gc,heap       ] GC(113) Old regions: 17->17
[2019-09-02T13:59:30.936+0800][168.823s][info ][gc,heap       ] GC(113) Humongous regions: 0->0
[2019-09-02T13:59:30.936+0800][168.823s][info ][gc,metaspace  ] GC(113) Metaspace: 38457K->38457K(1085440K)
[2019-09-02T13:59:30.936+0800][168.823s][debug][gc,heap       ] GC(113) Heap after GC invocations=114 (full 0): garbage-first heap   total 32768K, used 16945K [0x00000000fe000000, 0x0000000100000000)
[2019-09-02T13:59:30.936+0800][168.823s][debug][gc,heap       ] GC(113)   region size 1024K, 1 young (1024K), 1 survivors (1024K)
[2019-09-02T13:59:30.936+0800][168.823s][debug][gc,heap       ] GC(113)  Metaspace       used 38457K, capacity 38877K, committed 39884K, reserved 1085440K
[2019-09-02T13:59:30.936+0800][168.823s][debug][gc,heap       ] GC(113)   class space    used 4174K, capacity 4339K, committed 4556K, reserved 1048576K
[2019-09-02T13:59:30.936+0800][168.823s][info ][gc            ] GC(113) Pause Initial Mark (G1 Evacuation Pause) 25M->16M(32M) 1.852ms
[2019-09-02T13:59:30.937+0800][168.823s][info ][gc,cpu        ] GC(113) User=0.00s Sys=0.00s Real=0.00s
[2019-09-02T13:59:30.937+0800][168.823s][info ][gc            ] GC(114) Concurrent Cycle
[2019-09-02T13:59:30.938+0800][168.824s][info ][gc,marking    ] GC(114) Concurrent Clear Claimed Marks
[2019-09-02T13:59:30.938+0800][168.824s][info ][gc,marking    ] GC(114) Concurrent Clear Claimed Marks 0.054ms
[2019-09-02T13:59:30.938+0800][168.824s][info ][gc,marking    ] GC(114) Concurrent Scan Root Regions
[2019-09-02T13:59:30.939+0800][168.825s][info ][gc,marking    ] GC(114) Concurrent Scan Root Regions 0.533ms
[2019-09-02T13:59:30.939+0800][168.825s][info ][gc,marking    ] GC(114) Concurrent Mark (168.825s)
[2019-09-02T13:59:30.939+0800][168.825s][info ][gc,marking    ] GC(114) Concurrent Mark From Roots
[2019-09-02T13:59:30.939+0800][168.825s][info ][gc,task       ] GC(114) Using 2 workers of 2 for marking
[2019-09-02T13:59:30.957+0800][168.844s][info ][gc,marking    ] GC(114) Concurrent Mark From Roots 18.515ms
[2019-09-02T13:59:30.957+0800][168.844s][info ][gc,marking    ] GC(114) Concurrent Mark (168.825s, 168.844s) 18.626ms
[2019-09-02T13:59:30.958+0800][168.844s][info ][gc,start      ] GC(114) Pause Remark
[2019-09-02T13:59:30.962+0800][168.849s][info ][gc,stringtable] GC(114) Cleaned string and symbol table, strings: 20054 processed, 0 removed, symbols: 106453 processed, 0 removed
[2019-09-02T13:59:30.962+0800][168.849s][info ][gc            ] GC(114) Pause Remark 19M->19M(32M) 4.838ms
[2019-09-02T13:59:30.963+0800][168.849s][info ][gc,cpu        ] GC(114) User=0.00s Sys=0.00s Real=0.01s
[2019-09-02T13:59:30.963+0800][168.849s][info ][gc,marking    ] GC(114) Concurrent Create Live Data
[2019-09-02T13:59:30.966+0800][168.852s][info ][gc,marking    ] GC(114) Concurrent Create Live Data 3.138ms
[2019-09-02T13:59:30.966+0800][168.853s][info ][gc,start      ] GC(114) Pause Cleanup
[2019-09-02T13:59:30.967+0800][168.853s][info ][gc            ] GC(114) Pause Cleanup 19M->19M(32M) 0.288ms
[2019-09-02T13:59:30.967+0800][168.853s][info ][gc,cpu        ] GC(114) User=0.00s Sys=0.00s Real=0.00s
[2019-09-02T13:59:30.967+0800][168.853s][info ][gc,marking    ] GC(114) Concurrent Cleanup for Next Mark
[2019-09-02T13:59:30.967+0800][168.853s][info ][gc,marking    ] GC(114) Concurrent Cleanup for Next Mark 0.112ms
[2019-09-02T13:59:30.967+0800][168.853s][info ][gc            ] GC(114) Concurrent Cycle 30.229ms
[2019-09-02T13:59:31.009+0800][168.896s][debug][gc,heap       ] GC(115) Heap before GC invocations=115 (full 0): garbage-first heap   total 32768K, used 26161K [0x00000000fe000000, 0x0000000100000000)
[2019-09-02T13:59:31.009+0800][168.896s][debug][gc,heap       ] GC(115)   region size 1024K, 10 young (10240K), 1 survivors (1024K)
[2019-09-02T13:59:31.009+0800][168.896s][debug][gc,heap       ] GC(115)  Metaspace       used 38457K, capacity 38877K, committed 39884K, reserved 1085440K
[2019-09-02T13:59:31.009+0800][168.896s][debug][gc,heap       ] GC(115)   class space    used 4174K, capacity 4339K, committed 4556K, reserved 1048576K
[2019-09-02T13:59:31.009+0800][168.896s][info ][gc,start      ] GC(115) Pause Young (G1 Evacuation Pause)
[2019-09-02T13:59:31.009+0800][168.896s][info ][gc,task       ] GC(115) Using 8 workers of 8 for evacuation
[2019-09-02T13:59:31.009+0800][168.896s][debug][gc,age        ] GC(115) Desired survivor size 1048576 bytes, new threshold 15 (max threshold 15)
[2019-09-02T13:59:31.011+0800][168.897s][trace][gc,age        ] GC(115) Age table with threshold 15 (max threshold 15)
[2019-09-02T13:59:31.011+0800][168.897s][trace][gc,age        ] GC(115) - age   1:      22624 bytes,      22624 total
[2019-09-02T13:59:31.011+0800][168.897s][trace][gc,age        ] GC(115) - age   2:      10000 bytes,      32624 total
[2019-09-02T13:59:31.011+0800][168.897s][trace][gc,age        ] GC(115) - age   3:      10040 bytes,      42664 total
[2019-09-02T13:59:31.011+0800][168.897s][trace][gc,age        ] GC(115) - age   4:      10032 bytes,      52696 total
[2019-09-02T13:59:31.011+0800][168.897s][trace][gc,age        ] GC(115) - age   5:      10216 bytes,      62912 total
[2019-09-02T13:59:31.011+0800][168.897s][trace][gc,age        ] GC(115) - age   6:      11016 bytes,      73928 total
[2019-09-02T13:59:31.011+0800][168.897s][trace][gc,age        ] GC(115) - age   7:      11224 bytes,      85152 total
[2019-09-02T13:59:31.011+0800][168.897s][trace][gc,age        ] GC(115) - age   8:      10016 bytes,      95168 total
[2019-09-02T13:59:31.011+0800][168.897s][trace][gc,age        ] GC(115) - age   9:      10024 bytes,     105192 total
[2019-09-02T13:59:31.011+0800][168.897s][trace][gc,age        ] GC(115) - age  10:      10152 bytes,     115344 total
[2019-09-02T13:59:31.011+0800][168.897s][trace][gc,age        ] GC(115) - age  11:      11232 bytes,     126576 total
[2019-09-02T13:59:31.011+0800][168.897s][trace][gc,age        ] GC(115) - age  12:      11736 bytes,     138312 total
[2019-09-02T13:59:31.011+0800][168.897s][trace][gc,age        ] GC(115) - age  13:      10040 bytes,     148352 total
[2019-09-02T13:59:31.011+0800][168.897s][trace][gc,age        ] GC(115) - age  14:      13808 bytes,     162160 total
[2019-09-02T13:59:31.011+0800][168.897s][trace][gc,age        ] GC(115) - age  15:      10976 bytes,     173136 total
[2019-09-02T13:59:31.011+0800][168.897s][info ][gc,phases     ] GC(115)   Pre Evacuate Collection Set: 0.0ms
[2019-09-02T13:59:31.011+0800][168.897s][info ][gc,phases     ] GC(115)   Evacuate Collection Set: 1.1ms
[2019-09-02T13:59:31.011+0800][168.897s][info ][gc,phases     ] GC(115)   Post Evacuate Collection Set: 0.1ms
[2019-09-02T13:59:31.011+0800][168.897s][info ][gc,phases     ] GC(115)   Other: 0.6ms
[2019-09-02T13:59:31.011+0800][168.897s][info ][gc,heap       ] GC(115) Eden regions: 9->0(9)
[2019-09-02T13:59:31.011+0800][168.897s][info ][gc,heap       ] GC(115) Survivor regions: 1->1(2)
[2019-09-02T13:59:31.011+0800][168.897s][info ][gc,heap       ] GC(115) Old regions: 17->17
[2019-09-02T13:59:31.011+0800][168.897s][info ][gc,heap       ] GC(115) Humongous regions: 0->0
[2019-09-02T13:59:31.011+0800][168.897s][info ][gc,metaspace  ] GC(115) Metaspace: 38457K->38457K(1085440K)
[2019-09-02T13:59:31.011+0800][168.897s][debug][gc,heap       ] GC(115) Heap after GC invocations=116 (full 0): garbage-first heap   total 32768K, used 16965K [0x00000000fe000000, 0x0000000100000000)
[2019-09-02T13:59:31.011+0800][168.897s][debug][gc,heap       ] GC(115)   region size 1024K, 1 young (1024K), 1 survivors (1024K)
[2019-09-02T13:59:31.011+0800][168.897s][debug][gc,heap       ] GC(115)  Metaspace       used 38457K, capacity 38877K, committed 39884K, reserved 1085440K
[2019-09-02T13:59:31.011+0800][168.898s][debug][gc,heap       ] GC(115)   class space    used 4174K, capacity 4339K, committed 4556K, reserved 1048576K
[2019-09-02T13:59:31.011+0800][168.898s][info ][gc            ] GC(115) Pause Young (G1 Evacuation Pause) 25M->16M(32M) 1.828ms
[2019-09-02T13:59:31.012+0800][168.898s][info ][gc,cpu        ] GC(115) User=0.11s Sys=0.00s Real=0.00s
[2019-09-02T13:59:31.081+0800][168.968s][debug][gc,heap       ] GC(116) Heap before GC invocations=116 (full 0): garbage-first heap   total 32768K, used 26181K [0x00000000fe000000, 0x0000000100000000)
[2019-09-02T13:59:31.082+0800][168.968s][debug][gc,heap       ] GC(116)   region size 1024K, 10 young (10240K), 1 survivors (1024K)
[2019-09-02T13:59:31.082+0800][168.968s][debug][gc,heap       ] GC(116)  Metaspace       used 38457K, capacity 38877K, committed 39884K, reserved 1085440K
[2019-09-02T13:59:31.082+0800][168.968s][debug][gc,heap       ] GC(116)   class space    used 4174K, capacity 4339K, committed 4556K, reserved 1048576K
[2019-09-02T13:59:31.082+0800][168.968s][info ][gc,start      ] GC(116) Pause Young (G1 Evacuation Pause)
[2019-09-02T13:59:31.082+0800][168.968s][info ][gc,task       ] GC(116) Using 8 workers of 8 for evacuation
[2019-09-02T13:59:31.082+0800][168.968s][debug][gc,age        ] GC(116) Desired survivor size 1048576 bytes, new threshold 15 (max threshold 15)
[2019-09-02T13:59:31.083+0800][168.969s][trace][gc,age        ] GC(116) Age table with threshold 15 (max threshold 15)
[2019-09-02T13:59:31.083+0800][168.969s][trace][gc,age        ] GC(116) - age   1:      67744 bytes,      67744 total
[2019-09-02T13:59:31.083+0800][168.969s][trace][gc,age        ] GC(116) - age   2:      10968 bytes,      78712 total
[2019-09-02T13:59:31.083+0800][168.969s][trace][gc,age        ] GC(116) - age   3:      10000 bytes,      88712 total
[2019-09-02T13:59:31.083+0800][168.969s][trace][gc,age        ] GC(116) - age   4:       9992 bytes,      98704 total
[2019-09-02T13:59:31.083+0800][168.969s][trace][gc,age        ] GC(116) - age   5:      10032 bytes,     108736 total
[2019-09-02T13:59:31.083+0800][168.969s][trace][gc,age        ] GC(116) - age   6:      10000 bytes,     118736 total
[2019-09-02T13:59:31.083+0800][168.969s][trace][gc,age        ] GC(116) - age   7:      11016 bytes,     129752 total
[2019-09-02T13:59:31.083+0800][168.969s][trace][gc,age        ] GC(116) - age   8:      11224 bytes,     140976 total
[2019-09-02T13:59:31.083+0800][168.969s][trace][gc,age        ] GC(116) - age   9:      10016 bytes,     150992 total
[2019-09-02T13:59:31.083+0800][168.969s][trace][gc,age        ] GC(116) - age  10:      10024 bytes,     161016 total
[2019-09-02T13:59:31.083+0800][168.970s][trace][gc,age        ] GC(116) - age  11:      10152 bytes,     171168 total
[2019-09-02T13:59:31.083+0800][168.970s][trace][gc,age        ] GC(116) - age  12:      11232 bytes,     182400 total
[2019-09-02T13:59:31.083+0800][168.970s][trace][gc,age        ] GC(116) - age  13:      11736 bytes,     194136 total
[2019-09-02T13:59:31.083+0800][168.970s][trace][gc,age        ] GC(116) - age  14:      10040 bytes,     204176 total
[2019-09-02T13:59:31.083+0800][168.970s][trace][gc,age        ] GC(116) - age  15:      13808 bytes,     217984 total
[2019-09-02T13:59:31.083+0800][168.970s][info ][gc,phases     ] GC(116)   Pre Evacuate Collection Set: 0.0ms
[2019-09-02T13:59:31.083+0800][168.970s][info ][gc,phases     ] GC(116)   Evacuate Collection Set: 1.1ms
[2019-09-02T13:59:31.083+0800][168.970s][info ][gc,phases     ] GC(116)   Post Evacuate Collection Set: 0.1ms
[2019-09-02T13:59:31.083+0800][168.970s][info ][gc,phases     ] GC(116)   Other: 0.6ms
[2019-09-02T13:59:31.083+0800][168.970s][info ][gc,heap       ] GC(116) Eden regions: 9->0(9)
[2019-09-02T13:59:31.083+0800][168.970s][info ][gc,heap       ] GC(116) Survivor regions: 1->1(2)
[2019-09-02T13:59:31.083+0800][168.970s][info ][gc,heap       ] GC(116) Old regions: 17->17
[2019-09-02T13:59:31.083+0800][168.970s][info ][gc,heap       ] GC(116) Humongous regions: 0->0
[2019-09-02T13:59:31.083+0800][168.970s][info ][gc,metaspace  ] GC(116) Metaspace: 38457K->38457K(1085440K)
[2019-09-02T13:59:31.083+0800][168.970s][debug][gc,heap       ] GC(116) Heap after GC invocations=117 (full 0): garbage-first heap   total 32768K, used 17023K [0x00000000fe000000, 0x0000000100000000)
[2019-09-02T13:59:31.083+0800][168.970s][debug][gc,heap       ] GC(116)   region size 1024K, 1 young (1024K), 1 survivors (1024K)
[2019-09-02T13:59:31.083+0800][168.970s][debug][gc,heap       ] GC(116)  Metaspace       used 38457K, capacity 38877K, committed 39884K, reserved 1085440K
[2019-09-02T13:59:31.083+0800][168.970s][debug][gc,heap       ] GC(116)   class space    used 4174K, capacity 4339K, committed 4556K, reserved 1048576K
[2019-09-02T13:59:31.084+0800][168.970s][info ][gc            ] GC(116) Pause Young (G1 Evacuation Pause) 25M->16M(32M) 1.887ms
[2019-09-02T13:59:31.084+0800][168.970s][info ][gc,cpu        ] GC(116) User=0.00s Sys=0.00s Real=0.00s
[2019-09-02T13:59:31.156+0800][169.042s][debug][gc,heap       ] GC(117) Heap before GC invocations=117 (full 0): garbage-first heap   total 32768K, used 26239K [0x00000000fe000000, 0x0000000100000000)
[2019-09-02T13:59:31.156+0800][169.042s][debug][gc,heap       ] GC(117)   region size 1024K, 10 young (10240K), 1 survivors (1024K)
[2019-09-02T13:59:31.156+0800][169.042s][debug][gc,heap       ] GC(117)  Metaspace       used 38457K, capacity 38877K, committed 39884K, reserved 1085440K
[2019-09-02T13:59:31.156+0800][169.042s][debug][gc,heap       ] GC(117)   class space    used 4174K, capacity 4339K, committed 4556K, reserved 1048576K
[2019-09-02T13:59:31.156+0800][169.042s][info ][gc,start      ] GC(117) Pause Young (G1 Evacuation Pause)
[2019-09-02T13:59:31.156+0800][169.042s][info ][gc,task       ] GC(117) Using 8 workers of 8 for evacuation
[2019-09-02T13:59:31.156+0800][169.042s][debug][gc,age        ] GC(117) Desired survivor size 1048576 bytes, new threshold 15 (max threshold 15)
[2019-09-02T13:59:31.157+0800][169.044s][trace][gc,age        ] GC(117) Age table with threshold 15 (max threshold 15)
[2019-09-02T13:59:31.157+0800][169.044s][trace][gc,age        ] GC(117) - age   1:      20704 bytes,      20704 total
[2019-09-02T13:59:31.157+0800][169.044s][trace][gc,age        ] GC(117) - age   2:      10256 bytes,      30960 total
[2019-09-02T13:59:31.157+0800][169.044s][trace][gc,age        ] GC(117) - age   3:      10968 bytes,      41928 total
[2019-09-02T13:59:31.157+0800][169.044s][trace][gc,age        ] GC(117) - age   4:      10000 bytes,      51928 total
[2019-09-02T13:59:31.157+0800][169.044s][trace][gc,age        ] GC(117) - age   5:       9992 bytes,      61920 total
[2019-09-02T13:59:31.157+0800][169.044s][trace][gc,age        ] GC(117) - age   6:      10032 bytes,      71952 total
[2019-09-02T13:59:31.157+0800][169.044s][trace][gc,age        ] GC(117) - age   7:      10000 bytes,      81952 total
[2019-09-02T13:59:31.157+0800][169.044s][trace][gc,age        ] GC(117) - age   8:      11016 bytes,      92968 total
[2019-09-02T13:59:31.157+0800][169.044s][trace][gc,age        ] GC(117) - age   9:      11224 bytes,     104192 total
[2019-09-02T13:59:31.157+0800][169.044s][trace][gc,age        ] GC(117) - age  10:      10016 bytes,     114208 total
[2019-09-02T13:59:31.157+0800][169.044s][trace][gc,age        ] GC(117) - age  11:      10024 bytes,     124232 total
[2019-09-02T13:59:31.157+0800][169.044s][trace][gc,age        ] GC(117) - age  12:      10152 bytes,     134384 total
[2019-09-02T13:59:31.158+0800][169.044s][trace][gc,age        ] GC(117) - age  13:      11232 bytes,     145616 total
[2019-09-02T13:59:31.158+0800][169.044s][trace][gc,age        ] GC(117) - age  14:      11736 bytes,     157352 total
[2019-09-02T13:59:31.158+0800][169.044s][trace][gc,age        ] GC(117) - age  15:      10040 bytes,     167392 total
[2019-09-02T13:59:31.158+0800][169.044s][info ][gc,phases     ] GC(117)   Pre Evacuate Collection Set: 0.0ms
[2019-09-02T13:59:31.158+0800][169.044s][info ][gc,phases     ] GC(117)   Evacuate Collection Set: 1.0ms
[2019-09-02T13:59:31.158+0800][169.044s][info ][gc,phases     ] GC(117)   Post Evacuate Collection Set: 0.2ms
[2019-09-02T13:59:31.158+0800][169.044s][info ][gc,phases     ] GC(117)   Other: 0.7ms
[2019-09-02T13:59:31.158+0800][169.044s][info ][gc,heap       ] GC(117) Eden regions: 9->0(9)
[2019-09-02T13:59:31.158+0800][169.044s][info ][gc,heap       ] GC(117) Survivor regions: 1->1(2)
[2019-09-02T13:59:31.158+0800][169.044s][info ][gc,heap       ] GC(117) Old regions: 17->17
[2019-09-02T13:59:31.158+0800][169.044s][info ][gc,heap       ] GC(117) Humongous regions: 0->0
[2019-09-02T13:59:31.158+0800][169.044s][info ][gc,metaspace  ] GC(117) Metaspace: 38457K->38457K(1085440K)
[2019-09-02T13:59:31.158+0800][169.044s][debug][gc,heap       ] GC(117) Heap after GC invocations=118 (full 0): garbage-first heap   total 32768K, used 17003K [0x00000000fe000000, 0x0000000100000000)
[2019-09-02T13:59:31.158+0800][169.044s][debug][gc,heap       ] GC(117)   region size 1024K, 1 young (1024K), 1 survivors (1024K)
[2019-09-02T13:59:31.158+0800][169.044s][debug][gc,heap       ] GC(117)  Metaspace       used 38457K, capacity 38877K, committed 39884K, reserved 1085440K
[2019-09-02T13:59:31.158+0800][169.044s][debug][gc,heap       ] GC(117)   class space    used 4174K, capacity 4339K, committed 4556K, reserved 1048576K
[2019-09-02T13:59:31.158+0800][169.044s][info ][gc            ] GC(117) Pause Young (G1 Evacuation Pause) 25M->16M(32M) 1.863ms
[2019-09-02T13:59:31.158+0800][169.045s][info ][gc,cpu        ] GC(117) User=0.00s Sys=0.00s Real=0.00s
[2019-09-02T13:59:31.260+0800][169.147s][debug][gc,heap       ] GC(118) Heap before GC invocations=118 (full 0): garbage-first heap   total 32768K, used 26219K [0x00000000fe000000, 0x0000000100000000)
[2019-09-02T13:59:31.260+0800][169.147s][debug][gc,heap       ] GC(118)   region size 1024K, 10 young (10240K), 1 survivors (1024K)
[2019-09-02T13:59:31.260+0800][169.147s][debug][gc,heap       ] GC(118)  Metaspace       used 38457K, capacity 38877K, committed 39884K, reserved 1085440K
[2019-09-02T13:59:31.260+0800][169.147s][debug][gc,heap       ] GC(118)   class space    used 4174K, capacity 4339K, committed 4556K, reserved 1048576K
[2019-09-02T13:59:31.260+0800][169.147s][info ][gc,start      ] GC(118) Pause Young (G1 Evacuation Pause)
[2019-09-02T13:59:31.260+0800][169.147s][info ][gc,task       ] GC(118) Using 8 workers of 8 for evacuation
[2019-09-02T13:59:31.260+0800][169.147s][debug][gc,age        ] GC(118) Desired survivor size 1048576 bytes, new threshold 15 (max threshold 15)
[2019-09-02T13:59:31.262+0800][169.148s][trace][gc,age        ] GC(118) Age table with threshold 15 (max threshold 15)
[2019-09-02T13:59:31.262+0800][169.148s][trace][gc,age        ] GC(118) - age   1:      60344 bytes,      60344 total
[2019-09-02T13:59:31.262+0800][169.148s][trace][gc,age        ] GC(118) - age   2:       9944 bytes,      70288 total
[2019-09-02T13:59:31.262+0800][169.148s][trace][gc,age        ] GC(118) - age   3:      10256 bytes,      80544 total
[2019-09-02T13:59:31.262+0800][169.148s][trace][gc,age        ] GC(118) - age   4:      10000 bytes,      90544 total
[2019-09-02T13:59:31.262+0800][169.148s][trace][gc,age        ] GC(118) - age   5:      10000 bytes,     100544 total
[2019-09-02T13:59:31.262+0800][169.148s][trace][gc,age        ] GC(118) - age   6:       9992 bytes,     110536 total
[2019-09-02T13:59:31.262+0800][169.148s][trace][gc,age        ] GC(118) - age   7:      10000 bytes,     120536 total
[2019-09-02T13:59:31.262+0800][169.148s][trace][gc,age        ] GC(118) - age   8:      10000 bytes,     130536 total
[2019-09-02T13:59:31.262+0800][169.148s][trace][gc,age        ] GC(118) - age   9:      10048 bytes,     140584 total
[2019-09-02T13:59:31.262+0800][169.148s][trace][gc,age        ] GC(118) - age  10:      11224 bytes,     151808 total
[2019-09-02T13:59:31.262+0800][169.148s][trace][gc,age        ] GC(118) - age  11:      10016 bytes,     161824 total
[2019-09-02T13:59:31.262+0800][169.148s][trace][gc,age        ] GC(118) - age  12:      10024 bytes,     171848 total
[2019-09-02T13:59:31.262+0800][169.148s][trace][gc,age        ] GC(118) - age  13:      10152 bytes,     182000 total
[2019-09-02T13:59:31.262+0800][169.148s][trace][gc,age        ] GC(118) - age  14:      11232 bytes,     193232 total
[2019-09-02T13:59:31.262+0800][169.148s][trace][gc,age        ] GC(118) - age  15:      11736 bytes,     204968 total
[2019-09-02T13:59:31.262+0800][169.148s][info ][gc,phases     ] GC(118)   Pre Evacuate Collection Set: 0.0ms
[2019-09-02T13:59:31.262+0800][169.148s][info ][gc,phases     ] GC(118)   Evacuate Collection Set: 1.1ms
[2019-09-02T13:59:31.262+0800][169.148s][info ][gc,phases     ] GC(118)   Post Evacuate Collection Set: 0.1ms
[2019-09-02T13:59:31.262+0800][169.148s][info ][gc,phases     ] GC(118)   Other: 0.5ms
[2019-09-02T13:59:31.262+0800][169.148s][info ][gc,heap       ] GC(118) Eden regions: 9->0(9)
[2019-09-02T13:59:31.262+0800][169.148s][info ][gc,heap       ] GC(118) Survivor regions: 1->1(2)
[2019-09-02T13:59:31.262+0800][169.148s][info ][gc,heap       ] GC(118) Old regions: 17->17
[2019-09-02T13:59:31.262+0800][169.148s][info ][gc,heap       ] GC(118) Humongous regions: 0->0
[2019-09-02T13:59:31.262+0800][169.148s][info ][gc,metaspace  ] GC(118) Metaspace: 38457K->38457K(1085440K)
[2019-09-02T13:59:31.262+0800][169.148s][debug][gc,heap       ] GC(118) Heap after GC invocations=119 (full 0): garbage-first heap   total 32768K, used 17043K [0x00000000fe000000, 0x0000000100000000)
[2019-09-02T13:59:31.262+0800][169.149s][debug][gc,heap       ] GC(118)   region size 1024K, 1 young (1024K), 1 survivors (1024K)
[2019-09-02T13:59:31.262+0800][169.149s][debug][gc,heap       ] GC(118)  Metaspace       used 38457K, capacity 38877K, committed 39884K, reserved 1085440K
[2019-09-02T13:59:31.262+0800][169.149s][debug][gc,heap       ] GC(118)   class space    used 4174K, capacity 4339K, committed 4556K, reserved 1048576K
[2019-09-02T13:59:31.262+0800][169.149s][info ][gc            ] GC(118) Pause Young (G1 Evacuation Pause) 25M->16M(32M) 1.805ms
[2019-09-02T13:59:31.263+0800][169.149s][info ][gc,cpu        ] GC(118) User=0.00s Sys=0.00s Real=0.00s
[2019-09-02T13:59:31.355+0800][169.241s][debug][gc,heap       ] GC(119) Heap before GC invocations=119 (full 0): garbage-first heap   total 32768K, used 26259K [0x00000000fe000000, 0x0000000100000000)
[2019-09-02T13:59:31.355+0800][169.241s][debug][gc,heap       ] GC(119)   region size 1024K, 10 young (10240K), 1 survivors (1024K)
[2019-09-02T13:59:31.355+0800][169.241s][debug][gc,heap       ] GC(119)  Metaspace       used 38457K, capacity 38877K, committed 39884K, reserved 1085440K
[2019-09-02T13:59:31.355+0800][169.241s][debug][gc,heap       ] GC(119)   class space    used 4174K, capacity 4339K, committed 4556K, reserved 1048576K
[2019-09-02T13:59:31.355+0800][169.241s][info ][gc,start      ] GC(119) Pause Young (G1 Evacuation Pause)
[2019-09-02T13:59:31.355+0800][169.241s][info ][gc,task       ] GC(119) Using 8 workers of 8 for evacuation
[2019-09-02T13:59:31.355+0800][169.241s][debug][gc,age        ] GC(119) Desired survivor size 1048576 bytes, new threshold 15 (max threshold 15)
[2019-09-02T13:59:31.357+0800][169.242s][trace][gc,age        ] GC(119) Age table with threshold 15 (max threshold 15)
[2019-09-02T13:59:31.357+0800][169.242s][trace][gc,age        ] GC(119) - age   1:      39696 bytes,      39696 total
[2019-09-02T13:59:31.357+0800][169.242s][trace][gc,age        ] GC(119) - age   2:      10136 bytes,      49832 total
[2019-09-02T13:59:31.357+0800][169.242s][trace][gc,age        ] GC(119) - age   3:       9920 bytes,      59752 total
[2019-09-02T13:59:31.357+0800][169.243s][trace][gc,age        ] GC(119) - age   4:      10256 bytes,      70008 total
[2019-09-02T13:59:31.357+0800][169.243s][trace][gc,age        ] GC(119) - age   5:      10000 bytes,      80008 total
[2019-09-02T13:59:31.357+0800][169.243s][trace][gc,age        ] GC(119) - age   6:      10000 bytes,      90008 total
[2019-09-02T13:59:31.357+0800][169.243s][trace][gc,age        ] GC(119) - age   7:       9992 bytes,     100000 total
[2019-09-02T13:59:31.357+0800][169.243s][trace][gc,age        ] GC(119) - age   8:      10000 bytes,     110000 total
[2019-09-02T13:59:31.357+0800][169.243s][trace][gc,age        ] GC(119) - age   9:      10000 bytes,     120000 total
[2019-09-02T13:59:31.357+0800][169.243s][trace][gc,age        ] GC(119) - age  10:      10048 bytes,     130048 total
[2019-09-02T13:59:31.357+0800][169.243s][trace][gc,age        ] GC(119) - age  11:      11224 bytes,     141272 total
[2019-09-02T13:59:31.357+0800][169.243s][trace][gc,age        ] GC(119) - age  12:      10016 bytes,     151288 total
[2019-09-02T13:59:31.357+0800][169.243s][trace][gc,age        ] GC(119) - age  13:      10024 bytes,     161312 total
[2019-09-02T13:59:31.357+0800][169.243s][trace][gc,age        ] GC(119) - age  14:      10152 bytes,     171464 total
[2019-09-02T13:59:31.357+0800][169.243s][trace][gc,age        ] GC(119) - age  15:      11232 bytes,     182696 total
[2019-09-02T13:59:31.357+0800][169.243s][info ][gc,phases     ] GC(119)   Pre Evacuate Collection Set: 0.0ms
[2019-09-02T13:59:31.357+0800][169.243s][info ][gc,phases     ] GC(119)   Evacuate Collection Set: 1.0ms
[2019-09-02T13:59:31.357+0800][169.243s][info ][gc,phases     ] GC(119)   Post Evacuate Collection Set: 0.3ms
[2019-09-02T13:59:31.357+0800][169.243s][info ][gc,phases     ] GC(119)   Other: 0.5ms
[2019-09-02T13:59:31.357+0800][169.243s][info ][gc,heap       ] GC(119) Eden regions: 9->0(9)
[2019-09-02T13:59:31.357+0800][169.243s][info ][gc,heap       ] GC(119) Survivor regions: 1->1(2)
[2019-09-02T13:59:31.357+0800][169.243s][info ][gc,heap       ] GC(119) Old regions: 17->17
[2019-09-02T13:59:31.357+0800][169.243s][info ][gc,heap       ] GC(119) Humongous regions: 0->0
[2019-09-02T13:59:31.357+0800][169.243s][info ][gc,metaspace  ] GC(119) Metaspace: 38457K->38457K(1085440K)
[2019-09-02T13:59:31.357+0800][169.243s][debug][gc,heap       ] GC(119) Heap after GC invocations=120 (full 0): garbage-first heap   total 32768K, used 17048K [0x00000000fe000000, 0x0000000100000000)
[2019-09-02T13:59:31.357+0800][169.243s][debug][gc,heap       ] GC(119)   region size 1024K, 1 young (1024K), 1 survivors (1024K)
[2019-09-02T13:59:31.357+0800][169.243s][debug][gc,heap       ] GC(119)  Metaspace       used 38457K, capacity 38877K, committed 39884K, reserved 1085440K
[2019-09-02T13:59:31.357+0800][169.243s][debug][gc,heap       ] GC(119)   class space    used 4174K, capacity 4339K, committed 4556K, reserved 1048576K
[2019-09-02T13:59:31.357+0800][169.243s][info ][gc            ] GC(119) Pause Young (G1 Evacuation Pause) 25M->16M(32M) 1.988ms
[2019-09-02T13:59:31.358+0800][169.243s][info ][gc,cpu        ] GC(119) User=0.00s Sys=0.00s Real=0.00s
[2019-09-02T13:59:31.469+0800][169.355s][debug][gc,heap       ] GC(120) Heap before GC invocations=120 (full 0): garbage-first heap   total 32768K, used 26264K [0x00000000fe000000, 0x0000000100000000)
[2019-09-02T13:59:31.469+0800][169.355s][debug][gc,heap       ] GC(120)   region size 1024K, 10 young (10240K), 1 survivors (1024K)
[2019-09-02T13:59:31.469+0800][169.355s][debug][gc,heap       ] GC(120)  Metaspace       used 38457K, capacity 38877K, committed 39884K, reserved 1085440K
[2019-09-02T13:59:31.469+0800][169.355s][debug][gc,heap       ] GC(120)   class space    used 4174K, capacity 4339K, committed 4556K, reserved 1048576K
[2019-09-02T13:59:31.469+0800][169.355s][info ][gc,start      ] GC(120) Pause Young (G1 Evacuation Pause)
[2019-09-02T13:59:31.469+0800][169.355s][info ][gc,task       ] GC(120) Using 8 workers of 8 for evacuation
[2019-09-02T13:59:31.469+0800][169.355s][debug][gc,age        ] GC(120) Desired survivor size 1048576 bytes, new threshold 15 (max threshold 15)
[2019-09-02T13:59:31.470+0800][169.356s][trace][gc,age        ] GC(120) Age table with threshold 15 (max threshold 15)
[2019-09-02T13:59:31.470+0800][169.356s][trace][gc,age        ] GC(120) - age   1:      31528 bytes,      31528 total
[2019-09-02T13:59:31.470+0800][169.356s][trace][gc,age        ] GC(120) - age   2:      10944 bytes,      42472 total
[2019-09-02T13:59:31.471+0800][169.356s][trace][gc,age        ] GC(120) - age   3:      10112 bytes,      52584 total
[2019-09-02T13:59:31.471+0800][169.356s][trace][gc,age        ] GC(120) - age   4:       9920 bytes,      62504 total
[2019-09-02T13:59:31.471+0800][169.356s][trace][gc,age        ] GC(120) - age   5:      10256 bytes,      72760 total
[2019-09-02T13:59:31.471+0800][169.356s][trace][gc,age        ] GC(120) - age   6:      10000 bytes,      82760 total
[2019-09-02T13:59:31.471+0800][169.356s][trace][gc,age        ] GC(120) - age   7:      10000 bytes,      92760 total
[2019-09-02T13:59:31.471+0800][169.357s][trace][gc,age        ] GC(120) - age   8:       9992 bytes,     102752 total
[2019-09-02T13:59:31.471+0800][169.357s][trace][gc,age        ] GC(120) - age   9:      10000 bytes,     112752 total
[2019-09-02T13:59:31.471+0800][169.357s][trace][gc,age        ] GC(120) - age  10:      10000 bytes,     122752 total
[2019-09-02T13:59:31.471+0800][169.357s][trace][gc,age        ] GC(120) - age  11:      10048 bytes,     132800 total
[2019-09-02T13:59:31.471+0800][169.357s][trace][gc,age        ] GC(120) - age  12:      11224 bytes,     144024 total
[2019-09-02T13:59:31.471+0800][169.357s][trace][gc,age        ] GC(120) - age  13:      10016 bytes,     154040 total
[2019-09-02T13:59:31.471+0800][169.357s][trace][gc,age        ] GC(120) - age  14:      10024 bytes,     164064 total
[2019-09-02T13:59:31.471+0800][169.357s][trace][gc,age        ] GC(120) - age  15:      10152 bytes,     174216 total
[2019-09-02T13:59:31.471+0800][169.357s][info ][gc,phases     ] GC(120)   Pre Evacuate Collection Set: 0.0ms
[2019-09-02T13:59:31.471+0800][169.357s][info ][gc,phases     ] GC(120)   Evacuate Collection Set: 1.1ms
[2019-09-02T13:59:31.471+0800][169.357s][info ][gc,phases     ] GC(120)   Post Evacuate Collection Set: 0.1ms
[2019-09-02T13:59:31.471+0800][169.357s][info ][gc,phases     ] GC(120)   Other: 0.5ms
[2019-09-02T13:59:31.471+0800][169.357s][info ][gc,heap       ] GC(120) Eden regions: 9->0(9)
[2019-09-02T13:59:31.471+0800][169.357s][info ][gc,heap       ] GC(120) Survivor regions: 1->1(2)
[2019-09-02T13:59:31.471+0800][169.357s][info ][gc,heap       ] GC(120) Old regions: 17->17
[2019-09-02T13:59:31.471+0800][169.357s][info ][gc,heap       ] GC(120) Humongous regions: 0->0
[2019-09-02T13:59:31.471+0800][169.357s][info ][gc,metaspace  ] GC(120) Metaspace: 38457K->38457K(1085440K)
[2019-09-02T13:59:31.471+0800][169.357s][debug][gc,heap       ] GC(120) Heap after GC invocations=121 (full 0): garbage-first heap   total 32768K, used 17060K [0x00000000fe000000, 0x0000000100000000)
[2019-09-02T13:59:31.471+0800][169.357s][debug][gc,heap       ] GC(120)   region size 1024K, 1 young (1024K), 1 survivors (1024K)
[2019-09-02T13:59:31.471+0800][169.357s][debug][gc,heap       ] GC(120)  Metaspace       used 38457K, capacity 38877K, committed 39884K, reserved 1085440K
[2019-09-02T13:59:31.471+0800][169.357s][debug][gc,heap       ] GC(120)   class space    used 4174K, capacity 4339K, committed 4556K, reserved 1048576K
[2019-09-02T13:59:31.471+0800][169.357s][info ][gc            ] GC(120) Pause Young (G1 Evacuation Pause) 25M->16M(32M) 1.813ms
[2019-09-02T13:59:31.471+0800][169.357s][info ][gc,cpu        ] GC(120) User=0.00s Sys=0.00s Real=0.00s
[2019-09-02T13:59:31.584+0800][169.470s][debug][gc,heap       ] GC(121) Heap before GC invocations=121 (full 0): garbage-first heap   total 32768K, used 26276K [0x00000000fe000000, 0x0000000100000000)
[2019-09-02T13:59:31.584+0800][169.470s][debug][gc,heap       ] GC(121)   region size 1024K, 10 young (10240K), 1 survivors (1024K)
[2019-09-02T13:59:31.584+0800][169.470s][debug][gc,heap       ] GC(121)  Metaspace       used 38457K, capacity 38877K, committed 39884K, reserved 1085440K
[2019-09-02T13:59:31.584+0800][169.470s][debug][gc,heap       ] GC(121)   class space    used 4174K, capacity 4339K, committed 4556K, reserved 1048576K
[2019-09-02T13:59:31.584+0800][169.470s][info ][gc,start      ] GC(121) Pause Young (G1 Evacuation Pause)
[2019-09-02T13:59:31.584+0800][169.470s][info ][gc,task       ] GC(121) Using 8 workers of 8 for evacuation
[2019-09-02T13:59:31.584+0800][169.471s][debug][gc,age        ] GC(121) Desired survivor size 1048576 bytes, new threshold 15 (max threshold 15)
[2019-09-02T13:59:31.585+0800][169.472s][trace][gc,age        ] GC(121) Age table with threshold 15 (max threshold 15)
[2019-09-02T13:59:31.585+0800][169.472s][trace][gc,age        ] GC(121) - age   1:      42216 bytes,      42216 total
[2019-09-02T13:59:31.585+0800][169.472s][trace][gc,age        ] GC(121) - age   2:      10968 bytes,      53184 total
[2019-09-02T13:59:31.585+0800][169.472s][trace][gc,age        ] GC(121) - age   3:      10888 bytes,      64072 total
[2019-09-02T13:59:31.585+0800][169.472s][trace][gc,age        ] GC(121) - age   4:      10112 bytes,      74184 total
[2019-09-02T13:59:31.585+0800][169.472s][trace][gc,age        ] GC(121) - age   5:       9920 bytes,      84104 total
[2019-09-02T13:59:31.585+0800][169.472s][trace][gc,age        ] GC(121) - age   6:      10256 bytes,      94360 total
[2019-09-02T13:59:31.585+0800][169.472s][trace][gc,age        ] GC(121) - age   7:      10000 bytes,     104360 total
[2019-09-02T13:59:31.585+0800][169.472s][trace][gc,age        ] GC(121) - age   8:      10000 bytes,     114360 total
[2019-09-02T13:59:31.585+0800][169.472s][trace][gc,age        ] GC(121) - age   9:       9992 bytes,     124352 total
[2019-09-02T13:59:31.585+0800][169.472s][trace][gc,age        ] GC(121) - age  10:      10000 bytes,     134352 total
[2019-09-02T13:59:31.585+0800][169.472s][trace][gc,age        ] GC(121) - age  11:      10000 bytes,     144352 total
[2019-09-02T13:59:31.585+0800][169.472s][trace][gc,age        ] GC(121) - age  12:      10048 bytes,     154400 total
[2019-09-02T13:59:31.585+0800][169.472s][trace][gc,age        ] GC(121) - age  13:      11224 bytes,     165624 total
[2019-09-02T13:59:31.586+0800][169.472s][trace][gc,age        ] GC(121) - age  14:      10016 bytes,     175640 total
[2019-09-02T13:59:31.586+0800][169.472s][trace][gc,age        ] GC(121) - age  15:      10024 bytes,     185664 total
[2019-09-02T13:59:31.586+0800][169.472s][info ][gc,phases     ] GC(121)   Pre Evacuate Collection Set: 0.0ms
[2019-09-02T13:59:31.586+0800][169.472s][info ][gc,phases     ] GC(121)   Evacuate Collection Set: 1.0ms
[2019-09-02T13:59:31.586+0800][169.472s][info ][gc,phases     ] GC(121)   Post Evacuate Collection Set: 0.1ms
[2019-09-02T13:59:31.586+0800][169.472s][info ][gc,phases     ] GC(121)   Other: 0.7ms
[2019-09-02T13:59:31.586+0800][169.472s][info ][gc,heap       ] GC(121) Eden regions: 9->0(9)
[2019-09-02T13:59:31.586+0800][169.472s][info ][gc,heap       ] GC(121) Survivor regions: 1->1(2)
[2019-09-02T13:59:31.586+0800][169.472s][info ][gc,heap       ] GC(121) Old regions: 17->17
[2019-09-02T13:59:31.586+0800][169.472s][info ][gc,heap       ] GC(121) Humongous regions: 0->0
[2019-09-02T13:59:31.586+0800][169.472s][info ][gc,metaspace  ] GC(121) Metaspace: 38457K->38457K(1085440K)
[2019-09-02T13:59:31.586+0800][169.472s][debug][gc,heap       ] GC(121) Heap after GC invocations=122 (full 0): garbage-first heap   total 32768K, used 17090K [0x00000000fe000000, 0x0000000100000000)
[2019-09-02T13:59:31.586+0800][169.472s][debug][gc,heap       ] GC(121)   region size 1024K, 1 young (1024K), 1 survivors (1024K)
[2019-09-02T13:59:31.586+0800][169.472s][debug][gc,heap       ] GC(121)  Metaspace       used 38457K, capacity 38877K, committed 39884K, reserved 1085440K
[2019-09-02T13:59:31.586+0800][169.472s][debug][gc,heap       ] GC(121)   class space    used 4174K, capacity 4339K, committed 4556K, reserved 1048576K
[2019-09-02T13:59:31.586+0800][169.472s][info ][gc            ] GC(121) Pause Young (G1 Evacuation Pause) 25M->16M(32M) 1.803ms
[2019-09-02T13:59:31.586+0800][169.473s][info ][gc,cpu        ] GC(121) User=0.00s Sys=0.00s Real=0.00s
[2019-09-02T13:59:31.713+0800][169.599s][debug][gc,heap       ] GC(122) Heap before GC invocations=122 (full 0): garbage-first heap   total 32768K, used 26306K [0x00000000fe000000, 0x0000000100000000)
[2019-09-02T13:59:31.713+0800][169.599s][debug][gc,heap       ] GC(122)   region size 1024K, 10 young (10240K), 1 survivors (1024K)
[2019-09-02T13:59:31.713+0800][169.599s][debug][gc,heap       ] GC(122)  Metaspace       used 38460K, capacity 38877K, committed 39884K, reserved 1085440K
[2019-09-02T13:59:31.713+0800][169.599s][debug][gc,heap       ] GC(122)   class space    used 4174K, capacity 4339K, committed 4556K, reserved 1048576K
[2019-09-02T13:59:31.713+0800][169.599s][info ][gc,start      ] GC(122) Pause Young (G1 Evacuation Pause)
[2019-09-02T13:59:31.713+0800][169.599s][info ][gc,task       ] GC(122) Using 8 workers of 8 for evacuation
[2019-09-02T13:59:31.713+0800][169.599s][debug][gc,age        ] GC(122) Desired survivor size 1048576 bytes, new threshold 15 (max threshold 15)
[2019-09-02T13:59:31.715+0800][169.600s][trace][gc,age        ] GC(122) Age table with threshold 15 (max threshold 15)
[2019-09-02T13:59:31.715+0800][169.601s][trace][gc,age        ] GC(122) - age   1:      21736 bytes,      21736 total
[2019-09-02T13:59:31.715+0800][169.601s][trace][gc,age        ] GC(122) - age   2:       9960 bytes,      31696 total
[2019-09-02T13:59:31.715+0800][169.601s][trace][gc,age        ] GC(122) - age   3:      10000 bytes,      41696 total
[2019-09-02T13:59:31.715+0800][169.601s][trace][gc,age        ] GC(122) - age   4:      10888 bytes,      52584 total
[2019-09-02T13:59:31.715+0800][169.601s][trace][gc,age        ] GC(122) - age   5:      10112 bytes,      62696 total
[2019-09-02T13:59:31.715+0800][169.601s][trace][gc,age        ] GC(122) - age   6:       9920 bytes,      72616 total
[2019-09-02T13:59:31.715+0800][169.601s][trace][gc,age        ] GC(122) - age   7:      10256 bytes,      82872 total
[2019-09-02T13:59:31.715+0800][169.601s][trace][gc,age        ] GC(122) - age   8:      10000 bytes,      92872 total
[2019-09-02T13:59:31.715+0800][169.601s][trace][gc,age        ] GC(122) - age   9:      10000 bytes,     102872 total
[2019-09-02T13:59:31.715+0800][169.601s][trace][gc,age        ] GC(122) - age  10:       9992 bytes,     112864 total
[2019-09-02T13:59:31.715+0800][169.601s][trace][gc,age        ] GC(122) - age  11:      10000 bytes,     122864 total
[2019-09-02T13:59:31.715+0800][169.601s][trace][gc,age        ] GC(122) - age  12:      10000 bytes,     132864 total
[2019-09-02T13:59:31.715+0800][169.601s][trace][gc,age        ] GC(122) - age  13:      10048 bytes,     142912 total
[2019-09-02T13:59:31.715+0800][169.601s][trace][gc,age        ] GC(122) - age  14:      11224 bytes,     154136 total
[2019-09-02T13:59:31.715+0800][169.601s][trace][gc,age        ] GC(122) - age  15:      10016 bytes,     164152 total
[2019-09-02T13:59:31.715+0800][169.601s][info ][gc,phases     ] GC(122)   Pre Evacuate Collection Set: 0.0ms
[2019-09-02T13:59:31.715+0800][169.601s][info ][gc,phases     ] GC(122)   Evacuate Collection Set: 0.8ms
[2019-09-02T13:59:31.715+0800][169.601s][info ][gc,phases     ] GC(122)   Post Evacuate Collection Set: 0.2ms
[2019-09-02T13:59:31.715+0800][169.601s][info ][gc,phases     ] GC(122)   Other: 0.6ms
[2019-09-02T13:59:31.715+0800][169.601s][info ][gc,heap       ] GC(122) Eden regions: 9->0(9)
[2019-09-02T13:59:31.715+0800][169.601s][info ][gc,heap       ] GC(122) Survivor regions: 1->1(2)
[2019-09-02T13:59:31.715+0800][169.601s][info ][gc,heap       ] GC(122) Old regions: 17->17
[2019-09-02T13:59:31.715+0800][169.601s][info ][gc,heap       ] GC(122) Humongous regions: 0->0
[2019-09-02T13:59:31.715+0800][169.601s][info ][gc,metaspace  ] GC(122) Metaspace: 38460K->38460K(1085440K)
[2019-09-02T13:59:31.715+0800][169.601s][debug][gc,heap       ] GC(122) Heap after GC invocations=123 (full 0): garbage-first heap   total 32768K, used 17079K [0x00000000fe000000, 0x0000000100000000)
[2019-09-02T13:59:31.715+0800][169.601s][debug][gc,heap       ] GC(122)   region size 1024K, 1 young (1024K), 1 survivors (1024K)
[2019-09-02T13:59:31.715+0800][169.601s][debug][gc,heap       ] GC(122)  Metaspace       used 38460K, capacity 38877K, committed 39884K, reserved 1085440K
[2019-09-02T13:59:31.715+0800][169.601s][debug][gc,heap       ] GC(122)   class space    used 4174K, capacity 4339K, committed 4556K, reserved 1048576K
[2019-09-02T13:59:31.715+0800][169.601s][info ][gc            ] GC(122) Pause Young (G1 Evacuation Pause) 25M->16M(32M) 1.731ms
[2019-09-02T13:59:31.716+0800][169.602s][info ][gc,cpu        ] GC(122) User=0.02s Sys=0.00s Real=0.00s
[2019-09-02T13:59:31.850+0800][169.736s][debug][gc,heap       ] GC(123) Heap before GC invocations=123 (full 0): garbage-first heap   total 32768K, used 26295K [0x00000000fe000000, 0x0000000100000000)
[2019-09-02T13:59:31.850+0800][169.736s][debug][gc,heap       ] GC(123)   region size 1024K, 10 young (10240K), 1 survivors (1024K)
[2019-09-02T13:59:31.850+0800][169.736s][debug][gc,heap       ] GC(123)  Metaspace       used 38460K, capacity 38877K, committed 39884K, reserved 1085440K
[2019-09-02T13:59:31.850+0800][169.736s][debug][gc,heap       ] GC(123)   class space    used 4174K, capacity 4339K, committed 4556K, reserved 1048576K
[2019-09-02T13:59:31.850+0800][169.736s][info ][gc,start      ] GC(123) Pause Young (G1 Evacuation Pause)
[2019-09-02T13:59:31.850+0800][169.737s][info ][gc,task       ] GC(123) Using 8 workers of 8 for evacuation
[2019-09-02T13:59:31.850+0800][169.737s][debug][gc,age        ] GC(123) Desired survivor size 1048576 bytes, new threshold 15 (max threshold 15)
[2019-09-02T13:59:31.851+0800][169.738s][trace][gc,age        ] GC(123) Age table with threshold 15 (max threshold 15)
[2019-09-02T13:59:31.852+0800][169.738s][trace][gc,age        ] GC(123) - age   1:      22960 bytes,      22960 total
[2019-09-02T13:59:31.852+0800][169.738s][trace][gc,age        ] GC(123) - age   2:      10968 bytes,      33928 total
[2019-09-02T13:59:31.852+0800][169.738s][trace][gc,age        ] GC(123) - age   3:       9960 bytes,      43888 total
[2019-09-02T13:59:31.852+0800][169.738s][trace][gc,age        ] GC(123) - age   4:      10000 bytes,      53888 total
[2019-09-02T13:59:31.852+0800][169.738s][trace][gc,age        ] GC(123) - age   5:      10888 bytes,      64776 total
[2019-09-02T13:59:31.852+0800][169.738s][trace][gc,age        ] GC(123) - age   6:      10112 bytes,      74888 total
[2019-09-02T13:59:31.852+0800][169.738s][trace][gc,age        ] GC(123) - age   7:       9920 bytes,      84808 total
[2019-09-02T13:59:31.852+0800][169.738s][trace][gc,age        ] GC(123) - age   8:      10256 bytes,      95064 total
[2019-09-02T13:59:31.852+0800][169.738s][trace][gc,age        ] GC(123) - age   9:      10000 bytes,     105064 total
[2019-09-02T13:59:31.852+0800][169.738s][trace][gc,age        ] GC(123) - age  10:      10000 bytes,     115064 total
[2019-09-02T13:59:31.852+0800][169.738s][trace][gc,age        ] GC(123) - age  11:       9920 bytes,     124984 total
[2019-09-02T13:59:31.852+0800][169.738s][trace][gc,age        ] GC(123) - age  12:      10000 bytes,     134984 total
[2019-09-02T13:59:31.852+0800][169.738s][trace][gc,age        ] GC(123) - age  13:      10000 bytes,     144984 total
[2019-09-02T13:59:31.852+0800][169.738s][trace][gc,age        ] GC(123) - age  14:      10048 bytes,     155032 total
[2019-09-02T13:59:31.852+0800][169.738s][trace][gc,age        ] GC(123) - age  15:      11224 bytes,     166256 total
[2019-09-02T13:59:31.852+0800][169.738s][info ][gc,phases     ] GC(123)   Pre Evacuate Collection Set: 0.0ms
[2019-09-02T13:59:31.852+0800][169.738s][info ][gc,phases     ] GC(123)   Evacuate Collection Set: 1.0ms
[2019-09-02T13:59:31.852+0800][169.738s][info ][gc,phases     ] GC(123)   Post Evacuate Collection Set: 0.3ms
[2019-09-02T13:59:31.852+0800][169.738s][info ][gc,phases     ] GC(123)   Other: 0.7ms
[2019-09-02T13:59:31.852+0800][169.738s][info ][gc,heap       ] GC(123) Eden regions: 9->0(9)
[2019-09-02T13:59:31.852+0800][169.738s][info ][gc,heap       ] GC(123) Survivor regions: 1->1(2)
[2019-09-02T13:59:31.852+0800][169.738s][info ][gc,heap       ] GC(123) Old regions: 17->17
[2019-09-02T13:59:31.852+0800][169.738s][info ][gc,heap       ] GC(123) Humongous regions: 0->0
[2019-09-02T13:59:31.852+0800][169.738s][info ][gc,metaspace  ] GC(123) Metaspace: 38460K->38460K(1085440K)
[2019-09-02T13:59:31.852+0800][169.738s][debug][gc,heap       ] GC(123) Heap after GC invocations=124 (full 0): garbage-first heap   total 32768K, used 17095K [0x00000000fe000000, 0x0000000100000000)
[2019-09-02T13:59:31.852+0800][169.738s][debug][gc,heap       ] GC(123)   region size 1024K, 1 young (1024K), 1 survivors (1024K)
[2019-09-02T13:59:31.852+0800][169.738s][debug][gc,heap       ] GC(123)  Metaspace       used 38460K, capacity 38877K, committed 39884K, reserved 1085440K
[2019-09-02T13:59:31.852+0800][169.738s][debug][gc,heap       ] GC(123)   class space    used 4174K, capacity 4339K, committed 4556K, reserved 1048576K
[2019-09-02T13:59:31.852+0800][169.739s][info ][gc            ] GC(123) Pause Young (G1 Evacuation Pause) 25M->16M(32M) 2.032ms
[2019-09-02T13:59:31.852+0800][169.739s][info ][gc,cpu        ] GC(123) User=0.00s Sys=0.00s Real=0.00s
[2019-09-02T13:59:31.912+0800][169.798s][debug][gc,heap       ] GC(124) Heap before GC invocations=124 (full 0): garbage-first heap   total 32768K, used 26311K [0x00000000fe000000, 0x0000000100000000)
[2019-09-02T13:59:31.912+0800][169.798s][debug][gc,heap       ] GC(124)   region size 1024K, 10 young (10240K), 1 survivors (1024K)
[2019-09-02T13:59:31.912+0800][169.798s][debug][gc,heap       ] GC(124)  Metaspace       used 38460K, capacity 38877K, committed 39884K, reserved 1085440K
[2019-09-02T13:59:31.912+0800][169.798s][debug][gc,heap       ] GC(124)   class space    used 4174K, capacity 4339K, committed 4556K, reserved 1048576K
[2019-09-02T13:59:31.912+0800][169.798s][info ][gc,start      ] GC(124) Pause Young (G1 Evacuation Pause)
[2019-09-02T13:59:31.912+0800][169.798s][info ][gc,task       ] GC(124) Using 8 workers of 8 for evacuation
[2019-09-02T13:59:31.912+0800][169.798s][debug][gc,age        ] GC(124) Desired survivor size 1048576 bytes, new threshold 15 (max threshold 15)
[2019-09-02T13:59:31.913+0800][169.799s][trace][gc,age        ] GC(124) Age table with threshold 15 (max threshold 15)
[2019-09-02T13:59:31.913+0800][169.800s][trace][gc,age        ] GC(124) - age   1:      30824 bytes,      30824 total
[2019-09-02T13:59:31.913+0800][169.800s][trace][gc,age        ] GC(124) - age   2:      11120 bytes,      41944 total
[2019-09-02T13:59:31.913+0800][169.800s][trace][gc,age        ] GC(124) - age   3:      10968 bytes,      52912 total
[2019-09-02T13:59:31.913+0800][169.800s][trace][gc,age        ] GC(124) - age   4:       9960 bytes,      62872 total
[2019-09-02T13:59:31.913+0800][169.800s][trace][gc,age        ] GC(124) - age   5:      10000 bytes,      72872 total
[2019-09-02T13:59:31.913+0800][169.800s][trace][gc,age        ] GC(124) - age   6:      10888 bytes,      83760 total
[2019-09-02T13:59:31.913+0800][169.800s][trace][gc,age        ] GC(124) - age   7:      10112 bytes,      93872 total
[2019-09-02T13:59:31.913+0800][169.800s][trace][gc,age        ] GC(124) - age   8:       9920 bytes,     103792 total
[2019-09-02T13:59:31.913+0800][169.800s][trace][gc,age        ] GC(124) - age   9:      10256 bytes,     114048 total
[2019-09-02T13:59:31.913+0800][169.800s][trace][gc,age        ] GC(124) - age  10:      10000 bytes,     124048 total
[2019-09-02T13:59:31.913+0800][169.800s][trace][gc,age        ] GC(124) - age  11:      10000 bytes,     134048 total
[2019-09-02T13:59:31.913+0800][169.800s][trace][gc,age        ] GC(124) - age  12:       9920 bytes,     143968 total
[2019-09-02T13:59:31.913+0800][169.800s][trace][gc,age        ] GC(124) - age  13:      10000 bytes,     153968 total
[2019-09-02T13:59:31.913+0800][169.800s][trace][gc,age        ] GC(124) - age  14:      10000 bytes,     163968 total
[2019-09-02T13:59:31.913+0800][169.800s][trace][gc,age        ] GC(124) - age  15:      10048 bytes,     174016 total
[2019-09-02T13:59:31.913+0800][169.800s][info ][gc,phases     ] GC(124)   Pre Evacuate Collection Set: 0.0ms
[2019-09-02T13:59:31.913+0800][169.800s][info ][gc,phases     ] GC(124)   Evacuate Collection Set: 1.0ms
[2019-09-02T13:59:31.913+0800][169.800s][info ][gc,phases     ] GC(124)   Post Evacuate Collection Set: 0.1ms
[2019-09-02T13:59:31.913+0800][169.800s][info ][gc,phases     ] GC(124)   Other: 0.5ms
[2019-09-02T13:59:31.913+0800][169.800s][info ][gc,heap       ] GC(124) Eden regions: 9->0(9)
[2019-09-02T13:59:31.913+0800][169.800s][info ][gc,heap       ] GC(124) Survivor regions: 1->1(2)
[2019-09-02T13:59:31.913+0800][169.800s][info ][gc,heap       ] GC(124) Old regions: 17->17
[2019-09-02T13:59:31.913+0800][169.800s][info ][gc,heap       ] GC(124) Humongous regions: 0->0
[2019-09-02T13:59:31.913+0800][169.800s][info ][gc,metaspace  ] GC(124) Metaspace: 38460K->38460K(1085440K)
[2019-09-02T13:59:31.913+0800][169.800s][debug][gc,heap       ] GC(124) Heap after GC invocations=125 (full 0): garbage-first heap   total 32768K, used 17129K [0x00000000fe000000, 0x0000000100000000)
[2019-09-02T13:59:31.914+0800][169.800s][debug][gc,heap       ] GC(124)   region size 1024K, 1 young (1024K), 1 survivors (1024K)
[2019-09-02T13:59:31.914+0800][169.800s][debug][gc,heap       ] GC(124)  Metaspace       used 38460K, capacity 38877K, committed 39884K, reserved 1085440K
[2019-09-02T13:59:31.914+0800][169.800s][debug][gc,heap       ] GC(124)   class space    used 4174K, capacity 4339K, committed 4556K, reserved 1048576K
[2019-09-02T13:59:31.914+0800][169.800s][info ][gc            ] GC(124) Pause Young (G1 Evacuation Pause) 25M->16M(32M) 1.691ms
[2019-09-02T13:59:31.914+0800][169.800s][info ][gc,cpu        ] GC(124) User=0.00s Sys=0.00s Real=0.00s
[2019-09-02T13:59:31.980+0800][169.867s][debug][gc,heap       ] GC(125) Heap before GC invocations=125 (full 0): garbage-first heap   total 32768K, used 26345K [0x00000000fe000000, 0x0000000100000000)
[2019-09-02T13:59:31.980+0800][169.867s][debug][gc,heap       ] GC(125)   region size 1024K, 10 young (10240K), 1 survivors (1024K)
[2019-09-02T13:59:31.980+0800][169.867s][debug][gc,heap       ] GC(125)  Metaspace       used 38460K, capacity 38877K, committed 39884K, reserved 1085440K
[2019-09-02T13:59:31.980+0800][169.867s][debug][gc,heap       ] GC(125)   class space    used 4174K, capacity 4339K, committed 4556K, reserved 1048576K
[2019-09-02T13:59:31.980+0800][169.867s][info ][gc,start      ] GC(125) Pause Young (G1 Evacuation Pause)
[2019-09-02T13:59:31.980+0800][169.867s][info ][gc,task       ] GC(125) Using 8 workers of 8 for evacuation
[2019-09-02T13:59:31.980+0800][169.867s][debug][gc,age        ] GC(125) Desired survivor size 1048576 bytes, new threshold 15 (max threshold 15)
[2019-09-02T13:59:31.981+0800][169.868s][trace][gc,age        ] GC(125) Age table with threshold 15 (max threshold 15)
[2019-09-02T13:59:31.981+0800][169.868s][trace][gc,age        ] GC(125) - age   1:      27520 bytes,      27520 total
[2019-09-02T13:59:31.981+0800][169.868s][trace][gc,age        ] GC(125) - age   2:      10120 bytes,      37640 total
[2019-09-02T13:59:31.981+0800][169.868s][trace][gc,age        ] GC(125) - age   3:      10152 bytes,      47792 total
[2019-09-02T13:59:31.981+0800][169.868s][trace][gc,age        ] GC(125) - age   4:      10968 bytes,      58760 total
[2019-09-02T13:59:31.981+0800][169.868s][trace][gc,age        ] GC(125) - age   5:       9960 bytes,      68720 total
[2019-09-02T13:59:31.982+0800][169.868s][trace][gc,age        ] GC(125) - age   6:      10000 bytes,      78720 total
[2019-09-02T13:59:31.982+0800][169.868s][trace][gc,age        ] GC(125) - age   7:      10888 bytes,      89608 total
[2019-09-02T13:59:31.982+0800][169.868s][trace][gc,age        ] GC(125) - age   8:      10112 bytes,      99720 total
[2019-09-02T13:59:31.982+0800][169.868s][trace][gc,age        ] GC(125) - age   9:       9920 bytes,     109640 total
[2019-09-02T13:59:31.982+0800][169.868s][trace][gc,age        ] GC(125) - age  10:      10256 bytes,     119896 total
[2019-09-02T13:59:31.982+0800][169.868s][trace][gc,age        ] GC(125) - age  11:      10000 bytes,     129896 total
[2019-09-02T13:59:31.982+0800][169.868s][trace][gc,age        ] GC(125) - age  12:      10000 bytes,     139896 total
[2019-09-02T13:59:31.982+0800][169.868s][trace][gc,age        ] GC(125) - age  13:       9920 bytes,     149816 total
[2019-09-02T13:59:31.982+0800][169.868s][trace][gc,age        ] GC(125) - age  14:      10000 bytes,     159816 total
[2019-09-02T13:59:31.982+0800][169.868s][trace][gc,age        ] GC(125) - age  15:      10000 bytes,     169816 total
[2019-09-02T13:59:31.982+0800][169.868s][info ][gc,phases     ] GC(125)   Pre Evacuate Collection Set: 0.0ms
[2019-09-02T13:59:31.982+0800][169.868s][info ][gc,phases     ] GC(125)   Evacuate Collection Set: 1.0ms
[2019-09-02T13:59:31.982+0800][169.868s][info ][gc,phases     ] GC(125)   Post Evacuate Collection Set: 0.1ms
[2019-09-02T13:59:31.982+0800][169.868s][info ][gc,phases     ] GC(125)   Other: 0.5ms
[2019-09-02T13:59:31.982+0800][169.868s][info ][gc,heap       ] GC(125) Eden regions: 9->0(9)
[2019-09-02T13:59:31.982+0800][169.868s][info ][gc,heap       ] GC(125) Survivor regions: 1->1(2)
[2019-09-02T13:59:31.982+0800][169.868s][info ][gc,heap       ] GC(125) Old regions: 17->17
[2019-09-02T13:59:31.982+0800][169.868s][info ][gc,heap       ] GC(125) Humongous regions: 0->0
[2019-09-02T13:59:31.982+0800][169.868s][info ][gc,metaspace  ] GC(125) Metaspace: 38460K->38460K(1085440K)
[2019-09-02T13:59:31.982+0800][169.868s][debug][gc,heap       ] GC(125) Heap after GC invocations=126 (full 0): garbage-first heap   total 32768K, used 17144K [0x00000000fe000000, 0x0000000100000000)
[2019-09-02T13:59:31.982+0800][169.868s][debug][gc,heap       ] GC(125)   region size 1024K, 1 young (1024K), 1 survivors (1024K)
[2019-09-02T13:59:31.982+0800][169.868s][debug][gc,heap       ] GC(125)  Metaspace       used 38460K, capacity 38877K, committed 39884K, reserved 1085440K
[2019-09-02T13:59:31.982+0800][169.868s][debug][gc,heap       ] GC(125)   class space    used 4174K, capacity 4339K, committed 4556K, reserved 1048576K
[2019-09-02T13:59:31.982+0800][169.868s][info ][gc            ] GC(125) Pause Young (G1 Evacuation Pause) 25M->16M(32M) 1.709ms
[2019-09-02T13:59:31.982+0800][169.869s][info ][gc,cpu        ] GC(125) User=0.00s Sys=0.00s Real=0.00s
[2019-09-02T13:59:32.046+0800][169.932s][debug][gc,heap       ] GC(126) Heap before GC invocations=126 (full 0): garbage-first heap   total 32768K, used 26360K [0x00000000fe000000, 0x0000000100000000)
[2019-09-02T13:59:32.046+0800][169.932s][debug][gc,heap       ] GC(126)   region size 1024K, 10 young (10240K), 1 survivors (1024K)
[2019-09-02T13:59:32.046+0800][169.932s][debug][gc,heap       ] GC(126)  Metaspace       used 38460K, capacity 38877K, committed 39884K, reserved 1085440K
[2019-09-02T13:59:32.046+0800][169.932s][debug][gc,heap       ] GC(126)   class space    used 4174K, capacity 4339K, committed 4556K, reserved 1048576K
[2019-09-02T13:59:32.046+0800][169.932s][info ][gc,start      ] GC(126) Pause Young (G1 Evacuation Pause)
[2019-09-02T13:59:32.046+0800][169.932s][info ][gc,task       ] GC(126) Using 8 workers of 8 for evacuation
[2019-09-02T13:59:32.046+0800][169.932s][debug][gc,age        ] GC(126) Desired survivor size 1048576 bytes, new threshold 15 (max threshold 15)
[2019-09-02T13:59:32.047+0800][169.933s][trace][gc,age        ] GC(126) Age table with threshold 15 (max threshold 15)
[2019-09-02T13:59:32.047+0800][169.933s][trace][gc,age        ] GC(126) - age   1:      21288 bytes,      21288 total
[2019-09-02T13:59:32.047+0800][169.933s][trace][gc,age        ] GC(126) - age   2:       9936 bytes,      31224 total
[2019-09-02T13:59:32.047+0800][169.933s][trace][gc,age        ] GC(126) - age   3:      10096 bytes,      41320 total
[2019-09-02T13:59:32.047+0800][169.933s][trace][gc,age        ] GC(126) - age   4:      10152 bytes,      51472 total
[2019-09-02T13:59:32.047+0800][169.933s][trace][gc,age        ] GC(126) - age   5:      10968 bytes,      62440 total
[2019-09-02T13:59:32.047+0800][169.933s][trace][gc,age        ] GC(126) - age   6:       9960 bytes,      72400 total
[2019-09-02T13:59:32.047+0800][169.933s][trace][gc,age        ] GC(126) - age   7:      10000 bytes,      82400 total
[2019-09-02T13:59:32.047+0800][169.933s][trace][gc,age        ] GC(126) - age   8:      10888 bytes,      93288 total
[2019-09-02T13:59:32.047+0800][169.933s][trace][gc,age        ] GC(126) - age   9:      10080 bytes,     103368 total
[2019-09-02T13:59:32.047+0800][169.933s][trace][gc,age        ] GC(126) - age  10:       9920 bytes,     113288 total
[2019-09-02T13:59:32.047+0800][169.933s][trace][gc,age        ] GC(126) - age  11:      10256 bytes,     123544 total
[2019-09-02T13:59:32.047+0800][169.933s][trace][gc,age        ] GC(126) - age  12:      10000 bytes,     133544 total
[2019-09-02T13:59:32.047+0800][169.933s][trace][gc,age        ] GC(126) - age  13:      10000 bytes,     143544 total
[2019-09-02T13:59:32.047+0800][169.933s][trace][gc,age        ] GC(126) - age  14:       9920 bytes,     153464 total
[2019-09-02T13:59:32.047+0800][169.934s][trace][gc,age        ] GC(126) - age  15:      10000 bytes,     163464 total
[2019-09-02T13:59:32.047+0800][169.934s][info ][gc,phases     ] GC(126)   Pre Evacuate Collection Set: 0.0ms
[2019-09-02T13:59:32.047+0800][169.934s][info ][gc,phases     ] GC(126)   Evacuate Collection Set: 0.9ms
[2019-09-02T13:59:32.047+0800][169.934s][info ][gc,phases     ] GC(126)   Post Evacuate Collection Set: 0.1ms
[2019-09-02T13:59:32.047+0800][169.934s][info ][gc,phases     ] GC(126)   Other: 0.5ms
[2019-09-02T13:59:32.047+0800][169.934s][info ][gc,heap       ] GC(126) Eden regions: 9->0(9)
[2019-09-02T13:59:32.047+0800][169.934s][info ][gc,heap       ] GC(126) Survivor regions: 1->1(2)
[2019-09-02T13:59:32.047+0800][169.934s][info ][gc,heap       ] GC(126) Old regions: 17->17
[2019-09-02T13:59:32.047+0800][169.934s][info ][gc,heap       ] GC(126) Humongous regions: 0->0
[2019-09-02T13:59:32.047+0800][169.934s][info ][gc,metaspace  ] GC(126) Metaspace: 38460K->38460K(1085440K)
[2019-09-02T13:59:32.047+0800][169.934s][debug][gc,heap       ] GC(126) Heap after GC invocations=127 (full 0): garbage-first heap   total 32768K, used 17144K [0x00000000fe000000, 0x0000000100000000)
[2019-09-02T13:59:32.047+0800][169.934s][debug][gc,heap       ] GC(126)   region size 1024K, 1 young (1024K), 1 survivors (1024K)
[2019-09-02T13:59:32.047+0800][169.934s][debug][gc,heap       ] GC(126)  Metaspace       used 38460K, capacity 38877K, committed 39884K, reserved 1085440K
[2019-09-02T13:59:32.047+0800][169.934s][debug][gc,heap       ] GC(126)   class space    used 4174K, capacity 4339K, committed 4556K, reserved 1048576K
[2019-09-02T13:59:32.047+0800][169.934s][info ][gc            ] GC(126) Pause Young (G1 Evacuation Pause) 25M->16M(32M) 1.620ms
[2019-09-02T13:59:32.048+0800][169.934s][info ][gc,cpu        ] GC(126) User=0.00s Sys=0.00s Real=0.00s
[2019-09-02T13:59:32.119+0800][170.006s][debug][gc,heap       ] GC(127) Heap before GC invocations=127 (full 0): garbage-first heap   total 32768K, used 26360K [0x00000000fe000000, 0x0000000100000000)
[2019-09-02T13:59:32.119+0800][170.006s][debug][gc,heap       ] GC(127)   region size 1024K, 10 young (10240K), 1 survivors (1024K)
[2019-09-02T13:59:32.119+0800][170.006s][debug][gc,heap       ] GC(127)  Metaspace       used 38460K, capacity 38877K, committed 39884K, reserved 1085440K
[2019-09-02T13:59:32.119+0800][170.006s][debug][gc,heap       ] GC(127)   class space    used 4174K, capacity 4339K, committed 4556K, reserved 1048576K
[2019-09-02T13:59:32.119+0800][170.006s][info ][gc,start      ] GC(127) Pause Young (G1 Evacuation Pause)
[2019-09-02T13:59:32.120+0800][170.006s][info ][gc,task       ] GC(127) Using 8 workers of 8 for evacuation
[2019-09-02T13:59:32.120+0800][170.006s][debug][gc,age        ] GC(127) Desired survivor size 1048576 bytes, new threshold 15 (max threshold 15)
[2019-09-02T13:59:32.121+0800][170.007s][trace][gc,age        ] GC(127) Age table with threshold 15 (max threshold 15)
[2019-09-02T13:59:32.121+0800][170.007s][trace][gc,age        ] GC(127) - age   1:      41680 bytes,      41680 total
[2019-09-02T13:59:32.121+0800][170.007s][trace][gc,age        ] GC(127) - age   2:       9976 bytes,      51656 total
[2019-09-02T13:59:32.121+0800][170.007s][trace][gc,age        ] GC(127) - age   3:       9936 bytes,      61592 total
[2019-09-02T13:59:32.121+0800][170.007s][trace][gc,age        ] GC(127) - age   4:      10096 bytes,      71688 total
[2019-09-02T13:59:32.121+0800][170.007s][trace][gc,age        ] GC(127) - age   5:      10096 bytes,      81784 total
[2019-09-02T13:59:32.121+0800][170.007s][trace][gc,age        ] GC(127) - age   6:       9976 bytes,      91760 total
[2019-09-02T13:59:32.121+0800][170.007s][trace][gc,age        ] GC(127) - age   7:       9960 bytes,     101720 total
[2019-09-02T13:59:32.121+0800][170.007s][trace][gc,age        ] GC(127) - age   8:      10000 bytes,     111720 total
[2019-09-02T13:59:32.121+0800][170.008s][trace][gc,age        ] GC(127) - age   9:      10888 bytes,     122608 total
[2019-09-02T13:59:32.121+0800][170.008s][trace][gc,age        ] GC(127) - age  10:      10080 bytes,     132688 total
[2019-09-02T13:59:32.121+0800][170.008s][trace][gc,age        ] GC(127) - age  11:       9920 bytes,     142608 total
[2019-09-02T13:59:32.121+0800][170.008s][trace][gc,age        ] GC(127) - age  12:      10256 bytes,     152864 total
[2019-09-02T13:59:32.121+0800][170.008s][trace][gc,age        ] GC(127) - age  13:      10000 bytes,     162864 total
[2019-09-02T13:59:32.121+0800][170.008s][trace][gc,age        ] GC(127) - age  14:      10000 bytes,     172864 total
[2019-09-02T13:59:32.121+0800][170.008s][trace][gc,age        ] GC(127) - age  15:       9920 bytes,     182784 total
[2019-09-02T13:59:32.121+0800][170.008s][info ][gc,phases     ] GC(127)   Pre Evacuate Collection Set: 0.0ms
[2019-09-02T13:59:32.121+0800][170.008s][info ][gc,phases     ] GC(127)   Evacuate Collection Set: 1.1ms
[2019-09-02T13:59:32.121+0800][170.008s][info ][gc,phases     ] GC(127)   Post Evacuate Collection Set: 0.2ms
[2019-09-02T13:59:32.121+0800][170.008s][info ][gc,phases     ] GC(127)   Other: 0.5ms
[2019-09-02T13:59:32.121+0800][170.008s][info ][gc,heap       ] GC(127) Eden regions: 9->0(9)
[2019-09-02T13:59:32.121+0800][170.008s][info ][gc,heap       ] GC(127) Survivor regions: 1->1(2)
[2019-09-02T13:59:32.121+0800][170.008s][info ][gc,heap       ] GC(127) Old regions: 17->17
[2019-09-02T13:59:32.121+0800][170.008s][info ][gc,heap       ] GC(127) Humongous regions: 0->0
[2019-09-02T13:59:32.121+0800][170.008s][info ][gc,metaspace  ] GC(127) Metaspace: 38460K->38460K(1085440K)
[2019-09-02T13:59:32.121+0800][170.008s][debug][gc,heap       ] GC(127) Heap after GC invocations=128 (full 0): garbage-first heap   total 32768K, used 17187K [0x00000000fe000000, 0x0000000100000000)
[2019-09-02T13:59:32.121+0800][170.008s][debug][gc,heap       ] GC(127)   region size 1024K, 1 young (1024K), 1 survivors (1024K)
[2019-09-02T13:59:32.121+0800][170.008s][debug][gc,heap       ] GC(127)  Metaspace       used 38460K, capacity 38877K, committed 39884K, reserved 1085440K
[2019-09-02T13:59:32.121+0800][170.008s][debug][gc,heap       ] GC(127)   class space    used 4174K, capacity 4339K, committed 4556K, reserved 1048576K
[2019-09-02T13:59:32.121+0800][170.008s][info ][gc            ] GC(127) Pause Young (G1 Evacuation Pause) 25M->16M(32M) 1.940ms
[2019-09-02T13:59:32.122+0800][170.008s][info ][gc,cpu        ] GC(127) User=0.00s Sys=0.00s Real=0.00s
[2019-09-02T13:59:32.205+0800][170.092s][debug][gc,heap       ] GC(128) Heap before GC invocations=128 (full 0): garbage-first heap   total 32768K, used 26403K [0x00000000fe000000, 0x0000000100000000)
[2019-09-02T13:59:32.205+0800][170.092s][debug][gc,heap       ] GC(128)   region size 1024K, 10 young (10240K), 1 survivors (1024K)
[2019-09-02T13:59:32.205+0800][170.092s][debug][gc,heap       ] GC(128)  Metaspace       used 38460K, capacity 38877K, committed 39884K, reserved 1085440K
[2019-09-02T13:59:32.205+0800][170.092s][debug][gc,heap       ] GC(128)   class space    used 4174K, capacity 4339K, committed 4556K, reserved 1048576K
[2019-09-02T13:59:32.206+0800][170.092s][info ][gc,start      ] GC(128) Pause Young (G1 Evacuation Pause)
[2019-09-02T13:59:32.206+0800][170.092s][info ][gc,task       ] GC(128) Using 8 workers of 8 for evacuation
[2019-09-02T13:59:32.206+0800][170.092s][debug][gc,age        ] GC(128) Desired survivor size 1048576 bytes, new threshold 15 (max threshold 15)
[2019-09-02T13:59:32.207+0800][170.093s][trace][gc,age        ] GC(128) Age table with threshold 15 (max threshold 15)
[2019-09-02T13:59:32.207+0800][170.093s][trace][gc,age        ] GC(128) - age   1:      57472 bytes,      57472 total
[2019-09-02T13:59:32.207+0800][170.093s][trace][gc,age        ] GC(128) - age   2:      11072 bytes,      68544 total
[2019-09-02T13:59:32.207+0800][170.093s][trace][gc,age        ] GC(128) - age   3:       9976 bytes,      78520 total
[2019-09-02T13:59:32.207+0800][170.093s][trace][gc,age        ] GC(128) - age   4:       9936 bytes,      88456 total
[2019-09-02T13:59:32.207+0800][170.093s][trace][gc,age        ] GC(128) - age   5:      10096 bytes,      98552 total
[2019-09-02T13:59:32.207+0800][170.093s][trace][gc,age        ] GC(128) - age   6:      10096 bytes,     108648 total
[2019-09-02T13:59:32.207+0800][170.093s][trace][gc,age        ] GC(128) - age   7:       9976 bytes,     118624 total
[2019-09-02T13:59:32.207+0800][170.093s][trace][gc,age        ] GC(128) - age   8:       9960 bytes,     128584 total
[2019-09-02T13:59:32.207+0800][170.093s][trace][gc,age        ] GC(128) - age   9:      10000 bytes,     138584 total
[2019-09-02T13:59:32.207+0800][170.093s][trace][gc,age        ] GC(128) - age  10:      10888 bytes,     149472 total
[2019-09-02T13:59:32.207+0800][170.093s][trace][gc,age        ] GC(128) - age  11:      10080 bytes,     159552 total
[2019-09-02T13:59:32.207+0800][170.093s][trace][gc,age        ] GC(128) - age  12:       9920 bytes,     169472 total
[2019-09-02T13:59:32.207+0800][170.093s][trace][gc,age        ] GC(128) - age  13:      10256 bytes,     179728 total
[2019-09-02T13:59:32.207+0800][170.093s][trace][gc,age        ] GC(128) - age  14:      10000 bytes,     189728 total
[2019-09-02T13:59:32.207+0800][170.093s][trace][gc,age        ] GC(128) - age  15:      10000 bytes,     199728 total
[2019-09-02T13:59:32.207+0800][170.093s][info ][gc,phases     ] GC(128)   Pre Evacuate Collection Set: 0.0ms
[2019-09-02T13:59:32.207+0800][170.093s][info ][gc,phases     ] GC(128)   Evacuate Collection Set: 0.9ms
[2019-09-02T13:59:32.207+0800][170.094s][info ][gc,phases     ] GC(128)   Post Evacuate Collection Set: 0.2ms
[2019-09-02T13:59:32.207+0800][170.094s][info ][gc,phases     ] GC(128)   Other: 0.6ms
[2019-09-02T13:59:32.207+0800][170.094s][info ][gc,heap       ] GC(128) Eden regions: 9->0(9)
[2019-09-02T13:59:32.207+0800][170.094s][info ][gc,heap       ] GC(128) Survivor regions: 1->1(2)
[2019-09-02T13:59:32.207+0800][170.094s][info ][gc,heap       ] GC(128) Old regions: 17->17
[2019-09-02T13:59:32.207+0800][170.094s][info ][gc,heap       ] GC(128) Humongous regions: 0->0
[2019-09-02T13:59:32.207+0800][170.094s][info ][gc,metaspace  ] GC(128) Metaspace: 38460K->38460K(1085440K)
[2019-09-02T13:59:32.207+0800][170.094s][debug][gc,heap       ] GC(128) Heap after GC invocations=129 (full 0): garbage-first heap   total 32768K, used 17221K [0x00000000fe000000, 0x0000000100000000)
[2019-09-02T13:59:32.207+0800][170.094s][debug][gc,heap       ] GC(128)   region size 1024K, 1 young (1024K), 1 survivors (1024K)
[2019-09-02T13:59:32.207+0800][170.094s][debug][gc,heap       ] GC(128)  Metaspace       used 38460K, capacity 38877K, committed 39884K, reserved 1085440K
[2019-09-02T13:59:32.207+0800][170.094s][debug][gc,heap       ] GC(128)   class space    used 4174K, capacity 4339K, committed 4556K, reserved 1048576K
[2019-09-02T13:59:32.207+0800][170.094s][info ][gc            ] GC(128) Pause Young (G1 Evacuation Pause) 25M->16M(32M) 1.729ms
[2019-09-02T13:59:32.208+0800][170.094s][info ][gc,cpu        ] GC(128) User=0.00s Sys=0.00s Real=0.00s
[2019-09-02T13:59:32.304+0800][170.190s][debug][gc,heap       ] GC(129) Heap before GC invocations=129 (full 0): garbage-first heap   total 32768K, used 26437K [0x00000000fe000000, 0x0000000100000000)
[2019-09-02T13:59:32.304+0800][170.190s][debug][gc,heap       ] GC(129)   region size 1024K, 10 young (10240K), 1 survivors (1024K)
[2019-09-02T13:59:32.304+0800][170.190s][debug][gc,heap       ] GC(129)  Metaspace       used 38460K, capacity 38877K, committed 39884K, reserved 1085440K
[2019-09-02T13:59:32.304+0800][170.190s][debug][gc,heap       ] GC(129)   class space    used 4174K, capacity 4339K, committed 4556K, reserved 1048576K
[2019-09-02T13:59:32.304+0800][170.190s][info ][gc,start      ] GC(129) Pause Young (G1 Evacuation Pause)
[2019-09-02T13:59:32.304+0800][170.190s][info ][gc,task       ] GC(129) Using 8 workers of 8 for evacuation
[2019-09-02T13:59:32.304+0800][170.190s][debug][gc,age        ] GC(129) Desired survivor size 1048576 bytes, new threshold 15 (max threshold 15)
[2019-09-02T13:59:32.305+0800][170.191s][trace][gc,age        ] GC(129) Age table with threshold 15 (max threshold 15)
[2019-09-02T13:59:32.305+0800][170.191s][trace][gc,age        ] GC(129) - age   1:      23952 bytes,      23952 total
[2019-09-02T13:59:32.305+0800][170.192s][trace][gc,age        ] GC(129) - age   2:       9984 bytes,      33936 total
[2019-09-02T13:59:32.305+0800][170.192s][trace][gc,age        ] GC(129) - age   3:      10104 bytes,      44040 total
[2019-09-02T13:59:32.305+0800][170.192s][trace][gc,age        ] GC(129) - age   4:       9976 bytes,      54016 total
[2019-09-02T13:59:32.305+0800][170.192s][trace][gc,age        ] GC(129) - age   5:       9936 bytes,      63952 total
[2019-09-02T13:59:32.305+0800][170.192s][trace][gc,age        ] GC(129) - age   6:      10096 bytes,      74048 total
[2019-09-02T13:59:32.305+0800][170.192s][trace][gc,age        ] GC(129) - age   7:      10096 bytes,      84144 total
[2019-09-02T13:59:32.305+0800][170.192s][trace][gc,age        ] GC(129) - age   8:       9976 bytes,      94120 total
[2019-09-02T13:59:32.305+0800][170.192s][trace][gc,age        ] GC(129) - age   9:       9960 bytes,     104080 total
[2019-09-02T13:59:32.305+0800][170.192s][trace][gc,age        ] GC(129) - age  10:      10000 bytes,     114080 total
[2019-09-02T13:59:32.305+0800][170.192s][trace][gc,age        ] GC(129) - age  11:       9920 bytes,     124000 total
[2019-09-02T13:59:32.305+0800][170.192s][trace][gc,age        ] GC(129) - age  12:      10080 bytes,     134080 total
[2019-09-02T13:59:32.305+0800][170.192s][trace][gc,age        ] GC(129) - age  13:       9920 bytes,     144000 total
[2019-09-02T13:59:32.305+0800][170.192s][trace][gc,age        ] GC(129) - age  14:      10256 bytes,     154256 total
[2019-09-02T13:59:32.305+0800][170.192s][trace][gc,age        ] GC(129) - age  15:      10000 bytes,     164256 total
[2019-09-02T13:59:32.305+0800][170.192s][info ][gc,phases     ] GC(129)   Pre Evacuate Collection Set: 0.0ms
[2019-09-02T13:59:32.305+0800][170.192s][info ][gc,phases     ] GC(129)   Evacuate Collection Set: 1.0ms
[2019-09-02T13:59:32.305+0800][170.192s][info ][gc,phases     ] GC(129)   Post Evacuate Collection Set: 0.1ms
[2019-09-02T13:59:32.305+0800][170.192s][info ][gc,phases     ] GC(129)   Other: 0.5ms
[2019-09-02T13:59:32.305+0800][170.192s][info ][gc,heap       ] GC(129) Eden regions: 9->0(9)
[2019-09-02T13:59:32.305+0800][170.192s][info ][gc,heap       ] GC(129) Survivor regions: 1->1(2)
[2019-09-02T13:59:32.305+0800][170.192s][info ][gc,heap       ] GC(129) Old regions: 17->17
[2019-09-02T13:59:32.305+0800][170.192s][info ][gc,heap       ] GC(129) Humongous regions: 0->0
[2019-09-02T13:59:32.305+0800][170.192s][info ][gc,metaspace  ] GC(129) Metaspace: 38460K->38460K(1085440K)
[2019-09-02T13:59:32.305+0800][170.192s][debug][gc,heap       ] GC(129) Heap after GC invocations=130 (full 0): garbage-first heap   total 32768K, used 17202K [0x00000000fe000000, 0x0000000100000000)
[2019-09-02T13:59:32.305+0800][170.192s][debug][gc,heap       ] GC(129)   region size 1024K, 1 young (1024K), 1 survivors (1024K)
[2019-09-02T13:59:32.305+0800][170.192s][debug][gc,heap       ] GC(129)  Metaspace       used 38460K, capacity 38877K, committed 39884K, reserved 1085440K
[2019-09-02T13:59:32.306+0800][170.192s][debug][gc,heap       ] GC(129)   class space    used 4174K, capacity 4339K, committed 4556K, reserved 1048576K
[2019-09-02T13:59:32.306+0800][170.192s][info ][gc            ] GC(129) Pause Young (G1 Evacuation Pause) 25M->16M(32M) 1.690ms
[2019-09-02T13:59:32.306+0800][170.192s][info ][gc,cpu        ] GC(129) User=0.00s Sys=0.00s Real=0.00s
[2019-09-02T13:59:32.416+0800][170.303s][debug][gc,heap       ] GC(130) Heap before GC invocations=130 (full 0): garbage-first heap   total 32768K, used 26418K [0x00000000fe000000, 0x0000000100000000)
[2019-09-02T13:59:32.416+0800][170.303s][debug][gc,heap       ] GC(130)   region size 1024K, 10 young (10240K), 1 survivors (1024K)
[2019-09-02T13:59:32.416+0800][170.303s][debug][gc,heap       ] GC(130)  Metaspace       used 38460K, capacity 38877K, committed 39884K, reserved 1085440K
[2019-09-02T13:59:32.416+0800][170.303s][debug][gc,heap       ] GC(130)   class space    used 4174K, capacity 4339K, committed 4556K, reserved 1048576K
[2019-09-02T13:59:32.416+0800][170.303s][info ][gc,start      ] GC(130) Pause Young (G1 Evacuation Pause)
[2019-09-02T13:59:32.416+0800][170.303s][info ][gc,task       ] GC(130) Using 8 workers of 8 for evacuation
[2019-09-02T13:59:32.416+0800][170.303s][debug][gc,age        ] GC(130) Desired survivor size 1048576 bytes, new threshold 15 (max threshold 15)
[2019-09-02T13:59:32.417+0800][170.304s][trace][gc,age        ] GC(130) Age table with threshold 15 (max threshold 15)
[2019-09-02T13:59:32.418+0800][170.304s][trace][gc,age        ] GC(130) - age   1:      25096 bytes,      25096 total
[2019-09-02T13:59:32.418+0800][170.304s][trace][gc,age        ] GC(130) - age   2:      11944 bytes,      37040 total
[2019-09-02T13:59:32.418+0800][170.304s][trace][gc,age        ] GC(130) - age   3:       9952 bytes,      46992 total
[2019-09-02T13:59:32.418+0800][170.304s][trace][gc,age        ] GC(130) - age   4:      10104 bytes,      57096 total
[2019-09-02T13:59:32.418+0800][170.304s][trace][gc,age        ] GC(130) - age   5:       9976 bytes,      67072 total
[2019-09-02T13:59:32.418+0800][170.304s][trace][gc,age        ] GC(130) - age   6:       9936 bytes,      77008 total
[2019-09-02T13:59:32.418+0800][170.304s][trace][gc,age        ] GC(130) - age   7:      10096 bytes,      87104 total
[2019-09-02T13:59:32.418+0800][170.304s][trace][gc,age        ] GC(130) - age   8:      10096 bytes,      97200 total
[2019-09-02T13:59:32.418+0800][170.304s][trace][gc,age        ] GC(130) - age   9:       9976 bytes,     107176 total
[2019-09-02T13:59:32.418+0800][170.304s][trace][gc,age        ] GC(130) - age  10:       9960 bytes,     117136 total
[2019-09-02T13:59:32.418+0800][170.304s][trace][gc,age        ] GC(130) - age  11:      10000 bytes,     127136 total
[2019-09-02T13:59:32.418+0800][170.304s][trace][gc,age        ] GC(130) - age  12:       9920 bytes,     137056 total
[2019-09-02T13:59:32.418+0800][170.304s][trace][gc,age        ] GC(130) - age  13:      10080 bytes,     147136 total
[2019-09-02T13:59:32.418+0800][170.304s][trace][gc,age        ] GC(130) - age  14:       9920 bytes,     157056 total
[2019-09-02T13:59:32.418+0800][170.304s][trace][gc,age        ] GC(130) - age  15:      10256 bytes,     167312 total
[2019-09-02T13:59:32.418+0800][170.304s][info ][gc,phases     ] GC(130)   Pre Evacuate Collection Set: 0.0ms
[2019-09-02T13:59:32.418+0800][170.304s][info ][gc,phases     ] GC(130)   Evacuate Collection Set: 1.0ms
[2019-09-02T13:59:32.418+0800][170.304s][info ][gc,phases     ] GC(130)   Post Evacuate Collection Set: 0.1ms
[2019-09-02T13:59:32.418+0800][170.304s][info ][gc,phases     ] GC(130)   Other: 0.5ms
[2019-09-02T13:59:32.418+0800][170.304s][info ][gc,heap       ] GC(130) Eden regions: 9->0(9)
[2019-09-02T13:59:32.418+0800][170.304s][info ][gc,heap       ] GC(130) Survivor regions: 1->1(2)
[2019-09-02T13:59:32.418+0800][170.304s][info ][gc,heap       ] GC(130) Old regions: 17->17
[2019-09-02T13:59:32.418+0800][170.304s][info ][gc,heap       ] GC(130) Humongous regions: 0->0
[2019-09-02T13:59:32.418+0800][170.304s][info ][gc,metaspace  ] GC(130) Metaspace: 38460K->38460K(1085440K)
[2019-09-02T13:59:32.418+0800][170.304s][debug][gc,heap       ] GC(130) Heap after GC invocations=131 (full 0): garbage-first heap   total 32768K, used 17219K [0x00000000fe000000, 0x0000000100000000)
[2019-09-02T13:59:32.418+0800][170.304s][debug][gc,heap       ] GC(130)   region size 1024K, 1 young (1024K), 1 survivors (1024K)
[2019-09-02T13:59:32.418+0800][170.304s][debug][gc,heap       ] GC(130)  Metaspace       used 38460K, capacity 38877K, committed 39884K, reserved 1085440K
[2019-09-02T13:59:32.418+0800][170.304s][debug][gc,heap       ] GC(130)   class space    used 4174K, capacity 4339K, committed 4556K, reserved 1048576K
[2019-09-02T13:59:32.418+0800][170.305s][info ][gc            ] GC(130) Pause Young (G1 Evacuation Pause) 25M->16M(32M) 1.660ms
[2019-09-02T13:59:32.418+0800][170.305s][info ][gc,cpu        ] GC(130) User=0.00s Sys=0.00s Real=0.00s
[2019-09-02T13:59:32.535+0800][170.421s][debug][gc,heap       ] GC(131) Heap before GC invocations=131 (full 0): garbage-first heap   total 32768K, used 26435K [0x00000000fe000000, 0x0000000100000000)
[2019-09-02T13:59:32.535+0800][170.421s][debug][gc,heap       ] GC(131)   region size 1024K, 10 young (10240K), 1 survivors (1024K)
[2019-09-02T13:59:32.535+0800][170.421s][debug][gc,heap       ] GC(131)  Metaspace       used 38460K, capacity 38877K, committed 39884K, reserved 1085440K
[2019-09-02T13:59:32.535+0800][170.421s][debug][gc,heap       ] GC(131)   class space    used 4174K, capacity 4339K, committed 4556K, reserved 1048576K
[2019-09-02T13:59:32.535+0800][170.421s][info ][gc,start      ] GC(131) Pause Young (G1 Evacuation Pause)
[2019-09-02T13:59:32.535+0800][170.421s][info ][gc,task       ] GC(131) Using 8 workers of 8 for evacuation
[2019-09-02T13:59:32.535+0800][170.421s][debug][gc,age        ] GC(131) Desired survivor size 1048576 bytes, new threshold 15 (max threshold 15)
[2019-09-02T13:59:32.536+0800][170.422s][trace][gc,age        ] GC(131) Age table with threshold 15 (max threshold 15)
[2019-09-02T13:59:32.536+0800][170.422s][trace][gc,age        ] GC(131) - age   1:      28624 bytes,      28624 total
[2019-09-02T13:59:32.536+0800][170.422s][trace][gc,age        ] GC(131) - age   2:      10000 bytes,      38624 total
[2019-09-02T13:59:32.536+0800][170.422s][trace][gc,age        ] GC(131) - age   3:      11944 bytes,      50568 total
[2019-09-02T13:59:32.536+0800][170.422s][trace][gc,age        ] GC(131) - age   4:       9952 bytes,      60520 total
[2019-09-02T13:59:32.536+0800][170.423s][trace][gc,age        ] GC(131) - age   5:      10104 bytes,      70624 total
[2019-09-02T13:59:32.536+0800][170.423s][trace][gc,age        ] GC(131) - age   6:       9976 bytes,      80600 total
[2019-09-02T13:59:32.536+0800][170.423s][trace][gc,age        ] GC(131) - age   7:       9936 bytes,      90536 total
[2019-09-02T13:59:32.536+0800][170.423s][trace][gc,age        ] GC(131) - age   8:      10096 bytes,     100632 total
[2019-09-02T13:59:32.536+0800][170.423s][trace][gc,age        ] GC(131) - age   9:      10096 bytes,     110728 total
[2019-09-02T13:59:32.536+0800][170.423s][trace][gc,age        ] GC(131) - age  10:       9976 bytes,     120704 total
[2019-09-02T13:59:32.536+0800][170.423s][trace][gc,age        ] GC(131) - age  11:       9960 bytes,     130664 total
[2019-09-02T13:59:32.536+0800][170.423s][trace][gc,age        ] GC(131) - age  12:      10000 bytes,     140664 total
[2019-09-02T13:59:32.536+0800][170.423s][trace][gc,age        ] GC(131) - age  13:       9920 bytes,     150584 total
[2019-09-02T13:59:32.536+0800][170.423s][trace][gc,age        ] GC(131) - age  14:      10080 bytes,     160664 total
[2019-09-02T13:59:32.536+0800][170.423s][trace][gc,age        ] GC(131) - age  15:       9920 bytes,     170584 total
[2019-09-02T13:59:32.536+0800][170.423s][info ][gc,phases     ] GC(131)   Pre Evacuate Collection Set: 0.0ms
[2019-09-02T13:59:32.536+0800][170.423s][info ][gc,phases     ] GC(131)   Evacuate Collection Set: 1.0ms
[2019-09-02T13:59:32.536+0800][170.423s][info ][gc,phases     ] GC(131)   Post Evacuate Collection Set: 0.1ms
[2019-09-02T13:59:32.536+0800][170.423s][info ][gc,phases     ] GC(131)   Other: 0.5ms
[2019-09-02T13:59:32.536+0800][170.423s][info ][gc,heap       ] GC(131) Eden regions: 9->0(9)
[2019-09-02T13:59:32.536+0800][170.423s][info ][gc,heap       ] GC(131) Survivor regions: 1->1(2)
[2019-09-02T13:59:32.536+0800][170.423s][info ][gc,heap       ] GC(131) Old regions: 17->17
[2019-09-02T13:59:32.536+0800][170.423s][info ][gc,heap       ] GC(131) Humongous regions: 0->0
[2019-09-02T13:59:32.536+0800][170.423s][info ][gc,metaspace  ] GC(131) Metaspace: 38460K->38460K(1085440K)
[2019-09-02T13:59:32.536+0800][170.423s][debug][gc,heap       ] GC(131) Heap after GC invocations=132 (full 0): garbage-first heap   total 32768K, used 17246K [0x00000000fe000000, 0x0000000100000000)
[2019-09-02T13:59:32.536+0800][170.423s][debug][gc,heap       ] GC(131)   region size 1024K, 1 young (1024K), 1 survivors (1024K)
[2019-09-02T13:59:32.536+0800][170.423s][debug][gc,heap       ] GC(131)  Metaspace       used 38460K, capacity 38877K, committed 39884K, reserved 1085440K
[2019-09-02T13:59:32.536+0800][170.423s][debug][gc,heap       ] GC(131)   class space    used 4174K, capacity 4339K, committed 4556K, reserved 1048576K
[2019-09-02T13:59:32.536+0800][170.423s][info ][gc            ] GC(131) Pause Young (G1 Evacuation Pause) 25M->16M(32M) 1.701ms
[2019-09-02T13:59:32.537+0800][170.423s][info ][gc,cpu        ] GC(131) User=0.00s Sys=0.00s Real=0.00s
